nohup: ignoring input
2025-12-23 21:26:42,910 [trainer.py] => config: ./scripts/simplecil/IN1K/simplecil_cub_B100_Inc5.json
2025-12-23 21:26:42,921 [trainer.py] => prefix:  
2025-12-23 21:26:42,921 [trainer.py] => dataset: cub
2025-12-23 21:26:42,921 [trainer.py] => memory_size: 0
2025-12-23 21:26:42,921 [trainer.py] => memory_per_class: 0
2025-12-23 21:26:42,921 [trainer.py] => fixed_memory: False
2025-12-23 21:26:42,921 [trainer.py] => shuffle: False
2025-12-23 21:26:42,921 [trainer.py] => init_cls: 100
2025-12-23 21:26:42,921 [trainer.py] => increment: 5
2025-12-23 21:26:42,921 [trainer.py] => model_name: simplecil
2025-12-23 21:26:42,921 [trainer.py] => backbone_type: pretrained_vit_b16_224
2025-12-23 21:26:42,922 [trainer.py] => device: [device(type='cuda', index=0)]
2025-12-23 21:26:42,922 [trainer.py] => seed: 1993
2025-12-23 21:26:42,922 [trainer.py] => kshot: 5
2025-12-23 21:26:42,922 [trainer.py] => tuned_epoch: 1
2025-12-23 21:26:42,922 [trainer.py] => init_lr: 0.01
2025-12-23 21:26:42,922 [trainer.py] => batch_size: 256
2025-12-23 21:26:42,922 [trainer.py] => weight_decay: 0.05
2025-12-23 21:26:42,922 [trainer.py] => min_lr: 1e-08
2025-12-23 21:26:42,922 [trainer.py] => optimizer: sgd
2025-12-23 21:26:42,922 [trainer.py] => vpt_type: shallow
2025-12-23 21:26:42,922 [trainer.py] => prompt_token_num: 3
2025-12-23 21:26:42,922 [trainer.py] => gpu_models: ['NVIDIA A800 80GB PCIe']
2025-12-23 21:26:43,517 [data_manager.py] => [0, 1, 2, 3, 4, 5, 6, 7, 8, 9, 10, 11, 12, 13, 14, 15, 16, 17, 18, 19, 20, 21, 22, 23, 24, 25, 26, 27, 28, 29, 30, 31, 32, 33, 34, 35, 36, 37, 38, 39, 40, 41, 42, 43, 44, 45, 46, 47, 48, 49, 50, 51, 52, 53, 54, 55, 56, 57, 58, 59, 60, 61, 62, 63, 64, 65, 66, 67, 68, 69, 70, 71, 72, 73, 74, 75, 76, 77, 78, 79, 80, 81, 82, 83, 84, 85, 86, 87, 88, 89, 90, 91, 92, 93, 94, 95, 96, 97, 98, 99, 100, 101, 102, 103, 104, 105, 106, 107, 108, 109, 110, 111, 112, 113, 114, 115, 116, 117, 118, 119, 120, 121, 122, 123, 124, 125, 126, 127, 128, 129, 130, 131, 132, 133, 134, 135, 136, 137, 138, 139, 140, 141, 142, 143, 144, 145, 146, 147, 148, 149, 150, 151, 152, 153, 154, 155, 156, 157, 158, 159, 160, 161, 162, 163, 164, 165, 166, 167, 168, 169, 170, 171, 172, 173, 174, 175, 176, 177, 178, 179, 180, 181, 182, 183, 184, 185, 186, 187, 188, 189, 190, 191, 192, 193, 194, 195, 196, 197, 198, 199]
This is for the BaseNet initialization.
After BaseNet initialization.
2025-12-23 21:27:09,080 [trainer.py] => All params: 85952257
2025-12-23 21:27:09,114 [trainer.py] => Trainable params: 85952257
2025-12-23 21:27:11,240 [simplecil.py] => Learning on 0-100
2025-12-23 21:29:34,713 [trainer.py] => CNN: {'total': 86.25, '00-99': 86.25, '100-104': 96.0, '105-109': 80.0, '110-114': 92.0, '115-119': 88.0, '120-124': 80.0, '125-129': 76.0, '130-134': 72.0, '135-139': 64.0, '140-144': 80.0, '145-149': 80.0, '150-154': 88.0, '155-159': 92.0, '160-164': 88.0, '165-169': 80.0, '170-174': 80.0, '175-179': 92.0, '180-184': 76.0, '185-189': 72.0, '190-194': 96.0, '195-199': 72.0, 'old': 0, 'new': 86.25}
2025-12-23 21:29:34,761 [trainer.py] => CNN top1 curve: [86.25]
2025-12-23 21:29:34,762 [trainer.py] => Average Accuracy (CNN): 86.25 

2025-12-23 21:29:34,762 [trainer.py] => All params: 86029058
2025-12-23 21:29:34,763 [trainer.py] => Trainable params: 86029058
2025-12-23 21:29:34,783 [simplecil.py] => Learning on 100-105
2025-12-23 21:30:30,382 [trainer.py] => CNN: {'total': 85.14, '00-99': 86.25, '100-104': 57.45, '105-109': 96.0, '110-114': 88.0, '115-119': 76.0, '120-124': 84.0, '125-129': 92.0, '130-134': 92.0, '135-139': 96.0, '140-144': 88.0, '145-149': 80.0, '150-154': 76.0, '155-159': 88.0, '160-164': 96.0, '165-169': 56.0, '170-174': 96.0, '175-179': 84.0, '180-184': 76.0, '185-189': 84.0, '190-194': 100.0, '195-199': 96.0, 'old': 86.25, 'new': 57.45}
2025-12-23 21:30:30,419 [trainer.py] => CNN top1 curve: [86.25, 85.14]
2025-12-23 21:30:30,420 [trainer.py] => Average Accuracy (CNN): 85.7 

2025-12-23 21:30:30,421 [trainer.py] => All params: 86032898
2025-12-23 21:30:30,421 [trainer.py] => Trainable params: 86032898
2025-12-23 21:30:30,441 [simplecil.py] => Learning on 105-110
2025-12-23 21:31:24,523 [trainer.py] => CNN: {'total': 84.02, '00-99': 86.08, '100-104': 57.45, '105-109': 61.54, '110-114': 88.0, '115-119': 88.0, '120-124': 88.0, '125-129': 92.0, '130-134': 88.0, '135-139': 96.0, '140-144': 72.0, '145-149': 80.0, '150-154': 88.0, '155-159': 72.0, '160-164': 76.0, '165-169': 96.0, '170-174': 76.0, '175-179': 92.0, '180-184': 76.0, '185-189': 92.0, '190-194': 84.0, '195-199': 88.0, 'old': 84.98, 'new': 61.54}
2025-12-23 21:31:24,550 [trainer.py] => CNN top1 curve: [86.25, 85.14, 84.02]
2025-12-23 21:31:24,550 [trainer.py] => Average Accuracy (CNN): 85.14 

2025-12-23 21:31:24,551 [trainer.py] => All params: 86036738
2025-12-23 21:31:24,551 [trainer.py] => Trainable params: 86036738
2025-12-23 21:31:24,577 [simplecil.py] => Learning on 110-115
2025-12-23 21:32:16,845 [trainer.py] => CNN: {'total': 83.5, '00-99': 86.08, '100-104': 57.45, '105-109': 61.54, '110-114': 71.93, '115-119': 84.0, '120-124': 80.0, '125-129': 84.0, '130-134': 64.0, '135-139': 80.0, '140-144': 80.0, '145-149': 96.0, '150-154': 80.0, '155-159': 92.0, '160-164': 92.0, '165-169': 88.0, '170-174': 92.0, '175-179': 84.0, '180-184': 76.0, '185-189': 96.0, '190-194': 88.0, '195-199': 92.0, 'old': 84.02, 'new': 71.93}
2025-12-23 21:32:16,860 [trainer.py] => CNN top1 curve: [86.25, 85.14, 84.02, 83.5]
2025-12-23 21:32:16,861 [trainer.py] => Average Accuracy (CNN): 84.73 

2025-12-23 21:32:16,861 [trainer.py] => All params: 86040578
2025-12-23 21:32:16,862 [trainer.py] => Trainable params: 86040578
2025-12-23 21:32:16,884 [simplecil.py] => Learning on 115-120
2025-12-23 21:33:06,586 [trainer.py] => CNN: {'total': 81.84, '00-99': 86.08, '100-104': 57.45, '105-109': 61.54, '110-114': 59.65, '115-119': 59.09, '120-124': 88.0, '125-129': 76.0, '130-134': 88.0, '135-139': 92.0, '140-144': 80.0, '145-149': 84.0, '150-154': 76.0, '155-159': 84.0, '160-164': 92.0, '165-169': 76.0, '170-174': 92.0, '175-179': 76.0, '180-184': 88.0, '185-189': 96.0, '190-194': 92.0, '195-199': 88.0, 'old': 82.97, 'new': 59.09}
2025-12-23 21:33:06,605 [trainer.py] => CNN top1 curve: [86.25, 85.14, 84.02, 83.5, 81.84]
2025-12-23 21:33:06,605 [trainer.py] => Average Accuracy (CNN): 84.15 

2025-12-23 21:33:06,606 [trainer.py] => All params: 86044418
2025-12-23 21:33:06,606 [trainer.py] => Trainable params: 86044418
2025-12-23 21:33:06,628 [simplecil.py] => Learning on 120-125
2025-12-23 21:33:57,618 [trainer.py] => CNN: {'total': 81.21, '00-99': 86.08, '100-104': 57.45, '105-109': 61.54, '110-114': 57.89, '115-119': 57.58, '120-124': 67.35, '125-129': 84.0, '130-134': 88.0, '135-139': 88.0, '140-144': 92.0, '145-149': 88.0, '150-154': 96.0, '155-159': 76.0, '160-164': 84.0, '165-169': 76.0, '170-174': 80.0, '175-179': 96.0, '180-184': 84.0, '185-189': 96.0, '190-194': 96.0, '195-199': 88.0, 'old': 81.69, 'new': 67.35}
2025-12-23 21:33:57,649 [trainer.py] => CNN top1 curve: [86.25, 85.14, 84.02, 83.5, 81.84, 81.21]
2025-12-23 21:33:57,649 [trainer.py] => Average Accuracy (CNN): 83.66 

2025-12-23 21:33:57,650 [trainer.py] => All params: 86048258
2025-12-23 21:33:57,651 [trainer.py] => Trainable params: 86048258
2025-12-23 21:33:57,669 [simplecil.py] => Learning on 125-130
2025-12-23 21:34:50,899 [trainer.py] => CNN: {'total': 79.8, '00-99': 86.08, '100-104': 57.45, '105-109': 61.54, '110-114': 57.89, '115-119': 57.58, '120-124': 65.31, '125-129': 49.21, '130-134': 88.0, '135-139': 84.0, '140-144': 64.0, '145-149': 96.0, '150-154': 88.0, '155-159': 76.0, '160-164': 80.0, '165-169': 72.0, '170-174': 92.0, '175-179': 84.0, '180-184': 92.0, '185-189': 96.0, '190-194': 96.0, '195-199': 92.0, 'old': 81.14, 'new': 49.21}
2025-12-23 21:34:50,934 [trainer.py] => CNN top1 curve: [86.25, 85.14, 84.02, 83.5, 81.84, 81.21, 79.8]
2025-12-23 21:34:50,934 [trainer.py] => Average Accuracy (CNN): 83.11 

2025-12-23 21:34:50,935 [trainer.py] => All params: 86052098
2025-12-23 21:34:50,935 [trainer.py] => Trainable params: 86052098
2025-12-23 21:34:50,959 [simplecil.py] => Learning on 130-135
2025-12-23 21:35:46,189 [trainer.py] => CNN: {'total': 79.32, '00-99': 86.08, '100-104': 57.45, '105-109': 61.54, '110-114': 57.89, '115-119': 54.55, '120-124': 65.31, '125-129': 46.03, '130-134': 75.0, '135-139': 88.0, '140-144': 72.0, '145-149': 84.0, '150-154': 88.0, '155-159': 80.0, '160-164': 92.0, '165-169': 80.0, '170-174': 88.0, '175-179': 72.0, '180-184': 92.0, '185-189': 96.0, '190-194': 100.0, '195-199': 96.0, 'old': 79.53, 'new': 75.0}
2025-12-23 21:35:46,226 [trainer.py] => CNN top1 curve: [86.25, 85.14, 84.02, 83.5, 81.84, 81.21, 79.8, 79.32]
2025-12-23 21:35:46,227 [trainer.py] => Average Accuracy (CNN): 82.64 

2025-12-23 21:35:46,229 [trainer.py] => All params: 86055938
2025-12-23 21:35:46,231 [trainer.py] => Trainable params: 86055938
2025-12-23 21:35:46,256 [simplecil.py] => Learning on 135-140
2025-12-23 21:36:41,678 [trainer.py] => CNN: {'total': 79.45, '00-99': 86.08, '100-104': 57.45, '105-109': 61.54, '110-114': 57.89, '115-119': 54.55, '120-124': 65.31, '125-129': 46.03, '130-134': 72.37, '135-139': 87.04, '140-144': 80.0, '145-149': 92.0, '150-154': 72.0, '155-159': 84.0, '160-164': 84.0, '165-169': 72.0, '170-174': 68.0, '175-179': 92.0, '180-184': 84.0, '185-189': 92.0, '190-194': 96.0, '195-199': 88.0, 'old': 79.19, 'new': 87.04}
2025-12-23 21:36:41,709 [trainer.py] => CNN top1 curve: [86.25, 85.14, 84.02, 83.5, 81.84, 81.21, 79.8, 79.32, 79.45]
2025-12-23 21:36:41,709 [trainer.py] => Average Accuracy (CNN): 82.28 

2025-12-23 21:36:41,710 [trainer.py] => All params: 86059778
2025-12-23 21:36:41,711 [trainer.py] => Trainable params: 86059778
2025-12-23 21:36:41,732 [simplecil.py] => Learning on 140-145
2025-12-23 21:37:33,630 [trainer.py] => CNN: {'total': 78.4, '00-99': 86.08, '100-104': 57.45, '105-109': 61.54, '110-114': 57.89, '115-119': 54.55, '120-124': 65.31, '125-129': 46.03, '130-134': 72.37, '135-139': 87.04, '140-144': 44.0, '145-149': 80.0, '150-154': 80.0, '155-159': 88.0, '160-164': 92.0, '165-169': 76.0, '170-174': 80.0, '175-179': 92.0, '180-184': 88.0, '185-189': 96.0, '190-194': 88.0, '195-199': 88.0, 'old': 79.45, 'new': 44.0}
2025-12-23 21:37:33,661 [trainer.py] => CNN top1 curve: [86.25, 85.14, 84.02, 83.5, 81.84, 81.21, 79.8, 79.32, 79.45, 78.4]
2025-12-23 21:37:33,661 [trainer.py] => Average Accuracy (CNN): 81.89 

2025-12-23 21:37:33,662 [trainer.py] => All params: 86063618
2025-12-23 21:37:33,662 [trainer.py] => Trainable params: 86063618
2025-12-23 21:37:33,692 [simplecil.py] => Learning on 145-150
2025-12-23 21:38:24,689 [trainer.py] => CNN: {'total': 77.53, '00-99': 85.99, '100-104': 55.32, '105-109': 61.54, '110-114': 57.89, '115-119': 54.55, '120-124': 65.31, '125-129': 46.03, '130-134': 72.37, '135-139': 87.04, '140-144': 36.0, '145-149': 64.06, '150-154': 68.0, '155-159': 80.0, '160-164': 96.0, '165-169': 72.0, '170-174': 92.0, '175-179': 88.0, '180-184': 92.0, '185-189': 92.0, '190-194': 88.0, '195-199': 96.0, 'old': 78.04, 'new': 64.06}
2025-12-23 21:38:24,721 [trainer.py] => CNN top1 curve: [86.25, 85.14, 84.02, 83.5, 81.84, 81.21, 79.8, 79.32, 79.45, 78.4, 77.53]
2025-12-23 21:38:24,721 [trainer.py] => Average Accuracy (CNN): 81.5 

2025-12-23 21:38:24,722 [trainer.py] => All params: 86067458
2025-12-23 21:38:24,723 [trainer.py] => Trainable params: 86067458
2025-12-23 21:38:24,742 [simplecil.py] => Learning on 150-155
2025-12-23 21:39:17,057 [trainer.py] => CNN: {'total': 77.39, '00-99': 85.99, '100-104': 55.32, '105-109': 61.54, '110-114': 57.89, '115-119': 54.55, '120-124': 65.31, '125-129': 46.03, '130-134': 72.37, '135-139': 87.04, '140-144': 36.0, '145-149': 64.06, '150-154': 73.33, '155-159': 64.0, '160-164': 76.0, '165-169': 72.0, '170-174': 92.0, '175-179': 92.0, '180-184': 80.0, '185-189': 100.0, '190-194': 88.0, '195-199': 92.0, 'old': 77.53, 'new': 73.33}
2025-12-23 21:39:17,072 [trainer.py] => CNN top1 curve: [86.25, 85.14, 84.02, 83.5, 81.84, 81.21, 79.8, 79.32, 79.45, 78.4, 77.53, 77.39]
2025-12-23 21:39:17,072 [trainer.py] => Average Accuracy (CNN): 81.15 

2025-12-23 21:39:17,073 [trainer.py] => All params: 86071298
2025-12-23 21:39:17,074 [trainer.py] => Trainable params: 86071298
2025-12-23 21:39:17,095 [simplecil.py] => Learning on 155-160
2025-12-23 21:40:10,430 [trainer.py] => CNN: {'total': 77.51, '00-99': 85.91, '100-104': 55.32, '105-109': 61.54, '110-114': 57.89, '115-119': 54.55, '120-124': 65.31, '125-129': 46.03, '130-134': 72.37, '135-139': 87.04, '140-144': 36.0, '145-149': 64.06, '150-154': 73.33, '155-159': 84.0, '160-164': 84.0, '165-169': 84.0, '170-174': 92.0, '175-179': 88.0, '180-184': 96.0, '185-189': 84.0, '190-194': 88.0, '195-199': 92.0, 'old': 77.34, 'new': 84.0}
2025-12-23 21:40:10,451 [trainer.py] => CNN top1 curve: [86.25, 85.14, 84.02, 83.5, 81.84, 81.21, 79.8, 79.32, 79.45, 78.4, 77.53, 77.39, 77.51]
2025-12-23 21:40:10,452 [trainer.py] => Average Accuracy (CNN): 80.87 

2025-12-23 21:40:10,452 [trainer.py] => All params: 86075138
2025-12-23 21:40:10,453 [trainer.py] => Trainable params: 86075138
2025-12-23 21:40:10,472 [simplecil.py] => Learning on 160-165
2025-12-23 21:40:59,210 [trainer.py] => CNN: {'total': 77.85, '00-99': 85.91, '100-104': 55.32, '105-109': 61.54, '110-114': 57.89, '115-119': 54.55, '120-124': 65.31, '125-129': 46.03, '130-134': 72.37, '135-139': 87.04, '140-144': 36.0, '145-149': 64.06, '150-154': 71.67, '155-159': 82.0, '160-164': 89.86, '165-169': 72.0, '170-174': 88.0, '175-179': 84.0, '180-184': 80.0, '185-189': 100.0, '190-194': 88.0, '195-199': 92.0, 'old': 77.41, 'new': 89.86}
2025-12-23 21:40:59,237 [trainer.py] => CNN top1 curve: [86.25, 85.14, 84.02, 83.5, 81.84, 81.21, 79.8, 79.32, 79.45, 78.4, 77.53, 77.39, 77.51, 77.85]
2025-12-23 21:40:59,237 [trainer.py] => Average Accuracy (CNN): 80.66 

2025-12-23 21:40:59,238 [trainer.py] => All params: 86078978
2025-12-23 21:40:59,238 [trainer.py] => Trainable params: 86078978
2025-12-23 21:40:59,258 [simplecil.py] => Learning on 165-170
2025-12-23 21:41:49,452 [trainer.py] => CNN: {'total': 77.51, '00-99': 85.91, '100-104': 55.32, '105-109': 61.54, '110-114': 57.89, '115-119': 54.55, '120-124': 65.31, '125-129': 46.03, '130-134': 72.37, '135-139': 87.04, '140-144': 36.0, '145-149': 64.06, '150-154': 71.67, '155-159': 82.0, '160-164': 69.57, '165-169': 89.06, '170-174': 84.0, '175-179': 76.0, '180-184': 84.0, '185-189': 84.0, '190-194': 96.0, '195-199': 68.0, 'old': 77.13, 'new': 89.06}
2025-12-23 21:41:49,472 [trainer.py] => CNN top1 curve: [86.25, 85.14, 84.02, 83.5, 81.84, 81.21, 79.8, 79.32, 79.45, 78.4, 77.53, 77.39, 77.51, 77.85, 77.51]
2025-12-23 21:41:49,472 [trainer.py] => Average Accuracy (CNN): 80.45 

2025-12-23 21:41:49,473 [trainer.py] => All params: 86082818
2025-12-23 21:41:49,473 [trainer.py] => Trainable params: 86082818
2025-12-23 21:41:49,511 [simplecil.py] => Learning on 170-175
2025-12-23 21:42:41,356 [trainer.py] => CNN: {'total': 77.07, '00-99': 85.91, '100-104': 55.32, '105-109': 61.54, '110-114': 57.89, '115-119': 54.55, '120-124': 65.31, '125-129': 46.03, '130-134': 72.37, '135-139': 87.04, '140-144': 36.0, '145-149': 64.06, '150-154': 71.67, '155-159': 82.0, '160-164': 65.22, '165-169': 85.94, '170-174': 71.83, '175-179': 84.0, '180-184': 92.0, '185-189': 76.0, '190-194': 88.0, '195-199': 80.0, 'old': 77.26, 'new': 71.83}
2025-12-23 21:42:41,406 [trainer.py] => CNN top1 curve: [86.25, 85.14, 84.02, 83.5, 81.84, 81.21, 79.8, 79.32, 79.45, 78.4, 77.53, 77.39, 77.51, 77.85, 77.51, 77.07]
2025-12-23 21:42:41,407 [trainer.py] => Average Accuracy (CNN): 80.24 

2025-12-23 21:42:41,407 [trainer.py] => All params: 86086658
2025-12-23 21:42:41,408 [trainer.py] => Trainable params: 86086658
2025-12-23 21:42:41,441 [simplecil.py] => Learning on 175-180
2025-12-23 21:43:31,299 [trainer.py] => CNN: {'total': 76.48, '00-99': 85.91, '100-104': 55.32, '105-109': 61.54, '110-114': 57.89, '115-119': 54.55, '120-124': 65.31, '125-129': 46.03, '130-134': 72.37, '135-139': 87.04, '140-144': 36.0, '145-149': 64.06, '150-154': 71.67, '155-159': 82.0, '160-164': 60.87, '165-169': 84.38, '170-174': 69.01, '175-179': 64.0, '180-184': 80.0, '185-189': 96.0, '190-194': 84.0, '195-199': 96.0, 'old': 76.78, 'new': 64.0}
2025-12-23 21:43:31,333 [trainer.py] => CNN top1 curve: [86.25, 85.14, 84.02, 83.5, 81.84, 81.21, 79.8, 79.32, 79.45, 78.4, 77.53, 77.39, 77.51, 77.85, 77.51, 77.07, 76.48]
2025-12-23 21:43:31,334 [trainer.py] => Average Accuracy (CNN): 80.02 

2025-12-23 21:43:31,334 [trainer.py] => All params: 86090498
2025-12-23 21:43:31,336 [trainer.py] => Trainable params: 86090498
2025-12-23 21:43:31,366 [simplecil.py] => Learning on 180-185
2025-12-23 21:44:18,144 [trainer.py] => CNN: {'total': 76.23, '00-99': 85.91, '100-104': 55.32, '105-109': 61.54, '110-114': 57.89, '115-119': 54.55, '120-124': 65.31, '125-129': 44.44, '130-134': 72.37, '135-139': 87.04, '140-144': 36.0, '145-149': 64.06, '150-154': 71.67, '155-159': 82.0, '160-164': 60.87, '165-169': 84.38, '170-174': 69.01, '175-179': 58.0, '180-184': 74.19, '185-189': 80.0, '190-194': 88.0, '195-199': 76.0, 'old': 76.29, 'new': 74.19}
2025-12-23 21:44:18,169 [trainer.py] => CNN top1 curve: [86.25, 85.14, 84.02, 83.5, 81.84, 81.21, 79.8, 79.32, 79.45, 78.4, 77.53, 77.39, 77.51, 77.85, 77.51, 77.07, 76.48, 76.23]
2025-12-23 21:44:18,170 [trainer.py] => Average Accuracy (CNN): 79.81 

2025-12-23 21:44:18,170 [trainer.py] => All params: 86094338
2025-12-23 21:44:18,171 [trainer.py] => Trainable params: 86094338
2025-12-23 21:44:18,197 [simplecil.py] => Learning on 185-190
2025-12-23 21:45:05,389 [trainer.py] => CNN: {'total': 76.47, '00-99': 85.91, '100-104': 55.32, '105-109': 61.54, '110-114': 57.89, '115-119': 54.55, '120-124': 65.31, '125-129': 44.44, '130-134': 72.37, '135-139': 87.04, '140-144': 36.0, '145-149': 64.06, '150-154': 71.67, '155-159': 82.0, '160-164': 60.87, '165-169': 84.38, '170-174': 69.01, '175-179': 58.0, '180-184': 72.58, '185-189': 86.67, '190-194': 84.0, '195-199': 96.0, 'old': 76.18, 'new': 86.67}
2025-12-23 21:45:05,430 [trainer.py] => CNN top1 curve: [86.25, 85.14, 84.02, 83.5, 81.84, 81.21, 79.8, 79.32, 79.45, 78.4, 77.53, 77.39, 77.51, 77.85, 77.51, 77.07, 76.48, 76.23, 76.47]
2025-12-23 21:45:05,430 [trainer.py] => Average Accuracy (CNN): 79.63 

2025-12-23 21:45:05,431 [trainer.py] => All params: 86098178
2025-12-23 21:45:05,432 [trainer.py] => Trainable params: 86098178
2025-12-23 21:45:05,450 [simplecil.py] => Learning on 190-195
2025-12-23 21:45:52,036 [trainer.py] => CNN: {'total': 76.87, '00-99': 85.91, '100-104': 55.32, '105-109': 61.54, '110-114': 57.89, '115-119': 54.55, '120-124': 65.31, '125-129': 44.44, '130-134': 72.37, '135-139': 87.04, '140-144': 36.0, '145-149': 64.06, '150-154': 71.67, '155-159': 82.0, '160-164': 60.87, '165-169': 84.38, '170-174': 69.01, '175-179': 58.0, '180-184': 72.58, '185-189': 83.33, '190-194': 93.85, '195-199': 88.0, 'old': 76.38, 'new': 93.85}
2025-12-23 21:45:52,067 [trainer.py] => CNN top1 curve: [86.25, 85.14, 84.02, 83.5, 81.84, 81.21, 79.8, 79.32, 79.45, 78.4, 77.53, 77.39, 77.51, 77.85, 77.51, 77.07, 76.48, 76.23, 76.47, 76.87]
2025-12-23 21:45:52,067 [trainer.py] => Average Accuracy (CNN): 79.49 

2025-12-23 21:45:52,069 [trainer.py] => All params: 86102018
2025-12-23 21:45:52,070 [trainer.py] => Trainable params: 86102018
2025-12-23 21:45:52,094 [simplecil.py] => Learning on 195-200
2025-12-23 21:46:34,320 [trainer.py] => CNN: {'total': 76.89, '00-99': 85.91, '100-104': 55.32, '105-109': 61.54, '110-114': 57.89, '115-119': 54.55, '120-124': 65.31, '125-129': 44.44, '130-134': 72.37, '135-139': 87.04, '140-144': 36.0, '145-149': 64.06, '150-154': 71.67, '155-159': 82.0, '160-164': 60.87, '165-169': 84.38, '170-174': 69.01, '175-179': 58.0, '180-184': 72.58, '185-189': 83.33, '190-194': 80.0, '195-199': 93.1, 'old': 76.48, 'new': 93.1}
2025-12-23 21:46:34,354 [trainer.py] => CNN top1 curve: [86.25, 85.14, 84.02, 83.5, 81.84, 81.21, 79.8, 79.32, 79.45, 78.4, 77.53, 77.39, 77.51, 77.85, 77.51, 77.07, 76.48, 76.23, 76.47, 76.87, 76.89]
2025-12-23 21:46:34,354 [trainer.py] => Average Accuracy (CNN): 79.37 


================================================================================
Finished cub_init100_inc5: pretrained_vit_b16_224  
Base Accuracy: 86.25
Last Accuracy: 76.89
Average Accuracy (Top1): 79.37
PD: 9.36
Backward Transfer (BWT): -5.17
Traceback (most recent call last):
  File "/public/home/hanlida/Dr.1/Code/Research/Awesome-FSCIL/CIL_Model/main.py", line 24, in <module>
    main()
  File "/public/home/hanlida/Dr.1/Code/Research/Awesome-FSCIL/CIL_Model/main.py", line 11, in main
    train(args)
  File "/public/home/hanlida/Dr.1/Code/Research/Awesome-FSCIL/CIL_Model/trainer.py", line 29, in train
    _train(args)
  File "/public/home/hanlida/Dr.1/Code/Research/Awesome-FSCIL/CIL_Model/trainer.py", line 123, in _train
    print("Forward Transfer (FWT):", forward_transfer(args["dataset"], np.array(cnn_matrix)))
  File "/public/home/hanlida/Dr.1/Code/Research/Awesome-FSCIL/CIL_Model/trainer.py", line 209, in forward_transfer
    fwt_diffs = fwt_accs - rand_init_acc_for_fwt
ValueError: operands could not be broadcast together with shapes (20,) (10,) 
2025-12-23 21:47:03,794 [trainer.py] => config: ./scripts/simplecil/IN1K/simplecil_cifar_B60_Inc2.json
2025-12-23 21:47:03,827 [trainer.py] => prefix:  
2025-12-23 21:47:03,827 [trainer.py] => dataset: cifar224
2025-12-23 21:47:03,827 [trainer.py] => memory_size: 0
2025-12-23 21:47:03,827 [trainer.py] => memory_per_class: 0
2025-12-23 21:47:03,827 [trainer.py] => fixed_memory: False
2025-12-23 21:47:03,827 [trainer.py] => shuffle: False
2025-12-23 21:47:03,827 [trainer.py] => init_cls: 60
2025-12-23 21:47:03,827 [trainer.py] => increment: 2
2025-12-23 21:47:03,827 [trainer.py] => model_name: simplecil
2025-12-23 21:47:03,827 [trainer.py] => backbone_type: pretrained_vit_b16_224
2025-12-23 21:47:03,827 [trainer.py] => device: [device(type='cuda', index=0)]
2025-12-23 21:47:03,827 [trainer.py] => seed: 1993
2025-12-23 21:47:03,827 [trainer.py] => kshot: 5
2025-12-23 21:47:03,828 [trainer.py] => tuned_epoch: 1
2025-12-23 21:47:03,828 [trainer.py] => init_lr: 0.01
2025-12-23 21:47:03,828 [trainer.py] => batch_size: 48
2025-12-23 21:47:03,828 [trainer.py] => weight_decay: 0.05
2025-12-23 21:47:03,828 [trainer.py] => min_lr: 1e-08
2025-12-23 21:47:03,828 [trainer.py] => optimizer: sgd
2025-12-23 21:47:03,828 [trainer.py] => vpt_type: shallow
2025-12-23 21:47:03,828 [trainer.py] => prompt_token_num: 3
2025-12-23 21:47:03,828 [trainer.py] => gpu_models: ['NVIDIA A800 80GB PCIe']
2025-12-23 21:47:05,135 [data_manager.py] => [0, 1, 2, 3, 4, 5, 6, 7, 8, 9, 10, 11, 12, 13, 14, 15, 16, 17, 18, 19, 20, 21, 22, 23, 24, 25, 26, 27, 28, 29, 30, 31, 32, 33, 34, 35, 36, 37, 38, 39, 40, 41, 42, 43, 44, 45, 46, 47, 48, 49, 50, 51, 52, 53, 54, 55, 56, 57, 58, 59, 60, 61, 62, 63, 64, 65, 66, 67, 68, 69, 70, 71, 72, 73, 74, 75, 76, 77, 78, 79, 80, 81, 82, 83, 84, 85, 86, 87, 88, 89, 90, 91, 92, 93, 94, 95, 96, 97, 98, 99]
This is for the BaseNet initialization.
After BaseNet initialization.
2025-12-23 21:47:30,311 [trainer.py] => All params: 85875457
2025-12-23 21:47:30,345 [trainer.py] => Trainable params: 85875457
2025-12-23 21:47:31,297 [simplecil.py] => Learning on 0-60
2025-12-23 21:58:40,284 [trainer.py] => CNN: {'total': 76.92, '00-59': 76.92, '60-61': 100.0, '62-63': 90.0, '64-65': 90.0, '66-67': 80.0, '68-69': 100.0, '70-71': 90.0, '72-73': 90.0, '74-75': 70.0, '76-77': 80.0, '78-79': 50.0, '80-81': 70.0, '82-83': 60.0, '84-85': 90.0, '86-87': 80.0, '88-89': 40.0, '90-91': 70.0, '92-93': 80.0, '94-95': 70.0, '96-97': 70.0, '98-99': 90.0, 'old': 0, 'new': 76.92}
2025-12-23 21:58:40,305 [trainer.py] => CNN top1 curve: [76.92]
2025-12-23 21:58:40,306 [trainer.py] => Average Accuracy (CNN): 76.92 

2025-12-23 21:58:40,306 [trainer.py] => All params: 85921538
2025-12-23 21:58:40,307 [trainer.py] => Trainable params: 85921538
2025-12-23 21:58:40,335 [simplecil.py] => Learning on 60-62
2025-12-23 22:00:38,358 [trainer.py] => CNN: {'total': 75.97, '00-59': 76.53, '60-61': 59.0, '62-63': 60.0, '64-65': 90.0, '66-67': 90.0, '68-69': 70.0, '70-71': 80.0, '72-73': 70.0, '74-75': 70.0, '76-77': 50.0, '78-79': 70.0, '80-81': 60.0, '82-83': 70.0, '84-85': 100.0, '86-87': 60.0, '88-89': 80.0, '90-91': 30.0, '92-93': 80.0, '94-95': 80.0, '96-97': 90.0, '98-99': 60.0, 'old': 76.53, 'new': 59.0}
2025-12-23 22:00:38,389 [trainer.py] => CNN top1 curve: [76.92, 75.97]
2025-12-23 22:00:38,389 [trainer.py] => Average Accuracy (CNN): 76.44 

2025-12-23 22:00:38,390 [trainer.py] => All params: 85923074
2025-12-23 22:00:38,390 [trainer.py] => Trainable params: 85923074
2025-12-23 22:00:38,414 [simplecil.py] => Learning on 62-64
2025-12-23 22:02:39,010 [trainer.py] => CNN: {'total': 75.16, '00-59': 76.23, '60-61': 59.0, '62-63': 59.0, '64-65': 80.0, '66-67': 100.0, '68-69': 80.0, '70-71': 90.0, '72-73': 70.0, '74-75': 60.0, '76-77': 50.0, '78-79': 80.0, '80-81': 60.0, '82-83': 90.0, '84-85': 80.0, '86-87': 100.0, '88-89': 70.0, '90-91': 70.0, '92-93': 70.0, '94-95': 70.0, '96-97': 60.0, '98-99': 90.0, 'old': 75.68, 'new': 59.0}
2025-12-23 22:02:39,051 [trainer.py] => CNN top1 curve: [76.92, 75.97, 75.16]
2025-12-23 22:02:39,051 [trainer.py] => Average Accuracy (CNN): 76.02 

2025-12-23 22:02:39,052 [trainer.py] => All params: 85924610
2025-12-23 22:02:39,053 [trainer.py] => Trainable params: 85924610
2025-12-23 22:02:39,071 [simplecil.py] => Learning on 64-66
2025-12-23 22:04:43,784 [trainer.py] => CNN: {'total': 73.92, '00-59': 76.15, '60-61': 59.0, '62-63': 59.0, '64-65': 37.0, '66-67': 60.0, '68-69': 70.0, '70-71': 80.0, '72-73': 70.0, '74-75': 70.0, '76-77': 50.0, '78-79': 90.0, '80-81': 60.0, '82-83': 80.0, '84-85': 70.0, '86-87': 70.0, '88-89': 60.0, '90-91': 90.0, '92-93': 90.0, '94-95': 100.0, '96-97': 60.0, '98-99': 80.0, 'old': 75.08, 'new': 37.0}
2025-12-23 22:04:43,814 [trainer.py] => CNN top1 curve: [76.92, 75.97, 75.16, 73.92]
2025-12-23 22:04:43,815 [trainer.py] => Average Accuracy (CNN): 75.49 

2025-12-23 22:04:43,815 [trainer.py] => All params: 85926146
2025-12-23 22:04:43,816 [trainer.py] => Trainable params: 85926146
2025-12-23 22:04:43,842 [simplecil.py] => Learning on 66-68
2025-12-23 22:06:50,149 [trainer.py] => CNN: {'total': 72.5, '00-59': 75.95, '60-61': 59.0, '62-63': 58.0, '64-65': 37.0, '66-67': 32.5, '68-69': 70.0, '70-71': 100.0, '72-73': 60.0, '74-75': 70.0, '76-77': 70.0, '78-79': 80.0, '80-81': 60.0, '82-83': 80.0, '84-85': 90.0, '86-87': 100.0, '88-89': 50.0, '90-91': 80.0, '92-93': 80.0, '94-95': 60.0, '96-97': 60.0, '98-99': 80.0, 'old': 73.71, 'new': 32.5}
2025-12-23 22:06:50,185 [trainer.py] => CNN top1 curve: [76.92, 75.97, 75.16, 73.92, 72.5]
2025-12-23 22:06:50,186 [trainer.py] => Average Accuracy (CNN): 74.89 

2025-12-23 22:06:50,186 [trainer.py] => All params: 85927682
2025-12-23 22:06:50,187 [trainer.py] => Trainable params: 85927682
2025-12-23 22:06:50,206 [simplecil.py] => Learning on 68-70
2025-12-23 22:09:01,227 [trainer.py] => CNN: {'total': 72.29, '00-59': 75.82, '60-61': 58.0, '62-63': 58.0, '64-65': 37.0, '66-67': 32.5, '68-69': 70.0, '70-71': 80.0, '72-73': 80.0, '74-75': 50.0, '76-77': 70.0, '78-79': 70.0, '80-81': 60.0, '82-83': 90.0, '84-85': 70.0, '86-87': 80.0, '88-89': 70.0, '90-91': 90.0, '92-93': 70.0, '94-95': 80.0, '96-97': 90.0, '98-99': 90.0, 'old': 72.35, 'new': 70.0}
2025-12-23 22:09:01,238 [trainer.py] => CNN top1 curve: [76.92, 75.97, 75.16, 73.92, 72.5, 72.29]
2025-12-23 22:09:01,239 [trainer.py] => Average Accuracy (CNN): 74.46 

2025-12-23 22:09:01,240 [trainer.py] => All params: 85929218
2025-12-23 22:09:01,241 [trainer.py] => Trainable params: 85929218
2025-12-23 22:09:01,260 [simplecil.py] => Learning on 70-72
2025-12-23 22:11:15,685 [trainer.py] => CNN: {'total': 71.44, '00-59': 75.65, '60-61': 58.0, '62-63': 55.0, '64-65': 37.0, '66-67': 32.5, '68-69': 69.5, '70-71': 50.5, '72-73': 80.0, '74-75': 70.0, '76-77': 70.0, '78-79': 90.0, '80-81': 60.0, '82-83': 100.0, '84-85': 70.0, '86-87': 70.0, '88-89': 60.0, '90-91': 50.0, '92-93': 80.0, '94-95': 90.0, '96-97': 60.0, '98-99': 70.0, 'old': 72.04, 'new': 50.5}
2025-12-23 22:11:15,707 [trainer.py] => CNN top1 curve: [76.92, 75.97, 75.16, 73.92, 72.5, 72.29, 71.44]
2025-12-23 22:11:15,708 [trainer.py] => Average Accuracy (CNN): 74.03 

2025-12-23 22:11:15,708 [trainer.py] => All params: 85930754
2025-12-23 22:11:15,709 [trainer.py] => Trainable params: 85930754
2025-12-23 22:11:15,726 [simplecil.py] => Learning on 72-74
2025-12-23 22:13:32,993 [trainer.py] => CNN: {'total': 70.78, '00-59': 75.55, '60-61': 58.0, '62-63': 55.0, '64-65': 37.0, '66-67': 32.5, '68-69': 69.5, '70-71': 50.5, '72-73': 50.0, '74-75': 70.0, '76-77': 70.0, '78-79': 100.0, '80-81': 80.0, '82-83': 90.0, '84-85': 80.0, '86-87': 90.0, '88-89': 50.0, '90-91': 100.0, '92-93': 70.0, '94-95': 80.0, '96-97': 80.0, '98-99': 100.0, 'old': 71.36, 'new': 50.0}
2025-12-23 22:13:33,033 [trainer.py] => CNN top1 curve: [76.92, 75.97, 75.16, 73.92, 72.5, 72.29, 71.44, 70.78]
2025-12-23 22:13:33,033 [trainer.py] => Average Accuracy (CNN): 73.62 

2025-12-23 22:13:33,034 [trainer.py] => All params: 85932290
2025-12-23 22:13:33,035 [trainer.py] => Trainable params: 85932290
2025-12-23 22:13:33,056 [simplecil.py] => Learning on 74-76
2025-12-23 22:15:53,558 [trainer.py] => CNN: {'total': 70.07, '00-59': 75.52, '60-61': 58.0, '62-63': 55.0, '64-65': 37.0, '66-67': 32.0, '68-69': 69.5, '70-71': 50.5, '72-73': 50.0, '74-75': 45.0, '76-77': 30.0, '78-79': 50.0, '80-81': 80.0, '82-83': 50.0, '84-85': 80.0, '86-87': 80.0, '88-89': 80.0, '90-91': 70.0, '92-93': 60.0, '94-95': 100.0, '96-97': 80.0, '98-99': 70.0, 'old': 70.74, 'new': 45.0}
2025-12-23 22:15:53,599 [trainer.py] => CNN top1 curve: [76.92, 75.97, 75.16, 73.92, 72.5, 72.29, 71.44, 70.78, 70.07]
2025-12-23 22:15:53,599 [trainer.py] => Average Accuracy (CNN): 73.23 

2025-12-23 22:15:53,600 [trainer.py] => All params: 85933826
2025-12-23 22:15:53,600 [trainer.py] => Trainable params: 85933826
2025-12-23 22:15:53,627 [simplecil.py] => Learning on 76-78
2025-12-23 22:18:16,482 [trainer.py] => CNN: {'total': 68.86, '00-59': 75.47, '60-61': 58.0, '62-63': 55.0, '64-65': 37.0, '66-67': 32.0, '68-69': 69.5, '70-71': 50.5, '72-73': 50.0, '74-75': 45.0, '76-77': 24.5, '78-79': 90.0, '80-81': 60.0, '82-83': 90.0, '84-85': 90.0, '86-87': 80.0, '88-89': 70.0, '90-91': 70.0, '92-93': 80.0, '94-95': 100.0, '96-97': 80.0, '98-99': 90.0, 'old': 70.03, 'new': 24.5}
2025-12-23 22:18:16,506 [trainer.py] => CNN top1 curve: [76.92, 75.97, 75.16, 73.92, 72.5, 72.29, 71.44, 70.78, 70.07, 68.86]
2025-12-23 22:18:16,507 [trainer.py] => Average Accuracy (CNN): 72.79 

2025-12-23 22:18:16,507 [trainer.py] => All params: 85935362
2025-12-23 22:18:16,508 [trainer.py] => Trainable params: 85935362
2025-12-23 22:18:16,530 [simplecil.py] => Learning on 78-80
2025-12-23 22:20:43,491 [trainer.py] => CNN: {'total': 68.74, '00-59': 75.43, '60-61': 58.0, '62-63': 55.0, '64-65': 37.0, '66-67': 32.0, '68-69': 69.5, '70-71': 50.5, '72-73': 50.0, '74-75': 45.0, '76-77': 24.5, '78-79': 65.0, '80-81': 60.0, '82-83': 70.0, '84-85': 70.0, '86-87': 80.0, '88-89': 70.0, '90-91': 80.0, '92-93': 70.0, '94-95': 80.0, '96-97': 70.0, '98-99': 90.0, 'old': 68.83, 'new': 65.0}
2025-12-23 22:20:43,529 [trainer.py] => CNN top1 curve: [76.92, 75.97, 75.16, 73.92, 72.5, 72.29, 71.44, 70.78, 70.07, 68.86, 68.74]
2025-12-23 22:20:43,530 [trainer.py] => Average Accuracy (CNN): 72.42 

2025-12-23 22:20:43,530 [trainer.py] => All params: 85936898
2025-12-23 22:20:43,531 [trainer.py] => Trainable params: 85936898
2025-12-23 22:20:43,547 [simplecil.py] => Learning on 80-82
2025-12-23 22:23:12,279 [trainer.py] => CNN: {'total': 67.68, '00-59': 75.37, '60-61': 58.0, '62-63': 55.0, '64-65': 37.0, '66-67': 32.0, '68-69': 69.5, '70-71': 50.5, '72-73': 50.0, '74-75': 44.5, '76-77': 24.5, '78-79': 65.0, '80-81': 28.0, '82-83': 90.0, '84-85': 60.0, '86-87': 80.0, '88-89': 70.0, '90-91': 60.0, '92-93': 70.0, '94-95': 60.0, '96-97': 100.0, '98-99': 80.0, 'old': 68.68, 'new': 28.0}
2025-12-23 22:23:12,311 [trainer.py] => CNN top1 curve: [76.92, 75.97, 75.16, 73.92, 72.5, 72.29, 71.44, 70.78, 70.07, 68.86, 68.74, 67.68]
2025-12-23 22:23:12,311 [trainer.py] => Average Accuracy (CNN): 72.03 

2025-12-23 22:23:12,312 [trainer.py] => All params: 85938434
2025-12-23 22:23:12,312 [trainer.py] => Trainable params: 85938434
2025-12-23 22:23:12,331 [simplecil.py] => Learning on 82-84
2025-12-23 22:25:44,431 [trainer.py] => CNN: {'total': 68.0, '00-59': 75.35, '60-61': 58.0, '62-63': 54.5, '64-65': 37.0, '66-67': 32.0, '68-69': 69.5, '70-71': 50.0, '72-73': 50.0, '74-75': 44.5, '76-77': 24.5, '78-79': 65.0, '80-81': 28.0, '82-83': 82.5, '84-85': 100.0, '86-87': 90.0, '88-89': 70.0, '90-91': 70.0, '92-93': 60.0, '94-95': 70.0, '96-97': 80.0, '98-99': 100.0, 'old': 67.65, 'new': 82.5}
2025-12-23 22:25:44,449 [trainer.py] => CNN top1 curve: [76.92, 75.97, 75.16, 73.92, 72.5, 72.29, 71.44, 70.78, 70.07, 68.86, 68.74, 67.68, 68.0]
2025-12-23 22:25:44,449 [trainer.py] => Average Accuracy (CNN): 71.72 

2025-12-23 22:25:44,449 [trainer.py] => All params: 85939970
2025-12-23 22:25:44,450 [trainer.py] => Trainable params: 85939970
2025-12-23 22:25:44,475 [simplecil.py] => Learning on 84-86
2025-12-23 22:28:20,486 [trainer.py] => CNN: {'total': 66.62, '00-59': 74.77, '60-61': 58.0, '62-63': 54.5, '64-65': 36.5, '66-67': 32.0, '68-69': 69.5, '70-71': 50.0, '72-73': 50.0, '74-75': 44.5, '76-77': 24.5, '78-79': 65.0, '80-81': 28.0, '82-83': 82.0, '84-85': 27.0, '86-87': 60.0, '88-89': 50.0, '90-91': 90.0, '92-93': 70.0, '94-95': 90.0, '96-97': 100.0, '98-99': 80.0, 'old': 67.56, 'new': 27.0}
2025-12-23 22:28:20,513 [trainer.py] => CNN top1 curve: [76.92, 75.97, 75.16, 73.92, 72.5, 72.29, 71.44, 70.78, 70.07, 68.86, 68.74, 67.68, 68.0, 66.62]
2025-12-23 22:28:20,513 [trainer.py] => Average Accuracy (CNN): 71.35 

2025-12-23 22:28:20,514 [trainer.py] => All params: 85941506
2025-12-23 22:28:20,515 [trainer.py] => Trainable params: 85941506
2025-12-23 22:28:20,540 [simplecil.py] => Learning on 86-88
2025-12-23 22:30:59,044 [trainer.py] => CNN: {'total': 66.53, '00-59': 74.47, '60-61': 58.0, '62-63': 54.5, '64-65': 36.5, '66-67': 32.0, '68-69': 69.5, '70-71': 50.0, '72-73': 49.5, '74-75': 44.5, '76-77': 24.5, '78-79': 65.0, '80-81': 28.0, '82-83': 81.5, '84-85': 27.0, '86-87': 73.0, '88-89': 70.0, '90-91': 60.0, '92-93': 80.0, '94-95': 100.0, '96-97': 70.0, '98-99': 70.0, 'old': 66.38, 'new': 73.0}
2025-12-23 22:30:59,073 [trainer.py] => CNN top1 curve: [76.92, 75.97, 75.16, 73.92, 72.5, 72.29, 71.44, 70.78, 70.07, 68.86, 68.74, 67.68, 68.0, 66.62, 66.53]
2025-12-23 22:30:59,073 [trainer.py] => Average Accuracy (CNN): 71.03 

2025-12-23 22:30:59,074 [trainer.py] => All params: 85943042
2025-12-23 22:30:59,074 [trainer.py] => Trainable params: 85943042
2025-12-23 22:30:59,094 [simplecil.py] => Learning on 88-90
2025-12-23 22:33:42,096 [trainer.py] => CNN: {'total': 65.97, '00-59': 74.4, '60-61': 58.0, '62-63': 54.5, '64-65': 36.5, '66-67': 32.0, '68-69': 69.5, '70-71': 50.0, '72-73': 49.5, '74-75': 44.5, '76-77': 24.5, '78-79': 64.5, '80-81': 28.0, '82-83': 81.5, '84-85': 27.0, '86-87': 73.0, '88-89': 43.5, '90-91': 100.0, '92-93': 90.0, '94-95': 100.0, '96-97': 60.0, '98-99': 80.0, 'old': 66.48, 'new': 43.5}
2025-12-23 22:33:42,123 [trainer.py] => CNN top1 curve: [76.92, 75.97, 75.16, 73.92, 72.5, 72.29, 71.44, 70.78, 70.07, 68.86, 68.74, 67.68, 68.0, 66.62, 66.53, 65.97]
2025-12-23 22:33:42,124 [trainer.py] => Average Accuracy (CNN): 70.72 

2025-12-23 22:33:42,124 [trainer.py] => All params: 85944578
2025-12-23 22:33:42,125 [trainer.py] => Trainable params: 85944578
2025-12-23 22:33:42,147 [simplecil.py] => Learning on 90-92
2025-12-23 22:36:28,344 [trainer.py] => CNN: {'total': 65.64, '00-59': 74.37, '60-61': 58.0, '62-63': 54.5, '64-65': 36.5, '66-67': 32.0, '68-69': 69.5, '70-71': 50.0, '72-73': 49.0, '74-75': 44.5, '76-77': 24.5, '78-79': 64.5, '80-81': 28.0, '82-83': 81.5, '84-85': 27.0, '86-87': 73.0, '88-89': 43.5, '90-91': 52.5, '92-93': 60.0, '94-95': 80.0, '96-97': 90.0, '98-99': 90.0, 'old': 65.93, 'new': 52.5}
2025-12-23 22:36:28,365 [trainer.py] => CNN top1 curve: [76.92, 75.97, 75.16, 73.92, 72.5, 72.29, 71.44, 70.78, 70.07, 68.86, 68.74, 67.68, 68.0, 66.62, 66.53, 65.97, 65.64]
2025-12-23 22:36:28,365 [trainer.py] => Average Accuracy (CNN): 70.42 

2025-12-23 22:36:28,370 [trainer.py] => All params: 85946114
2025-12-23 22:36:28,370 [trainer.py] => Trainable params: 85946114
2025-12-23 22:36:28,408 [simplecil.py] => Learning on 92-94
2025-12-23 22:39:17,216 [trainer.py] => CNN: {'total': 64.79, '00-59': 74.23, '60-61': 58.0, '62-63': 50.5, '64-65': 36.5, '66-67': 32.0, '68-69': 69.5, '70-71': 46.0, '72-73': 49.0, '74-75': 44.5, '76-77': 24.5, '78-79': 64.5, '80-81': 28.0, '82-83': 80.5, '84-85': 27.0, '86-87': 73.0, '88-89': 43.5, '90-91': 52.5, '92-93': 38.5, '94-95': 90.0, '96-97': 80.0, '98-99': 90.0, 'old': 65.36, 'new': 38.5}
2025-12-23 22:39:17,248 [trainer.py] => CNN top1 curve: [76.92, 75.97, 75.16, 73.92, 72.5, 72.29, 71.44, 70.78, 70.07, 68.86, 68.74, 67.68, 68.0, 66.62, 66.53, 65.97, 65.64, 64.79]
2025-12-23 22:39:17,248 [trainer.py] => Average Accuracy (CNN): 70.1 

2025-12-23 22:39:17,249 [trainer.py] => All params: 85947650
2025-12-23 22:39:17,249 [trainer.py] => Trainable params: 85947650
2025-12-23 22:39:17,272 [simplecil.py] => Learning on 94-96
2025-12-23 22:42:10,290 [trainer.py] => CNN: {'total': 63.93, '00-59': 74.2, '60-61': 58.0, '62-63': 50.5, '64-65': 36.5, '66-67': 32.0, '68-69': 69.5, '70-71': 45.5, '72-73': 49.0, '74-75': 44.5, '76-77': 24.5, '78-79': 64.5, '80-81': 28.0, '82-83': 80.5, '84-85': 27.0, '86-87': 73.0, '88-89': 43.5, '90-91': 52.5, '92-93': 38.5, '94-95': 25.0, '96-97': 80.0, '98-99': 80.0, 'old': 64.76, 'new': 25.0}
2025-12-23 22:42:10,320 [trainer.py] => CNN top1 curve: [76.92, 75.97, 75.16, 73.92, 72.5, 72.29, 71.44, 70.78, 70.07, 68.86, 68.74, 67.68, 68.0, 66.62, 66.53, 65.97, 65.64, 64.79, 63.93]
2025-12-23 22:42:10,320 [trainer.py] => Average Accuracy (CNN): 69.78 

2025-12-23 22:42:10,320 [trainer.py] => All params: 85949186
2025-12-23 22:42:10,321 [trainer.py] => Trainable params: 85949186
2025-12-23 22:42:10,348 [simplecil.py] => Learning on 96-98
2025-12-23 22:45:07,427 [trainer.py] => CNN: {'total': 62.99, '00-59': 72.67, '60-61': 58.0, '62-63': 49.5, '64-65': 36.5, '66-67': 32.0, '68-69': 67.5, '70-71': 45.5, '72-73': 49.0, '74-75': 44.5, '76-77': 24.5, '78-79': 64.5, '80-81': 28.0, '82-83': 80.5, '84-85': 27.0, '86-87': 73.0, '88-89': 42.5, '90-91': 52.5, '92-93': 35.5, '94-95': 25.0, '96-97': 71.0, '98-99': 80.0, 'old': 62.82, 'new': 71.0}
2025-12-23 22:45:07,461 [trainer.py] => CNN top1 curve: [76.92, 75.97, 75.16, 73.92, 72.5, 72.29, 71.44, 70.78, 70.07, 68.86, 68.74, 67.68, 68.0, 66.62, 66.53, 65.97, 65.64, 64.79, 63.93, 62.99]
2025-12-23 22:45:07,461 [trainer.py] => Average Accuracy (CNN): 69.44 

2025-12-23 22:45:07,462 [trainer.py] => All params: 85950722
2025-12-23 22:45:07,463 [trainer.py] => Trainable params: 85950722
2025-12-23 22:45:07,499 [simplecil.py] => Learning on 98-100
2025-12-23 22:48:06,050 [trainer.py] => CNN: {'total': 62.52, '00-59': 72.38, '60-61': 57.5, '62-63': 49.5, '64-65': 36.5, '66-67': 32.0, '68-69': 67.5, '70-71': 45.5, '72-73': 49.0, '74-75': 44.5, '76-77': 24.0, '78-79': 54.5, '80-81': 28.0, '82-83': 80.5, '84-85': 27.0, '86-87': 73.0, '88-89': 42.5, '90-91': 52.5, '92-93': 35.5, '94-95': 25.0, '96-97': 71.0, '98-99': 59.0, 'old': 62.59, 'new': 59.0}
2025-12-23 22:48:06,078 [trainer.py] => CNN top1 curve: [76.92, 75.97, 75.16, 73.92, 72.5, 72.29, 71.44, 70.78, 70.07, 68.86, 68.74, 67.68, 68.0, 66.62, 66.53, 65.97, 65.64, 64.79, 63.93, 62.99, 62.52]
2025-12-23 22:48:06,078 [trainer.py] => Average Accuracy (CNN): 69.11 


================================================================================
Finished cifar224_init60_inc2: pretrained_vit_b16_224  
Base Accuracy: 76.92
Last Accuracy: 62.52
Average Accuracy (Top1): 69.11
PD: 14.40
Backward Transfer (BWT): -2.13
Traceback (most recent call last):
  File "/public/home/hanlida/Dr.1/Code/Research/Awesome-FSCIL/CIL_Model/main.py", line 24, in <module>
    main()
  File "/public/home/hanlida/Dr.1/Code/Research/Awesome-FSCIL/CIL_Model/main.py", line 11, in main
    train(args)
  File "/public/home/hanlida/Dr.1/Code/Research/Awesome-FSCIL/CIL_Model/trainer.py", line 29, in train
    _train(args)
  File "/public/home/hanlida/Dr.1/Code/Research/Awesome-FSCIL/CIL_Model/trainer.py", line 123, in _train
    print("Forward Transfer (FWT):", forward_transfer(args["dataset"], np.array(cnn_matrix)))
  File "/public/home/hanlida/Dr.1/Code/Research/Awesome-FSCIL/CIL_Model/trainer.py", line 209, in forward_transfer
    fwt_diffs = fwt_accs - rand_init_acc_for_fwt
ValueError: operands could not be broadcast together with shapes (20,) (8,) 
2025-12-23 22:48:30,054 [trainer.py] => config: ./scripts/simplecil/IN1K/simplecil_inr_B100_Inc5.json
2025-12-23 22:48:30,066 [trainer.py] => prefix:  
2025-12-23 22:48:30,066 [trainer.py] => dataset: imagenetr
2025-12-23 22:48:30,066 [trainer.py] => memory_size: 0
2025-12-23 22:48:30,066 [trainer.py] => memory_per_class: 0
2025-12-23 22:48:30,066 [trainer.py] => fixed_memory: False
2025-12-23 22:48:30,066 [trainer.py] => shuffle: False
2025-12-23 22:48:30,066 [trainer.py] => init_cls: 100
2025-12-23 22:48:30,066 [trainer.py] => increment: 5
2025-12-23 22:48:30,066 [trainer.py] => model_name: simplecil
2025-12-23 22:48:30,066 [trainer.py] => backbone_type: pretrained_vit_b16_224
2025-12-23 22:48:30,066 [trainer.py] => device: [device(type='cuda', index=0)]
2025-12-23 22:48:30,066 [trainer.py] => seed: 1993
2025-12-23 22:48:30,066 [trainer.py] => kshot: 5
2025-12-23 22:48:30,066 [trainer.py] => tuned_epoch: 1
2025-12-23 22:48:30,066 [trainer.py] => init_lr: 0.01
2025-12-23 22:48:30,066 [trainer.py] => batch_size: 48
2025-12-23 22:48:30,066 [trainer.py] => weight_decay: 0.05
2025-12-23 22:48:30,066 [trainer.py] => min_lr: 1e-08
2025-12-23 22:48:30,066 [trainer.py] => optimizer: sgd
2025-12-23 22:48:30,067 [trainer.py] => vpt_type: shallow
2025-12-23 22:48:30,067 [trainer.py] => prompt_token_num: 3
2025-12-23 22:48:30,067 [trainer.py] => gpu_models: ['NVIDIA A800 80GB PCIe']
2025-12-23 22:48:31,135 [data_manager.py] => [0, 1, 2, 3, 4, 5, 6, 7, 8, 9, 10, 11, 12, 13, 14, 15, 16, 17, 18, 19, 20, 21, 22, 23, 24, 25, 26, 27, 28, 29, 30, 31, 32, 33, 34, 35, 36, 37, 38, 39, 40, 41, 42, 43, 44, 45, 46, 47, 48, 49, 50, 51, 52, 53, 54, 55, 56, 57, 58, 59, 60, 61, 62, 63, 64, 65, 66, 67, 68, 69, 70, 71, 72, 73, 74, 75, 76, 77, 78, 79, 80, 81, 82, 83, 84, 85, 86, 87, 88, 89, 90, 91, 92, 93, 94, 95, 96, 97, 98, 99, 100, 101, 102, 103, 104, 105, 106, 107, 108, 109, 110, 111, 112, 113, 114, 115, 116, 117, 118, 119, 120, 121, 122, 123, 124, 125, 126, 127, 128, 129, 130, 131, 132, 133, 134, 135, 136, 137, 138, 139, 140, 141, 142, 143, 144, 145, 146, 147, 148, 149, 150, 151, 152, 153, 154, 155, 156, 157, 158, 159, 160, 161, 162, 163, 164, 165, 166, 167, 168, 169, 170, 171, 172, 173, 174, 175, 176, 177, 178, 179, 180, 181, 182, 183, 184, 185, 186, 187, 188, 189, 190, 191, 192, 193, 194, 195, 196, 197, 198, 199]
This is for the BaseNet initialization.
After BaseNet initialization.
2025-12-23 22:48:56,496 [trainer.py] => All params: 85952257
2025-12-23 22:48:56,534 [trainer.py] => Trainable params: 85952257
2025-12-23 22:48:58,702 [simplecil.py] => Learning on 0-100
2025-12-23 22:54:22,436 [trainer.py] => CNN: {'total': 62.49, '00-99': 62.49, '100-104': 80.0, '105-109': 84.0, '110-114': 84.0, '115-119': 84.0, '120-124': 68.0, '125-129': 100.0, '130-134': 80.0, '135-139': 76.0, '140-144': 80.0, '145-149': 88.0, '150-154': 72.0, '155-159': 80.0, '160-164': 88.0, '165-169': 84.0, '170-174': 72.0, '175-179': 100.0, '180-184': 80.0, '185-189': 76.0, '190-194': 88.0, '195-199': 88.0, 'old': 0, 'new': 62.49}
2025-12-23 22:54:22,471 [trainer.py] => CNN top1 curve: [62.49]
2025-12-23 22:54:22,472 [trainer.py] => Average Accuracy (CNN): 62.49 

2025-12-23 22:54:22,472 [trainer.py] => All params: 86029058
2025-12-23 22:54:22,473 [trainer.py] => Trainable params: 86029058
2025-12-23 22:54:22,496 [simplecil.py] => Learning on 100-105
2025-12-23 22:55:48,198 [trainer.py] => CNN: {'total': 60.6, '00-99': 62.42, '100-104': 28.49, '105-109': 84.0, '110-114': 76.0, '115-119': 76.0, '120-124': 68.0, '125-129': 80.0, '130-134': 88.0, '135-139': 80.0, '140-144': 72.0, '145-149': 88.0, '150-154': 68.0, '155-159': 80.0, '160-164': 84.0, '165-169': 76.0, '170-174': 76.0, '175-179': 80.0, '180-184': 88.0, '185-189': 80.0, '190-194': 88.0, '195-199': 80.0, 'old': 62.42, 'new': 28.49}
2025-12-23 22:55:48,220 [trainer.py] => CNN top1 curve: [62.49, 60.6]
2025-12-23 22:55:48,220 [trainer.py] => Average Accuracy (CNN): 61.54 

2025-12-23 22:55:48,221 [trainer.py] => All params: 86032898
2025-12-23 22:55:48,222 [trainer.py] => Trainable params: 86032898
2025-12-23 22:55:48,251 [simplecil.py] => Learning on 105-110
2025-12-23 22:57:14,526 [trainer.py] => CNN: {'total': 58.58, '00-99': 62.32, '100-104': 26.16, '105-109': 18.62, '110-114': 80.0, '115-119': 84.0, '120-124': 56.0, '125-129': 72.0, '130-134': 76.0, '135-139': 88.0, '140-144': 84.0, '145-149': 84.0, '150-154': 68.0, '155-159': 96.0, '160-164': 80.0, '165-169': 80.0, '170-174': 88.0, '175-179': 92.0, '180-184': 88.0, '185-189': 84.0, '190-194': 84.0, '195-199': 88.0, 'old': 60.39, 'new': 18.62}
2025-12-23 22:57:14,563 [trainer.py] => CNN top1 curve: [62.49, 60.6, 58.58]
2025-12-23 22:57:14,564 [trainer.py] => Average Accuracy (CNN): 60.56 

2025-12-23 22:57:14,565 [trainer.py] => All params: 86036738
2025-12-23 22:57:14,566 [trainer.py] => Trainable params: 86036738
2025-12-23 22:57:14,601 [simplecil.py] => Learning on 110-115
2025-12-23 22:58:42,438 [trainer.py] => CNN: {'total': 58.31, '00-99': 62.26, '100-104': 26.16, '105-109': 17.93, '110-114': 53.9, '115-119': 84.0, '120-124': 72.0, '125-129': 88.0, '130-134': 76.0, '135-139': 88.0, '140-144': 76.0, '145-149': 84.0, '150-154': 60.0, '155-159': 72.0, '160-164': 96.0, '165-169': 88.0, '170-174': 64.0, '175-179': 96.0, '180-184': 80.0, '185-189': 92.0, '190-194': 80.0, '195-199': 84.0, 'old': 58.49, 'new': 53.9}
2025-12-23 22:58:42,462 [trainer.py] => CNN top1 curve: [62.49, 60.6, 58.58, 58.31]
2025-12-23 22:58:42,462 [trainer.py] => Average Accuracy (CNN): 60.0 

2025-12-23 22:58:42,463 [trainer.py] => All params: 86040578
2025-12-23 22:58:42,464 [trainer.py] => Trainable params: 86040578
2025-12-23 22:58:42,490 [simplecil.py] => Learning on 115-120
2025-12-23 23:00:12,213 [trainer.py] => CNN: {'total': 57.96, '00-99': 61.9, '100-104': 25.58, '105-109': 17.24, '110-114': 53.19, '115-119': 59.66, '120-124': 72.0, '125-129': 76.0, '130-134': 80.0, '135-139': 76.0, '140-144': 84.0, '145-149': 80.0, '150-154': 68.0, '155-159': 76.0, '160-164': 92.0, '165-169': 84.0, '170-174': 96.0, '175-179': 92.0, '180-184': 88.0, '185-189': 84.0, '190-194': 96.0, '195-199': 88.0, 'old': 57.91, 'new': 59.66}
2025-12-23 23:00:12,236 [trainer.py] => CNN top1 curve: [62.49, 60.6, 58.58, 58.31, 57.96]
2025-12-23 23:00:12,236 [trainer.py] => Average Accuracy (CNN): 59.59 

2025-12-23 23:00:12,237 [trainer.py] => All params: 86044418
2025-12-23 23:00:12,237 [trainer.py] => Trainable params: 86044418
2025-12-23 23:00:12,256 [simplecil.py] => Learning on 120-125
2025-12-23 23:01:40,558 [trainer.py] => CNN: {'total': 57.53, '00-99': 61.76, '100-104': 25.58, '105-109': 17.24, '110-114': 53.19, '115-119': 57.14, '120-124': 51.68, '125-129': 92.0, '130-134': 76.0, '135-139': 68.0, '140-144': 80.0, '145-149': 76.0, '150-154': 72.0, '155-159': 80.0, '160-164': 84.0, '165-169': 76.0, '170-174': 84.0, '175-179': 92.0, '180-184': 84.0, '185-189': 72.0, '190-194': 84.0, '195-199': 88.0, 'old': 57.77, 'new': 51.68}
2025-12-23 23:01:40,576 [trainer.py] => CNN top1 curve: [62.49, 60.6, 58.58, 58.31, 57.96, 57.53]
2025-12-23 23:01:40,576 [trainer.py] => Average Accuracy (CNN): 59.24 

2025-12-23 23:01:40,577 [trainer.py] => All params: 86048258
2025-12-23 23:01:40,577 [trainer.py] => Trainable params: 86048258
2025-12-23 23:01:40,593 [simplecil.py] => Learning on 125-130
2025-12-23 23:03:10,097 [trainer.py] => CNN: {'total': 55.71, '00-99': 61.57, '100-104': 25.58, '105-109': 17.24, '110-114': 51.06, '115-119': 54.62, '120-124': 49.66, '125-129': 22.01, '130-134': 84.0, '135-139': 76.0, '140-144': 76.0, '145-149': 76.0, '150-154': 68.0, '155-159': 80.0, '160-164': 96.0, '165-169': 80.0, '170-174': 72.0, '175-179': 100.0, '180-184': 92.0, '185-189': 84.0, '190-194': 76.0, '195-199': 96.0, 'old': 57.13, 'new': 22.01}
2025-12-23 23:03:10,124 [trainer.py] => CNN top1 curve: [62.49, 60.6, 58.58, 58.31, 57.96, 57.53, 55.71]
2025-12-23 23:03:10,125 [trainer.py] => Average Accuracy (CNN): 58.74 

2025-12-23 23:03:10,125 [trainer.py] => All params: 86052098
2025-12-23 23:03:10,126 [trainer.py] => Trainable params: 86052098
2025-12-23 23:03:10,145 [simplecil.py] => Learning on 130-135
2025-12-23 23:04:41,058 [trainer.py] => CNN: {'total': 55.25, '00-99': 61.57, '100-104': 25.58, '105-109': 17.24, '110-114': 51.06, '115-119': 51.26, '120-124': 47.65, '125-129': 22.01, '130-134': 48.0, '135-139': 84.0, '140-144': 84.0, '145-149': 80.0, '150-154': 76.0, '155-159': 88.0, '160-164': 88.0, '165-169': 92.0, '170-174': 72.0, '175-179': 100.0, '180-184': 88.0, '185-189': 80.0, '190-194': 84.0, '195-199': 84.0, 'old': 55.53, 'new': 48.0}
2025-12-23 23:04:41,079 [trainer.py] => CNN top1 curve: [62.49, 60.6, 58.58, 58.31, 57.96, 57.53, 55.71, 55.25]
2025-12-23 23:04:41,080 [trainer.py] => Average Accuracy (CNN): 58.3 

2025-12-23 23:04:41,081 [trainer.py] => All params: 86055938
2025-12-23 23:04:41,081 [trainer.py] => Trainable params: 86055938
2025-12-23 23:04:41,110 [simplecil.py] => Learning on 135-140
2025-12-23 23:06:13,426 [trainer.py] => CNN: {'total': 55.26, '00-99': 61.53, '100-104': 25.0, '105-109': 17.24, '110-114': 46.1, '115-119': 51.26, '120-124': 46.98, '125-129': 21.38, '130-134': 45.33, '135-139': 65.75, '140-144': 80.0, '145-149': 92.0, '150-154': 76.0, '155-159': 88.0, '160-164': 92.0, '165-169': 80.0, '170-174': 84.0, '175-179': 96.0, '180-184': 84.0, '185-189': 76.0, '190-194': 96.0, '195-199': 88.0, 'old': 54.88, 'new': 65.75}
2025-12-23 23:06:13,451 [trainer.py] => CNN top1 curve: [62.49, 60.6, 58.58, 58.31, 57.96, 57.53, 55.71, 55.25, 55.26]
2025-12-23 23:06:13,452 [trainer.py] => Average Accuracy (CNN): 57.97 

2025-12-23 23:06:13,452 [trainer.py] => All params: 86059778
2025-12-23 23:06:13,453 [trainer.py] => Trainable params: 86059778
2025-12-23 23:06:13,470 [simplecil.py] => Learning on 140-145
2025-12-23 23:07:48,120 [trainer.py] => CNN: {'total': 54.71, '00-99': 61.5, '100-104': 25.0, '105-109': 17.24, '110-114': 46.1, '115-119': 51.26, '120-124': 46.98, '125-129': 19.5, '130-134': 45.33, '135-139': 65.75, '140-144': 37.72, '145-149': 88.0, '150-154': 76.0, '155-159': 88.0, '160-164': 92.0, '165-169': 92.0, '170-174': 76.0, '175-179': 96.0, '180-184': 80.0, '185-189': 68.0, '190-194': 80.0, '195-199': 92.0, 'old': 55.17, 'new': 37.72}
2025-12-23 23:07:48,156 [trainer.py] => CNN top1 curve: [62.49, 60.6, 58.58, 58.31, 57.96, 57.53, 55.71, 55.25, 55.26, 54.71]
2025-12-23 23:07:48,156 [trainer.py] => Average Accuracy (CNN): 57.64 

2025-12-23 23:07:48,157 [trainer.py] => All params: 86063618
2025-12-23 23:07:48,157 [trainer.py] => Trainable params: 86063618
2025-12-23 23:07:48,175 [simplecil.py] => Learning on 145-150
2025-12-23 23:09:23,497 [trainer.py] => CNN: {'total': 54.8, '00-99': 61.5, '100-104': 25.0, '105-109': 17.24, '110-114': 46.1, '115-119': 50.42, '120-124': 46.31, '125-129': 19.5, '130-134': 44.67, '135-139': 65.75, '140-144': 35.96, '145-149': 64.0, '150-154': 52.0, '155-159': 88.0, '160-164': 76.0, '165-169': 92.0, '170-174': 76.0, '175-179': 92.0, '180-184': 80.0, '185-189': 80.0, '190-194': 92.0, '195-199': 84.0, 'old': 54.59, 'new': 64.0}
2025-12-23 23:09:23,535 [trainer.py] => CNN top1 curve: [62.49, 60.6, 58.58, 58.31, 57.96, 57.53, 55.71, 55.25, 55.26, 54.71, 54.8]
2025-12-23 23:09:23,536 [trainer.py] => Average Accuracy (CNN): 57.38 

2025-12-23 23:09:23,536 [trainer.py] => All params: 86067458
2025-12-23 23:09:23,537 [trainer.py] => Trainable params: 86067458
2025-12-23 23:09:23,555 [simplecil.py] => Learning on 150-155
2025-12-23 23:10:57,132 [trainer.py] => CNN: {'total': 54.19, '00-99': 61.37, '100-104': 25.0, '105-109': 17.24, '110-114': 46.1, '115-119': 49.58, '120-124': 45.64, '125-129': 19.5, '130-134': 44.0, '135-139': 65.75, '140-144': 35.96, '145-149': 63.0, '150-154': 36.7, '155-159': 76.0, '160-164': 84.0, '165-169': 92.0, '170-174': 88.0, '175-179': 100.0, '180-184': 88.0, '185-189': 84.0, '190-194': 92.0, '195-199': 92.0, 'old': 54.62, 'new': 36.7}
2025-12-23 23:10:57,158 [trainer.py] => CNN top1 curve: [62.49, 60.6, 58.58, 58.31, 57.96, 57.53, 55.71, 55.25, 55.26, 54.71, 54.8, 54.19]
2025-12-23 23:10:57,158 [trainer.py] => Average Accuracy (CNN): 57.12 

2025-12-23 23:10:57,159 [trainer.py] => All params: 86071298
2025-12-23 23:10:57,159 [trainer.py] => Trainable params: 86071298
2025-12-23 23:10:57,189 [simplecil.py] => Learning on 155-160
2025-12-23 23:12:34,434 [trainer.py] => CNN: {'total': 53.95, '00-99': 61.34, '100-104': 25.0, '105-109': 17.24, '110-114': 46.1, '115-119': 49.58, '120-124': 44.97, '125-129': 19.5, '130-134': 43.33, '135-139': 60.96, '140-144': 35.96, '145-149': 63.0, '150-154': 35.78, '155-159': 53.95, '160-164': 92.0, '165-169': 84.0, '170-174': 80.0, '175-179': 100.0, '180-184': 76.0, '185-189': 72.0, '190-194': 88.0, '195-199': 80.0, 'old': 53.95, 'new': 53.95}
2025-12-23 23:12:34,463 [trainer.py] => CNN top1 curve: [62.49, 60.6, 58.58, 58.31, 57.96, 57.53, 55.71, 55.25, 55.26, 54.71, 54.8, 54.19, 53.95]
2025-12-23 23:12:34,463 [trainer.py] => Average Accuracy (CNN): 56.87 

2025-12-23 23:12:34,464 [trainer.py] => All params: 86075138
2025-12-23 23:12:34,465 [trainer.py] => Trainable params: 86075138
2025-12-23 23:12:34,492 [simplecil.py] => Learning on 160-165
2025-12-23 23:14:12,731 [trainer.py] => CNN: {'total': 54.27, '00-99': 61.27, '100-104': 25.0, '105-109': 16.55, '110-114': 44.68, '115-119': 48.74, '120-124': 44.97, '125-129': 19.5, '130-134': 42.67, '135-139': 58.9, '140-144': 35.96, '145-149': 63.0, '150-154': 34.86, '155-159': 49.34, '160-164': 75.0, '165-169': 92.0, '170-174': 76.0, '175-179': 100.0, '180-184': 80.0, '185-189': 84.0, '190-194': 80.0, '195-199': 88.0, 'old': 53.57, 'new': 75.0}
2025-12-23 23:14:12,761 [trainer.py] => CNN top1 curve: [62.49, 60.6, 58.58, 58.31, 57.96, 57.53, 55.71, 55.25, 55.26, 54.71, 54.8, 54.19, 53.95, 54.27]
2025-12-23 23:14:12,761 [trainer.py] => Average Accuracy (CNN): 56.69 

2025-12-23 23:14:12,762 [trainer.py] => All params: 86078978
2025-12-23 23:14:12,762 [trainer.py] => Trainable params: 86078978
2025-12-23 23:14:12,784 [simplecil.py] => Learning on 165-170
2025-12-23 23:15:53,258 [trainer.py] => CNN: {'total': 54.08, '00-99': 61.17, '100-104': 25.0, '105-109': 16.55, '110-114': 43.97, '115-119': 47.9, '120-124': 43.62, '125-129': 19.5, '130-134': 41.33, '135-139': 58.9, '140-144': 35.96, '145-149': 63.0, '150-154': 32.11, '155-159': 48.68, '160-164': 75.0, '165-169': 56.02, '170-174': 88.0, '175-179': 96.0, '180-184': 92.0, '185-189': 76.0, '190-194': 88.0, '195-199': 76.0, 'old': 54.01, 'new': 56.02}
2025-12-23 23:15:53,307 [trainer.py] => CNN top1 curve: [62.49, 60.6, 58.58, 58.31, 57.96, 57.53, 55.71, 55.25, 55.26, 54.71, 54.8, 54.19, 53.95, 54.27, 54.08]
2025-12-23 23:15:53,308 [trainer.py] => Average Accuracy (CNN): 56.51 

2025-12-23 23:15:53,308 [trainer.py] => All params: 86082818
2025-12-23 23:15:53,309 [trainer.py] => Trainable params: 86082818
2025-12-23 23:15:53,328 [simplecil.py] => Learning on 170-175
2025-12-23 23:17:36,206 [trainer.py] => CNN: {'total': 54.02, '00-99': 61.17, '100-104': 25.0, '105-109': 16.55, '110-114': 43.97, '115-119': 47.9, '120-124': 43.62, '125-129': 19.5, '130-134': 41.33, '135-139': 56.16, '140-144': 35.96, '145-149': 61.0, '150-154': 32.11, '155-159': 48.03, '160-164': 75.0, '165-169': 56.02, '170-174': 56.74, '175-179': 96.0, '180-184': 88.0, '185-189': 76.0, '190-194': 96.0, '195-199': 92.0, 'old': 53.94, 'new': 56.74}
2025-12-23 23:17:36,236 [trainer.py] => CNN top1 curve: [62.49, 60.6, 58.58, 58.31, 57.96, 57.53, 55.71, 55.25, 55.26, 54.71, 54.8, 54.19, 53.95, 54.27, 54.08, 54.02]
2025-12-23 23:17:36,237 [trainer.py] => Average Accuracy (CNN): 56.36 

2025-12-23 23:17:36,238 [trainer.py] => All params: 86086658
2025-12-23 23:17:36,238 [trainer.py] => Trainable params: 86086658
2025-12-23 23:17:36,262 [simplecil.py] => Learning on 175-180
2025-12-23 23:19:20,344 [trainer.py] => CNN: {'total': 52.94, '00-99': 60.81, '100-104': 25.0, '105-109': 16.55, '110-114': 43.97, '115-119': 47.9, '120-124': 40.94, '125-129': 18.24, '130-134': 40.67, '135-139': 56.16, '140-144': 35.96, '145-149': 61.0, '150-154': 30.28, '155-159': 46.05, '160-164': 74.38, '165-169': 54.45, '170-174': 56.03, '175-179': 32.35, '180-184': 88.0, '185-189': 88.0, '190-194': 76.0, '195-199': 88.0, 'old': 53.48, 'new': 32.35}
2025-12-23 23:19:20,374 [trainer.py] => CNN top1 curve: [62.49, 60.6, 58.58, 58.31, 57.96, 57.53, 55.71, 55.25, 55.26, 54.71, 54.8, 54.19, 53.95, 54.27, 54.08, 54.02, 52.94]
2025-12-23 23:19:20,374 [trainer.py] => Average Accuracy (CNN): 56.16 

2025-12-23 23:19:20,375 [trainer.py] => All params: 86090498
2025-12-23 23:19:20,375 [trainer.py] => Trainable params: 86090498
2025-12-23 23:19:20,392 [simplecil.py] => Learning on 180-185
2025-12-23 23:21:02,468 [trainer.py] => CNN: {'total': 52.63, '00-99': 60.78, '100-104': 25.0, '105-109': 16.55, '110-114': 43.97, '115-119': 47.06, '120-124': 40.94, '125-129': 18.24, '130-134': 40.0, '135-139': 56.16, '140-144': 35.96, '145-149': 61.0, '150-154': 30.28, '155-159': 46.05, '160-164': 74.38, '165-169': 54.45, '170-174': 56.03, '175-179': 30.88, '180-184': 44.9, '185-189': 84.0, '190-194': 88.0, '195-199': 84.0, 'old': 52.85, 'new': 44.9}
2025-12-23 23:21:02,500 [trainer.py] => CNN top1 curve: [62.49, 60.6, 58.58, 58.31, 57.96, 57.53, 55.71, 55.25, 55.26, 54.71, 54.8, 54.19, 53.95, 54.27, 54.08, 54.02, 52.94, 52.63]
2025-12-23 23:21:02,500 [trainer.py] => Average Accuracy (CNN): 55.96 

2025-12-23 23:21:02,501 [trainer.py] => All params: 86094338
2025-12-23 23:21:02,501 [trainer.py] => Trainable params: 86094338
2025-12-23 23:21:02,527 [simplecil.py] => Learning on 185-190
2025-12-23 23:22:48,661 [trainer.py] => CNN: {'total': 51.98, '00-99': 60.68, '100-104': 25.0, '105-109': 16.55, '110-114': 43.97, '115-119': 47.06, '120-124': 40.94, '125-129': 17.61, '130-134': 40.0, '135-139': 56.16, '140-144': 35.96, '145-149': 61.0, '150-154': 30.28, '155-159': 46.05, '160-164': 74.38, '165-169': 54.45, '170-174': 55.32, '175-179': 29.41, '180-184': 44.9, '185-189': 38.6, '190-194': 84.0, '195-199': 96.0, 'old': 52.5, 'new': 38.6}
2025-12-23 23:22:48,694 [trainer.py] => CNN top1 curve: [62.49, 60.6, 58.58, 58.31, 57.96, 57.53, 55.71, 55.25, 55.26, 54.71, 54.8, 54.19, 53.95, 54.27, 54.08, 54.02, 52.94, 52.63, 51.98]
2025-12-23 23:22:48,694 [trainer.py] => Average Accuracy (CNN): 55.75 

2025-12-23 23:22:48,695 [trainer.py] => All params: 86098178
2025-12-23 23:22:48,695 [trainer.py] => Trainable params: 86098178
2025-12-23 23:22:48,711 [simplecil.py] => Learning on 190-195
2025-12-23 23:24:36,449 [trainer.py] => CNN: {'total': 51.47, '00-99': 60.64, '100-104': 25.0, '105-109': 16.55, '110-114': 43.97, '115-119': 47.06, '120-124': 40.94, '125-129': 17.61, '130-134': 38.67, '135-139': 56.16, '140-144': 35.09, '145-149': 61.0, '150-154': 30.28, '155-159': 46.05, '160-164': 74.38, '165-169': 54.45, '170-174': 55.32, '175-179': 29.41, '180-184': 44.22, '185-189': 37.21, '190-194': 37.91, '195-199': 80.0, 'old': 51.84, 'new': 37.91}
2025-12-23 23:24:36,479 [trainer.py] => CNN top1 curve: [62.49, 60.6, 58.58, 58.31, 57.96, 57.53, 55.71, 55.25, 55.26, 54.71, 54.8, 54.19, 53.95, 54.27, 54.08, 54.02, 52.94, 52.63, 51.98, 51.47]
2025-12-23 23:24:36,479 [trainer.py] => Average Accuracy (CNN): 55.54 

2025-12-23 23:24:36,480 [trainer.py] => All params: 86102018
2025-12-23 23:24:36,480 [trainer.py] => Trainable params: 86102018
2025-12-23 23:24:36,508 [simplecil.py] => Learning on 195-200
2025-12-23 23:26:21,794 [trainer.py] => CNN: {'total': 50.77, '00-99': 60.51, '100-104': 24.42, '105-109': 16.55, '110-114': 43.97, '115-119': 47.06, '120-124': 40.94, '125-129': 17.61, '130-134': 38.67, '135-139': 53.42, '140-144': 35.09, '145-149': 61.0, '150-154': 30.28, '155-159': 46.05, '160-164': 74.38, '165-169': 53.4, '170-174': 55.32, '175-179': 28.68, '180-184': 44.22, '185-189': 34.42, '190-194': 37.91, '195-199': 36.42, 'old': 51.16, 'new': 36.42}
2025-12-23 23:26:21,828 [trainer.py] => CNN top1 curve: [62.49, 60.6, 58.58, 58.31, 57.96, 57.53, 55.71, 55.25, 55.26, 54.71, 54.8, 54.19, 53.95, 54.27, 54.08, 54.02, 52.94, 52.63, 51.98, 51.47, 50.77]
2025-12-23 23:26:21,828 [trainer.py] => Average Accuracy (CNN): 55.31 


================================================================================
Finished imagenetr_init100_inc5: pretrained_vit_b16_224  
Base Accuracy: 62.49
Last Accuracy: 50.77
Average Accuracy (Top1): 55.31
PD: 11.72
Backward Transfer (BWT): -5.03
Traceback (most recent call last):
  File "/public/home/hanlida/Dr.1/Code/Research/Awesome-FSCIL/CIL_Model/main.py", line 24, in <module>
    main()
  File "/public/home/hanlida/Dr.1/Code/Research/Awesome-FSCIL/CIL_Model/main.py", line 11, in main
    train(args)
  File "/public/home/hanlida/Dr.1/Code/Research/Awesome-FSCIL/CIL_Model/trainer.py", line 29, in train
    _train(args)
  File "/public/home/hanlida/Dr.1/Code/Research/Awesome-FSCIL/CIL_Model/trainer.py", line 123, in _train
    print("Forward Transfer (FWT):", forward_transfer(args["dataset"], np.array(cnn_matrix)))
  File "/public/home/hanlida/Dr.1/Code/Research/Awesome-FSCIL/CIL_Model/trainer.py", line 209, in forward_transfer
    fwt_diffs = fwt_accs - rand_init_acc_for_fwt
ValueError: operands could not be broadcast together with shapes (20,) (10,) 
2025-12-23 23:26:48,341 [trainer.py] => config: ./scripts/simplecil/IN1K/simplecil_mini_B60_Inc2.json
2025-12-23 23:26:48,345 [trainer.py] => prefix:  
2025-12-23 23:26:48,345 [trainer.py] => dataset: mini_imagenet
2025-12-23 23:26:48,345 [trainer.py] => memory_size: 0
2025-12-23 23:26:48,345 [trainer.py] => memory_per_class: 0
2025-12-23 23:26:48,345 [trainer.py] => fixed_memory: False
2025-12-23 23:26:48,346 [trainer.py] => shuffle: False
2025-12-23 23:26:48,346 [trainer.py] => init_cls: 60
2025-12-23 23:26:48,346 [trainer.py] => increment: 2
2025-12-23 23:26:48,346 [trainer.py] => model_name: simplecil
2025-12-23 23:26:48,346 [trainer.py] => backbone_type: pretrained_vit_b16_224
2025-12-23 23:26:48,346 [trainer.py] => device: [device(type='cuda', index=0)]
2025-12-23 23:26:48,346 [trainer.py] => seed: 1993
2025-12-23 23:26:48,346 [trainer.py] => kshot: 5
2025-12-23 23:26:48,346 [trainer.py] => tuned_epoch: 1
2025-12-23 23:26:48,346 [trainer.py] => init_lr: 0.01
2025-12-23 23:26:48,346 [trainer.py] => batch_size: 48
2025-12-23 23:26:48,346 [trainer.py] => weight_decay: 0.05
2025-12-23 23:26:48,346 [trainer.py] => min_lr: 1e-08
2025-12-23 23:26:48,346 [trainer.py] => optimizer: sgd
2025-12-23 23:26:48,346 [trainer.py] => vpt_type: shallow
2025-12-23 23:26:48,347 [trainer.py] => prompt_token_num: 3
2025-12-23 23:26:48,347 [trainer.py] => gpu_models: ['NVIDIA A800 80GB PCIe']
2025-12-23 23:26:48,666 [data_manager.py] => [0, 1, 2, 3, 4, 5, 6, 7, 8, 9, 10, 11, 12, 13, 14, 15, 16, 17, 18, 19, 20, 21, 22, 23, 24, 25, 26, 27, 28, 29, 30, 31, 32, 33, 34, 35, 36, 37, 38, 39, 40, 41, 42, 43, 44, 45, 46, 47, 48, 49, 50, 51, 52, 53, 54, 55, 56, 57, 58, 59, 60, 61, 62, 63, 64, 65, 66, 67, 68, 69, 70, 71, 72, 73, 74, 75, 76, 77, 78, 79, 80, 81, 82, 83, 84, 85, 86, 87, 88, 89, 90, 91, 92, 93, 94, 95, 96, 97, 98, 99]
This is for the BaseNet initialization.
After BaseNet initialization.
2025-12-23 23:27:15,182 [trainer.py] => All params: 85875457
2025-12-23 23:27:15,221 [trainer.py] => Trainable params: 85875457
2025-12-23 23:27:16,839 [simplecil.py] => Learning on 0-60
2025-12-23 23:38:35,209 [trainer.py] => CNN: {'total': 94.98, '00-59': 94.98, '60-61': 100.0, '62-63': 70.0, '64-65': 80.0, '66-67': 100.0, '68-69': 80.0, '70-71': 90.0, '72-73': 90.0, '74-75': 100.0, '76-77': 80.0, '78-79': 100.0, '80-81': 90.0, '82-83': 80.0, '84-85': 80.0, '86-87': 70.0, '88-89': 80.0, '90-91': 70.0, '92-93': 70.0, '94-95': 80.0, '96-97': 100.0, '98-99': 100.0, 'old': 0, 'new': 94.98}
2025-12-23 23:38:35,236 [trainer.py] => CNN top1 curve: [94.98]
2025-12-23 23:38:35,237 [trainer.py] => Average Accuracy (CNN): 94.98 

2025-12-23 23:38:35,237 [trainer.py] => All params: 85921538
2025-12-23 23:38:35,238 [trainer.py] => Trainable params: 85921538
2025-12-23 23:38:35,264 [simplecil.py] => Learning on 60-62
2025-12-23 23:40:36,441 [trainer.py] => CNN: {'total': 94.9, '00-59': 94.98, '60-61': 92.5, '62-63': 100.0, '64-65': 70.0, '66-67': 90.0, '68-69': 80.0, '70-71': 90.0, '72-73': 90.0, '74-75': 100.0, '76-77': 80.0, '78-79': 90.0, '80-81': 100.0, '82-83': 90.0, '84-85': 80.0, '86-87': 60.0, '88-89': 40.0, '90-91': 100.0, '92-93': 70.0, '94-95': 70.0, '96-97': 80.0, '98-99': 90.0, 'old': 94.98, 'new': 92.5}
2025-12-23 23:40:36,475 [trainer.py] => CNN top1 curve: [94.98, 94.9]
2025-12-23 23:40:36,475 [trainer.py] => Average Accuracy (CNN): 94.94 

2025-12-23 23:40:36,475 [trainer.py] => All params: 85923074
2025-12-23 23:40:36,476 [trainer.py] => Trainable params: 85923074
2025-12-23 23:40:36,499 [simplecil.py] => Learning on 62-64
2025-12-23 23:42:41,380 [trainer.py] => CNN: {'total': 94.7, '00-59': 94.92, '60-61': 92.5, '62-63': 90.5, '64-65': 60.0, '66-67': 60.0, '68-69': 70.0, '70-71': 90.0, '72-73': 70.0, '74-75': 80.0, '76-77': 80.0, '78-79': 100.0, '80-81': 90.0, '82-83': 60.0, '84-85': 80.0, '86-87': 70.0, '88-89': 60.0, '90-91': 70.0, '92-93': 90.0, '94-95': 60.0, '96-97': 70.0, '98-99': 70.0, 'old': 94.84, 'new': 90.5}
2025-12-23 23:42:41,408 [trainer.py] => CNN top1 curve: [94.98, 94.9, 94.7]
2025-12-23 23:42:41,409 [trainer.py] => Average Accuracy (CNN): 94.86 

2025-12-23 23:42:41,410 [trainer.py] => All params: 85924610
2025-12-23 23:42:41,411 [trainer.py] => Trainable params: 85924610
2025-12-23 23:42:41,438 [simplecil.py] => Learning on 64-66
2025-12-23 23:44:49,776 [trainer.py] => CNN: {'total': 94.24, '00-59': 94.87, '60-61': 92.5, '62-63': 90.5, '64-65': 81.0, '66-67': 80.0, '68-69': 80.0, '70-71': 70.0, '72-73': 60.0, '74-75': 90.0, '76-77': 90.0, '78-79': 80.0, '80-81': 80.0, '82-83': 70.0, '84-85': 80.0, '86-87': 60.0, '88-89': 80.0, '90-91': 100.0, '92-93': 80.0, '94-95': 70.0, '96-97': 100.0, '98-99': 80.0, 'old': 94.66, 'new': 81.0}
2025-12-23 23:44:49,794 [trainer.py] => CNN top1 curve: [94.98, 94.9, 94.7, 94.24]
2025-12-23 23:44:49,794 [trainer.py] => Average Accuracy (CNN): 94.7 

2025-12-23 23:44:49,795 [trainer.py] => All params: 85926146
2025-12-23 23:44:49,795 [trainer.py] => Trainable params: 85926146
2025-12-23 23:44:49,820 [simplecil.py] => Learning on 66-68
2025-12-23 23:46:59,486 [trainer.py] => CNN: {'total': 94.21, '00-59': 94.82, '60-61': 92.5, '62-63': 90.5, '64-65': 81.0, '66-67': 94.5, '68-69': 80.0, '70-71': 90.0, '72-73': 70.0, '74-75': 90.0, '76-77': 70.0, '78-79': 90.0, '80-81': 80.0, '82-83': 80.0, '84-85': 90.0, '86-87': 70.0, '88-89': 80.0, '90-91': 100.0, '92-93': 80.0, '94-95': 90.0, '96-97': 80.0, '98-99': 70.0, 'old': 94.2, 'new': 94.5}
2025-12-23 23:46:59,521 [trainer.py] => CNN top1 curve: [94.98, 94.9, 94.7, 94.24, 94.21]
2025-12-23 23:46:59,521 [trainer.py] => Average Accuracy (CNN): 94.61 

2025-12-23 23:46:59,522 [trainer.py] => All params: 85927682
2025-12-23 23:46:59,523 [trainer.py] => Trainable params: 85927682
2025-12-23 23:46:59,550 [simplecil.py] => Learning on 68-70
2025-12-23 23:49:15,267 [trainer.py] => CNN: {'total': 92.81, '00-59': 94.8, '60-61': 92.5, '62-63': 90.5, '64-65': 81.0, '66-67': 94.5, '68-69': 46.0, '70-71': 80.0, '72-73': 70.0, '74-75': 80.0, '76-77': 90.0, '78-79': 100.0, '80-81': 100.0, '82-83': 70.0, '84-85': 50.0, '86-87': 60.0, '88-89': 70.0, '90-91': 100.0, '92-93': 80.0, '94-95': 80.0, '96-97': 100.0, '98-99': 90.0, 'old': 94.19, 'new': 46.0}
2025-12-23 23:49:15,297 [trainer.py] => CNN top1 curve: [94.98, 94.9, 94.7, 94.24, 94.21, 92.81]
2025-12-23 23:49:15,297 [trainer.py] => Average Accuracy (CNN): 94.31 

2025-12-23 23:49:15,298 [trainer.py] => All params: 85929218
2025-12-23 23:49:15,299 [trainer.py] => Trainable params: 85929218
2025-12-23 23:49:15,329 [simplecil.py] => Learning on 70-72
2025-12-23 23:51:31,344 [trainer.py] => CNN: {'total': 92.6, '00-59': 94.78, '60-61': 92.5, '62-63': 90.5, '64-65': 81.0, '66-67': 94.5, '68-69': 46.0, '70-71': 85.5, '72-73': 80.0, '74-75': 100.0, '76-77': 70.0, '78-79': 100.0, '80-81': 90.0, '82-83': 90.0, '84-85': 80.0, '86-87': 80.0, '88-89': 80.0, '90-91': 70.0, '92-93': 80.0, '94-95': 40.0, '96-97': 100.0, '98-99': 90.0, 'old': 92.8, 'new': 85.5}
2025-12-23 23:51:31,375 [trainer.py] => CNN top1 curve: [94.98, 94.9, 94.7, 94.24, 94.21, 92.81, 92.6]
2025-12-23 23:51:31,375 [trainer.py] => Average Accuracy (CNN): 94.06 

2025-12-23 23:51:31,376 [trainer.py] => All params: 85930754
2025-12-23 23:51:31,376 [trainer.py] => Trainable params: 85930754
2025-12-23 23:51:31,392 [simplecil.py] => Learning on 72-74
2025-12-23 23:53:52,477 [trainer.py] => CNN: {'total': 92.34, '00-59': 94.78, '60-61': 92.5, '62-63': 90.5, '64-65': 81.0, '66-67': 94.5, '68-69': 46.0, '70-71': 85.5, '72-73': 83.0, '74-75': 80.0, '76-77': 80.0, '78-79': 90.0, '80-81': 90.0, '82-83': 70.0, '84-85': 60.0, '86-87': 90.0, '88-89': 90.0, '90-91': 100.0, '92-93': 80.0, '94-95': 70.0, '96-97': 90.0, '98-99': 40.0, 'old': 92.6, 'new': 83.0}
2025-12-23 23:53:52,523 [trainer.py] => CNN top1 curve: [94.98, 94.9, 94.7, 94.24, 94.21, 92.81, 92.6, 92.34]
2025-12-23 23:53:52,523 [trainer.py] => Average Accuracy (CNN): 93.85 

2025-12-23 23:53:52,524 [trainer.py] => All params: 85932290
2025-12-23 23:53:52,524 [trainer.py] => Trainable params: 85932290
2025-12-23 23:53:52,541 [simplecil.py] => Learning on 74-76
2025-12-23 23:56:15,898 [trainer.py] => CNN: {'total': 92.37, '00-59': 94.78, '60-61': 92.5, '62-63': 90.5, '64-65': 81.0, '66-67': 94.5, '68-69': 46.0, '70-71': 85.5, '72-73': 83.0, '74-75': 93.5, '76-77': 100.0, '78-79': 100.0, '80-81': 100.0, '82-83': 90.0, '84-85': 100.0, '86-87': 90.0, '88-89': 90.0, '90-91': 100.0, '92-93': 100.0, '94-95': 60.0, '96-97': 90.0, '98-99': 80.0, 'old': 92.34, 'new': 93.5}
2025-12-23 23:56:15,915 [trainer.py] => CNN top1 curve: [94.98, 94.9, 94.7, 94.24, 94.21, 92.81, 92.6, 92.34, 92.37]
2025-12-23 23:56:15,916 [trainer.py] => Average Accuracy (CNN): 93.68 

2025-12-23 23:56:15,916 [trainer.py] => All params: 85933826
2025-12-23 23:56:15,917 [trainer.py] => Trainable params: 85933826
2025-12-23 23:56:15,938 [simplecil.py] => Learning on 76-78
2025-12-23 23:58:41,359 [trainer.py] => CNN: {'total': 92.14, '00-59': 94.75, '60-61': 92.5, '62-63': 90.5, '64-65': 81.0, '66-67': 94.5, '68-69': 46.0, '70-71': 85.5, '72-73': 83.0, '74-75': 93.5, '76-77': 84.5, '78-79': 90.0, '80-81': 90.0, '82-83': 70.0, '84-85': 80.0, '86-87': 70.0, '88-89': 70.0, '90-91': 90.0, '92-93': 90.0, '94-95': 70.0, '96-97': 80.0, '98-99': 90.0, 'old': 92.34, 'new': 84.5}
2025-12-23 23:58:41,391 [trainer.py] => CNN top1 curve: [94.98, 94.9, 94.7, 94.24, 94.21, 92.81, 92.6, 92.34, 92.37, 92.14]
2025-12-23 23:58:41,391 [trainer.py] => Average Accuracy (CNN): 93.53 

2025-12-23 23:58:41,392 [trainer.py] => All params: 85935362
2025-12-23 23:58:41,393 [trainer.py] => Trainable params: 85935362
2025-12-23 23:58:41,409 [simplecil.py] => Learning on 78-80
2025-12-24 00:01:11,162 [trainer.py] => CNN: {'total': 92.02, '00-59': 94.75, '60-61': 92.5, '62-63': 90.5, '64-65': 81.0, '66-67': 94.5, '68-69': 45.5, '70-71': 85.5, '72-73': 83.0, '74-75': 93.5, '76-77': 84.5, '78-79': 88.0, '80-81': 90.0, '82-83': 80.0, '84-85': 70.0, '86-87': 80.0, '88-89': 90.0, '90-91': 80.0, '92-93': 70.0, '94-95': 100.0, '96-97': 100.0, '98-99': 70.0, 'old': 92.13, 'new': 88.0}
2025-12-24 00:01:11,199 [trainer.py] => CNN top1 curve: [94.98, 94.9, 94.7, 94.24, 94.21, 92.81, 92.6, 92.34, 92.37, 92.14, 92.02]
2025-12-24 00:01:11,199 [trainer.py] => Average Accuracy (CNN): 93.39 

2025-12-24 00:01:11,200 [trainer.py] => All params: 85936898
2025-12-24 00:01:11,200 [trainer.py] => Trainable params: 85936898
2025-12-24 00:01:11,215 [simplecil.py] => Learning on 80-82
2025-12-24 00:03:43,581 [trainer.py] => CNN: {'total': 91.51, '00-59': 94.67, '60-61': 92.5, '62-63': 90.5, '64-65': 81.0, '66-67': 94.0, '68-69': 45.5, '70-71': 85.5, '72-73': 83.0, '74-75': 93.5, '76-77': 84.5, '78-79': 88.0, '80-81': 74.0, '82-83': 80.0, '84-85': 90.0, '86-87': 100.0, '88-89': 90.0, '90-91': 80.0, '92-93': 90.0, '94-95': 90.0, '96-97': 90.0, '98-99': 70.0, 'old': 91.95, 'new': 74.0}
2025-12-24 00:03:43,623 [trainer.py] => CNN top1 curve: [94.98, 94.9, 94.7, 94.24, 94.21, 92.81, 92.6, 92.34, 92.37, 92.14, 92.02, 91.51]
2025-12-24 00:03:43,624 [trainer.py] => Average Accuracy (CNN): 93.24 

2025-12-24 00:03:43,624 [trainer.py] => All params: 85938434
2025-12-24 00:03:43,625 [trainer.py] => Trainable params: 85938434
2025-12-24 00:03:43,658 [simplecil.py] => Learning on 82-84
2025-12-24 00:06:18,490 [trainer.py] => CNN: {'total': 90.9, '00-59': 94.67, '60-61': 92.5, '62-63': 90.5, '64-65': 81.0, '66-67': 94.0, '68-69': 45.5, '70-71': 85.0, '72-73': 83.0, '74-75': 93.5, '76-77': 84.5, '78-79': 87.0, '80-81': 74.0, '82-83': 67.5, '84-85': 90.0, '86-87': 80.0, '88-89': 80.0, '90-91': 100.0, '92-93': 70.0, '94-95': 100.0, '96-97': 70.0, '98-99': 80.0, 'old': 91.48, 'new': 67.5}
2025-12-24 00:06:18,504 [trainer.py] => CNN top1 curve: [94.98, 94.9, 94.7, 94.24, 94.21, 92.81, 92.6, 92.34, 92.37, 92.14, 92.02, 91.51, 90.9]
2025-12-24 00:06:18,504 [trainer.py] => Average Accuracy (CNN): 93.06 

2025-12-24 00:06:18,505 [trainer.py] => All params: 85939970
2025-12-24 00:06:18,505 [trainer.py] => Trainable params: 85939970
2025-12-24 00:06:18,531 [simplecil.py] => Learning on 84-86
2025-12-24 00:08:58,322 [trainer.py] => CNN: {'total': 90.0, '00-59': 94.65, '60-61': 92.5, '62-63': 89.5, '64-65': 81.0, '66-67': 94.0, '68-69': 45.5, '70-71': 84.5, '72-73': 82.5, '74-75': 93.5, '76-77': 84.0, '78-79': 87.0, '80-81': 73.0, '82-83': 67.5, '84-85': 56.0, '86-87': 80.0, '88-89': 100.0, '90-91': 100.0, '92-93': 70.0, '94-95': 90.0, '96-97': 80.0, '98-99': 80.0, 'old': 90.81, 'new': 56.0}
2025-12-24 00:08:58,354 [trainer.py] => CNN top1 curve: [94.98, 94.9, 94.7, 94.24, 94.21, 92.81, 92.6, 92.34, 92.37, 92.14, 92.02, 91.51, 90.9, 90.0]
2025-12-24 00:08:58,355 [trainer.py] => Average Accuracy (CNN): 92.84 

2025-12-24 00:08:58,356 [trainer.py] => All params: 85941506
2025-12-24 00:08:58,357 [trainer.py] => Trainable params: 85941506
2025-12-24 00:08:58,383 [simplecil.py] => Learning on 86-88
2025-12-24 00:11:38,511 [trainer.py] => CNN: {'total': 89.88, '00-59': 94.63, '60-61': 92.5, '62-63': 89.5, '64-65': 81.0, '66-67': 93.0, '68-69': 45.5, '70-71': 84.5, '72-73': 82.5, '74-75': 93.5, '76-77': 84.0, '78-79': 87.0, '80-81': 73.0, '82-83': 67.5, '84-85': 56.0, '86-87': 86.0, '88-89': 60.0, '90-91': 100.0, '92-93': 90.0, '94-95': 80.0, '96-97': 100.0, '98-99': 80.0, 'old': 89.97, 'new': 86.0}
2025-12-24 00:11:38,540 [trainer.py] => CNN top1 curve: [94.98, 94.9, 94.7, 94.24, 94.21, 92.81, 92.6, 92.34, 92.37, 92.14, 92.02, 91.51, 90.9, 90.0, 89.88]
2025-12-24 00:11:38,541 [trainer.py] => Average Accuracy (CNN): 92.64 

2025-12-24 00:11:38,541 [trainer.py] => All params: 85943042
2025-12-24 00:11:38,542 [trainer.py] => Trainable params: 85943042
2025-12-24 00:11:38,558 [simplecil.py] => Learning on 88-90
2025-12-24 00:14:21,467 [trainer.py] => CNN: {'total': 88.94, '00-59': 94.58, '60-61': 92.5, '62-63': 89.5, '64-65': 81.0, '66-67': 93.0, '68-69': 45.5, '70-71': 84.5, '72-73': 82.5, '74-75': 93.5, '76-77': 84.0, '78-79': 86.0, '80-81': 73.0, '82-83': 67.5, '84-85': 56.0, '86-87': 86.0, '88-89': 50.5, '90-91': 90.0, '92-93': 80.0, '94-95': 90.0, '96-97': 80.0, '98-99': 90.0, 'old': 89.82, 'new': 50.5}
2025-12-24 00:14:21,501 [trainer.py] => CNN top1 curve: [94.98, 94.9, 94.7, 94.24, 94.21, 92.81, 92.6, 92.34, 92.37, 92.14, 92.02, 91.51, 90.9, 90.0, 89.88, 88.94]
2025-12-24 00:14:21,502 [trainer.py] => Average Accuracy (CNN): 92.41 

2025-12-24 00:14:21,502 [trainer.py] => All params: 85944578
2025-12-24 00:14:21,503 [trainer.py] => Trainable params: 85944578
2025-12-24 00:14:21,526 [simplecil.py] => Learning on 90-92
2025-12-24 00:17:08,586 [trainer.py] => CNN: {'total': 88.87, '00-59': 94.52, '60-61': 92.5, '62-63': 89.5, '64-65': 81.0, '66-67': 93.0, '68-69': 45.5, '70-71': 84.5, '72-73': 82.5, '74-75': 92.5, '76-77': 84.0, '78-79': 86.0, '80-81': 73.0, '82-83': 67.5, '84-85': 56.0, '86-87': 86.0, '88-89': 50.5, '90-91': 88.5, '92-93': 60.0, '94-95': 80.0, '96-97': 80.0, '98-99': 90.0, 'old': 88.88, 'new': 88.5}
2025-12-24 00:17:08,619 [trainer.py] => CNN top1 curve: [94.98, 94.9, 94.7, 94.24, 94.21, 92.81, 92.6, 92.34, 92.37, 92.14, 92.02, 91.51, 90.9, 90.0, 89.88, 88.94, 88.87]
2025-12-24 00:17:08,619 [trainer.py] => Average Accuracy (CNN): 92.2 

2025-12-24 00:17:08,620 [trainer.py] => All params: 85946114
2025-12-24 00:17:08,620 [trainer.py] => Trainable params: 85946114
2025-12-24 00:17:08,642 [simplecil.py] => Learning on 92-94
2025-12-24 00:19:58,892 [trainer.py] => CNN: {'total': 88.96, '00-59': 94.52, '60-61': 92.5, '62-63': 89.5, '64-65': 80.0, '66-67': 93.0, '68-69': 45.5, '70-71': 84.5, '72-73': 82.5, '74-75': 92.5, '76-77': 84.0, '78-79': 86.0, '80-81': 73.0, '82-83': 67.5, '84-85': 56.0, '86-87': 86.0, '88-89': 50.5, '90-91': 88.5, '92-93': 94.0, '94-95': 90.0, '96-97': 90.0, '98-99': 90.0, 'old': 88.85, 'new': 94.0}
2025-12-24 00:19:58,935 [trainer.py] => CNN top1 curve: [94.98, 94.9, 94.7, 94.24, 94.21, 92.81, 92.6, 92.34, 92.37, 92.14, 92.02, 91.51, 90.9, 90.0, 89.88, 88.94, 88.87, 88.96]
2025-12-24 00:19:58,936 [trainer.py] => Average Accuracy (CNN): 92.02 

2025-12-24 00:19:58,937 [trainer.py] => All params: 85947650
2025-12-24 00:19:58,938 [trainer.py] => Trainable params: 85947650
2025-12-24 00:19:58,972 [simplecil.py] => Learning on 94-96
2025-12-24 00:22:49,128 [trainer.py] => CNN: {'total': 89.08, '00-59': 94.45, '60-61': 92.5, '62-63': 89.5, '64-65': 80.0, '66-67': 93.0, '68-69': 45.5, '70-71': 84.5, '72-73': 82.5, '74-75': 92.5, '76-77': 84.0, '78-79': 86.0, '80-81': 73.0, '82-83': 67.5, '84-85': 56.0, '86-87': 86.0, '88-89': 50.5, '90-91': 88.5, '92-93': 94.0, '94-95': 97.0, '96-97': 90.0, '98-99': 90.0, 'old': 88.91, 'new': 97.0}
2025-12-24 00:22:49,149 [trainer.py] => CNN top1 curve: [94.98, 94.9, 94.7, 94.24, 94.21, 92.81, 92.6, 92.34, 92.37, 92.14, 92.02, 91.51, 90.9, 90.0, 89.88, 88.94, 88.87, 88.96, 89.08]
2025-12-24 00:22:49,149 [trainer.py] => Average Accuracy (CNN): 91.87 

2025-12-24 00:22:49,150 [trainer.py] => All params: 85949186
2025-12-24 00:22:49,151 [trainer.py] => Trainable params: 85949186
2025-12-24 00:22:49,174 [simplecil.py] => Learning on 96-98
2025-12-24 00:25:43,827 [trainer.py] => CNN: {'total': 89.04, '00-59': 94.38, '60-61': 92.5, '62-63': 89.5, '64-65': 80.0, '66-67': 93.0, '68-69': 45.5, '70-71': 84.5, '72-73': 82.5, '74-75': 92.5, '76-77': 81.5, '78-79': 86.0, '80-81': 73.0, '82-83': 67.5, '84-85': 56.0, '86-87': 86.0, '88-89': 49.5, '90-91': 88.5, '92-93': 94.0, '94-95': 96.5, '96-97': 93.0, '98-99': 70.0, 'old': 88.96, 'new': 93.0}
2025-12-24 00:25:43,863 [trainer.py] => CNN top1 curve: [94.98, 94.9, 94.7, 94.24, 94.21, 92.81, 92.6, 92.34, 92.37, 92.14, 92.02, 91.51, 90.9, 90.0, 89.88, 88.94, 88.87, 88.96, 89.08, 89.04]
2025-12-24 00:25:43,863 [trainer.py] => Average Accuracy (CNN): 91.72 

2025-12-24 00:25:43,864 [trainer.py] => All params: 85950722
2025-12-24 00:25:43,864 [trainer.py] => Trainable params: 85950722
2025-12-24 00:25:43,889 [simplecil.py] => Learning on 98-100
2025-12-24 00:28:39,596 [trainer.py] => CNN: {'total': 89.1, '00-59': 94.35, '60-61': 92.5, '62-63': 89.5, '64-65': 80.0, '66-67': 93.0, '68-69': 45.5, '70-71': 84.5, '72-73': 82.5, '74-75': 92.5, '76-77': 81.5, '78-79': 85.5, '80-81': 73.0, '82-83': 67.5, '84-85': 56.0, '86-87': 86.0, '88-89': 49.5, '90-91': 88.5, '92-93': 94.0, '94-95': 96.5, '96-97': 93.0, '98-99': 93.5, 'old': 89.01, 'new': 93.5}
2025-12-24 00:28:39,619 [trainer.py] => CNN top1 curve: [94.98, 94.9, 94.7, 94.24, 94.21, 92.81, 92.6, 92.34, 92.37, 92.14, 92.02, 91.51, 90.9, 90.0, 89.88, 88.94, 88.87, 88.96, 89.08, 89.04, 89.1]
2025-12-24 00:28:39,619 [trainer.py] => Average Accuracy (CNN): 91.6 


================================================================================
Finished mini_imagenet_init60_inc2: pretrained_vit_b16_224  
Base Accuracy: 94.98
Last Accuracy: 89.1
Average Accuracy (Top1): 91.6
PD: 5.88
Backward Transfer (BWT): -0.76
Traceback (most recent call last):
  File "/public/home/hanlida/Dr.1/Code/Research/Awesome-FSCIL/CIL_Model/main.py", line 24, in <module>
    main()
  File "/public/home/hanlida/Dr.1/Code/Research/Awesome-FSCIL/CIL_Model/main.py", line 11, in main
    train(args)
  File "/public/home/hanlida/Dr.1/Code/Research/Awesome-FSCIL/CIL_Model/trainer.py", line 29, in train
    _train(args)
  File "/public/home/hanlida/Dr.1/Code/Research/Awesome-FSCIL/CIL_Model/trainer.py", line 123, in _train
    print("Forward Transfer (FWT):", forward_transfer(args["dataset"], np.array(cnn_matrix)))
  File "/public/home/hanlida/Dr.1/Code/Research/Awesome-FSCIL/CIL_Model/trainer.py", line 209, in forward_transfer
    fwt_diffs = fwt_accs - rand_init_acc_for_fwt
ValueError: operands could not be broadcast together with shapes (20,) (8,) 
