nohup: ignoring input
2025-08-21 23:53:14,325 [trainer.py] => config: ./exps/cub.json
2025-08-21 23:53:14,343 [trainer.py] => model_name: asp
2025-08-21 23:53:14,343 [trainer.py] => backbone_type: pretrained_vit_b16_224_vpt
2025-08-21 23:53:14,344 [trainer.py] => device: [device(type='cuda', index=3)]
2025-08-21 23:53:14,344 [trainer.py] => seed: 1993
2025-08-21 23:53:14,344 [trainer.py] => dataset: cub
2025-08-21 23:53:14,344 [trainer.py] => init_cls: 100
2025-08-21 23:53:14,344 [trainer.py] => increment: 10
2025-08-21 23:53:14,344 [trainer.py] => kshot: 5
2025-08-21 23:53:14,344 [trainer.py] => vpt_type: Deep
2025-08-21 23:53:14,345 [trainer.py] => prompt_token_num: 6
2025-08-21 23:53:14,345 [trainer.py] => avg_alpha: 0.8
2025-08-21 23:53:14,345 [trainer.py] => perturb_var: 1
2025-08-21 23:53:14,345 [trainer.py] => EMA_beta: 0.99
2025-08-21 23:53:14,345 [trainer.py] => anchor_lambda: 0.1
2025-08-21 23:53:14,345 [trainer.py] => kl_weight: 0.001
2025-08-21 23:53:14,345 [trainer.py] => TIP_init: zero
2025-08-21 23:53:14,345 [trainer.py] => tuned_epoch: 20
2025-08-21 23:53:14,346 [trainer.py] => fs_epoch: 0
2025-08-21 23:53:14,346 [trainer.py] => init_lr: 0.01
2025-08-21 23:53:14,346 [trainer.py] => fs_lr: 0.001
2025-08-21 23:53:14,346 [trainer.py] => batch_size: 24
2025-08-21 23:53:14,346 [trainer.py] => fs_batch_size: 16
2025-08-21 23:53:14,346 [trainer.py] => weight_decay: 0.005
2025-08-21 23:53:14,346 [trainer.py] => min_lr: 0
2025-08-21 23:53:14,347 [trainer.py] => optimizer: sgd
2025-08-21 23:53:14,347 [trainer.py] => memory_size: 0
2025-08-21 23:53:14,347 [trainer.py] => memory_per_class: 0
2025-08-21 23:53:14,347 [trainer.py] => fixed_memory: False
2025-08-21 23:53:14,347 [trainer.py] => shuffle: False
2025-08-21 23:53:14,347 [trainer.py] => top_k: 5
2025-08-21 23:53:14,347 [trainer.py] => base_model_path: saved_model/asp/cub/100_10/asp_20_1993_pretrained_vit_b16_224_vpt.pth
2025-08-21 23:53:14,347 [trainer.py] => prefix: asp
2025-08-21 23:53:14,348 [trainer.py] => model_prefix: asp
2025-08-21 23:53:14,348 [trainer.py] => gpu_models: ['NVIDIA A800 80GB PCIe']
2025-08-21 23:53:15,333 [data_manager.py] => [0, 1, 2, 3, 4, 5, 6, 7, 8, 9, 10, 11, 12, 13, 14, 15, 16, 17, 18, 19, 20, 21, 22, 23, 24, 25, 26, 27, 28, 29, 30, 31, 32, 33, 34, 35, 36, 37, 38, 39, 40, 41, 42, 43, 44, 45, 46, 47, 48, 49, 50, 51, 52, 53, 54, 55, 56, 57, 58, 59, 60, 61, 62, 63, 64, 65, 66, 67, 68, 69, 70, 71, 72, 73, 74, 75, 76, 77, 78, 79, 80, 81, 82, 83, 84, 85, 86, 87, 88, 89, 90, 91, 92, 93, 94, 95, 96, 97, 98, 99, 100, 101, 102, 103, 104, 105, 106, 107, 108, 109, 110, 111, 112, 113, 114, 115, 116, 117, 118, 119, 120, 121, 122, 123, 124, 125, 126, 127, 128, 129, 130, 131, 132, 133, 134, 135, 136, 137, 138, 139, 140, 141, 142, 143, 144, 145, 146, 147, 148, 149, 150, 151, 152, 153, 154, 155, 156, 157, 158, 159, 160, 161, 162, 163, 164, 165, 166, 167, 168, 169, 170, 171, 172, 173, 174, 175, 176, 177, 178, 179, 180, 181, 182, 183, 184, 185, 186, 187, 188, 189, 190, 191, 192, 193, 194, 195, 196, 197, 198, 199]
This is for the BaseNet initialization.
modelname, pretrained_vit_b16_224_vpt basicmodelname vit_base_patch16_224
Using VPT model
Using Deep Prompt
After BaseNet initialization.
2025-08-21 23:53:21,126 [trainer.py] => All params: 173749761
2025-08-21 23:53:21,127 [trainer.py] => Trainable params: 2152449
2025-08-21 23:53:21,278 [asp.py] => Learning on 0-100
2025-08-21 23:53:21,290 [asp.py] => training set size: 4693, fc construct set size: 4693
anchor samples found
2025-08-21 23:55:44,513 [asp.py] => Task 0, Epoch 1 => Loss 6.026, Train_accy 11.29, Test_curr_accy 35.70, Test_accy 35.70
anchor samples found
2025-08-21 23:58:01,927 [asp.py] => Task 0, Epoch 2 => Loss 2.878, Train_accy 58.02, Test_curr_accy 81.13, Test_accy 81.13
anchor samples found
2025-08-22 00:00:28,317 [asp.py] => Task 0, Epoch 3 => Loss 1.219, Train_accy 77.39, Test_curr_accy 85.48, Test_accy 85.48
anchor samples found
2025-08-22 00:02:55,222 [asp.py] => Task 0, Epoch 4 => Loss 1.001, Train_accy 80.65, Test_curr_accy 85.74, Test_accy 85.74
anchor samples found
2025-08-22 00:05:22,040 [asp.py] => Task 0, Epoch 5 => Loss 0.905, Train_accy 82.66, Test_curr_accy 87.87, Test_accy 87.87
anchor samples found
2025-08-22 00:07:48,346 [asp.py] => Task 0, Epoch 6 => Loss 0.862, Train_accy 83.42, Test_curr_accy 85.65, Test_accy 85.65
anchor samples found
2025-08-22 00:10:22,144 [asp.py] => Task 0, Epoch 7 => Loss 0.800, Train_accy 84.72, Test_curr_accy 88.73, Test_accy 88.73
anchor samples found
2025-08-22 00:15:23,325 [asp.py] => Task 0, Epoch 8 => Loss 0.827, Train_accy 83.17, Test_curr_accy 89.50, Test_accy 89.50
anchor samples found
2025-08-22 00:20:48,427 [asp.py] => Task 0, Epoch 9 => Loss 0.787, Train_accy 84.55, Test_curr_accy 88.73, Test_accy 88.73
anchor samples found
2025-08-22 00:26:05,059 [asp.py] => Task 0, Epoch 10 => Loss 0.765, Train_accy 85.23, Test_curr_accy 88.73, Test_accy 88.73
anchor samples found
2025-08-22 00:31:23,581 [asp.py] => Task 0, Epoch 11 => Loss 0.768, Train_accy 85.30, Test_curr_accy 88.64, Test_accy 88.64
anchor samples found
2025-08-22 00:36:54,153 [asp.py] => Task 0, Epoch 12 => Loss 0.756, Train_accy 85.70, Test_curr_accy 88.64, Test_accy 88.64
anchor samples found
2025-08-22 00:42:23,615 [asp.py] => Task 0, Epoch 13 => Loss 0.743, Train_accy 86.23, Test_curr_accy 90.35, Test_accy 90.35
anchor samples found
2025-08-22 00:48:07,050 [asp.py] => Task 0, Epoch 14 => Loss 0.729, Train_accy 86.51, Test_curr_accy 89.41, Test_accy 89.41
anchor samples found
2025-08-22 00:53:42,456 [asp.py] => Task 0, Epoch 15 => Loss 0.713, Train_accy 86.60, Test_curr_accy 89.50, Test_accy 89.50
anchor samples found
2025-08-22 00:59:13,716 [asp.py] => Task 0, Epoch 16 => Loss 0.702, Train_accy 87.39, Test_curr_accy 90.35, Test_accy 90.35
anchor samples found
2025-08-22 01:04:41,816 [asp.py] => Task 0, Epoch 17 => Loss 0.733, Train_accy 86.30, Test_curr_accy 90.09, Test_accy 90.09
anchor samples found
2025-08-22 01:10:09,445 [asp.py] => Task 0, Epoch 18 => Loss 0.686, Train_accy 87.73, Test_curr_accy 90.44, Test_accy 90.44
anchor samples found
2025-08-22 01:15:27,499 [asp.py] => Task 0, Epoch 19 => Loss 0.694, Train_accy 87.45, Test_curr_accy 90.09, Test_accy 90.09
anchor samples found
2025-08-22 01:20:42,651 [asp.py] => Task 0, Epoch 20 => Loss 0.693, Train_accy 87.73, Test_curr_accy 90.52, Test_accy 90.52
2025-08-22 01:22:48,508 [trainer.py] => CNN: {'total': 87.28, '00-99': 87.28, '100-109': 86.0, '110-119': 80.0, '120-129': 68.0, '130-139': 86.0, '140-149': 84.0, '150-159': 70.0, '160-169': 70.0, '170-179': 82.0, '180-189': 82.0, '190-199': 84.0, 'old': 0, 'new': 87.28}
2025-08-22 01:22:48,509 [trainer.py] => Top1 curve: [87.28]
2025-08-22 01:22:48,509 [trainer.py] => Average Accuracy (CNN): 87.28
2025-08-22 01:22:48,510 [trainer.py] => All params: 173826562
2025-08-22 01:22:48,511 [trainer.py] => Trainable params: 2229250
2025-08-22 01:22:48,516 [asp.py] => Learning on 100-110
2025-08-22 01:22:48,523 [asp.py] => training set size: 50, fc construct set size: 50
2025-08-22 01:23:19,013 [trainer.py] => CNN: {'total': 85.91, '00-99': 86.93, '100-109': 73.74, '110-119': 76.0, '120-129': 68.0, '130-139': 80.0, '140-149': 74.0, '150-159': 82.0, '160-169': 70.0, '170-179': 80.0, '180-189': 84.0, '190-199': 92.0, 'old': 86.93, 'new': 73.74}
2025-08-22 01:23:19,013 [trainer.py] => Top1 curve: [87.28, 85.91]
2025-08-22 01:23:19,013 [trainer.py] => Average Accuracy (CNN): 86.59
2025-08-22 01:23:19,014 [trainer.py] => All params: 173834242
2025-08-22 01:23:19,015 [trainer.py] => Trainable params: 2236930
2025-08-22 01:23:19,020 [asp.py] => Learning on 110-120
2025-08-22 01:23:19,027 [asp.py] => training set size: 50, fc construct set size: 50
2025-08-22 01:23:48,938 [trainer.py] => CNN: {'total': 84.42, '00-99': 86.85, '100-109': 73.74, '110-119': 69.92, '120-129': 76.0, '130-139': 62.0, '140-149': 76.0, '150-159': 78.0, '160-169': 62.0, '170-179': 68.0, '180-189': 80.0, '190-199': 84.0, 'old': 85.83, 'new': 69.92}
2025-08-22 01:23:48,938 [trainer.py] => Top1 curve: [87.28, 85.91, 84.42]
2025-08-22 01:23:48,938 [trainer.py] => Average Accuracy (CNN): 85.87
2025-08-22 01:23:48,939 [trainer.py] => All params: 173841922
2025-08-22 01:23:48,940 [trainer.py] => Trainable params: 2244610
2025-08-22 01:23:48,944 [asp.py] => Learning on 120-130
2025-08-22 01:23:48,951 [asp.py] => training set size: 50, fc construct set size: 50
2025-08-22 01:24:18,823 [trainer.py] => CNN: {'total': 83.06, '00-99': 86.85, '100-109': 73.74, '110-119': 68.29, '120-129': 67.86, '130-139': 82.0, '140-149': 72.0, '150-159': 74.0, '160-169': 62.0, '170-179': 90.0, '180-189': 84.0, '190-199': 78.0, 'old': 84.28, 'new': 67.86}
2025-08-22 01:24:18,823 [trainer.py] => Top1 curve: [87.28, 85.91, 84.42, 83.06]
2025-08-22 01:24:18,824 [trainer.py] => Average Accuracy (CNN): 85.17
2025-08-22 01:24:18,825 [trainer.py] => All params: 173849602
2025-08-22 01:24:18,826 [trainer.py] => Trainable params: 2252290
2025-08-22 01:24:18,828 [asp.py] => Learning on 130-140
2025-08-22 01:24:18,834 [asp.py] => training set size: 50, fc construct set size: 50
2025-08-22 01:24:49,416 [trainer.py] => CNN: {'total': 82.75, '00-99': 86.85, '100-109': 73.74, '110-119': 67.48, '120-129': 66.96, '130-139': 80.77, '140-149': 62.0, '150-159': 70.0, '160-169': 70.0, '170-179': 82.0, '180-189': 92.0, '190-199': 88.0, 'old': 82.92, 'new': 80.77}
2025-08-22 01:24:49,416 [trainer.py] => Top1 curve: [87.28, 85.91, 84.42, 83.06, 82.75]
2025-08-22 01:24:49,417 [trainer.py] => Average Accuracy (CNN): 84.68
2025-08-22 01:24:49,418 [trainer.py] => All params: 173857282
2025-08-22 01:24:49,419 [trainer.py] => Trainable params: 2259970
2025-08-22 01:24:49,424 [asp.py] => Learning on 140-150
2025-08-22 01:24:49,430 [asp.py] => training set size: 50, fc construct set size: 50
2025-08-22 01:25:19,639 [trainer.py] => CNN: {'total': 81.76, '00-99': 86.68, '100-109': 73.74, '110-119': 66.67, '120-129': 66.07, '130-139': 80.77, '140-149': 71.05, '150-159': 82.0, '160-169': 70.0, '170-179': 74.0, '180-189': 90.0, '190-199': 80.0, 'old': 82.51, 'new': 71.05}
2025-08-22 01:25:19,639 [trainer.py] => Top1 curve: [87.28, 85.91, 84.42, 83.06, 82.75, 81.76]
2025-08-22 01:25:19,640 [trainer.py] => Average Accuracy (CNN): 84.20
2025-08-22 01:25:19,641 [trainer.py] => All params: 173864962
2025-08-22 01:25:19,642 [trainer.py] => Trainable params: 2267650
2025-08-22 01:25:19,646 [asp.py] => Learning on 150-160
2025-08-22 01:25:19,653 [asp.py] => training set size: 50, fc construct set size: 50
2025-08-22 01:25:50,173 [trainer.py] => CNN: {'total': 81.66, '00-99': 86.68, '100-109': 73.74, '110-119': 66.67, '120-129': 66.07, '130-139': 80.77, '140-149': 70.18, '150-159': 80.91, '160-169': 74.0, '170-179': 76.0, '180-189': 88.0, '190-199': 88.0, 'old': 81.7, 'new': 80.91}
2025-08-22 01:25:50,173 [trainer.py] => Top1 curve: [87.28, 85.91, 84.42, 83.06, 82.75, 81.76, 81.66]
2025-08-22 01:25:50,173 [trainer.py] => Average Accuracy (CNN): 83.83
2025-08-22 01:25:50,174 [trainer.py] => All params: 173872642
2025-08-22 01:25:50,175 [trainer.py] => Trainable params: 2275330
2025-08-22 01:25:50,180 [asp.py] => Learning on 160-170
2025-08-22 01:25:50,186 [asp.py] => training set size: 50, fc construct set size: 50
2025-08-22 01:26:20,806 [trainer.py] => CNN: {'total': 82.23, '00-99': 86.68, '100-109': 73.74, '110-119': 66.67, '120-129': 66.07, '130-139': 80.77, '140-149': 70.18, '150-159': 80.0, '160-169': 90.98, '170-179': 84.0, '180-189': 90.0, '190-199': 84.0, 'old': 81.6, 'new': 90.98}
2025-08-22 01:26:20,806 [trainer.py] => Top1 curve: [87.28, 85.91, 84.42, 83.06, 82.75, 81.76, 81.66, 82.23]
2025-08-22 01:26:20,806 [trainer.py] => Average Accuracy (CNN): 83.63
2025-08-22 01:26:20,807 [trainer.py] => All params: 173880322
2025-08-22 01:26:20,808 [trainer.py] => Trainable params: 2283010
2025-08-22 01:26:20,814 [asp.py] => Learning on 170-180
2025-08-22 01:26:20,819 [asp.py] => training set size: 50, fc construct set size: 50
2025-08-22 01:26:51,820 [trainer.py] => CNN: {'total': 81.92, '00-99': 86.68, '100-109': 73.74, '110-119': 66.67, '120-129': 66.07, '130-139': 80.77, '140-149': 70.18, '150-159': 79.09, '160-169': 83.46, '170-179': 85.95, '180-189': 90.0, '190-199': 82.0, 'old': 81.68, 'new': 85.95}
2025-08-22 01:26:51,821 [trainer.py] => Top1 curve: [87.28, 85.91, 84.42, 83.06, 82.75, 81.76, 81.66, 82.23, 81.92]
2025-08-22 01:26:51,821 [trainer.py] => Average Accuracy (CNN): 83.44
2025-08-22 01:26:51,822 [trainer.py] => All params: 173888002
2025-08-22 01:26:51,823 [trainer.py] => Trainable params: 2290690
2025-08-22 01:26:51,828 [asp.py] => Learning on 180-190
2025-08-22 01:26:51,832 [asp.py] => training set size: 50, fc construct set size: 50
2025-08-22 01:27:22,797 [trainer.py] => CNN: {'total': 82.37, '00-99': 86.68, '100-109': 73.74, '110-119': 66.67, '120-129': 66.07, '130-139': 80.77, '140-149': 70.18, '150-159': 79.09, '160-169': 82.71, '170-179': 85.12, '180-189': 91.8, '190-199': 98.0, 'old': 81.83, 'new': 91.8}
2025-08-22 01:27:22,798 [trainer.py] => Top1 curve: [87.28, 85.91, 84.42, 83.06, 82.75, 81.76, 81.66, 82.23, 81.92, 82.37]
2025-08-22 01:27:22,798 [trainer.py] => Average Accuracy (CNN): 83.34
2025-08-22 01:27:22,799 [trainer.py] => All params: 173895682
2025-08-22 01:27:22,800 [trainer.py] => Trainable params: 2298370
2025-08-22 01:27:22,804 [asp.py] => Learning on 190-200
2025-08-22 01:27:22,808 [asp.py] => training set size: 50, fc construct set size: 50
2025-08-22 01:27:53,769 [trainer.py] => CNN: {'total': 82.95, '00-99': 86.68, '100-109': 73.74, '110-119': 66.67, '120-129': 66.07, '130-139': 80.77, '140-149': 70.18, '150-159': 79.09, '160-169': 82.71, '170-179': 85.12, '180-189': 90.98, '190-199': 94.31, 'old': 82.33, 'new': 94.31}
2025-08-22 01:27:53,769 [trainer.py] => Top1 curve: [87.28, 85.91, 84.42, 83.06, 82.75, 81.76, 81.66, 82.23, 81.92, 82.37, 82.95]
2025-08-22 01:27:53,769 [trainer.py] => Average Accuracy (CNN): 83.30

================================================================================
Finished cub_init100_inc10: pretrained_vit_b16_224_vpt  
Base Accuracy: 87.28
Last Accuracy: 82.95
Average Accuracy (Top1): 83.3
PD: 4.33
Backward Transfer (BWT): -1.82
Forward Transfer (FWT): 9.47
Accuracy Matrix (CNN):
[[87.28 86.   80.   68.   86.   84.   70.   70.   82.   82.   84.  ]
 [86.93 73.74 76.   68.   80.   74.   82.   70.   80.   84.   92.  ]
 [86.85 73.74 69.92 76.   62.   76.   78.   62.   68.   80.   84.  ]
 [86.85 73.74 68.29 67.86 82.   72.   74.   62.   90.   84.   78.  ]
 [86.85 73.74 67.48 66.96 80.77 62.   70.   70.   82.   92.   88.  ]
 [86.68 73.74 66.67 66.07 80.77 71.05 82.   70.   74.   90.   80.  ]
 [86.68 73.74 66.67 66.07 80.77 70.18 80.91 74.   76.   88.   88.  ]
 [86.68 73.74 66.67 66.07 80.77 70.18 80.   90.98 84.   90.   84.  ]
 [86.68 73.74 66.67 66.07 80.77 70.18 79.09 83.46 85.95 90.   82.  ]
 [86.68 73.74 66.67 66.07 80.77 70.18 79.09 82.71 85.12 91.8  98.  ]
 [86.68 73.74 66.67 66.07 80.77 70.18 79.09 82.71 85.12 90.98 94.31]]
================================================================================

2025-08-22 01:28:13,424 [trainer.py] => config: ./exps/cifar.json
2025-08-22 01:28:13,440 [trainer.py] => model_name: asp
2025-08-22 01:28:13,440 [trainer.py] => backbone_type: pretrained_vit_b16_224_vpt
2025-08-22 01:28:13,440 [trainer.py] => device: [device(type='cuda', index=3)]
2025-08-22 01:28:13,440 [trainer.py] => seed: 1993
2025-08-22 01:28:13,441 [trainer.py] => dataset: cifar224
2025-08-22 01:28:13,441 [trainer.py] => init_cls: 60
2025-08-22 01:28:13,441 [trainer.py] => increment: 5
2025-08-22 01:28:13,441 [trainer.py] => kshot: 5
2025-08-22 01:28:13,441 [trainer.py] => vpt_type: Deep
2025-08-22 01:28:13,441 [trainer.py] => prompt_token_num: 6
2025-08-22 01:28:13,441 [trainer.py] => avg_alpha: 0.8
2025-08-22 01:28:13,441 [trainer.py] => perturb_var: 1
2025-08-22 01:28:13,441 [trainer.py] => EMA_beta: 0.99
2025-08-22 01:28:13,441 [trainer.py] => anchor_lambda: 0.1
2025-08-22 01:28:13,441 [trainer.py] => kl_weight: 0.001
2025-08-22 01:28:13,441 [trainer.py] => TIP_init: zero
2025-08-22 01:28:13,442 [trainer.py] => tuned_epoch: 20
2025-08-22 01:28:13,442 [trainer.py] => fs_epoch: 0
2025-08-22 01:28:13,442 [trainer.py] => init_lr: 0.01
2025-08-22 01:28:13,442 [trainer.py] => fs_lr: 0.001
2025-08-22 01:28:13,442 [trainer.py] => batch_size: 48
2025-08-22 01:28:13,442 [trainer.py] => fs_batch_size: 16
2025-08-22 01:28:13,442 [trainer.py] => weight_decay: 0.0005
2025-08-22 01:28:13,442 [trainer.py] => min_lr: 0
2025-08-22 01:28:13,442 [trainer.py] => optimizer: sgd
2025-08-22 01:28:13,442 [trainer.py] => memory_size: 0
2025-08-22 01:28:13,442 [trainer.py] => memory_per_class: 0
2025-08-22 01:28:13,442 [trainer.py] => fixed_memory: False
2025-08-22 01:28:13,442 [trainer.py] => shuffle: False
2025-08-22 01:28:13,443 [trainer.py] => top_k: 5
2025-08-22 01:28:13,443 [trainer.py] => base_model_path: saved_model/asp/cifar224/60_5/asp_20_1993_pretrained_vit_b16_224_vpt.pth
2025-08-22 01:28:13,443 [trainer.py] => prefix: asp
2025-08-22 01:28:13,443 [trainer.py] => model_prefix: asp
2025-08-22 01:28:13,443 [trainer.py] => gpu_models: ['NVIDIA A800 80GB PCIe']
Files already downloaded and verified
Files already downloaded and verified
2025-08-22 01:28:15,645 [data_manager.py] => [0, 1, 2, 3, 4, 5, 6, 7, 8, 9, 10, 11, 12, 13, 14, 15, 16, 17, 18, 19, 20, 21, 22, 23, 24, 25, 26, 27, 28, 29, 30, 31, 32, 33, 34, 35, 36, 37, 38, 39, 40, 41, 42, 43, 44, 45, 46, 47, 48, 49, 50, 51, 52, 53, 54, 55, 56, 57, 58, 59, 60, 61, 62, 63, 64, 65, 66, 67, 68, 69, 70, 71, 72, 73, 74, 75, 76, 77, 78, 79, 80, 81, 82, 83, 84, 85, 86, 87, 88, 89, 90, 91, 92, 93, 94, 95, 96, 97, 98, 99]
This is for the BaseNet initialization.
modelname, pretrained_vit_b16_224_vpt basicmodelname vit_base_patch16_224
Using VPT model
Using Deep Prompt
After BaseNet initialization.
2025-08-22 01:28:35,427 [trainer.py] => All params: 173672961
2025-08-22 01:28:35,428 [trainer.py] => Trainable params: 2075649
2025-08-22 01:28:35,725 [asp.py] => Learning on 0-60
2025-08-22 01:28:35,838 [asp.py] => training set size: 30000, fc construct set size: 30000
anchor samples found
2025-08-22 01:58:56,833 [asp.py] => Task 0, Epoch 1 => Loss 3.495, Train_accy 34.52, Test_curr_accy 88.08, Test_accy 88.08
anchor samples found
2025-08-22 02:29:20,464 [asp.py] => Task 0, Epoch 2 => Loss 2.360, Train_accy 52.84, Test_curr_accy 78.78, Test_accy 78.78
anchor samples found
2025-08-22 02:59:34,281 [asp.py] => Task 0, Epoch 3 => Loss 1.738, Train_accy 65.40, Test_curr_accy 82.62, Test_accy 82.62
anchor samples found
2025-08-22 03:29:53,181 [asp.py] => Task 0, Epoch 4 => Loss 1.616, Train_accy 67.62, Test_curr_accy 83.32, Test_accy 83.32
anchor samples found
2025-08-22 03:59:13,827 [asp.py] => Task 0, Epoch 5 => Loss 1.509, Train_accy 69.04, Test_curr_accy 85.22, Test_accy 85.22
anchor samples found
2025-08-22 04:28:37,473 [asp.py] => Task 0, Epoch 6 => Loss 1.472, Train_accy 69.42, Test_curr_accy 85.02, Test_accy 85.02
anchor samples found
2025-08-22 04:57:43,926 [asp.py] => Task 0, Epoch 7 => Loss 1.400, Train_accy 70.36, Test_curr_accy 86.08, Test_accy 86.08
anchor samples found
2025-08-22 05:28:01,052 [asp.py] => Task 0, Epoch 8 => Loss 1.388, Train_accy 70.74, Test_curr_accy 83.92, Test_accy 83.92
anchor samples found
2025-08-22 05:58:17,180 [asp.py] => Task 0, Epoch 9 => Loss 1.311, Train_accy 71.83, Test_curr_accy 85.15, Test_accy 85.15
anchor samples found
2025-08-22 06:28:37,403 [asp.py] => Task 0, Epoch 10 => Loss 1.287, Train_accy 72.12, Test_curr_accy 85.00, Test_accy 85.00
anchor samples found
2025-08-22 06:58:48,795 [asp.py] => Task 0, Epoch 11 => Loss 1.251, Train_accy 72.98, Test_curr_accy 86.60, Test_accy 86.60
anchor samples found
2025-08-22 07:29:01,676 [asp.py] => Task 0, Epoch 12 => Loss 1.215, Train_accy 73.54, Test_curr_accy 86.73, Test_accy 86.73
anchor samples found
2025-08-22 07:57:32,050 [asp.py] => Task 0, Epoch 13 => Loss 1.191, Train_accy 73.97, Test_curr_accy 87.48, Test_accy 87.48
anchor samples found
2025-08-22 08:26:14,735 [asp.py] => Task 0, Epoch 14 => Loss 1.152, Train_accy 74.26, Test_curr_accy 87.73, Test_accy 87.73
anchor samples found
2025-08-22 08:55:36,799 [asp.py] => Task 0, Epoch 15 => Loss 1.120, Train_accy 74.86, Test_curr_accy 88.05, Test_accy 88.05
anchor samples found
2025-08-22 09:25:44,495 [asp.py] => Task 0, Epoch 16 => Loss 1.107, Train_accy 75.27, Test_curr_accy 87.58, Test_accy 87.58
anchor samples found
2025-08-22 09:54:31,277 [asp.py] => Task 0, Epoch 17 => Loss 1.085, Train_accy 75.69, Test_curr_accy 87.70, Test_accy 87.70
anchor samples found
2025-08-22 10:22:39,021 [asp.py] => Task 0, Epoch 18 => Loss 1.118, Train_accy 75.46, Test_curr_accy 86.82, Test_accy 86.82
anchor samples found
2025-08-22 10:38:39,460 [asp.py] => Task 0, Epoch 19 => Loss 1.204, Train_accy 74.23, Test_curr_accy 87.50, Test_accy 87.50
anchor samples found
2025-08-22 10:52:28,599 [asp.py] => Task 0, Epoch 20 => Loss 1.742, Train_accy 63.09, Test_curr_accy 82.40, Test_accy 82.40
2025-08-22 10:58:27,274 [trainer.py] => CNN: {'total': 84.12, '00-59': 84.12, '60-64': 60.0, '65-69': 52.0, '70-74': 56.0, '75-79': 56.0, '80-84': 72.0, '85-89': 56.0, '90-94': 48.0, '95-99': 56.0, 'old': 0, 'new': 84.12}
2025-08-22 10:58:27,274 [trainer.py] => Top1 curve: [84.12]
2025-08-22 10:58:27,274 [trainer.py] => Average Accuracy (CNN): 84.12
2025-08-22 10:58:27,275 [trainer.py] => All params: 173719042
2025-08-22 10:58:27,276 [trainer.py] => Trainable params: 2121730
2025-08-22 10:58:27,278 [asp.py] => Learning on 60-65
2025-08-22 10:58:27,311 [asp.py] => training set size: 25, fc construct set size: 25
2025-08-22 10:59:15,049 [trainer.py] => CNN: {'total': 80.37, '00-59': 83.67, '60-64': 40.8, '65-69': 56.0, '70-74': 64.0, '75-79': 64.0, '80-84': 64.0, '85-89': 56.0, '90-94': 60.0, '95-99': 60.0, 'old': 83.67, 'new': 40.8}
2025-08-22 10:59:15,050 [trainer.py] => Top1 curve: [84.12, 80.37]
2025-08-22 10:59:15,050 [trainer.py] => Average Accuracy (CNN): 82.25
2025-08-22 10:59:15,051 [trainer.py] => All params: 173722882
2025-08-22 10:59:15,052 [trainer.py] => Trainable params: 2125570
2025-08-22 10:59:15,053 [asp.py] => Learning on 65-70
2025-08-22 10:59:15,087 [asp.py] => training set size: 25, fc construct set size: 25
2025-08-22 11:00:06,407 [trainer.py] => CNN: {'total': 77.13, '00-59': 83.32, '60-64': 39.8, '65-69': 40.2, '70-74': 52.0, '75-79': 68.0, '80-84': 56.0, '85-89': 72.0, '90-94': 40.0, '95-99': 60.0, 'old': 79.97, 'new': 40.2}
2025-08-22 11:00:06,407 [trainer.py] => Top1 curve: [84.12, 80.37, 77.13]
2025-08-22 11:00:06,407 [trainer.py] => Average Accuracy (CNN): 80.54
2025-08-22 11:00:06,408 [trainer.py] => All params: 173726722
2025-08-22 11:00:06,409 [trainer.py] => Trainable params: 2129410
2025-08-22 11:00:06,410 [asp.py] => Learning on 70-75
2025-08-22 11:00:06,443 [asp.py] => training set size: 25, fc construct set size: 25
2025-08-22 11:01:01,860 [trainer.py] => CNN: {'total': 73.72, '00-59': 82.65, '60-64': 37.6, '65-69': 38.4, '70-74': 38.0, '75-79': 68.0, '80-84': 52.0, '85-89': 52.0, '90-94': 60.0, '95-99': 52.0, 'old': 76.27, 'new': 38.0}
2025-08-22 11:01:01,861 [trainer.py] => Top1 curve: [84.12, 80.37, 77.13, 73.72]
2025-08-22 11:01:01,861 [trainer.py] => Average Accuracy (CNN): 78.84
2025-08-22 11:01:01,862 [trainer.py] => All params: 173730562
2025-08-22 11:01:01,863 [trainer.py] => Trainable params: 2133250
2025-08-22 11:01:01,864 [asp.py] => Learning on 75-80
2025-08-22 11:01:01,896 [asp.py] => training set size: 25, fc construct set size: 25
2025-08-22 11:02:00,328 [trainer.py] => CNN: {'total': 72.08, '00-59': 82.42, '60-64': 37.4, '65-69': 38.2, '70-74': 37.8, '75-79': 50.8, '80-84': 56.0, '85-89': 64.0, '90-94': 64.0, '95-99': 60.0, 'old': 73.49, 'new': 50.8}
2025-08-22 11:02:00,329 [trainer.py] => Top1 curve: [84.12, 80.37, 77.13, 73.72, 72.08]
2025-08-22 11:02:00,329 [trainer.py] => Average Accuracy (CNN): 77.48
2025-08-22 11:02:00,330 [trainer.py] => All params: 173734402
2025-08-22 11:02:00,331 [trainer.py] => Trainable params: 2137090
2025-08-22 11:02:00,332 [asp.py] => Learning on 80-85
2025-08-22 11:02:00,364 [asp.py] => training set size: 25, fc construct set size: 25
2025-08-22 11:03:00,015 [trainer.py] => CNN: {'total': 70.07, '00-59': 82.2, '60-64': 35.4, '65-69': 38.4, '70-74': 35.8, '75-79': 50.8, '80-84': 44.4, '85-89': 68.0, '90-94': 60.0, '95-99': 72.0, 'old': 71.68, 'new': 44.4}
2025-08-22 11:03:00,015 [trainer.py] => Top1 curve: [84.12, 80.37, 77.13, 73.72, 72.08, 70.07]
2025-08-22 11:03:00,016 [trainer.py] => Average Accuracy (CNN): 76.25
2025-08-22 11:03:00,017 [trainer.py] => All params: 173738242
2025-08-22 11:03:00,018 [trainer.py] => Trainable params: 2140930
2025-08-22 11:03:00,019 [asp.py] => Learning on 85-90
2025-08-22 11:03:00,053 [asp.py] => training set size: 25, fc construct set size: 25
2025-08-22 11:04:05,124 [trainer.py] => CNN: {'total': 67.82, '00-59': 81.45, '60-64': 35.2, '65-69': 37.2, '70-74': 35.8, '75-79': 49.8, '80-84': 43.6, '85-89': 41.8, '90-94': 56.0, '95-99': 56.0, 'old': 69.35, 'new': 41.8}
2025-08-22 11:04:05,124 [trainer.py] => Top1 curve: [84.12, 80.37, 77.13, 73.72, 72.08, 70.07, 67.82]
2025-08-22 11:04:05,124 [trainer.py] => Average Accuracy (CNN): 75.04
2025-08-22 11:04:05,125 [trainer.py] => All params: 173742082
2025-08-22 11:04:05,126 [trainer.py] => Trainable params: 2144770
2025-08-22 11:04:05,127 [asp.py] => Learning on 90-95
2025-08-22 11:04:05,158 [asp.py] => training set size: 25, fc construct set size: 25
2025-08-22 11:05:13,000 [trainer.py] => CNN: {'total': 65.97, '00-59': 81.17, '60-64': 34.8, '65-69': 36.6, '70-74': 34.2, '75-79': 49.8, '80-84': 42.6, '85-89': 41.8, '90-94': 39.6, '95-99': 56.0, 'old': 67.43, 'new': 39.6}
2025-08-22 11:05:13,000 [trainer.py] => Top1 curve: [84.12, 80.37, 77.13, 73.72, 72.08, 70.07, 67.82, 65.97]
2025-08-22 11:05:13,000 [trainer.py] => Average Accuracy (CNN): 73.91
2025-08-22 11:05:13,001 [trainer.py] => All params: 173745922
2025-08-22 11:05:13,002 [trainer.py] => Trainable params: 2148610
2025-08-22 11:05:13,003 [asp.py] => Learning on 95-100
2025-08-22 11:05:13,045 [asp.py] => training set size: 25, fc construct set size: 25
2025-08-22 11:06:22,689 [trainer.py] => CNN: {'total': 64.49, '00-59': 80.5, '60-64': 35.0, '65-69': 36.2, '70-74': 34.6, '75-79': 46.8, '80-84': 43.0, '85-89': 42.2, '90-94': 40.0, '95-99': 46.0, 'old': 65.46, 'new': 46.0}
2025-08-22 11:06:22,689 [trainer.py] => Top1 curve: [84.12, 80.37, 77.13, 73.72, 72.08, 70.07, 67.82, 65.97, 64.49]
2025-08-22 11:06:22,689 [trainer.py] => Average Accuracy (CNN): 72.86

================================================================================
Finished cifar224_init60_inc5: pretrained_vit_b16_224_vpt  
Base Accuracy: 84.12
Last Accuracy: 64.49
Average Accuracy (Top1): 72.86
PD: 19.63
Backward Transfer (BWT): -2.68
Forward Transfer (FWT): 12.3
Accuracy Matrix (CNN):
[[84.12 60.   52.   56.   56.   72.   56.   48.   56.  ]
 [83.67 40.8  56.   64.   64.   64.   56.   60.   60.  ]
 [83.32 39.8  40.2  52.   68.   56.   72.   40.   60.  ]
 [82.65 37.6  38.4  38.   68.   52.   52.   60.   52.  ]
 [82.42 37.4  38.2  37.8  50.8  56.   64.   64.   60.  ]
 [82.2  35.4  38.4  35.8  50.8  44.4  68.   60.   72.  ]
 [81.45 35.2  37.2  35.8  49.8  43.6  41.8  56.   56.  ]
 [81.17 34.8  36.6  34.2  49.8  42.6  41.8  39.6  56.  ]
 [80.5  35.   36.2  34.6  46.8  43.   42.2  40.   46.  ]]
================================================================================

2025-08-22 11:06:39,469 [trainer.py] => config: ./exps/mini.json
2025-08-22 11:06:39,470 [trainer.py] => model_name: asp
2025-08-22 11:06:39,470 [trainer.py] => backbone_type: pretrained_vit_b16_224_vpt
2025-08-22 11:06:39,470 [trainer.py] => device: [device(type='cuda', index=3)]
2025-08-22 11:06:39,470 [trainer.py] => seed: 1993
2025-08-22 11:06:39,470 [trainer.py] => dataset: mini_imagenet
2025-08-22 11:06:39,470 [trainer.py] => init_cls: 60
2025-08-22 11:06:39,470 [trainer.py] => increment: 5
2025-08-22 11:06:39,470 [trainer.py] => kshot: 5
2025-08-22 11:06:39,470 [trainer.py] => vpt_type: Deep
2025-08-22 11:06:39,470 [trainer.py] => prompt_token_num: 6
2025-08-22 11:06:39,470 [trainer.py] => avg_alpha: 0.8
2025-08-22 11:06:39,470 [trainer.py] => perturb_var: 1
2025-08-22 11:06:39,470 [trainer.py] => EMA_beta: 0.99
2025-08-22 11:06:39,470 [trainer.py] => anchor_lambda: 0.1
2025-08-22 11:06:39,470 [trainer.py] => kl_weight: 0.001
2025-08-22 11:06:39,470 [trainer.py] => TIP_init: zero
2025-08-22 11:06:39,471 [trainer.py] => tuned_epoch: 20
2025-08-22 11:06:39,471 [trainer.py] => fs_epoch: 0
2025-08-22 11:06:39,471 [trainer.py] => init_lr: 0.01
2025-08-22 11:06:39,471 [trainer.py] => fs_lr: 0.001
2025-08-22 11:06:39,471 [trainer.py] => batch_size: 48
2025-08-22 11:06:39,471 [trainer.py] => fs_batch_size: 16
2025-08-22 11:06:39,471 [trainer.py] => weight_decay: 0.0005
2025-08-22 11:06:39,471 [trainer.py] => min_lr: 0
2025-08-22 11:06:39,471 [trainer.py] => optimizer: sgd
2025-08-22 11:06:39,471 [trainer.py] => memory_size: 0
2025-08-22 11:06:39,471 [trainer.py] => memory_per_class: 0
2025-08-22 11:06:39,471 [trainer.py] => fixed_memory: False
2025-08-22 11:06:39,471 [trainer.py] => shuffle: False
2025-08-22 11:06:39,471 [trainer.py] => top_k: 5
2025-08-22 11:06:39,471 [trainer.py] => base_model_path: saved_model/asp/mini_imagenet/60_5/asp_20_1993_pretrained_vit_b16_224_vpt.pth
2025-08-22 11:06:39,471 [trainer.py] => prefix: asp
2025-08-22 11:06:39,471 [trainer.py] => model_prefix: asp
2025-08-22 11:06:39,471 [trainer.py] => gpu_models: ['NVIDIA A800 80GB PCIe']
2025-08-22 11:06:39,668 [data_manager.py] => [0, 1, 2, 3, 4, 5, 6, 7, 8, 9, 10, 11, 12, 13, 14, 15, 16, 17, 18, 19, 20, 21, 22, 23, 24, 25, 26, 27, 28, 29, 30, 31, 32, 33, 34, 35, 36, 37, 38, 39, 40, 41, 42, 43, 44, 45, 46, 47, 48, 49, 50, 51, 52, 53, 54, 55, 56, 57, 58, 59, 60, 61, 62, 63, 64, 65, 66, 67, 68, 69, 70, 71, 72, 73, 74, 75, 76, 77, 78, 79, 80, 81, 82, 83, 84, 85, 86, 87, 88, 89, 90, 91, 92, 93, 94, 95, 96, 97, 98, 99]
This is for the BaseNet initialization.
modelname, pretrained_vit_b16_224_vpt basicmodelname vit_base_patch16_224
Using VPT model
Using Deep Prompt
After BaseNet initialization.
2025-08-22 11:07:02,282 [trainer.py] => All params: 173672961
2025-08-22 11:07:02,283 [trainer.py] => Trainable params: 2075649
2025-08-22 11:07:03,243 [asp.py] => Learning on 0-60
2025-08-22 11:07:03,317 [asp.py] => training set size: 30000, fc construct set size: 30000
anchor samples found
2025-08-22 11:21:29,527 [asp.py] => Task 0, Epoch 1 => Loss 3.351, Train_accy 46.54, Test_curr_accy 95.87, Test_accy 95.87
anchor samples found
2025-08-22 11:35:14,269 [asp.py] => Task 0, Epoch 2 => Loss 0.713, Train_accy 88.29, Test_curr_accy 96.95, Test_accy 96.95
anchor samples found
2025-08-22 11:49:35,859 [asp.py] => Task 0, Epoch 3 => Loss 0.581, Train_accy 89.72, Test_curr_accy 97.05, Test_accy 97.05
anchor samples found
2025-08-22 12:04:11,019 [asp.py] => Task 0, Epoch 4 => Loss 0.534, Train_accy 90.15, Test_curr_accy 97.12, Test_accy 97.12
anchor samples found
2025-08-22 12:19:56,530 [asp.py] => Task 0, Epoch 5 => Loss 0.518, Train_accy 90.54, Test_curr_accy 97.48, Test_accy 97.48
anchor samples found
2025-08-22 12:36:47,150 [asp.py] => Task 0, Epoch 6 => Loss 0.493, Train_accy 90.63, Test_curr_accy 97.45, Test_accy 97.45
anchor samples found
2025-08-22 12:53:23,860 [asp.py] => Task 0, Epoch 7 => Loss 0.479, Train_accy 91.03, Test_curr_accy 97.23, Test_accy 97.23
anchor samples found
2025-08-22 13:08:07,656 [asp.py] => Task 0, Epoch 8 => Loss 0.462, Train_accy 91.29, Test_curr_accy 97.35, Test_accy 97.35
anchor samples found
2025-08-22 13:21:52,536 [asp.py] => Task 0, Epoch 9 => Loss 0.462, Train_accy 91.27, Test_curr_accy 97.33, Test_accy 97.33
anchor samples found
2025-08-22 13:35:42,451 [asp.py] => Task 0, Epoch 10 => Loss 0.466, Train_accy 91.03, Test_curr_accy 97.45, Test_accy 97.45
anchor samples found
2025-08-22 13:49:29,232 [asp.py] => Task 0, Epoch 11 => Loss 0.447, Train_accy 91.25, Test_curr_accy 97.47, Test_accy 97.47
anchor samples found
2025-08-22 14:03:15,677 [asp.py] => Task 0, Epoch 12 => Loss 0.438, Train_accy 91.60, Test_curr_accy 97.50, Test_accy 97.50
anchor samples found
2025-08-22 14:17:49,795 [asp.py] => Task 0, Epoch 13 => Loss 0.431, Train_accy 91.59, Test_curr_accy 97.55, Test_accy 97.55
anchor samples found
2025-08-22 14:33:16,078 [asp.py] => Task 0, Epoch 14 => Loss 0.426, Train_accy 91.79, Test_curr_accy 97.42, Test_accy 97.42
anchor samples found
2025-08-22 14:49:11,440 [asp.py] => Task 0, Epoch 15 => Loss 0.432, Train_accy 91.73, Test_curr_accy 97.50, Test_accy 97.50
anchor samples found
2025-08-22 15:04:43,831 [asp.py] => Task 0, Epoch 16 => Loss 0.428, Train_accy 91.66, Test_curr_accy 97.50, Test_accy 97.50
anchor samples found
2025-08-22 15:25:18,028 [asp.py] => Task 0, Epoch 17 => Loss 0.425, Train_accy 91.56, Test_curr_accy 97.47, Test_accy 97.47
anchor samples found
2025-08-22 15:53:24,026 [asp.py] => Task 0, Epoch 18 => Loss 0.421, Train_accy 91.74, Test_curr_accy 97.47, Test_accy 97.47
anchor samples found
2025-08-22 16:21:25,848 [asp.py] => Task 0, Epoch 19 => Loss 0.414, Train_accy 92.29, Test_curr_accy 97.42, Test_accy 97.42
anchor samples found
2025-08-22 16:48:17,967 [asp.py] => Task 0, Epoch 20 => Loss 0.420, Train_accy 91.93, Test_curr_accy 97.43, Test_accy 97.43
2025-08-22 16:58:51,890 [trainer.py] => CNN: {'total': 97.03, '00-59': 97.03, '60-64': 76.0, '65-69': 72.0, '70-74': 84.0, '75-79': 88.0, '80-84': 84.0, '85-89': 80.0, '90-94': 84.0, '95-99': 100.0, 'old': 0, 'new': 97.03}
2025-08-22 16:58:51,915 [trainer.py] => Top1 curve: [97.03]
2025-08-22 16:58:51,915 [trainer.py] => Average Accuracy (CNN): 97.03
2025-08-22 16:58:51,916 [trainer.py] => All params: 173719042
2025-08-22 16:58:51,917 [trainer.py] => Trainable params: 2121730
2025-08-22 16:58:51,922 [asp.py] => Learning on 60-65
2025-08-22 16:58:51,942 [asp.py] => training set size: 25, fc construct set size: 25
2025-08-22 17:00:10,444 [trainer.py] => CNN: {'total': 96.88, '00-59': 96.97, '60-64': 95.8, '65-69': 88.0, '70-74': 100.0, '75-79': 92.0, '80-84': 96.0, '85-89': 88.0, '90-94': 96.0, '95-99': 88.0, 'old': 96.97, 'new': 95.8}
2025-08-22 17:00:10,444 [trainer.py] => Top1 curve: [97.03, 96.88]
2025-08-22 17:00:10,444 [trainer.py] => Average Accuracy (CNN): 96.95
2025-08-22 17:00:10,446 [trainer.py] => All params: 173722882
2025-08-22 17:00:10,447 [trainer.py] => Trainable params: 2125570
2025-08-22 17:00:10,451 [asp.py] => Learning on 65-70
2025-08-22 17:00:10,469 [asp.py] => training set size: 25, fc construct set size: 25
2025-08-22 17:01:34,017 [trainer.py] => CNN: {'total': 95.7, '00-59': 96.87, '60-64': 95.8, '65-69': 81.6, '70-74': 92.0, '75-79': 88.0, '80-84': 84.0, '85-89': 100.0, '90-94': 92.0, '95-99': 96.0, 'old': 96.78, 'new': 81.6}
2025-08-22 17:01:34,017 [trainer.py] => Top1 curve: [97.03, 96.88, 95.7]
2025-08-22 17:01:34,017 [trainer.py] => Average Accuracy (CNN): 96.54
2025-08-22 17:01:34,019 [trainer.py] => All params: 173726722
2025-08-22 17:01:34,020 [trainer.py] => Trainable params: 2129410
2025-08-22 17:01:34,024 [asp.py] => Learning on 70-75
2025-08-22 17:01:34,039 [asp.py] => training set size: 25, fc construct set size: 25
2025-08-22 17:03:02,772 [trainer.py] => CNN: {'total': 95.68, '00-59': 96.85, '60-64': 95.4, '65-69': 81.6, '70-74': 96.0, '75-79': 80.0, '80-84': 96.0, '85-89': 84.0, '90-94': 100.0, '95-99': 88.0, 'old': 95.66, 'new': 96.0}
2025-08-22 17:03:02,772 [trainer.py] => Top1 curve: [97.03, 96.88, 95.7, 95.68]
2025-08-22 17:03:02,772 [trainer.py] => Average Accuracy (CNN): 96.32
2025-08-22 17:03:02,774 [trainer.py] => All params: 173730562
2025-08-22 17:03:02,775 [trainer.py] => Trainable params: 2133250
2025-08-22 17:03:02,780 [asp.py] => Learning on 75-80
2025-08-22 17:03:02,795 [asp.py] => training set size: 25, fc construct set size: 25
2025-08-22 17:04:35,995 [trainer.py] => CNN: {'total': 95.66, '00-59': 96.83, '60-64': 95.2, '65-69': 81.6, '70-74': 96.0, '75-79': 95.8, '80-84': 92.0, '85-89': 96.0, '90-94': 96.0, '95-99': 84.0, 'old': 95.65, 'new': 95.8}
2025-08-22 17:04:35,995 [trainer.py] => Top1 curve: [97.03, 96.88, 95.7, 95.68, 95.66]
2025-08-22 17:04:35,995 [trainer.py] => Average Accuracy (CNN): 96.19
2025-08-22 17:04:35,996 [trainer.py] => All params: 173734402
2025-08-22 17:04:35,997 [trainer.py] => Trainable params: 2137090
2025-08-22 17:04:36,001 [asp.py] => Learning on 80-85
2025-08-22 17:04:36,015 [asp.py] => training set size: 25, fc construct set size: 25
2025-08-22 17:06:15,008 [trainer.py] => CNN: {'total': 95.0, '00-59': 96.63, '60-64': 95.0, '65-69': 81.2, '70-74': 95.6, '75-79': 94.8, '80-84': 88.8, '85-89': 88.0, '90-94': 100.0, '95-99': 88.0, 'old': 95.39, 'new': 88.8}
2025-08-22 17:06:15,008 [trainer.py] => Top1 curve: [97.03, 96.88, 95.7, 95.68, 95.66, 95.0]
2025-08-22 17:06:15,008 [trainer.py] => Average Accuracy (CNN): 95.99
2025-08-22 17:06:15,010 [trainer.py] => All params: 173738242
2025-08-22 17:06:15,011 [trainer.py] => Trainable params: 2140930
2025-08-22 17:06:15,017 [asp.py] => Learning on 85-90
2025-08-22 17:06:15,033 [asp.py] => training set size: 25, fc construct set size: 25
2025-08-22 17:07:59,209 [trainer.py] => CNN: {'total': 94.37, '00-59': 96.47, '60-64': 95.0, '65-69': 80.4, '70-74': 95.4, '75-79': 94.6, '80-84': 88.8, '85-89': 86.8, '90-94': 84.0, '95-99': 88.0, 'old': 94.81, 'new': 86.8}
2025-08-22 17:07:59,212 [trainer.py] => Top1 curve: [97.03, 96.88, 95.7, 95.68, 95.66, 95.0, 94.37]
2025-08-22 17:07:59,212 [trainer.py] => Average Accuracy (CNN): 95.76
2025-08-22 17:07:59,213 [trainer.py] => All params: 173742082
2025-08-22 17:07:59,214 [trainer.py] => Trainable params: 2144770
2025-08-22 17:07:59,219 [asp.py] => Learning on 90-95
2025-08-22 17:07:59,229 [asp.py] => training set size: 25, fc construct set size: 25
2025-08-22 17:09:47,940 [trainer.py] => CNN: {'total': 94.44, '00-59': 96.35, '60-64': 95.0, '65-69': 80.2, '70-74': 95.4, '75-79': 94.6, '80-84': 88.4, '85-89': 86.0, '90-94': 98.6, '95-99': 100.0, 'old': 94.21, 'new': 98.6}
2025-08-22 17:09:47,941 [trainer.py] => Top1 curve: [97.03, 96.88, 95.7, 95.68, 95.66, 95.0, 94.37, 94.44]
2025-08-22 17:09:47,941 [trainer.py] => Average Accuracy (CNN): 95.59
2025-08-22 17:09:47,942 [trainer.py] => All params: 173745922
2025-08-22 17:09:47,943 [trainer.py] => Trainable params: 2148610
2025-08-22 17:09:47,944 [asp.py] => Learning on 95-100
2025-08-22 17:09:47,952 [asp.py] => training set size: 25, fc construct set size: 25
2025-08-22 17:11:42,782 [trainer.py] => CNN: {'total': 94.43, '00-59': 96.25, '60-64': 95.0, '65-69': 80.2, '70-74': 95.4, '75-79': 93.6, '80-84': 88.4, '85-89': 85.8, '90-94': 98.6, '95-99': 96.6, 'old': 94.32, 'new': 96.6}
2025-08-22 17:11:42,782 [trainer.py] => Top1 curve: [97.03, 96.88, 95.7, 95.68, 95.66, 95.0, 94.37, 94.44, 94.43]
2025-08-22 17:11:42,782 [trainer.py] => Average Accuracy (CNN): 95.47

================================================================================
Finished mini_imagenet_init60_inc5: pretrained_vit_b16_224_vpt  
Base Accuracy: 97.03
Lase Accuracy: 94.43
Average Accuracy (Top1): 95.47
PD: 2.60
Backward Transfer (BWT): -0.9
Forward Transfer (FWT): 6.52
Accuracy Matrix (CNN):
[[ 97.03  76.    72.    84.    88.    84.    80.    84.   100.  ]
 [ 96.97  95.8   88.   100.    92.    96.    88.    96.    88.  ]
 [ 96.87  95.8   81.6   92.    88.    84.   100.    92.    96.  ]
 [ 96.85  95.4   81.6   96.    80.    96.    84.   100.    88.  ]
 [ 96.83  95.2   81.6   96.    95.8   92.    96.    96.    84.  ]
 [ 96.63  95.    81.2   95.6   94.8   88.8   88.   100.    88.  ]
 [ 96.47  95.    80.4   95.4   94.6   88.8   86.8   84.    88.  ]
 [ 96.35  95.    80.2   95.4   94.6   88.4   86.    98.6  100.  ]
 [ 96.25  95.    80.2   95.4   93.6   88.4   85.8   98.6   96.6 ]]
================================================================================

2025-08-22 17:12:00,300 [trainer.py] => config: ./exps/inr.json
2025-08-22 17:12:00,317 [trainer.py] => model_name: asp
2025-08-22 17:12:00,317 [trainer.py] => backbone_type: pretrained_vit_b16_224_vpt
2025-08-22 17:12:00,317 [trainer.py] => device: [device(type='cuda', index=3)]
2025-08-22 17:12:00,317 [trainer.py] => seed: 2025
2025-08-22 17:12:00,317 [trainer.py] => dataset: imagenetr
2025-08-22 17:12:00,317 [trainer.py] => init_cls: 100
2025-08-22 17:12:00,318 [trainer.py] => increment: 10
2025-08-22 17:12:00,318 [trainer.py] => kshot: 5
2025-08-22 17:12:00,318 [trainer.py] => vpt_type: Deep
2025-08-22 17:12:00,318 [trainer.py] => prompt_token_num: 20
2025-08-22 17:12:00,318 [trainer.py] => avg_alpha: 0.8
2025-08-22 17:12:00,318 [trainer.py] => perturb_var: 1
2025-08-22 17:12:00,318 [trainer.py] => EMA_beta: 0.99
2025-08-22 17:12:00,319 [trainer.py] => anchor_lambda: 0.1
2025-08-22 17:12:00,319 [trainer.py] => kl_weight: 0.001
2025-08-22 17:12:00,319 [trainer.py] => TIP_init: zero
2025-08-22 17:12:00,319 [trainer.py] => tuned_epoch: 20
2025-08-22 17:12:00,319 [trainer.py] => fs_epoch: 0
2025-08-22 17:12:00,319 [trainer.py] => init_lr: 0.01
2025-08-22 17:12:00,319 [trainer.py] => fs_lr: 0.001
2025-08-22 17:12:00,319 [trainer.py] => batch_size: 24
2025-08-22 17:12:00,320 [trainer.py] => fs_batch_size: 16
2025-08-22 17:12:00,320 [trainer.py] => weight_decay: 0.005
2025-08-22 17:12:00,320 [trainer.py] => min_lr: 0
2025-08-22 17:12:00,320 [trainer.py] => optimizer: sgd
2025-08-22 17:12:00,320 [trainer.py] => memory_size: 0
2025-08-22 17:12:00,320 [trainer.py] => memory_per_class: 0
2025-08-22 17:12:00,320 [trainer.py] => fixed_memory: False
2025-08-22 17:12:00,321 [trainer.py] => shuffle: False
2025-08-22 17:12:00,321 [trainer.py] => top_k: 5
2025-08-22 17:12:00,321 [trainer.py] => base_model_path: saved_model/asp/imagenetr/100_10/asp_20_2025_pretrained_vit_b16_224_vpt.pth
2025-08-22 17:12:00,321 [trainer.py] => prefix: asp
2025-08-22 17:12:00,321 [trainer.py] => model_prefix: asp
2025-08-22 17:12:00,321 [trainer.py] => gpu_models: ['NVIDIA A800 80GB PCIe']
2025-08-22 17:12:01,477 [data_manager.py] => [0, 1, 2, 3, 4, 5, 6, 7, 8, 9, 10, 11, 12, 13, 14, 15, 16, 17, 18, 19, 20, 21, 22, 23, 24, 25, 26, 27, 28, 29, 30, 31, 32, 33, 34, 35, 36, 37, 38, 39, 40, 41, 42, 43, 44, 45, 46, 47, 48, 49, 50, 51, 52, 53, 54, 55, 56, 57, 58, 59, 60, 61, 62, 63, 64, 65, 66, 67, 68, 69, 70, 71, 72, 73, 74, 75, 76, 77, 78, 79, 80, 81, 82, 83, 84, 85, 86, 87, 88, 89, 90, 91, 92, 93, 94, 95, 96, 97, 98, 99, 100, 101, 102, 103, 104, 105, 106, 107, 108, 109, 110, 111, 112, 113, 114, 115, 116, 117, 118, 119, 120, 121, 122, 123, 124, 125, 126, 127, 128, 129, 130, 131, 132, 133, 134, 135, 136, 137, 138, 139, 140, 141, 142, 143, 144, 145, 146, 147, 148, 149, 150, 151, 152, 153, 154, 155, 156, 157, 158, 159, 160, 161, 162, 163, 164, 165, 166, 167, 168, 169, 170, 171, 172, 173, 174, 175, 176, 177, 178, 179, 180, 181, 182, 183, 184, 185, 186, 187, 188, 189, 190, 191, 192, 193, 194, 195, 196, 197, 198, 199]
This is for the BaseNet initialization.
modelname, pretrained_vit_b16_224_vpt basicmodelname vit_base_patch16_224
Using VPT model
Using Deep Prompt
After BaseNet initialization.
2025-08-22 17:12:22,134 [trainer.py] => All params: 176577537
2025-08-22 17:12:22,135 [trainer.py] => Trainable params: 4980225
2025-08-22 17:12:22,384 [asp.py] => Learning on 0-100
2025-08-22 17:12:22,409 [asp.py] => training set size: 12425, fc construct set size: 12425
anchor samples found
2025-08-22 17:24:19,650 [asp.py] => Task 0, Epoch 1 => Loss 6.778, Train_accy 2.82, Test_curr_accy 10.66, Test_accy 10.66
anchor samples found
2025-08-22 17:36:24,136 [asp.py] => Task 0, Epoch 2 => Loss 4.933, Train_accy 2.63, Test_curr_accy 4.08, Test_accy 4.08
anchor samples found
2025-08-22 17:48:15,593 [asp.py] => Task 0, Epoch 3 => Loss 3.701, Train_accy 35.58, Test_curr_accy 75.91, Test_accy 75.91
anchor samples found
2025-08-22 17:59:55,853 [asp.py] => Task 0, Epoch 4 => Loss 1.968, Train_accy 67.42, Test_curr_accy 80.49, Test_accy 80.49
anchor samples found
2025-08-22 18:11:48,596 [asp.py] => Task 0, Epoch 5 => Loss 1.806, Train_accy 69.70, Test_curr_accy 81.11, Test_accy 81.11
anchor samples found
2025-08-22 18:23:29,652 [asp.py] => Task 0, Epoch 6 => Loss 1.713, Train_accy 71.60, Test_curr_accy 81.38, Test_accy 81.38
anchor samples found
2025-08-22 18:29:57,950 [asp.py] => Task 0, Epoch 7 => Loss 1.717, Train_accy 71.44, Test_curr_accy 81.21, Test_accy 81.21
anchor samples found
2025-08-22 18:36:50,925 [asp.py] => Task 0, Epoch 8 => Loss 1.683, Train_accy 71.41, Test_curr_accy 82.82, Test_accy 82.82
anchor samples found
2025-08-22 18:44:34,904 [asp.py] => Task 0, Epoch 9 => Loss 1.643, Train_accy 72.47, Test_curr_accy 82.33, Test_accy 82.33
anchor samples found
2025-08-22 18:51:22,819 [asp.py] => Task 0, Epoch 10 => Loss 1.616, Train_accy 72.65, Test_curr_accy 81.84, Test_accy 81.84
anchor samples found
2025-08-22 18:58:29,763 [asp.py] => Task 0, Epoch 11 => Loss 1.609, Train_accy 73.14, Test_curr_accy 82.43, Test_accy 82.43
anchor samples found
2025-08-22 19:05:40,478 [asp.py] => Task 0, Epoch 12 => Loss 1.562, Train_accy 73.51, Test_curr_accy 82.63, Test_accy 82.63
anchor samples found
2025-08-22 19:13:26,437 [asp.py] => Task 0, Epoch 13 => Loss 1.549, Train_accy 73.91, Test_curr_accy 82.89, Test_accy 82.89
anchor samples found
2025-08-22 19:22:38,040 [asp.py] => Task 0, Epoch 14 => Loss 1.548, Train_accy 73.51, Test_curr_accy 83.25, Test_accy 83.25
anchor samples found
2025-08-22 19:33:11,219 [asp.py] => Task 0, Epoch 15 => Loss 1.499, Train_accy 74.69, Test_curr_accy 83.32, Test_accy 83.32
anchor samples found
2025-08-22 19:42:28,648 [asp.py] => Task 0, Epoch 16 => Loss 1.466, Train_accy 75.13, Test_curr_accy 83.58, Test_accy 83.58
anchor samples found
2025-08-22 19:51:23,482 [asp.py] => Task 0, Epoch 17 => Loss 1.431, Train_accy 75.90, Test_curr_accy 83.58, Test_accy 83.58
anchor samples found
2025-08-22 19:58:49,241 [asp.py] => Task 0, Epoch 18 => Loss 1.438, Train_accy 76.05, Test_curr_accy 84.57, Test_accy 84.57
anchor samples found
2025-08-22 20:05:38,483 [asp.py] => Task 0, Epoch 19 => Loss 1.412, Train_accy 76.30, Test_curr_accy 83.94, Test_accy 83.94
anchor samples found
2025-08-22 20:13:03,620 [asp.py] => Task 0, Epoch 20 => Loss 1.404, Train_accy 76.62, Test_curr_accy 83.97, Test_accy 83.97
2025-08-22 20:19:01,823 [trainer.py] => CNN: {'total': 81.21, '00-99': 81.21, '100-109': 64.0, '110-119': 72.0, '120-129': 56.0, '130-139': 74.0, '140-149': 60.0, '150-159': 60.0, '160-169': 64.0, '170-179': 86.0, '180-189': 58.0, '190-199': 70.0, 'old': 0, 'new': 81.21}
2025-08-22 20:19:01,859 [trainer.py] => Top1 curve: [81.21]
2025-08-22 20:19:01,859 [trainer.py] => Average Accuracy (CNN): 81.21
2025-08-22 20:19:01,860 [trainer.py] => All params: 176654338
2025-08-22 20:19:01,861 [trainer.py] => Trainable params: 5057026
2025-08-22 20:19:01,866 [asp.py] => Learning on 100-110
2025-08-22 20:19:01,879 [asp.py] => training set size: 50, fc construct set size: 50
2025-08-22 20:20:15,606 [trainer.py] => CNN: {'total': 78.75, '00-99': 80.95, '100-109': 57.73, '110-119': 68.0, '120-129': 74.0, '130-139': 72.0, '140-149': 78.0, '150-159': 46.0, '160-169': 66.0, '170-179': 78.0, '180-189': 62.0, '190-199': 68.0, 'old': 80.95, 'new': 57.73}
2025-08-22 20:20:15,607 [trainer.py] => Top1 curve: [81.21, 78.75]
2025-08-22 20:20:15,607 [trainer.py] => Average Accuracy (CNN): 79.98
2025-08-22 20:20:15,608 [trainer.py] => All params: 176662018
2025-08-22 20:20:15,609 [trainer.py] => Trainable params: 5064706
2025-08-22 20:20:15,613 [asp.py] => Learning on 110-120
2025-08-22 20:20:15,625 [asp.py] => training set size: 50, fc construct set size: 50
2025-08-22 20:21:29,182 [trainer.py] => CNN: {'total': 77.88, '00-99': 80.82, '100-109': 57.73, '110-119': 68.08, '120-129': 62.0, '130-139': 70.0, '140-149': 68.0, '150-159': 56.0, '160-169': 58.0, '170-179': 72.0, '180-189': 68.0, '190-199': 64.0, 'old': 78.64, 'new': 68.08}
2025-08-22 20:21:29,182 [trainer.py] => Top1 curve: [81.21, 78.75, 77.88]
2025-08-22 20:21:29,182 [trainer.py] => Average Accuracy (CNN): 79.28
2025-08-22 20:21:29,183 [trainer.py] => All params: 176669698
2025-08-22 20:21:29,184 [trainer.py] => Trainable params: 5072386
2025-08-22 20:21:29,189 [asp.py] => Learning on 120-130
2025-08-22 20:21:29,201 [asp.py] => training set size: 50, fc construct set size: 50
2025-08-22 20:22:44,899 [trainer.py] => CNN: {'total': 75.79, '00-99': 80.72, '100-109': 57.41, '110-119': 66.54, '120-129': 53.9, '130-139': 66.0, '140-149': 68.0, '150-159': 54.0, '160-169': 68.0, '170-179': 74.0, '180-189': 62.0, '190-199': 78.0, 'old': 77.65, 'new': 53.9}
2025-08-22 20:22:44,900 [trainer.py] => Top1 curve: [81.21, 78.75, 77.88, 75.79]
2025-08-22 20:22:44,900 [trainer.py] => Average Accuracy (CNN): 78.41
2025-08-22 20:22:44,901 [trainer.py] => All params: 176677378
2025-08-22 20:22:44,902 [trainer.py] => Trainable params: 5080066
2025-08-22 20:22:44,906 [asp.py] => Learning on 130-140
2025-08-22 20:22:44,917 [asp.py] => training set size: 50, fc construct set size: 50
2025-08-22 20:24:19,359 [trainer.py] => CNN: {'total': 74.34, '00-99': 80.68, '100-109': 57.1, '110-119': 66.15, '120-129': 51.95, '130-139': 58.11, '140-149': 60.0, '150-159': 48.0, '160-169': 58.0, '170-179': 80.0, '180-189': 60.0, '190-199': 64.0, 'old': 75.56, 'new': 58.11}
2025-08-22 20:24:19,359 [trainer.py] => Top1 curve: [81.21, 78.75, 77.88, 75.79, 74.34]
2025-08-22 20:24:19,359 [trainer.py] => Average Accuracy (CNN): 77.59
2025-08-22 20:24:19,360 [trainer.py] => All params: 176685058
2025-08-22 20:24:19,361 [trainer.py] => Trainable params: 5087746
2025-08-22 20:24:19,366 [asp.py] => Learning on 140-150
2025-08-22 20:24:19,376 [asp.py] => training set size: 50, fc construct set size: 50
2025-08-22 20:25:51,392 [trainer.py] => CNN: {'total': 72.87, '00-99': 80.65, '100-109': 57.1, '110-119': 64.62, '120-129': 48.7, '130-139': 56.08, '140-149': 53.74, '150-159': 56.0, '160-169': 60.0, '170-179': 76.0, '180-189': 68.0, '190-199': 52.0, 'old': 73.84, 'new': 53.74}
2025-08-22 20:25:51,406 [trainer.py] => Top1 curve: [81.21, 78.75, 77.88, 75.79, 74.34, 72.87]
2025-08-22 20:25:51,406 [trainer.py] => Average Accuracy (CNN): 76.81
2025-08-22 20:25:51,407 [trainer.py] => All params: 176692738
2025-08-22 20:25:51,408 [trainer.py] => Trainable params: 5095426
2025-08-22 20:25:51,413 [asp.py] => Learning on 150-160
2025-08-22 20:25:51,427 [asp.py] => training set size: 50, fc construct set size: 50
2025-08-22 20:27:00,423 [trainer.py] => CNN: {'total': 71.16, '00-99': 80.65, '100-109': 57.1, '110-119': 61.54, '120-129': 48.05, '130-139': 54.73, '140-149': 51.4, '150-159': 49.43, '160-169': 70.0, '170-179': 70.0, '180-189': 60.0, '190-199': 62.0, 'old': 72.44, 'new': 49.43}
2025-08-22 20:27:00,423 [trainer.py] => Top1 curve: [81.21, 78.75, 77.88, 75.79, 74.34, 72.87, 71.16]
2025-08-22 20:27:00,423 [trainer.py] => Average Accuracy (CNN): 76.00
2025-08-22 20:27:00,425 [trainer.py] => All params: 176700418
2025-08-22 20:27:00,426 [trainer.py] => Trainable params: 5103106
2025-08-22 20:27:00,433 [asp.py] => Learning on 160-170
2025-08-22 20:27:00,448 [asp.py] => training set size: 50, fc construct set size: 50
2025-08-22 20:28:11,194 [trainer.py] => CNN: {'total': 70.1, '00-99': 80.62, '100-109': 57.1, '110-119': 61.54, '120-129': 47.08, '130-139': 54.39, '140-149': 51.4, '150-159': 45.98, '160-169': 59.83, '170-179': 68.0, '180-189': 78.0, '190-199': 74.0, 'old': 70.86, 'new': 59.83}
2025-08-22 20:28:11,194 [trainer.py] => Top1 curve: [81.21, 78.75, 77.88, 75.79, 74.34, 72.87, 71.16, 70.1]
2025-08-22 20:28:11,194 [trainer.py] => Average Accuracy (CNN): 75.26
2025-08-22 20:28:11,195 [trainer.py] => All params: 176708098
2025-08-22 20:28:11,196 [trainer.py] => Trainable params: 5110786
2025-08-22 20:28:11,200 [asp.py] => Learning on 170-180
2025-08-22 20:28:11,209 [asp.py] => training set size: 50, fc construct set size: 50
2025-08-22 20:29:13,616 [trainer.py] => CNN: {'total': 69.58, '00-99': 80.62, '100-109': 57.1, '110-119': 61.15, '120-129': 45.78, '130-139': 53.72, '140-149': 51.4, '150-159': 44.44, '160-169': 59.26, '170-179': 64.98, '180-189': 68.0, '190-199': 68.0, 'old': 69.84, 'new': 64.98}
2025-08-22 20:29:13,616 [trainer.py] => Top1 curve: [81.21, 78.75, 77.88, 75.79, 74.34, 72.87, 71.16, 70.1, 69.58]
2025-08-22 20:29:13,616 [trainer.py] => Average Accuracy (CNN): 74.63
2025-08-22 20:29:13,618 [trainer.py] => All params: 176715778
2025-08-22 20:29:13,619 [trainer.py] => Trainable params: 5118466
2025-08-22 20:29:13,621 [asp.py] => Learning on 180-190
2025-08-22 20:29:13,630 [asp.py] => training set size: 50, fc construct set size: 50
2025-08-22 20:30:25,386 [trainer.py] => CNN: {'total': 68.41, '00-99': 80.52, '100-109': 57.1, '110-119': 61.15, '120-129': 44.81, '130-139': 53.72, '140-149': 51.4, '150-159': 44.44, '160-169': 59.26, '170-179': 62.82, '180-189': 54.42, '190-199': 60.0, 'old': 69.36, 'new': 54.42}
2025-08-22 20:30:25,386 [trainer.py] => Top1 curve: [81.21, 78.75, 77.88, 75.79, 74.34, 72.87, 71.16, 70.1, 69.58, 68.41]
2025-08-22 20:30:25,386 [trainer.py] => Average Accuracy (CNN): 74.01
2025-08-22 20:30:25,387 [trainer.py] => All params: 176723458
2025-08-22 20:30:25,388 [trainer.py] => Trainable params: 5126146
2025-08-22 20:30:25,394 [asp.py] => Learning on 190-200
2025-08-22 20:30:25,400 [asp.py] => training set size: 50, fc construct set size: 50
2025-08-22 20:31:43,859 [trainer.py] => CNN: {'total': 67.35, '00-99': 80.52, '100-109': 57.1, '110-119': 61.15, '120-129': 44.48, '130-139': 53.72, '140-149': 51.4, '150-159': 44.44, '160-169': 58.69, '170-179': 62.45, '180-189': 53.87, '190-199': 50.16, 'old': 68.3, 'new': 50.16}
2025-08-22 20:31:43,859 [trainer.py] => Top1 curve: [81.21, 78.75, 77.88, 75.79, 74.34, 72.87, 71.16, 70.1, 69.58, 68.41, 67.35]
2025-08-22 20:31:43,859 [trainer.py] => Average Accuracy (CNN): 73.40

================================================================================
Finished imagenetr_init100_inc10: pretrained_vit_b16_224_vpt  
Base Accuracy: 81.21
Last Accuracy: 67.35
Average Accuracy (Top1): 73.4
PD: 13.86
Backward Transfer (BWT): -3.36
Forward Transfer (FWT): 17.69
Accuracy Matrix (CNN):
[[81.21 64.   72.   56.   74.   60.   60.   64.   86.   58.   70.  ]
 [80.95 57.73 68.   74.   72.   78.   46.   66.   78.   62.   68.  ]
 [80.82 57.73 68.08 62.   70.   68.   56.   58.   72.   68.   64.  ]
 [80.72 57.41 66.54 53.9  66.   68.   54.   68.   74.   62.   78.  ]
 [80.68 57.1  66.15 51.95 58.11 60.   48.   58.   80.   60.   64.  ]
 [80.65 57.1  64.62 48.7  56.08 53.74 56.   60.   76.   68.   52.  ]
 [80.65 57.1  61.54 48.05 54.73 51.4  49.43 70.   70.   60.   62.  ]
 [80.62 57.1  61.54 47.08 54.39 51.4  45.98 59.83 68.   78.   74.  ]
 [80.62 57.1  61.15 45.78 53.72 51.4  44.44 59.26 64.98 68.   68.  ]
 [80.52 57.1  61.15 44.81 53.72 51.4  44.44 59.26 62.82 54.42 60.  ]
 [80.52 57.1  61.15 44.48 53.72 51.4  44.44 58.69 62.45 53.87 50.16]]
================================================================================

