nohup: ignoring input
2025-08-21 23:56:43,557 [trainer.py] => config: ./exps/cub.json
2025-08-21 23:56:43,574 [trainer.py] => lamda: 0.5
2025-08-21 23:56:43,574 [trainer.py] => aug: 2
2025-08-21 23:56:43,574 [trainer.py] => prompt_token_num: 6
2025-08-21 23:56:43,574 [trainer.py] => prompt_pool_num: 0.5
2025-08-21 23:56:43,574 [trainer.py] => model_name: sec
2025-08-21 23:56:43,574 [trainer.py] => backbone_type: pretrained_vit_b16_224_vpt
2025-08-21 23:56:43,574 [trainer.py] => device: [device(type='cuda', index=2)]
2025-08-21 23:56:43,574 [trainer.py] => seed: 1993
2025-08-21 23:56:43,574 [trainer.py] => dataset: cub
2025-08-21 23:56:43,574 [trainer.py] => init_cls: 100
2025-08-21 23:56:43,574 [trainer.py] => increment: 10
2025-08-21 23:56:43,574 [trainer.py] => kshot: 5
2025-08-21 23:56:43,574 [trainer.py] => vpt_type: Deep
2025-08-21 23:56:43,574 [trainer.py] => kl_weight: 0.001
2025-08-21 23:56:43,574 [trainer.py] => tuned_epoch: 30
2025-08-21 23:56:43,574 [trainer.py] => fs_epoch: 10
2025-08-21 23:56:43,574 [trainer.py] => init_lr: 0.01
2025-08-21 23:56:43,574 [trainer.py] => fs_lr: 0.001
2025-08-21 23:56:43,574 [trainer.py] => batch_size: 48
2025-08-21 23:56:43,575 [trainer.py] => fs_batch_size: 16
2025-08-21 23:56:43,575 [trainer.py] => weight_decay: 0.005
2025-08-21 23:56:43,575 [trainer.py] => min_lr: 0
2025-08-21 23:56:43,575 [trainer.py] => optimizer: sgd
2025-08-21 23:56:43,575 [trainer.py] => shuffle: False
2025-08-21 23:56:43,575 [trainer.py] => top_k: 5
2025-08-21 23:56:43,575 [trainer.py] => base_model_path: saved_model/sec_tr/cub/30_0.01/6_0.5/sec_30_1993_48.pth
2025-08-21 23:56:43,575 [trainer.py] => prefix: sec
2025-08-21 23:56:43,575 [trainer.py] => model_prefix: sec
2025-08-21 23:56:43,575 [trainer.py] => beta: 0.5
2025-08-21 23:56:43,575 [trainer.py] => memory_size: 0
2025-08-21 23:56:43,575 [trainer.py] => memory_per_class: 0
2025-08-21 23:56:43,575 [trainer.py] => fixed_memory: False
2025-08-21 23:56:43,772 [data_manager.py] => [0, 1, 2, 3, 4, 5, 6, 7, 8, 9, 10, 11, 12, 13, 14, 15, 16, 17, 18, 19, 20, 21, 22, 23, 24, 25, 26, 27, 28, 29, 30, 31, 32, 33, 34, 35, 36, 37, 38, 39, 40, 41, 42, 43, 44, 45, 46, 47, 48, 49, 50, 51, 52, 53, 54, 55, 56, 57, 58, 59, 60, 61, 62, 63, 64, 65, 66, 67, 68, 69, 70, 71, 72, 73, 74, 75, 76, 77, 78, 79, 80, 81, 82, 83, 84, 85, 86, 87, 88, 89, 90, 91, 92, 93, 94, 95, 96, 97, 98, 99, 100, 101, 102, 103, 104, 105, 106, 107, 108, 109, 110, 111, 112, 113, 114, 115, 116, 117, 118, 119, 120, 121, 122, 123, 124, 125, 126, 127, 128, 129, 130, 131, 132, 133, 134, 135, 136, 137, 138, 139, 140, 141, 142, 143, 144, 145, 146, 147, 148, 149, 150, 151, 152, 153, 154, 155, 156, 157, 158, 159, 160, 161, 162, 163, 164, 165, 166, 167, 168, 169, 170, 171, 172, 173, 174, 175, 176, 177, 178, 179, 180, 181, 182, 183, 184, 185, 186, 187, 188, 189, 190, 191, 192, 193, 194, 195, 196, 197, 198, 199]
This is for the BaseNet initialization.
modelname, pretrained_vit_b16_224_vpt basicmodelname vit_base_patch16_224
Using VPT model
Using Deep Prompt
After BaseNet initialization.
2025-08-21 23:56:57,825 [trainer.py] => All params: 89984257
2025-08-21 23:56:57,826 [trainer.py] => Trainable params: 4185601
2025-08-21 23:56:58,075 [sec.py] => Learning on 0-100
2025-08-21 23:56:58,087 [sec.py] => training set size: 4693, fc construct set size: 4693
/public/home/hanlida/Dr.1/Code/Research/Awesome-FSCIL/SEC-Prompt-main/backbone/zoo.py:205: UserWarning: Implicit dimension choice for softmax has been deprecated. Change the call to include dim=X as an argument.
  aq_k = torch.nn.functional.softmax(aq_k)
2025-08-22 00:11:03,658 [trainer.py] => CNN: {'total': 87.62, '00-99': 87.62, '100-109': 78.0, '110-119': 72.0, '120-129': 66.0, '130-139': 78.0, '140-149': 74.0, '150-159': 82.0, '160-169': 62.0, '170-179': 88.0, '180-189': 86.0, '190-199': 84.0, 'old': 0, 'new': 87.62}
2025-08-22 00:11:03,659 [trainer.py] => Top1 curve: [87.62]
2025-08-22 00:11:03,659 [trainer.py] => Average Accuracy (CNN): 87.62
2025-08-22 00:11:03,659 [trainer.py] => All params: 90061058
2025-08-22 00:11:03,660 [trainer.py] => Trainable params: 4262402
2025-08-22 00:11:03,665 [sec.py] => Learning on 100-110
2025-08-22 00:11:03,674 [sec.py] => training set size: 50, fc construct set size: 50
2025-08-22 00:11:37,380 [trainer.py] => CNN: {'total': 86.54, '00-99': 87.28, '100-109': 77.78, '110-119': 66.0, '120-129': 74.0, '130-139': 80.0, '140-149': 74.0, '150-159': 82.0, '160-169': 78.0, '170-179': 78.0, '180-189': 90.0, '190-199': 94.0, 'old': 87.28, 'new': 77.78}
2025-08-22 00:11:37,380 [trainer.py] => Top1 curve: [87.62, 86.54]
2025-08-22 00:11:37,380 [trainer.py] => Average Accuracy (CNN): 87.08
2025-08-22 00:11:37,381 [trainer.py] => All params: 90068738
2025-08-22 00:11:37,381 [trainer.py] => Trainable params: 3310082
2025-08-22 00:11:37,386 [sec.py] => Learning on 110-120
2025-08-22 00:11:37,393 [sec.py] => training set size: 50, fc construct set size: 50
2025-08-22 00:12:10,963 [trainer.py] => CNN: {'total': 85.07, '00-99': 87.19, '100-109': 77.78, '110-119': 70.73, '120-129': 86.0, '130-139': 84.0, '140-149': 76.0, '150-159': 84.0, '160-169': 80.0, '170-179': 92.0, '180-189': 94.0, '190-199': 84.0, 'old': 86.46, 'new': 70.73}
2025-08-22 00:12:10,964 [trainer.py] => Top1 curve: [87.62, 86.54, 85.07]
2025-08-22 00:12:10,964 [trainer.py] => Average Accuracy (CNN): 86.41
2025-08-22 00:12:10,964 [trainer.py] => All params: 90076418
2025-08-22 00:12:10,965 [trainer.py] => Trainable params: 3317762
2025-08-22 00:12:10,970 [sec.py] => Learning on 120-130
2025-08-22 00:12:10,976 [sec.py] => training set size: 50, fc construct set size: 50
2025-08-22 00:12:44,200 [trainer.py] => CNN: {'total': 83.65, '00-99': 87.11, '100-109': 79.8, '110-119': 68.29, '120-129': 67.86, '130-139': 88.0, '140-149': 80.0, '150-159': 74.0, '160-169': 76.0, '170-179': 88.0, '180-189': 90.0, '190-199': 90.0, 'old': 84.92, 'new': 67.86}
2025-08-22 00:12:44,200 [trainer.py] => Top1 curve: [87.62, 86.54, 85.07, 83.65]
2025-08-22 00:12:44,200 [trainer.py] => Average Accuracy (CNN): 85.72
2025-08-22 00:12:44,201 [trainer.py] => All params: 90084098
2025-08-22 00:12:44,201 [trainer.py] => Trainable params: 3325442
2025-08-22 00:12:44,206 [sec.py] => Learning on 130-140
2025-08-22 00:12:44,212 [sec.py] => training set size: 50, fc construct set size: 50
2025-08-22 00:13:17,874 [trainer.py] => CNN: {'total': 83.43, '00-99': 86.93, '100-109': 78.79, '110-119': 69.11, '120-129': 66.96, '130-139': 83.08, '140-149': 68.0, '150-159': 84.0, '160-169': 80.0, '170-179': 80.0, '180-189': 96.0, '190-199': 92.0, 'old': 83.46, 'new': 83.08}
2025-08-22 00:13:17,875 [trainer.py] => Top1 curve: [87.62, 86.54, 85.07, 83.65, 83.43]
2025-08-22 00:13:17,875 [trainer.py] => Average Accuracy (CNN): 85.26
2025-08-22 00:13:17,875 [trainer.py] => All params: 90091778
2025-08-22 00:13:17,876 [trainer.py] => Trainable params: 3333122
2025-08-22 00:13:17,881 [sec.py] => Learning on 140-150
2025-08-22 00:13:17,887 [sec.py] => training set size: 50, fc construct set size: 50
2025-08-22 00:13:51,660 [trainer.py] => CNN: {'total': 82.45, '00-99': 86.85, '100-109': 77.78, '110-119': 69.11, '120-129': 67.86, '130-139': 83.08, '140-149': 69.3, '150-159': 76.0, '160-169': 70.0, '170-179': 86.0, '180-189': 80.0, '190-199': 82.0, 'old': 83.36, 'new': 69.3}
2025-08-22 00:13:51,661 [trainer.py] => Top1 curve: [87.62, 86.54, 85.07, 83.65, 83.43, 82.45]
2025-08-22 00:13:51,661 [trainer.py] => Average Accuracy (CNN): 84.79
2025-08-22 00:13:51,661 [trainer.py] => All params: 90099458
2025-08-22 00:13:51,662 [trainer.py] => Trainable params: 3340802
2025-08-22 00:13:51,667 [sec.py] => Learning on 150-160
2025-08-22 00:13:51,673 [sec.py] => training set size: 50, fc construct set size: 50
2025-08-22 00:14:25,013 [trainer.py] => CNN: {'total': 82.14, '00-99': 86.59, '100-109': 77.78, '110-119': 69.92, '120-129': 66.96, '130-139': 82.31, '140-149': 68.42, '150-159': 81.82, '160-169': 86.0, '170-179': 86.0, '180-189': 90.0, '190-199': 92.0, 'old': 82.16, 'new': 81.82}
2025-08-22 00:14:25,013 [trainer.py] => Top1 curve: [87.62, 86.54, 85.07, 83.65, 83.43, 82.45, 82.14]
2025-08-22 00:14:25,013 [trainer.py] => Average Accuracy (CNN): 84.41
2025-08-22 00:14:25,014 [trainer.py] => All params: 90107138
2025-08-22 00:14:25,014 [trainer.py] => Trainable params: 3348482
2025-08-22 00:14:25,019 [sec.py] => Learning on 160-170
2025-08-22 00:14:25,025 [sec.py] => training set size: 50, fc construct set size: 50
2025-08-22 00:14:58,205 [trainer.py] => CNN: {'total': 82.83, '00-99': 86.42, '100-109': 77.78, '110-119': 69.92, '120-129': 67.86, '130-139': 82.31, '140-149': 69.3, '150-159': 80.91, '160-169': 93.23, '170-179': 86.0, '180-189': 84.0, '190-199': 92.0, 'old': 82.09, 'new': 93.23}
2025-08-22 00:14:58,205 [trainer.py] => Top1 curve: [87.62, 86.54, 85.07, 83.65, 83.43, 82.45, 82.14, 82.83]
2025-08-22 00:14:58,205 [trainer.py] => Average Accuracy (CNN): 84.22
2025-08-22 00:14:58,206 [trainer.py] => All params: 90114818
2025-08-22 00:14:58,206 [trainer.py] => Trainable params: 3356162
2025-08-22 00:14:58,212 [sec.py] => Learning on 170-180
2025-08-22 00:14:58,217 [sec.py] => training set size: 50, fc construct set size: 50
2025-08-22 00:15:31,573 [trainer.py] => CNN: {'total': 82.44, '00-99': 86.25, '100-109': 77.78, '110-119': 69.92, '120-129': 67.86, '130-139': 84.62, '140-149': 69.3, '150-159': 80.0, '160-169': 86.47, '170-179': 83.47, '180-189': 90.0, '190-199': 86.0, 'old': 82.38, 'new': 83.47}
2025-08-22 00:15:31,573 [trainer.py] => Top1 curve: [87.62, 86.54, 85.07, 83.65, 83.43, 82.45, 82.14, 82.83, 82.44]
2025-08-22 00:15:31,573 [trainer.py] => Average Accuracy (CNN): 84.02
2025-08-22 00:15:31,574 [trainer.py] => All params: 90122498
2025-08-22 00:15:31,574 [trainer.py] => Trainable params: 3363842
2025-08-22 00:15:31,576 [sec.py] => Learning on 180-190
2025-08-22 00:15:31,587 [sec.py] => training set size: 50, fc construct set size: 50
2025-08-22 00:16:04,292 [trainer.py] => CNN: {'total': 82.77, '00-99': 85.99, '100-109': 77.78, '110-119': 69.92, '120-129': 67.86, '130-139': 85.38, '140-149': 69.3, '150-159': 80.91, '160-169': 84.96, '170-179': 82.64, '180-189': 91.8, '190-199': 86.0, 'old': 82.25, 'new': 91.8}
2025-08-22 00:16:04,292 [trainer.py] => Top1 curve: [87.62, 86.54, 85.07, 83.65, 83.43, 82.45, 82.14, 82.83, 82.44, 82.77]
2025-08-22 00:16:04,292 [trainer.py] => Average Accuracy (CNN): 83.89
2025-08-22 00:16:04,293 [trainer.py] => All params: 90130178
2025-08-22 00:16:04,293 [trainer.py] => Trainable params: 3371522
2025-08-22 00:16:04,298 [sec.py] => Learning on 190-200
2025-08-22 00:16:04,303 [sec.py] => training set size: 50, fc construct set size: 50
2025-08-22 00:16:37,044 [trainer.py] => CNN: {'total': 83.29, '00-99': 85.91, '100-109': 77.78, '110-119': 69.92, '120-129': 67.86, '130-139': 85.38, '140-149': 70.18, '150-159': 80.91, '160-169': 84.21, '170-179': 82.64, '180-189': 91.8, '190-199': 93.5, 'old': 82.73, 'new': 93.5}
2025-08-22 00:16:37,044 [trainer.py] => Top1 curve: [87.62, 86.54, 85.07, 83.65, 83.43, 82.45, 82.14, 82.83, 82.44, 82.77, 83.29]
2025-08-22 00:16:37,044 [trainer.py] => Average Accuracy (CNN): 83.84

================================================================================
Finished cub_init100_inc10: pretrained_vit_b16_224_vpt  
Base Accuracy: 87.62
Lase Accuracy: 83.29
Average Accuracy (Top1): 83.84
PD: 4.33
Backward Transfer (BWT): -1.01
Forward Transfer (FWT): 9.47
Accuracy Matrix (CNN):
[[87.62 78.   72.   66.   78.   74.   82.   62.   88.   86.   84.  ]
 [87.28 77.78 66.   74.   80.   74.   82.   78.   78.   90.   94.  ]
 [87.19 77.78 70.73 86.   84.   76.   84.   80.   92.   94.   84.  ]
 [87.11 79.8  68.29 67.86 88.   80.   74.   76.   88.   90.   90.  ]
 [86.93 78.79 69.11 66.96 83.08 68.   84.   80.   80.   96.   92.  ]
 [86.85 77.78 69.11 67.86 83.08 69.3  76.   70.   86.   80.   82.  ]
 [86.59 77.78 69.92 66.96 82.31 68.42 81.82 86.   86.   90.   92.  ]
 [86.42 77.78 69.92 67.86 82.31 69.3  80.91 93.23 86.   84.   92.  ]
 [86.25 77.78 69.92 67.86 84.62 69.3  80.   86.47 83.47 90.   86.  ]
 [85.99 77.78 69.92 67.86 85.38 69.3  80.91 84.96 82.64 91.8  86.  ]
 [85.91 77.78 69.92 67.86 85.38 70.18 80.91 84.21 82.64 91.8  93.5 ]]
================================================================================

2025-08-22 00:16:42,219 [trainer.py] => config: ./exps/cifar.json
2025-08-22 00:16:42,235 [trainer.py] => lamda: 0.5
2025-08-22 00:16:42,235 [trainer.py] => aug: 2
2025-08-22 00:16:42,235 [trainer.py] => prompt_token_num: 6
2025-08-22 00:16:42,235 [trainer.py] => prompt_pool_num: 0.5
2025-08-22 00:16:42,235 [trainer.py] => model_name: sec
2025-08-22 00:16:42,235 [trainer.py] => backbone_type: pretrained_vit_b16_224_vpt
2025-08-22 00:16:42,235 [trainer.py] => device: [device(type='cuda', index=2)]
2025-08-22 00:16:42,235 [trainer.py] => seed: 1993
2025-08-22 00:16:42,235 [trainer.py] => dataset: cifar224
2025-08-22 00:16:42,235 [trainer.py] => init_cls: 60
2025-08-22 00:16:42,235 [trainer.py] => increment: 5
2025-08-22 00:16:42,235 [trainer.py] => kshot: 5
2025-08-22 00:16:42,235 [trainer.py] => vpt_type: Deep
2025-08-22 00:16:42,235 [trainer.py] => kl_weight: 0.001
2025-08-22 00:16:42,235 [trainer.py] => tuned_epoch: 30
2025-08-22 00:16:42,235 [trainer.py] => fs_epoch: 10
2025-08-22 00:16:42,236 [trainer.py] => init_lr: 0.01
2025-08-22 00:16:42,236 [trainer.py] => fs_lr: 0.001
2025-08-22 00:16:42,236 [trainer.py] => batch_size: 48
2025-08-22 00:16:42,236 [trainer.py] => fs_batch_size: 16
2025-08-22 00:16:42,236 [trainer.py] => weight_decay: 0.005
2025-08-22 00:16:42,236 [trainer.py] => min_lr: 0
2025-08-22 00:16:42,236 [trainer.py] => optimizer: sgd
2025-08-22 00:16:42,236 [trainer.py] => shuffle: False
2025-08-22 00:16:42,236 [trainer.py] => top_k: 5
2025-08-22 00:16:42,236 [trainer.py] => base_model_path: saved_model/sec_tr/cifar224/30_0.01/6_0.5/sec_30_1993_48.pth
2025-08-22 00:16:42,236 [trainer.py] => prefix: sec
2025-08-22 00:16:42,236 [trainer.py] => model_prefix: sec
2025-08-22 00:16:42,236 [trainer.py] => beta: 0.5
2025-08-22 00:16:42,236 [trainer.py] => memory_size: 0
2025-08-22 00:16:42,236 [trainer.py] => memory_per_class: 0
2025-08-22 00:16:42,236 [trainer.py] => fixed_memory: False
2025-08-22 00:16:43,355 [data_manager.py] => [0, 1, 2, 3, 4, 5, 6, 7, 8, 9, 10, 11, 12, 13, 14, 15, 16, 17, 18, 19, 20, 21, 22, 23, 24, 25, 26, 27, 28, 29, 30, 31, 32, 33, 34, 35, 36, 37, 38, 39, 40, 41, 42, 43, 44, 45, 46, 47, 48, 49, 50, 51, 52, 53, 54, 55, 56, 57, 58, 59, 60, 61, 62, 63, 64, 65, 66, 67, 68, 69, 70, 71, 72, 73, 74, 75, 76, 77, 78, 79, 80, 81, 82, 83, 84, 85, 86, 87, 88, 89, 90, 91, 92, 93, 94, 95, 96, 97, 98, 99]
This is for the BaseNet initialization.
modelname, pretrained_vit_b16_224_vpt basicmodelname vit_base_patch16_224
Using VPT model
Using Deep Prompt
After BaseNet initialization.
2025-08-22 00:16:55,576 [trainer.py] => All params: 87864577
2025-08-22 00:16:55,576 [trainer.py] => Trainable params: 2065921
2025-08-22 00:16:56,306 [sec.py] => Learning on 0-60
2025-08-22 00:16:56,419 [sec.py] => training set size: 30000, fc construct set size: 30000
/public/home/hanlida/Dr.1/Code/Research/Awesome-FSCIL/SEC-Prompt-main/backbone/zoo.py:205: UserWarning: Implicit dimension choice for softmax has been deprecated. Change the call to include dim=X as an argument.
  aq_k = torch.nn.functional.softmax(aq_k)
2025-08-22 03:03:52,405 [trainer.py] => CNN: {'total': 91.65, '00-59': 91.65, '60-64': 72.0, '65-69': 68.0, '70-74': 64.0, '75-79': 84.0, '80-84': 68.0, '85-89': 64.0, '90-94': 84.0, '95-99': 80.0, 'old': 0, 'new': 91.65}
2025-08-22 03:03:52,448 [trainer.py] => Top1 curve: [91.65]
2025-08-22 03:03:52,449 [trainer.py] => Average Accuracy (CNN): 91.65
2025-08-22 03:03:52,449 [trainer.py] => All params: 87910658
2025-08-22 03:03:52,450 [trainer.py] => Trainable params: 2112002
2025-08-22 03:03:52,455 [sec.py] => Learning on 60-65
2025-08-22 03:03:52,492 [sec.py] => training set size: 25, fc construct set size: 25
2025-08-22 03:04:41,127 [trainer.py] => CNN: {'total': 90.37, '00-59': 91.33, '60-64': 78.8, '65-69': 52.0, '70-74': 64.0, '75-79': 92.0, '80-84': 80.0, '85-89': 60.0, '90-94': 76.0, '95-99': 72.0, 'old': 91.33, 'new': 78.8}
2025-08-22 03:04:41,128 [trainer.py] => Top1 curve: [91.65, 90.37]
2025-08-22 03:04:41,128 [trainer.py] => Average Accuracy (CNN): 91.01
2025-08-22 03:04:41,128 [trainer.py] => All params: 87914498
2025-08-22 03:04:41,129 [trainer.py] => Trainable params: 1539842
2025-08-22 03:04:41,134 [sec.py] => Learning on 65-70
2025-08-22 03:04:41,166 [sec.py] => training set size: 25, fc construct set size: 25
2025-08-22 03:05:32,109 [trainer.py] => CNN: {'total': 90.13, '00-59': 91.22, '60-64': 78.4, '65-69': 88.8, '70-74': 64.0, '75-79': 84.0, '80-84': 80.0, '85-89': 64.0, '90-94': 68.0, '95-99': 72.0, 'old': 90.23, 'new': 88.8}
2025-08-22 03:05:32,109 [trainer.py] => Top1 curve: [91.65, 90.37, 90.13]
2025-08-22 03:05:32,109 [trainer.py] => Average Accuracy (CNN): 90.72
2025-08-22 03:05:32,110 [trainer.py] => All params: 87918338
2025-08-22 03:05:32,110 [trainer.py] => Trainable params: 1543682
2025-08-22 03:05:32,114 [sec.py] => Learning on 70-75
2025-08-22 03:05:32,146 [sec.py] => training set size: 25, fc construct set size: 25
2025-08-22 03:06:25,195 [trainer.py] => CNN: {'total': 88.67, '00-59': 90.65, '60-64': 74.8, '65-69': 88.6, '70-74': 78.8, '75-79': 88.0, '80-84': 84.0, '85-89': 84.0, '90-94': 80.0, '95-99': 88.0, 'old': 89.37, 'new': 78.8}
2025-08-22 03:06:25,196 [trainer.py] => Top1 curve: [91.65, 90.37, 90.13, 88.67]
2025-08-22 03:06:25,196 [trainer.py] => Average Accuracy (CNN): 90.20
2025-08-22 03:06:25,196 [trainer.py] => All params: 87922178
2025-08-22 03:06:25,197 [trainer.py] => Trainable params: 1547522
2025-08-22 03:06:25,200 [sec.py] => Learning on 75-80
2025-08-22 03:06:25,232 [sec.py] => training set size: 25, fc construct set size: 25
2025-08-22 03:07:21,008 [trainer.py] => CNN: {'total': 88.92, '00-59': 90.62, '60-64': 74.4, '65-69': 88.8, '70-74': 79.4, '75-79': 92.8, '80-84': 80.0, '85-89': 68.0, '90-94': 92.0, '95-99': 92.0, 'old': 88.67, 'new': 92.8}
2025-08-22 03:07:21,008 [trainer.py] => Top1 curve: [91.65, 90.37, 90.13, 88.67, 88.92]
2025-08-22 03:07:21,008 [trainer.py] => Average Accuracy (CNN): 89.95
2025-08-22 03:07:21,009 [trainer.py] => All params: 87926018
2025-08-22 03:07:21,009 [trainer.py] => Trainable params: 1551362
2025-08-22 03:07:21,014 [sec.py] => Learning on 80-85
2025-08-22 03:07:21,045 [sec.py] => training set size: 25, fc construct set size: 25
2025-08-22 03:08:19,302 [trainer.py] => CNN: {'total': 88.85, '00-59': 90.42, '60-64': 73.0, '65-69': 89.2, '70-74': 81.2, '75-79': 93.4, '80-84': 88.6, '85-89': 76.0, '90-94': 88.0, '95-99': 80.0, 'old': 88.86, 'new': 88.6}
2025-08-22 03:08:19,302 [trainer.py] => Top1 curve: [91.65, 90.37, 90.13, 88.67, 88.92, 88.85]
2025-08-22 03:08:19,302 [trainer.py] => Average Accuracy (CNN): 89.77
2025-08-22 03:08:19,303 [trainer.py] => All params: 87929858
2025-08-22 03:08:19,303 [trainer.py] => Trainable params: 1555202
2025-08-22 03:08:19,309 [sec.py] => Learning on 85-90
2025-08-22 03:08:19,341 [sec.py] => training set size: 25, fc construct set size: 25
2025-08-22 03:09:20,217 [trainer.py] => CNN: {'total': 88.89, '00-59': 89.8, '60-64': 73.0, '65-69': 90.0, '70-74': 82.0, '75-79': 93.8, '80-84': 90.6, '85-89': 93.0, '90-94': 92.0, '95-99': 88.0, 'old': 88.65, 'new': 93.0}
2025-08-22 03:09:20,217 [trainer.py] => Top1 curve: [91.65, 90.37, 90.13, 88.67, 88.92, 88.85, 88.89]
2025-08-22 03:09:20,217 [trainer.py] => Average Accuracy (CNN): 89.64
2025-08-22 03:09:20,217 [trainer.py] => All params: 87933698
2025-08-22 03:09:20,218 [trainer.py] => Trainable params: 1559042
2025-08-22 03:09:20,222 [sec.py] => Learning on 90-95
2025-08-22 03:09:20,253 [sec.py] => training set size: 25, fc construct set size: 25
2025-08-22 03:10:23,615 [trainer.py] => CNN: {'total': 88.58, '00-59': 89.47, '60-64': 71.6, '65-69': 90.8, '70-74': 81.6, '75-79': 93.6, '80-84': 88.4, '85-89': 92.4, '90-94': 91.0, '95-99': 96.0, 'old': 88.44, 'new': 91.0}
2025-08-22 03:10:23,615 [trainer.py] => Top1 curve: [91.65, 90.37, 90.13, 88.67, 88.92, 88.85, 88.89, 88.58]
2025-08-22 03:10:23,615 [trainer.py] => Average Accuracy (CNN): 89.51
2025-08-22 03:10:23,616 [trainer.py] => All params: 87937538
2025-08-22 03:10:23,616 [trainer.py] => Trainable params: 1562882
2025-08-22 03:10:23,622 [sec.py] => Learning on 95-100
2025-08-22 03:10:23,650 [sec.py] => training set size: 25, fc construct set size: 25
2025-08-22 03:11:29,533 [trainer.py] => CNN: {'total': 86.9, '00-59': 87.28, '60-64': 68.4, '65-69': 89.2, '70-74': 82.4, '75-79': 92.0, '80-84': 88.4, '85-89': 93.0, '90-94': 91.4, '95-99': 85.8, 'old': 86.96, 'new': 85.8}
2025-08-22 03:11:29,533 [trainer.py] => Top1 curve: [91.65, 90.37, 90.13, 88.67, 88.92, 88.85, 88.89, 88.58, 86.9]
2025-08-22 03:11:29,533 [trainer.py] => Average Accuracy (CNN): 89.22

================================================================================
Finished cifar224_init60_inc5: pretrained_vit_b16_224_vpt  
Base Accuracy: 91.65
Lase Accuracy: 86.9
Average Accuracy (Top1): 89.22
PD: 4.75
Backward Transfer (BWT): -1.42
Forward Transfer (FWT): 30.8
Accuracy Matrix (CNN):
[[91.65 72.   68.   64.   84.   68.   64.   84.   80.  ]
 [91.33 78.8  52.   64.   92.   80.   60.   76.   72.  ]
 [91.22 78.4  88.8  64.   84.   80.   64.   68.   72.  ]
 [90.65 74.8  88.6  78.8  88.   84.   84.   80.   88.  ]
 [90.62 74.4  88.8  79.4  92.8  80.   68.   92.   92.  ]
 [90.42 73.   89.2  81.2  93.4  88.6  76.   88.   80.  ]
 [89.8  73.   90.   82.   93.8  90.6  93.   92.   88.  ]
 [89.47 71.6  90.8  81.6  93.6  88.4  92.4  91.   96.  ]
 [87.28 68.4  89.2  82.4  92.   88.4  93.   91.4  85.8 ]]
================================================================================

2025-08-21 20:30:28,636 [trainer.py] => config: ./exps/mini.json
2025-08-21 20:30:28,636 [trainer.py] => lamda: 0.5
2025-08-21 20:30:28,636 [trainer.py] => aug: 2
2025-08-21 20:30:28,636 [trainer.py] => prompt_token_num: 6
2025-08-21 20:30:28,637 [trainer.py] => prompt_pool_num: 0.5
2025-08-21 20:30:28,637 [trainer.py] => model_name: sec
2025-08-21 20:30:28,637 [trainer.py] => backbone_type: pretrained_vit_b16_224_vpt
2025-08-21 20:30:28,637 [trainer.py] => device: [device(type='cuda', index=1)]
2025-08-21 20:30:28,637 [trainer.py] => seed: 1993
2025-08-21 20:30:28,637 [trainer.py] => dataset: mini_imagenet
2025-08-21 20:30:28,637 [trainer.py] => init_cls: 60
2025-08-21 20:30:28,637 [trainer.py] => increment: 5
2025-08-21 20:30:28,637 [trainer.py] => kshot: 5
2025-08-21 20:30:28,637 [trainer.py] => vpt_type: Deep
2025-08-21 20:30:28,637 [trainer.py] => kl_weight: 0.001
2025-08-21 20:30:28,637 [trainer.py] => tuned_epoch: 30
2025-08-21 20:30:28,637 [trainer.py] => fs_epoch: 10
2025-08-21 20:30:28,637 [trainer.py] => init_lr: 0.01
2025-08-21 20:30:28,637 [trainer.py] => fs_lr: 0.001
2025-08-21 20:30:28,637 [trainer.py] => batch_size: 32
2025-08-21 20:30:28,637 [trainer.py] => fs_batch_size: 16
2025-08-21 20:30:28,637 [trainer.py] => weight_decay: 0.005
2025-08-21 20:30:28,637 [trainer.py] => min_lr: 0
2025-08-21 20:30:28,637 [trainer.py] => optimizer: sgd
2025-08-21 20:30:28,637 [trainer.py] => shuffle: False
2025-08-21 20:30:28,637 [trainer.py] => top_k: 5
2025-08-21 20:30:28,637 [trainer.py] => base_model_path: saved_model/sec_tr/mini_imagenet/30_0.01/6_0.5/sec_30_1993_32.pth
2025-08-21 20:30:28,637 [trainer.py] => prefix: sec
2025-08-21 20:30:28,637 [trainer.py] => model_prefix: sec
2025-08-21 20:30:28,637 [trainer.py] => beta: 0.5
2025-08-21 20:30:28,637 [trainer.py] => memory_size: 0
2025-08-21 20:30:28,637 [trainer.py] => memory_per_class: 0
2025-08-21 20:30:28,637 [trainer.py] => fixed_memory: False
2025-08-21 20:30:28,775 [data_manager.py] => [0, 1, 2, 3, 4, 5, 6, 7, 8, 9, 10, 11, 12, 13, 14, 15, 16, 17, 18, 19, 20, 21, 22, 23, 24, 25, 26, 27, 28, 29, 30, 31, 32, 33, 34, 35, 36, 37, 38, 39, 40, 41, 42, 43, 44, 45, 46, 47, 48, 49, 50, 51, 52, 53, 54, 55, 56, 57, 58, 59, 60, 61, 62, 63, 64, 65, 66, 67, 68, 69, 70, 71, 72, 73, 74, 75, 76, 77, 78, 79, 80, 81, 82, 83, 84, 85, 86, 87, 88, 89, 90, 91, 92, 93, 94, 95, 96, 97, 98, 99]
This is for the BaseNet initialization.
modelname, pretrained_vit_b16_224_vpt basicmodelname vit_base_patch16_224
Using VPT model
Using Deep Prompt
After BaseNet initialization.
2025-08-21 20:30:34,672 [trainer.py] => All params: 87864577
2025-08-21 20:30:34,673 [trainer.py] => Trainable params: 2065921
2025-08-21 20:30:35,075 [sec.py] => Learning on 0-60
2025-08-21 20:30:35,113 [sec.py] => training set size: 30000, fc construct set size: 30000
/home/team/zhaohongwei/Code/Research/Awesome-FSCIL/SEC-Prompt-main/backbone/zoo.py:205: UserWarning: Implicit dimension choice for softmax has been deprecated. Change the call to include dim=X as an argument.
  aq_k = torch.nn.functional.softmax(aq_k)
2025-08-21 22:57:52,394 [trainer.py] => CNN: {'total': 97.02, '00-59': 97.02, '60-64': 100.0, '65-69': 76.0, '70-74': 96.0, '75-79': 92.0, '80-84': 84.0, '85-89': 80.0, '90-94': 88.0, '95-99': 92.0, 'old': 0, 'new': 97.02}
2025-08-21 22:57:52,394 [trainer.py] => Top1 curve: [97.02]
2025-08-21 22:57:52,394 [trainer.py] => Average Accuracy (CNN): 97.02
2025-08-21 22:57:52,396 [trainer.py] => All params: 87910658
2025-08-21 22:57:52,397 [trainer.py] => Trainable params: 2112002
2025-08-21 22:57:52,400 [sec.py] => Learning on 60-65
2025-08-21 22:57:52,429 [sec.py] => training set size: 25, fc construct set size: 25
2025-08-21 22:58:30,937 [trainer.py] => CNN: {'total': 96.88, '00-59': 96.97, '60-64': 95.8, '65-69': 76.0, '70-74': 88.0, '75-79': 92.0, '80-84': 80.0, '85-89': 88.0, '90-94': 88.0, '95-99': 92.0, 'old': 96.97, 'new': 95.8}
2025-08-21 22:58:30,937 [trainer.py] => Top1 curve: [97.02, 96.88]
2025-08-21 22:58:30,937 [trainer.py] => Average Accuracy (CNN): 96.95
2025-08-21 22:58:30,938 [trainer.py] => All params: 87914498
2025-08-21 22:58:30,938 [trainer.py] => Trainable params: 1539842
2025-08-21 22:58:30,940 [sec.py] => Learning on 65-70
2025-08-21 22:58:30,965 [sec.py] => training set size: 25, fc construct set size: 25
2025-08-21 22:59:11,706 [trainer.py] => CNN: {'total': 95.71, '00-59': 96.87, '60-64': 96.2, '65-69': 81.4, '70-74': 92.0, '75-79': 96.0, '80-84': 84.0, '85-89': 72.0, '90-94': 100.0, '95-99': 96.0, 'old': 96.82, 'new': 81.4}
2025-08-21 22:59:11,706 [trainer.py] => Top1 curve: [97.02, 96.88, 95.71]
2025-08-21 22:59:11,706 [trainer.py] => Average Accuracy (CNN): 96.54
2025-08-21 22:59:11,708 [trainer.py] => All params: 87918338
2025-08-21 22:59:11,709 [trainer.py] => Trainable params: 1543682
2025-08-21 22:59:11,711 [sec.py] => Learning on 70-75
2025-08-21 22:59:11,735 [sec.py] => training set size: 25, fc construct set size: 25
2025-08-21 22:59:55,148 [trainer.py] => CNN: {'total': 95.72, '00-59': 96.87, '60-64': 96.2, '65-69': 81.4, '70-74': 95.8, '75-79': 96.0, '80-84': 96.0, '85-89': 80.0, '90-94': 88.0, '95-99': 88.0, 'old': 95.71, 'new': 95.8}
2025-08-21 22:59:55,148 [trainer.py] => Top1 curve: [97.02, 96.88, 95.71, 95.72]
2025-08-21 22:59:55,149 [trainer.py] => Average Accuracy (CNN): 96.33
2025-08-21 22:59:55,150 [trainer.py] => All params: 87922178
2025-08-21 22:59:55,151 [trainer.py] => Trainable params: 1547522
2025-08-21 22:59:55,153 [sec.py] => Learning on 75-80
2025-08-21 22:59:55,174 [sec.py] => training set size: 25, fc construct set size: 25
2025-08-21 23:00:39,971 [trainer.py] => CNN: {'total': 95.84, '00-59': 96.87, '60-64': 96.2, '65-69': 82.2, '70-74': 96.0, '75-79': 96.6, '80-84': 84.0, '85-89': 84.0, '90-94': 84.0, '95-99': 96.0, 'old': 95.79, 'new': 96.6}
2025-08-21 23:00:39,972 [trainer.py] => Top1 curve: [97.02, 96.88, 95.71, 95.72, 95.84]
2025-08-21 23:00:39,972 [trainer.py] => Average Accuracy (CNN): 96.23
2025-08-21 23:00:39,974 [trainer.py] => All params: 87926018
2025-08-21 23:00:39,975 [trainer.py] => Trainable params: 1551362
2025-08-21 23:00:39,978 [sec.py] => Learning on 80-85
2025-08-21 23:00:40,001 [sec.py] => training set size: 25, fc construct set size: 25
2025-08-21 23:01:26,396 [trainer.py] => CNN: {'total': 95.49, '00-59': 96.48, '60-64': 95.6, '65-69': 82.4, '70-74': 96.2, '75-79': 96.6, '80-84': 94.8, '85-89': 72.0, '90-94': 96.0, '95-99': 100.0, 'old': 95.54, 'new': 94.8}
2025-08-21 23:01:26,397 [trainer.py] => Top1 curve: [97.02, 96.88, 95.71, 95.72, 95.84, 95.49]
2025-08-21 23:01:26,397 [trainer.py] => Average Accuracy (CNN): 96.11
2025-08-21 23:01:26,397 [trainer.py] => All params: 87929858
2025-08-21 23:01:26,398 [trainer.py] => Trainable params: 1555202
2025-08-21 23:01:26,400 [sec.py] => Learning on 85-90
2025-08-21 23:01:26,415 [sec.py] => training set size: 25, fc construct set size: 25
2025-08-21 23:02:13,298 [trainer.py] => CNN: {'total': 94.91, '00-59': 96.03, '60-64': 96.0, '65-69': 81.8, '70-74': 96.0, '75-79': 96.4, '80-84': 95.0, '85-89': 90.8, '90-94': 96.0, '95-99': 96.0, 'old': 95.15, 'new': 90.8}
2025-08-21 23:02:13,298 [trainer.py] => Top1 curve: [97.02, 96.88, 95.71, 95.72, 95.84, 95.49, 94.91]
2025-08-21 23:02:13,298 [trainer.py] => Average Accuracy (CNN): 95.94
2025-08-21 23:02:13,299 [trainer.py] => All params: 87933698
2025-08-21 23:02:13,300 [trainer.py] => Trainable params: 1559042
2025-08-21 23:02:13,302 [sec.py] => Learning on 90-95
2025-08-21 23:02:13,317 [sec.py] => training set size: 25, fc construct set size: 25
2025-08-21 23:03:02,862 [trainer.py] => CNN: {'total': 94.76, '00-59': 95.67, '60-64': 95.8, '65-69': 81.4, '70-74': 96.0, '75-79': 96.4, '80-84': 94.0, '85-89': 90.8, '90-94': 98.0, '95-99': 100.0, 'old': 94.58, 'new': 98.0}
2025-08-21 23:03:02,862 [trainer.py] => Top1 curve: [97.02, 96.88, 95.71, 95.72, 95.84, 95.49, 94.91, 94.76]
2025-08-21 23:03:02,862 [trainer.py] => Average Accuracy (CNN): 95.79
2025-08-21 23:03:02,863 [trainer.py] => All params: 87937538
2025-08-21 23:03:02,864 [trainer.py] => Trainable params: 1562882
2025-08-21 23:03:02,865 [sec.py] => Learning on 95-100
2025-08-21 23:03:02,873 [sec.py] => training set size: 25, fc construct set size: 25
2025-08-21 23:03:53,751 [trainer.py] => CNN: {'total': 94.66, '00-59': 95.38, '60-64': 95.8, '65-69': 81.4, '70-74': 96.0, '75-79': 95.8, '80-84': 94.0, '85-89': 90.6, '90-94': 98.0, '95-99': 97.0, 'old': 94.54, 'new': 97.0}
2025-08-21 23:03:53,751 [trainer.py] => Top1 curve: [97.02, 96.88, 95.71, 95.72, 95.84, 95.49, 94.91, 94.76, 94.66]
2025-08-21 23:03:53,751 [trainer.py] => Average Accuracy (CNN): 95.67

================================================================================
Finished mini_imagenet_init60_inc5: pretrained_vit_b16_224_vpt  
Base Accuracy: 97.02
Lase Accuracy: 94.66
Average Accuracy (Top1): 95.67
PD: 2.36
Backward Transfer (BWT): -0.4
Forward Transfer (FWT): 8.52
Accuracy Matrix (CNN):
[[ 97.02 100.    76.    96.    92.    84.    80.    88.    92.  ]
 [ 96.97  95.8   76.    88.    92.    80.    88.    88.    92.  ]
 [ 96.87  96.2   81.4   92.    96.    84.    72.   100.    96.  ]
 [ 96.87  96.2   81.4   95.8   96.    96.    80.    88.    88.  ]
 [ 96.87  96.2   82.2   96.    96.6   84.    84.    84.    96.  ]
 [ 96.48  95.6   82.4   96.2   96.6   94.8   72.    96.   100.  ]
 [ 96.03  96.    81.8   96.    96.4   95.    90.8   96.    96.  ]
 [ 95.67  95.8   81.4   96.    96.4   94.    90.8   98.   100.  ]
 [ 95.38  95.8   81.4   96.    95.8   94.    90.6   98.    97.  ]]
================================================================================

2025-08-21 23:03:56,782 [trainer.py] => config: ./exps/inr.json
2025-08-21 23:03:56,782 [trainer.py] => lamda: 0.5
2025-08-21 23:03:56,782 [trainer.py] => aug: 2
2025-08-21 23:03:56,782 [trainer.py] => prompt_token_num: 10
2025-08-21 23:03:56,782 [trainer.py] => prompt_pool_num: 0.5
2025-08-21 23:03:56,782 [trainer.py] => model_name: sec
2025-08-21 23:03:56,782 [trainer.py] => backbone_type: pretrained_vit_b16_224_vpt
2025-08-21 23:03:56,782 [trainer.py] => device: [device(type='cuda', index=1)]
2025-08-21 23:03:56,782 [trainer.py] => seed: 1993
2025-08-21 23:03:56,782 [trainer.py] => dataset: imagenetr
2025-08-21 23:03:56,782 [trainer.py] => init_cls: 100
2025-08-21 23:03:56,782 [trainer.py] => increment: 10
2025-08-21 23:03:56,782 [trainer.py] => kshot: 5
2025-08-21 23:03:56,782 [trainer.py] => vpt_type: Deep
2025-08-21 23:03:56,782 [trainer.py] => kl_weight: 0.001
2025-08-21 23:03:56,782 [trainer.py] => tuned_epoch: 30
2025-08-21 23:03:56,783 [trainer.py] => fs_epoch: 10
2025-08-21 23:03:56,783 [trainer.py] => init_lr: 0.01
2025-08-21 23:03:56,783 [trainer.py] => fs_lr: 0.0005
2025-08-21 23:03:56,783 [trainer.py] => batch_size: 64
2025-08-21 23:03:56,783 [trainer.py] => fs_batch_size: 16
2025-08-21 23:03:56,783 [trainer.py] => weight_decay: 0.005
2025-08-21 23:03:56,783 [trainer.py] => min_lr: 0
2025-08-21 23:03:56,783 [trainer.py] => optimizer: sgd
2025-08-21 23:03:56,783 [trainer.py] => fixed_memory: False
2025-08-21 23:03:56,783 [trainer.py] => shuffle: False
2025-08-21 23:03:56,783 [trainer.py] => top_k: 5
2025-08-21 23:03:56,783 [trainer.py] => base_model_path: saved_model/sec_tr/imagenetr/30_0.01/10_0.5/sec_30_1993_64.pth
2025-08-21 23:03:56,783 [trainer.py] => prefix: sec
2025-08-21 23:03:56,783 [trainer.py] => model_prefix: sec
2025-08-21 23:03:56,783 [trainer.py] => beta: 0.5
2025-08-21 23:03:56,783 [trainer.py] => memory_size: 0
2025-08-21 23:03:56,783 [trainer.py] => memory_per_class: 0
2025-08-21 23:03:56,877 [data_manager.py] => [0, 1, 2, 3, 4, 5, 6, 7, 8, 9, 10, 11, 12, 13, 14, 15, 16, 17, 18, 19, 20, 21, 22, 23, 24, 25, 26, 27, 28, 29, 30, 31, 32, 33, 34, 35, 36, 37, 38, 39, 40, 41, 42, 43, 44, 45, 46, 47, 48, 49, 50, 51, 52, 53, 54, 55, 56, 57, 58, 59, 60, 61, 62, 63, 64, 65, 66, 67, 68, 69, 70, 71, 72, 73, 74, 75, 76, 77, 78, 79, 80, 81, 82, 83, 84, 85, 86, 87, 88, 89, 90, 91, 92, 93, 94, 95, 96, 97, 98, 99, 100, 101, 102, 103, 104, 105, 106, 107, 108, 109, 110, 111, 112, 113, 114, 115, 116, 117, 118, 119, 120, 121, 122, 123, 124, 125, 126, 127, 128, 129, 130, 131, 132, 133, 134, 135, 136, 137, 138, 139, 140, 141, 142, 143, 144, 145, 146, 147, 148, 149, 150, 151, 152, 153, 154, 155, 156, 157, 158, 159, 160, 161, 162, 163, 164, 165, 166, 167, 168, 169, 170, 171, 172, 173, 174, 175, 176, 177, 178, 179, 180, 181, 182, 183, 184, 185, 186, 187, 188, 189, 190, 191, 192, 193, 194, 195, 196, 197, 198, 199]
This is for the BaseNet initialization.
modelname, pretrained_vit_b16_224_vpt basicmodelname vit_base_patch16_224
Using VPT model
Using Deep Prompt
After BaseNet initialization.
2025-08-21 23:04:07,352 [trainer.py] => All params: 91597057
2025-08-21 23:04:07,353 [trainer.py] => Trainable params: 5798401
2025-08-21 23:04:07,857 [sec.py] => Learning on 0-100
2025-08-21 23:04:07,885 [sec.py] => training set size: 12425, fc construct set size: 12425
/home/team/zhaohongwei/Code/Research/Awesome-FSCIL/SEC-Prompt-main/backbone/zoo.py:205: UserWarning: Implicit dimension choice for softmax has been deprecated. Change the call to include dim=X as an argument.
  aq_k = torch.nn.functional.softmax(aq_k)
2025-08-21 23:41:26,073 [trainer.py] => CNN: {'total': 82.86, '00-99': 82.86, '100-109': 56.0, '110-119': 72.0, '120-129': 58.0, '130-139': 70.0, '140-149': 80.0, '150-159': 66.0, '160-169': 72.0, '170-179': 62.0, '180-189': 74.0, '190-199': 70.0, 'old': 0, 'new': 82.86}
2025-08-21 23:41:26,073 [trainer.py] => Top1 curve: [82.86]
2025-08-21 23:41:26,073 [trainer.py] => Average Accuracy (CNN): 82.86
2025-08-21 23:41:26,074 [trainer.py] => All params: 91673858
2025-08-21 23:41:26,075 [trainer.py] => Trainable params: 5875202
2025-08-21 23:41:26,078 [sec.py] => Learning on 100-110
2025-08-21 23:41:26,102 [sec.py] => training set size: 50, fc construct set size: 50
2025-08-21 23:42:03,534 [trainer.py] => CNN: {'total': 80.36, '00-99': 82.63, '100-109': 58.68, '110-119': 78.0, '120-129': 56.0, '130-139': 80.0, '140-149': 68.0, '150-159': 64.0, '160-169': 68.0, '170-179': 68.0, '180-189': 76.0, '190-199': 72.0, 'old': 82.63, 'new': 58.68}
2025-08-21 23:42:03,534 [trainer.py] => Top1 curve: [82.86, 80.36]
2025-08-21 23:42:03,534 [trainer.py] => Average Accuracy (CNN): 81.61
2025-08-21 23:42:03,536 [trainer.py] => All params: 91681538
2025-08-21 23:42:03,538 [trainer.py] => Trainable params: 4538882
2025-08-21 23:42:03,541 [sec.py] => Learning on 110-120
2025-08-21 23:42:03,568 [sec.py] => training set size: 50, fc construct set size: 50
2025-08-21 23:42:43,020 [trainer.py] => CNN: {'total': 79.59, '00-99': 82.17, '100-109': 58.68, '110-119': 75.0, '120-129': 64.0, '130-139': 74.0, '140-149': 74.0, '150-159': 76.0, '160-169': 84.0, '170-179': 74.0, '180-189': 74.0, '190-199': 74.0, 'old': 79.95, 'new': 75.0}
2025-08-21 23:42:43,021 [trainer.py] => Top1 curve: [82.86, 80.36, 79.59]
2025-08-21 23:42:43,021 [trainer.py] => Average Accuracy (CNN): 80.94
2025-08-21 23:42:43,023 [trainer.py] => All params: 91689218
2025-08-21 23:42:43,024 [trainer.py] => Trainable params: 4546562
2025-08-21 23:42:43,027 [sec.py] => Learning on 120-130
2025-08-21 23:42:43,049 [sec.py] => training set size: 50, fc construct set size: 50
2025-08-21 23:43:22,976 [trainer.py] => CNN: {'total': 77.47, '00-99': 81.7, '100-109': 58.99, '110-119': 75.0, '120-129': 56.82, '130-139': 70.0, '140-149': 72.0, '150-159': 74.0, '160-169': 76.0, '170-179': 72.0, '180-189': 76.0, '190-199': 72.0, 'old': 79.23, 'new': 56.82}
2025-08-21 23:43:22,976 [trainer.py] => Top1 curve: [82.86, 80.36, 79.59, 77.47]
2025-08-21 23:43:22,977 [trainer.py] => Average Accuracy (CNN): 80.07
2025-08-21 23:43:22,978 [trainer.py] => All params: 91696898
2025-08-21 23:43:22,979 [trainer.py] => Trainable params: 4554242
2025-08-21 23:43:22,983 [sec.py] => Learning on 130-140
2025-08-21 23:43:23,003 [sec.py] => training set size: 50, fc construct set size: 50
2025-08-21 23:44:04,502 [trainer.py] => CNN: {'total': 77.16, '00-99': 81.34, '100-109': 58.68, '110-119': 76.54, '120-129': 56.82, '130-139': 75.68, '140-149': 72.0, '150-159': 66.0, '160-169': 86.0, '170-179': 80.0, '180-189': 68.0, '190-199': 74.0, 'old': 77.27, 'new': 75.68}
2025-08-21 23:44:04,502 [trainer.py] => Top1 curve: [82.86, 80.36, 79.59, 77.47, 77.16]
2025-08-21 23:44:04,502 [trainer.py] => Average Accuracy (CNN): 79.49
2025-08-21 23:44:04,504 [trainer.py] => All params: 91704578
2025-08-21 23:44:04,505 [trainer.py] => Trainable params: 4561922
2025-08-21 23:44:04,508 [sec.py] => Learning on 140-150
2025-08-21 23:44:04,523 [sec.py] => training set size: 50, fc construct set size: 50
2025-08-21 23:44:47,021 [trainer.py] => CNN: {'total': 76.32, '00-99': 81.47, '100-109': 57.1, '110-119': 76.15, '120-129': 55.19, '130-139': 75.0, '140-149': 64.02, '150-159': 62.0, '160-169': 70.0, '170-179': 82.0, '180-189': 74.0, '190-199': 72.0, 'old': 76.94, 'new': 64.02}
2025-08-21 23:44:47,022 [trainer.py] => Top1 curve: [82.86, 80.36, 79.59, 77.47, 77.16, 76.32]
2025-08-21 23:44:47,022 [trainer.py] => Average Accuracy (CNN): 78.96
2025-08-21 23:44:47,023 [trainer.py] => All params: 91712258
2025-08-21 23:44:47,024 [trainer.py] => Trainable params: 4569602
2025-08-21 23:44:47,027 [sec.py] => Learning on 150-160
2025-08-21 23:44:47,042 [sec.py] => training set size: 50, fc construct set size: 50
2025-08-21 23:45:30,502 [trainer.py] => CNN: {'total': 74.99, '00-99': 80.78, '100-109': 57.41, '110-119': 74.23, '120-129': 54.22, '130-139': 72.97, '140-149': 63.08, '150-159': 66.28, '160-169': 80.0, '170-179': 86.0, '180-189': 78.0, '190-199': 64.0, 'old': 75.51, 'new': 66.28}
2025-08-21 23:45:30,502 [trainer.py] => Top1 curve: [82.86, 80.36, 79.59, 77.47, 77.16, 76.32, 74.99]
2025-08-21 23:45:30,502 [trainer.py] => Average Accuracy (CNN): 78.39
2025-08-21 23:45:30,504 [trainer.py] => All params: 91719938
2025-08-21 23:45:30,506 [trainer.py] => Trainable params: 4577282
2025-08-21 23:45:30,509 [sec.py] => Learning on 160-170
2025-08-21 23:45:30,529 [sec.py] => training set size: 50, fc construct set size: 50
2025-08-21 23:46:15,888 [trainer.py] => CNN: {'total': 74.28, '00-99': 80.32, '100-109': 57.73, '110-119': 73.85, '120-129': 52.6, '130-139': 74.32, '140-149': 61.68, '150-159': 61.3, '160-169': 73.5, '170-179': 80.0, '180-189': 74.0, '190-199': 80.0, 'old': 74.33, 'new': 73.5}
2025-08-21 23:46:15,888 [trainer.py] => Top1 curve: [82.86, 80.36, 79.59, 77.47, 77.16, 76.32, 74.99, 74.28]
2025-08-21 23:46:15,888 [trainer.py] => Average Accuracy (CNN): 77.88
2025-08-21 23:46:15,890 [trainer.py] => All params: 91727618
2025-08-21 23:46:15,891 [trainer.py] => Trainable params: 4584962
2025-08-21 23:46:15,893 [sec.py] => Learning on 170-180
2025-08-21 23:46:15,907 [sec.py] => training set size: 50, fc construct set size: 50
2025-08-21 23:47:02,236 [trainer.py] => CNN: {'total': 74.17, '00-99': 79.99, '100-109': 57.73, '110-119': 74.23, '120-129': 50.65, '130-139': 73.99, '140-149': 62.15, '150-159': 61.3, '160-169': 72.08, '170-179': 79.42, '180-189': 82.0, '190-199': 78.0, 'old': 73.88, 'new': 79.42}
2025-08-21 23:47:02,237 [trainer.py] => Top1 curve: [82.86, 80.36, 79.59, 77.47, 77.16, 76.32, 74.99, 74.28, 74.17]
2025-08-21 23:47:02,237 [trainer.py] => Average Accuracy (CNN): 77.47
2025-08-21 23:47:02,238 [trainer.py] => All params: 91735298
2025-08-21 23:47:02,240 [trainer.py] => Trainable params: 4592642
2025-08-21 23:47:02,243 [sec.py] => Learning on 180-190
2025-08-21 23:47:02,255 [sec.py] => training set size: 50, fc construct set size: 50
2025-08-21 23:47:50,162 [trainer.py] => CNN: {'total': 73.21, '00-99': 79.3, '100-109': 57.41, '110-119': 74.23, '120-129': 49.35, '130-139': 74.32, '140-149': 62.15, '150-159': 61.69, '160-169': 72.36, '170-179': 79.42, '180-189': 65.47, '190-199': 82.0, 'old': 73.74, 'new': 65.47}
2025-08-21 23:47:50,163 [trainer.py] => Top1 curve: [82.86, 80.36, 79.59, 77.47, 77.16, 76.32, 74.99, 74.28, 74.17, 73.21]
2025-08-21 23:47:50,163 [trainer.py] => Average Accuracy (CNN): 77.04
2025-08-21 23:47:50,164 [trainer.py] => All params: 91742978
2025-08-21 23:47:50,165 [trainer.py] => Trainable params: 4600322
2025-08-21 23:47:50,168 [sec.py] => Learning on 190-200
2025-08-21 23:47:50,179 [sec.py] => training set size: 50, fc construct set size: 50
2025-08-21 23:48:38,720 [trainer.py] => CNN: {'total': 72.07, '00-99': 78.48, '100-109': 57.41, '110-119': 74.23, '120-129': 48.7, '130-139': 73.65, '140-149': 61.68, '150-159': 62.07, '160-169': 71.79, '170-179': 78.7, '180-189': 63.81, '190-199': 63.81, 'old': 72.52, 'new': 63.81}
2025-08-21 23:48:38,720 [trainer.py] => Top1 curve: [82.86, 80.36, 79.59, 77.47, 77.16, 76.32, 74.99, 74.28, 74.17, 73.21, 72.07]
2025-08-21 23:48:38,720 [trainer.py] => Average Accuracy (CNN): 76.59

================================================================================
Finished imagenetr_init100_inc10: pretrained_vit_b16_224_vpt  
Base Accuracy: 82.86
Lase Accuracy: 72.07
Average Accuracy (Top1): 76.59
PD: 10.79
Backward Transfer (BWT): -2.72
Forward Transfer (FWT): 26.09
Accuracy Matrix (CNN):
[[82.86 56.   72.   58.   70.   80.   66.   72.   62.   74.   70.  ]
 [82.63 58.68 78.   56.   80.   68.   64.   68.   68.   76.   72.  ]
 [82.17 58.68 75.   64.   74.   74.   76.   84.   74.   74.   74.  ]
 [81.7  58.99 75.   56.82 70.   72.   74.   76.   72.   76.   72.  ]
 [81.34 58.68 76.54 56.82 75.68 72.   66.   86.   80.   68.   74.  ]
 [81.47 57.1  76.15 55.19 75.   64.02 62.   70.   82.   74.   72.  ]
 [80.78 57.41 74.23 54.22 72.97 63.08 66.28 80.   86.   78.   64.  ]
 [80.32 57.73 73.85 52.6  74.32 61.68 61.3  73.5  80.   74.   80.  ]
 [79.99 57.73 74.23 50.65 73.99 62.15 61.3  72.08 79.42 82.   78.  ]
 [79.3  57.41 74.23 49.35 74.32 62.15 61.69 72.36 79.42 65.47 82.  ]
 [78.48 57.41 74.23 48.7  73.65 61.68 62.07 71.79 78.7  63.81 63.81]]
================================================================================