nohup: ignoring input
2025-08-22 00:08:59,776 [trainer.py] => config: ./scripts/simplecil/IN1K/simplecil_cub_B100_Inc10.json
2025-08-22 00:08:59,789 [trainer.py] => prefix:  
2025-08-22 00:08:59,789 [trainer.py] => dataset: cub
2025-08-22 00:08:59,789 [trainer.py] => memory_size: 0
2025-08-22 00:08:59,789 [trainer.py] => memory_per_class: 0
2025-08-22 00:08:59,789 [trainer.py] => fixed_memory: False
2025-08-22 00:08:59,789 [trainer.py] => shuffle: False
2025-08-22 00:08:59,789 [trainer.py] => init_cls: 100
2025-08-22 00:08:59,789 [trainer.py] => increment: 10
2025-08-22 00:08:59,789 [trainer.py] => model_name: simplecil
2025-08-22 00:08:59,789 [trainer.py] => backbone_type: pretrained_vit_b16_224
2025-08-22 00:08:59,789 [trainer.py] => device: [device(type='cuda', index=1)]
2025-08-22 00:08:59,789 [trainer.py] => seed: 1993
2025-08-22 00:08:59,789 [trainer.py] => kshot: 5
2025-08-22 00:08:59,789 [trainer.py] => tuned_epoch: 20
2025-08-22 00:08:59,789 [trainer.py] => init_lr: 0.01
2025-08-22 00:08:59,789 [trainer.py] => batch_size: 256
2025-08-22 00:08:59,789 [trainer.py] => weight_decay: 0.05
2025-08-22 00:08:59,789 [trainer.py] => min_lr: 1e-08
2025-08-22 00:08:59,789 [trainer.py] => optimizer: sgd
2025-08-22 00:08:59,789 [trainer.py] => vpt_type: shallow
2025-08-22 00:08:59,789 [trainer.py] => prompt_token_num: 3
2025-08-22 00:08:59,789 [trainer.py] => gpu_models: ['NVIDIA A800 80GB PCIe']
2025-08-22 00:08:59,961 [data_manager.py] => [0, 1, 2, 3, 4, 5, 6, 7, 8, 9, 10, 11, 12, 13, 14, 15, 16, 17, 18, 19, 20, 21, 22, 23, 24, 25, 26, 27, 28, 29, 30, 31, 32, 33, 34, 35, 36, 37, 38, 39, 40, 41, 42, 43, 44, 45, 46, 47, 48, 49, 50, 51, 52, 53, 54, 55, 56, 57, 58, 59, 60, 61, 62, 63, 64, 65, 66, 67, 68, 69, 70, 71, 72, 73, 74, 75, 76, 77, 78, 79, 80, 81, 82, 83, 84, 85, 86, 87, 88, 89, 90, 91, 92, 93, 94, 95, 96, 97, 98, 99, 100, 101, 102, 103, 104, 105, 106, 107, 108, 109, 110, 111, 112, 113, 114, 115, 116, 117, 118, 119, 120, 121, 122, 123, 124, 125, 126, 127, 128, 129, 130, 131, 132, 133, 134, 135, 136, 137, 138, 139, 140, 141, 142, 143, 144, 145, 146, 147, 148, 149, 150, 151, 152, 153, 154, 155, 156, 157, 158, 159, 160, 161, 162, 163, 164, 165, 166, 167, 168, 169, 170, 171, 172, 173, 174, 175, 176, 177, 178, 179, 180, 181, 182, 183, 184, 185, 186, 187, 188, 189, 190, 191, 192, 193, 194, 195, 196, 197, 198, 199]
This is for the BaseNet initialization.
After BaseNet initialization.
2025-08-22 00:09:04,868 [trainer.py] => All params: 85952257
2025-08-22 00:09:04,868 [trainer.py] => Trainable params: 85952257
2025-08-22 00:09:05,021 [simplecil.py] => Learning on 0-100
2025-08-22 00:09:32,589 [trainer.py] => CNN: {'total': 86.25, '00-99': 86.25, '100-109': 88.0, '110-119': 90.0, '120-129': 78.0, '130-139': 68.0, '140-149': 80.0, '150-159': 90.0, '160-169': 84.0, '170-179': 86.0, '180-189': 74.0, '190-199': 84.0, 'old': 0, 'new': 86.25}
2025-08-22 00:09:32,589 [trainer.py] => CNN top1 curve: [86.25]
2025-08-22 00:09:32,589 [trainer.py] => Average Accuracy (CNN): 86.25 

2025-08-22 00:09:32,590 [trainer.py] => All params: 86029058
2025-08-22 00:09:32,590 [trainer.py] => Trainable params: 86029058
2025-08-22 00:09:32,592 [simplecil.py] => Learning on 100-110
2025-08-22 00:09:42,949 [trainer.py] => CNN: {'total': 83.23, '00-99': 85.82, '100-109': 52.53, '110-119': 82.0, '120-129': 78.0, '130-139': 94.0, '140-149': 90.0, '150-159': 82.0, '160-169': 82.0, '170-179': 80.0, '180-189': 92.0, '190-199': 90.0, 'old': 85.82, 'new': 52.53}
2025-08-22 00:09:42,950 [trainer.py] => CNN top1 curve: [86.25, 83.23]
2025-08-22 00:09:42,950 [trainer.py] => Average Accuracy (CNN): 84.74 

2025-08-22 00:09:42,950 [trainer.py] => All params: 86036738
2025-08-22 00:09:42,951 [trainer.py] => Trainable params: 86036738
2025-08-22 00:09:42,952 [simplecil.py] => Learning on 110-120
2025-08-22 00:09:53,518 [trainer.py] => CNN: {'total': 81.69, '00-99': 85.82, '100-109': 52.53, '110-119': 65.85, '120-129': 82.0, '130-139': 90.0, '140-149': 88.0, '150-159': 74.0, '160-169': 80.0, '170-179': 78.0, '180-189': 96.0, '190-199': 90.0, 'old': 83.23, 'new': 65.85}
2025-08-22 00:09:53,518 [trainer.py] => CNN top1 curve: [86.25, 83.23, 81.69]
2025-08-22 00:09:53,518 [trainer.py] => Average Accuracy (CNN): 83.72 

2025-08-22 00:09:53,519 [trainer.py] => All params: 86044418
2025-08-22 00:09:53,519 [trainer.py] => Trainable params: 86044418
2025-08-22 00:09:53,520 [simplecil.py] => Learning on 120-130
2025-08-22 00:10:04,126 [trainer.py] => CNN: {'total': 80.07, '00-99': 85.82, '100-109': 52.53, '110-119': 62.6, '120-129': 63.39, '130-139': 80.0, '140-149': 90.0, '150-159': 84.0, '160-169': 72.0, '170-179': 90.0, '180-189': 92.0, '190-199': 94.0, 'old': 81.41, 'new': 63.39}
2025-08-22 00:10:04,126 [trainer.py] => CNN top1 curve: [86.25, 83.23, 81.69, 80.07]
2025-08-22 00:10:04,126 [trainer.py] => Average Accuracy (CNN): 82.81 

2025-08-22 00:10:04,127 [trainer.py] => All params: 86052098
2025-08-22 00:10:04,128 [trainer.py] => Trainable params: 86052098
2025-08-22 00:10:04,130 [simplecil.py] => Learning on 130-140
2025-08-22 00:10:14,702 [trainer.py] => CNN: {'total': 79.33, '00-99': 85.82, '100-109': 52.53, '110-119': 60.98, '120-129': 63.39, '130-139': 72.31, '140-149': 92.0, '150-159': 78.0, '160-169': 80.0, '170-179': 76.0, '180-189': 86.0, '190-199': 90.0, 'old': 79.93, 'new': 72.31}
2025-08-22 00:10:14,702 [trainer.py] => CNN top1 curve: [86.25, 83.23, 81.69, 80.07, 79.33]
2025-08-22 00:10:14,702 [trainer.py] => Average Accuracy (CNN): 82.11 

2025-08-22 00:10:14,703 [trainer.py] => All params: 86059778
2025-08-22 00:10:14,703 [trainer.py] => Trainable params: 86059778
2025-08-22 00:10:14,705 [simplecil.py] => Learning on 140-150
2025-08-22 00:10:25,126 [trainer.py] => CNN: {'total': 77.7, '00-99': 85.74, '100-109': 49.49, '110-119': 60.98, '120-129': 63.39, '130-139': 72.31, '140-149': 57.89, '150-159': 82.0, '160-169': 88.0, '170-179': 86.0, '180-189': 86.0, '190-199': 82.0, 'old': 79.08, 'new': 57.89}
2025-08-22 00:10:25,126 [trainer.py] => CNN top1 curve: [86.25, 83.23, 81.69, 80.07, 79.33, 77.7]
2025-08-22 00:10:25,126 [trainer.py] => Average Accuracy (CNN): 81.38 

2025-08-22 00:10:25,127 [trainer.py] => All params: 86067458
2025-08-22 00:10:25,128 [trainer.py] => Trainable params: 86067458
2025-08-22 00:10:25,129 [simplecil.py] => Learning on 150-160
2025-08-22 00:10:35,050 [trainer.py] => CNN: {'total': 77.3, '00-99': 85.57, '100-109': 49.49, '110-119': 60.98, '120-129': 63.39, '130-139': 72.31, '140-149': 57.89, '150-159': 72.73, '160-169': 82.0, '170-179': 80.0, '180-189': 94.0, '190-199': 94.0, 'old': 77.59, 'new': 72.73}
2025-08-22 00:10:35,051 [trainer.py] => CNN top1 curve: [86.25, 83.23, 81.69, 80.07, 79.33, 77.7, 77.3]
2025-08-22 00:10:35,051 [trainer.py] => Average Accuracy (CNN): 80.8 

2025-08-22 00:10:35,052 [trainer.py] => All params: 86075138
2025-08-22 00:10:35,052 [trainer.py] => Trainable params: 86075138
2025-08-22 00:10:35,054 [simplecil.py] => Learning on 160-170
2025-08-22 00:10:45,016 [trainer.py] => CNN: {'total': 77.26, '00-99': 85.57, '100-109': 49.49, '110-119': 60.98, '120-129': 63.39, '130-139': 72.31, '140-149': 57.02, '150-159': 65.45, '160-169': 83.46, '170-179': 86.0, '180-189': 86.0, '190-199': 88.0, 'old': 76.82, 'new': 83.46}
2025-08-22 00:10:45,017 [trainer.py] => CNN top1 curve: [86.25, 83.23, 81.69, 80.07, 79.33, 77.7, 77.3, 77.26]
2025-08-22 00:10:45,017 [trainer.py] => Average Accuracy (CNN): 80.35 

2025-08-22 00:10:45,017 [trainer.py] => All params: 86082818
2025-08-22 00:10:45,018 [trainer.py] => Trainable params: 86082818
2025-08-22 00:10:45,019 [simplecil.py] => Learning on 170-180
2025-08-22 00:10:54,681 [trainer.py] => CNN: {'total': 76.48, '00-99': 85.57, '100-109': 49.49, '110-119': 60.98, '120-129': 63.39, '130-139': 72.31, '140-149': 57.02, '150-159': 65.45, '160-169': 72.18, '170-179': 76.03, '180-189': 86.0, '190-199': 80.0, 'old': 76.51, 'new': 76.03}
2025-08-22 00:10:54,681 [trainer.py] => CNN top1 curve: [86.25, 83.23, 81.69, 80.07, 79.33, 77.7, 77.3, 77.26, 76.48]
2025-08-22 00:10:54,681 [trainer.py] => Average Accuracy (CNN): 79.92 

2025-08-22 00:10:54,682 [trainer.py] => All params: 86090498
2025-08-22 00:10:54,682 [trainer.py] => Trainable params: 86090498
2025-08-22 00:10:54,684 [simplecil.py] => Learning on 180-190
2025-08-22 00:11:03,253 [trainer.py] => CNN: {'total': 76.38, '00-99': 85.57, '100-109': 49.49, '110-119': 60.98, '120-129': 63.39, '130-139': 72.31, '140-149': 57.02, '150-159': 65.45, '160-169': 71.43, '170-179': 75.21, '180-189': 76.23, '190-199': 92.0, 'old': 76.38, 'new': 76.23}
2025-08-22 00:11:03,253 [trainer.py] => CNN top1 curve: [86.25, 83.23, 81.69, 80.07, 79.33, 77.7, 77.3, 77.26, 76.48, 76.38]
2025-08-22 00:11:03,253 [trainer.py] => Average Accuracy (CNN): 79.57 

2025-08-22 00:11:03,254 [trainer.py] => All params: 86098178
2025-08-22 00:11:03,254 [trainer.py] => Trainable params: 86098178
2025-08-22 00:11:03,256 [simplecil.py] => Learning on 190-200
2025-08-22 00:11:11,252 [trainer.py] => CNN: {'total': 76.29, '00-99': 85.57, '100-109': 49.49, '110-119': 60.98, '120-129': 63.39, '130-139': 72.31, '140-149': 57.02, '150-159': 65.45, '160-169': 71.43, '170-179': 75.21, '180-189': 75.41, '190-199': 75.61, 'old': 76.33, 'new': 75.61}
2025-08-22 00:11:11,252 [trainer.py] => CNN top1 curve: [86.25, 83.23, 81.69, 80.07, 79.33, 77.7, 77.3, 77.26, 76.48, 76.38, 76.29]
2025-08-22 00:11:11,252 [trainer.py] => Average Accuracy (CNN): 79.27 


================================================================================
Finished cub_init100_inc10: pretrained_vit_b16_224  
Base Accuracy: 86.25
Lase Accuracy: 76.29
Average Accuracy (Top1): 79.27
PD: 9.96
Backward Transfer (BWT): -3.04
Forward Transfer (FWT): 13.67
Accuracy Matrix (CNN):
[[86.25 88.   90.   78.   68.   80.   90.   84.   86.   74.   84.  ]
 [85.82 52.53 82.   78.   94.   90.   82.   82.   80.   92.   90.  ]
 [85.82 52.53 65.85 82.   90.   88.   74.   80.   78.   96.   90.  ]
 [85.82 52.53 62.6  63.39 80.   90.   84.   72.   90.   92.   94.  ]
 [85.82 52.53 60.98 63.39 72.31 92.   78.   80.   76.   86.   90.  ]
 [85.74 49.49 60.98 63.39 72.31 57.89 82.   88.   86.   86.   82.  ]
 [85.57 49.49 60.98 63.39 72.31 57.89 72.73 82.   80.   94.   94.  ]
 [85.57 49.49 60.98 63.39 72.31 57.02 65.45 83.46 86.   86.   88.  ]
 [85.57 49.49 60.98 63.39 72.31 57.02 65.45 72.18 76.03 86.   80.  ]
 [85.57 49.49 60.98 63.39 72.31 57.02 65.45 71.43 75.21 76.23 92.  ]
 [85.57 49.49 60.98 63.39 72.31 57.02 65.45 71.43 75.21 75.41 75.61]]
================================================================================

2025-08-22 00:11:14,316 [trainer.py] => config: ./scripts/simplecil/IN1K/simplecil_cifar_B60_Inc5.json
2025-08-22 00:11:14,330 [trainer.py] => prefix:  
2025-08-22 00:11:14,330 [trainer.py] => dataset: cifar224
2025-08-22 00:11:14,330 [trainer.py] => memory_size: 0
2025-08-22 00:11:14,330 [trainer.py] => memory_per_class: 0
2025-08-22 00:11:14,330 [trainer.py] => fixed_memory: False
2025-08-22 00:11:14,331 [trainer.py] => shuffle: False
2025-08-22 00:11:14,331 [trainer.py] => init_cls: 60
2025-08-22 00:11:14,331 [trainer.py] => increment: 5
2025-08-22 00:11:14,331 [trainer.py] => model_name: simplecil
2025-08-22 00:11:14,331 [trainer.py] => backbone_type: pretrained_vit_b16_224
2025-08-22 00:11:14,331 [trainer.py] => device: [device(type='cuda', index=1)]
2025-08-22 00:11:14,331 [trainer.py] => seed: 1993
2025-08-22 00:11:14,331 [trainer.py] => kshot: 5
2025-08-22 00:11:14,331 [trainer.py] => tuned_epoch: 20
2025-08-22 00:11:14,331 [trainer.py] => init_lr: 0.01
2025-08-22 00:11:14,331 [trainer.py] => batch_size: 48
2025-08-22 00:11:14,331 [trainer.py] => weight_decay: 0.05
2025-08-22 00:11:14,331 [trainer.py] => min_lr: 1e-08
2025-08-22 00:11:14,331 [trainer.py] => optimizer: sgd
2025-08-22 00:11:14,331 [trainer.py] => vpt_type: shallow
2025-08-22 00:11:14,331 [trainer.py] => prompt_token_num: 3
2025-08-22 00:11:14,331 [trainer.py] => gpu_models: ['NVIDIA A800 80GB PCIe']
2025-08-22 00:11:15,562 [data_manager.py] => [0, 1, 2, 3, 4, 5, 6, 7, 8, 9, 10, 11, 12, 13, 14, 15, 16, 17, 18, 19, 20, 21, 22, 23, 24, 25, 26, 27, 28, 29, 30, 31, 32, 33, 34, 35, 36, 37, 38, 39, 40, 41, 42, 43, 44, 45, 46, 47, 48, 49, 50, 51, 52, 53, 54, 55, 56, 57, 58, 59, 60, 61, 62, 63, 64, 65, 66, 67, 68, 69, 70, 71, 72, 73, 74, 75, 76, 77, 78, 79, 80, 81, 82, 83, 84, 85, 86, 87, 88, 89, 90, 91, 92, 93, 94, 95, 96, 97, 98, 99]
This is for the BaseNet initialization.
After BaseNet initialization.
2025-08-22 00:11:20,718 [trainer.py] => All params: 85875457
2025-08-22 00:11:20,718 [trainer.py] => Trainable params: 85875457
2025-08-22 00:11:20,903 [simplecil.py] => Learning on 0-60
2025-08-22 00:13:09,168 [trainer.py] => CNN: {'total': 76.92, '00-59': 76.92, '60-64': 92.0, '65-69': 92.0, '70-74': 84.0, '75-79': 68.0, '80-84': 72.0, '85-89': 64.0, '90-94': 80.0, '95-99': 72.0, 'old': 0, 'new': 76.92}
2025-08-22 00:13:09,168 [trainer.py] => CNN top1 curve: [76.92]
2025-08-22 00:13:09,168 [trainer.py] => Average Accuracy (CNN): 76.92 

2025-08-22 00:13:09,169 [trainer.py] => All params: 85921538
2025-08-22 00:13:09,170 [trainer.py] => Trainable params: 85921538
2025-08-22 00:13:09,172 [simplecil.py] => Learning on 60-65
2025-08-22 00:13:29,268 [trainer.py] => CNN: {'total': 74.05, '00-59': 76.55, '60-64': 44.0, '65-69': 88.0, '70-74': 76.0, '75-79': 84.0, '80-84': 76.0, '85-89': 72.0, '90-94': 72.0, '95-99': 84.0, 'old': 76.55, 'new': 44.0}
2025-08-22 00:13:29,268 [trainer.py] => CNN top1 curve: [76.92, 74.05]
2025-08-22 00:13:29,268 [trainer.py] => Average Accuracy (CNN): 75.48 

2025-08-22 00:13:29,269 [trainer.py] => All params: 85925378
2025-08-22 00:13:29,270 [trainer.py] => Trainable params: 85925378
2025-08-22 00:13:29,271 [simplecil.py] => Learning on 65-70
2025-08-22 00:13:50,638 [trainer.py] => CNN: {'total': 71.14, '00-59': 76.35, '60-64': 42.8, '65-69': 37.0, '70-74': 80.0, '75-79': 80.0, '80-84': 76.0, '85-89': 80.0, '90-94': 64.0, '95-99': 80.0, 'old': 73.77, 'new': 37.0}
2025-08-22 00:13:50,639 [trainer.py] => CNN top1 curve: [76.92, 74.05, 71.14]
2025-08-22 00:13:50,639 [trainer.py] => Average Accuracy (CNN): 74.04 

2025-08-22 00:13:50,639 [trainer.py] => All params: 85929218
2025-08-22 00:13:50,640 [trainer.py] => Trainable params: 85929218
2025-08-22 00:13:50,641 [simplecil.py] => Learning on 70-75
2025-08-22 00:14:13,304 [trainer.py] => CNN: {'total': 69.01, '00-59': 75.57, '60-64': 40.6, '65-69': 37.0, '70-74': 50.8, '75-79': 84.0, '80-84': 72.0, '85-89': 84.0, '90-94': 88.0, '95-99': 72.0, 'old': 70.31, 'new': 50.8}
2025-08-22 00:14:13,305 [trainer.py] => CNN top1 curve: [76.92, 74.05, 71.14, 69.01]
2025-08-22 00:14:13,305 [trainer.py] => Average Accuracy (CNN): 72.78 

2025-08-22 00:14:13,305 [trainer.py] => All params: 85933058
2025-08-22 00:14:13,306 [trainer.py] => Trainable params: 85933058
2025-08-22 00:14:13,307 [simplecil.py] => Learning on 75-80
2025-08-22 00:14:37,476 [trainer.py] => CNN: {'total': 68.82, '00-59': 75.42, '60-64': 40.6, '65-69': 36.8, '70-74': 50.8, '75-79': 68.0, '80-84': 80.0, '85-89': 64.0, '90-94': 88.0, '95-99': 76.0, 'old': 68.88, 'new': 68.0}
2025-08-22 00:14:37,476 [trainer.py] => CNN top1 curve: [76.92, 74.05, 71.14, 69.01, 68.82]
2025-08-22 00:14:37,476 [trainer.py] => Average Accuracy (CNN): 71.99 

2025-08-22 00:14:37,477 [trainer.py] => All params: 85936898
2025-08-22 00:14:37,477 [trainer.py] => Trainable params: 85936898
2025-08-22 00:14:37,478 [simplecil.py] => Learning on 80-85
2025-08-22 00:15:02,334 [trainer.py] => CNN: {'total': 68.16, '00-59': 75.02, '60-64': 39.6, '65-69': 36.4, '70-74': 50.8, '75-79': 68.0, '80-84': 63.8, '85-89': 68.0, '90-94': 72.0, '95-99': 72.0, 'old': 68.44, 'new': 63.8}
2025-08-22 00:15:02,334 [trainer.py] => CNN top1 curve: [76.92, 74.05, 71.14, 69.01, 68.82, 68.16]
2025-08-22 00:15:02,334 [trainer.py] => Average Accuracy (CNN): 71.35 

2025-08-22 00:15:02,335 [trainer.py] => All params: 85940738
2025-08-22 00:15:02,336 [trainer.py] => Trainable params: 85940738
2025-08-22 00:15:02,337 [simplecil.py] => Learning on 85-90
2025-08-22 00:15:39,673 [trainer.py] => CNN: {'total': 67.6, '00-59': 74.75, '60-64': 39.6, '65-69': 36.4, '70-74': 50.6, '75-79': 67.6, '80-84': 63.6, '85-89': 62.0, '90-94': 76.0, '95-99': 64.0, 'old': 67.93, 'new': 62.0}
2025-08-22 00:15:39,674 [trainer.py] => CNN top1 curve: [76.92, 74.05, 71.14, 69.01, 68.82, 68.16, 67.6]
2025-08-22 00:15:39,674 [trainer.py] => Average Accuracy (CNN): 70.81 

2025-08-22 00:15:39,675 [trainer.py] => All params: 85944578
2025-08-22 00:15:39,675 [trainer.py] => Trainable params: 85944578
2025-08-22 00:15:39,681 [simplecil.py] => Learning on 90-95
2025-08-22 00:16:33,130 [trainer.py] => CNN: {'total': 65.99, '00-59': 74.68, '60-64': 39.6, '65-69': 36.4, '70-74': 50.6, '75-79': 67.6, '80-84': 63.0, '85-89': 61.6, '90-94': 38.8, '95-99': 76.0, 'old': 67.5, 'new': 38.8}
2025-08-22 00:16:33,130 [trainer.py] => CNN top1 curve: [76.92, 74.05, 71.14, 69.01, 68.82, 68.16, 67.6, 65.99]
2025-08-22 00:16:33,130 [trainer.py] => Average Accuracy (CNN): 70.21 

2025-08-22 00:16:33,131 [trainer.py] => All params: 85948418
2025-08-22 00:16:33,132 [trainer.py] => Trainable params: 85948418
2025-08-22 00:16:33,137 [simplecil.py] => Learning on 95-100
2025-08-22 00:17:28,937 [trainer.py] => CNN: {'total': 64.18, '00-59': 73.53, '60-64': 38.4, '65-69': 35.8, '70-74': 50.4, '75-79': 61.0, '80-84': 63.0, '85-89': 61.0, '90-94': 38.8, '95-99': 52.8, 'old': 64.78, 'new': 52.8}
2025-08-22 00:17:28,938 [trainer.py] => CNN top1 curve: [76.92, 74.05, 71.14, 69.01, 68.82, 68.16, 67.6, 65.99, 64.18]
2025-08-22 00:17:28,938 [trainer.py] => Average Accuracy (CNN): 69.54 


================================================================================
Finished cifar224_init60_inc5: pretrained_vit_b16_224  
Base Accuracy: 76.92
Lase Accuracy: 64.18
Average Accuracy (Top1): 69.54
PD: 12.74
Backward Transfer (BWT): -2.42
Forward Transfer (FWT): 33.8
Accuracy Matrix (CNN):
[[76.92 92.   92.   84.   68.   72.   64.   80.   72.  ]
 [76.55 44.   88.   76.   84.   76.   72.   72.   84.  ]
 [76.35 42.8  37.   80.   80.   76.   80.   64.   80.  ]
 [75.57 40.6  37.   50.8  84.   72.   84.   88.   72.  ]
 [75.42 40.6  36.8  50.8  68.   80.   64.   88.   76.  ]
 [75.02 39.6  36.4  50.8  68.   63.8  68.   72.   72.  ]
 [74.75 39.6  36.4  50.6  67.6  63.6  62.   76.   64.  ]
 [74.68 39.6  36.4  50.6  67.6  63.   61.6  38.8  76.  ]
 [73.53 38.4  35.8  50.4  61.   63.   61.   38.8  52.8 ]]
================================================================================

2025-08-22 00:17:33,271 [trainer.py] => config: ./scripts/simplecil/IN1K/simplecil_mini_B60_Inc5.json
2025-08-22 00:17:33,273 [trainer.py] => prefix:  
2025-08-22 00:17:33,273 [trainer.py] => dataset: mini_imagenet
2025-08-22 00:17:33,273 [trainer.py] => memory_size: 0
2025-08-22 00:17:33,273 [trainer.py] => memory_per_class: 0
2025-08-22 00:17:33,273 [trainer.py] => fixed_memory: False
2025-08-22 00:17:33,273 [trainer.py] => shuffle: False
2025-08-22 00:17:33,273 [trainer.py] => init_cls: 60
2025-08-22 00:17:33,273 [trainer.py] => increment: 5
2025-08-22 00:17:33,273 [trainer.py] => model_name: simplecil
2025-08-22 00:17:33,273 [trainer.py] => backbone_type: pretrained_vit_b16_224
2025-08-22 00:17:33,273 [trainer.py] => device: [device(type='cuda', index=1)]
2025-08-22 00:17:33,273 [trainer.py] => seed: 1993
2025-08-22 00:17:33,273 [trainer.py] => kshot: 5
2025-08-22 00:17:33,273 [trainer.py] => tuned_epoch: 20
2025-08-22 00:17:33,273 [trainer.py] => init_lr: 0.01
2025-08-22 00:17:33,273 [trainer.py] => batch_size: 48
2025-08-22 00:17:33,273 [trainer.py] => weight_decay: 0.05
2025-08-22 00:17:33,273 [trainer.py] => min_lr: 1e-08
2025-08-22 00:17:33,273 [trainer.py] => optimizer: sgd
2025-08-22 00:17:33,273 [trainer.py] => vpt_type: shallow
2025-08-22 00:17:33,273 [trainer.py] => prompt_token_num: 3
2025-08-22 00:17:33,273 [trainer.py] => gpu_models: ['NVIDIA A800 80GB PCIe']
2025-08-22 00:17:33,447 [data_manager.py] => [0, 1, 2, 3, 4, 5, 6, 7, 8, 9, 10, 11, 12, 13, 14, 15, 16, 17, 18, 19, 20, 21, 22, 23, 24, 25, 26, 27, 28, 29, 30, 31, 32, 33, 34, 35, 36, 37, 38, 39, 40, 41, 42, 43, 44, 45, 46, 47, 48, 49, 50, 51, 52, 53, 54, 55, 56, 57, 58, 59, 60, 61, 62, 63, 64, 65, 66, 67, 68, 69, 70, 71, 72, 73, 74, 75, 76, 77, 78, 79, 80, 81, 82, 83, 84, 85, 86, 87, 88, 89, 90, 91, 92, 93, 94, 95, 96, 97, 98, 99]
This is for the BaseNet initialization.
After BaseNet initialization.
2025-08-22 00:17:38,726 [trainer.py] => All params: 85875457
2025-08-22 00:17:38,727 [trainer.py] => Trainable params: 85875457
2025-08-22 00:17:39,743 [simplecil.py] => Learning on 0-60
2025-08-22 00:21:15,061 [trainer.py] => CNN: {'total': 94.98, '00-59': 94.98, '60-64': 80.0, '65-69': 92.0, '70-74': 92.0, '75-79': 92.0, '80-84': 88.0, '85-89': 72.0, '90-94': 72.0, '95-99': 96.0, 'old': 0, 'new': 94.98}
2025-08-22 00:21:15,086 [trainer.py] => CNN top1 curve: [94.98]
2025-08-22 00:21:15,086 [trainer.py] => Average Accuracy (CNN): 94.98 

2025-08-22 00:21:15,087 [trainer.py] => All params: 85921538
2025-08-22 00:21:15,088 [trainer.py] => Trainable params: 85921538
2025-08-22 00:21:15,093 [simplecil.py] => Learning on 60-65
2025-08-22 00:21:55,168 [trainer.py] => CNN: {'total': 94.45, '00-59': 94.88, '60-64': 89.2, '65-69': 88.0, '70-74': 80.0, '75-79': 88.0, '80-84': 92.0, '85-89': 68.0, '90-94': 72.0, '95-99': 80.0, 'old': 94.88, 'new': 89.2}
2025-08-22 00:21:55,168 [trainer.py] => CNN top1 curve: [94.98, 94.45]
2025-08-22 00:21:55,169 [trainer.py] => Average Accuracy (CNN): 94.72 

2025-08-22 00:21:55,169 [trainer.py] => All params: 85925378
2025-08-22 00:21:55,170 [trainer.py] => Trainable params: 85925378
2025-08-22 00:21:55,175 [simplecil.py] => Learning on 65-70
2025-08-22 00:22:37,655 [trainer.py] => CNN: {'total': 92.31, '00-59': 94.78, '60-64': 89.2, '65-69': 65.8, '70-74': 84.0, '75-79': 92.0, '80-84': 76.0, '85-89': 84.0, '90-94': 80.0, '95-99': 88.0, 'old': 94.35, 'new': 65.8}
2025-08-22 00:22:37,655 [trainer.py] => CNN top1 curve: [94.98, 94.45, 92.31]
2025-08-22 00:22:37,655 [trainer.py] => Average Accuracy (CNN): 93.91 

2025-08-22 00:22:37,656 [trainer.py] => All params: 85929218
2025-08-22 00:22:37,656 [trainer.py] => Trainable params: 85929218
2025-08-22 00:22:37,657 [simplecil.py] => Learning on 70-75
2025-08-22 00:23:22,259 [trainer.py] => CNN: {'total': 91.96, '00-59': 94.77, '60-64': 88.8, '65-69': 65.8, '70-74': 87.6, '75-79': 72.0, '80-84': 84.0, '85-89': 72.0, '90-94': 84.0, '95-99': 92.0, 'old': 92.27, 'new': 87.6}
2025-08-22 00:23:22,260 [trainer.py] => CNN top1 curve: [94.98, 94.45, 92.31, 91.96]
2025-08-22 00:23:22,260 [trainer.py] => Average Accuracy (CNN): 93.42 

2025-08-22 00:23:22,260 [trainer.py] => All params: 85933058
2025-08-22 00:23:22,261 [trainer.py] => Trainable params: 85933058
2025-08-22 00:23:22,265 [simplecil.py] => Learning on 75-80
2025-08-22 00:24:09,401 [trainer.py] => CNN: {'total': 91.32, '00-59': 94.75, '60-64': 88.8, '65-69': 65.8, '70-74': 87.6, '75-79': 82.0, '80-84': 84.0, '85-89': 80.0, '90-94': 80.0, '95-99': 72.0, 'old': 91.95, 'new': 82.0}
2025-08-22 00:24:09,402 [trainer.py] => CNN top1 curve: [94.98, 94.45, 92.31, 91.96, 91.32]
2025-08-22 00:24:09,402 [trainer.py] => Average Accuracy (CNN): 93.0 

2025-08-22 00:24:09,402 [trainer.py] => All params: 85936898
2025-08-22 00:24:09,403 [trainer.py] => Trainable params: 85936898
2025-08-22 00:24:09,408 [simplecil.py] => Learning on 80-85
2025-08-22 00:24:58,768 [trainer.py] => CNN: {'total': 90.22, '00-59': 94.6, '60-64': 88.6, '65-69': 65.0, '70-74': 87.6, '75-79': 80.4, '80-84': 77.0, '85-89': 76.0, '90-94': 76.0, '95-99': 76.0, 'old': 91.05, 'new': 77.0}
2025-08-22 00:24:58,768 [trainer.py] => CNN top1 curve: [94.98, 94.45, 92.31, 91.96, 91.32, 90.22]
2025-08-22 00:24:58,768 [trainer.py] => Average Accuracy (CNN): 92.54 

2025-08-22 00:24:58,768 [trainer.py] => All params: 85940738
2025-08-22 00:24:58,769 [trainer.py] => Trainable params: 85940738
2025-08-22 00:24:58,774 [simplecil.py] => Learning on 85-90
2025-08-22 00:25:50,896 [trainer.py] => CNN: {'total': 89.01, '00-59': 94.45, '60-64': 88.4, '65-69': 64.2, '70-74': 87.0, '75-79': 80.0, '80-84': 77.0, '85-89': 72.2, '90-94': 72.0, '95-99': 88.0, 'old': 90.0, 'new': 72.2}
2025-08-22 00:25:50,897 [trainer.py] => CNN top1 curve: [94.98, 94.45, 92.31, 91.96, 91.32, 90.22, 89.01]
2025-08-22 00:25:50,897 [trainer.py] => Average Accuracy (CNN): 92.04 

2025-08-22 00:25:50,897 [trainer.py] => All params: 85944578
2025-08-22 00:25:50,898 [trainer.py] => Trainable params: 85944578
2025-08-22 00:25:50,903 [simplecil.py] => Learning on 90-95
2025-08-22 00:26:44,941 [trainer.py] => CNN: {'total': 87.56, '00-59': 94.42, '60-64': 87.8, '65-69': 63.8, '70-74': 87.0, '75-79': 80.0, '80-84': 77.0, '85-89': 71.6, '90-94': 63.4, '95-99': 88.0, 'old': 88.9, 'new': 63.4}
2025-08-22 00:26:44,941 [trainer.py] => CNN top1 curve: [94.98, 94.45, 92.31, 91.96, 91.32, 90.22, 89.01, 87.56]
2025-08-22 00:26:44,942 [trainer.py] => Average Accuracy (CNN): 91.48 

2025-08-22 00:26:44,942 [trainer.py] => All params: 85948418
2025-08-22 00:26:44,943 [trainer.py] => Trainable params: 85948418
2025-08-22 00:26:44,948 [simplecil.py] => Learning on 95-100
2025-08-22 00:27:40,277 [trainer.py] => CNN: {'total': 87.66, '00-59': 94.33, '60-64': 87.8, '65-69': 63.8, '70-74': 87.0, '75-79': 79.8, '80-84': 77.0, '85-89': 71.2, '90-94': 63.2, '95-99': 91.4, 'old': 87.46, 'new': 91.4}
2025-08-22 00:27:40,277 [trainer.py] => CNN top1 curve: [94.98, 94.45, 92.31, 91.96, 91.32, 90.22, 89.01, 87.56, 87.66]
2025-08-22 00:27:40,277 [trainer.py] => Average Accuracy (CNN): 91.05 


================================================================================
Finished mini_imagenet_init60_inc5: pretrained_vit_b16_224  
Base Accuracy: 94.98
Lase Accuracy: 87.66
Average Accuracy (Top1): 91.05
PD: 7.32
Backward Transfer (BWT): -1.01
Forward Transfer (FWT): -0.47
Accuracy Matrix (CNN):
[[94.98 80.   92.   92.   92.   88.   72.   72.   96.  ]
 [94.88 89.2  88.   80.   88.   92.   68.   72.   80.  ]
 [94.78 89.2  65.8  84.   92.   76.   84.   80.   88.  ]
 [94.77 88.8  65.8  87.6  72.   84.   72.   84.   92.  ]
 [94.75 88.8  65.8  87.6  82.   84.   80.   80.   72.  ]
 [94.6  88.6  65.   87.6  80.4  77.   76.   76.   76.  ]
 [94.45 88.4  64.2  87.   80.   77.   72.2  72.   88.  ]
 [94.42 87.8  63.8  87.   80.   77.   71.6  63.4  88.  ]
 [94.33 87.8  63.8  87.   79.8  77.   71.2  63.2  91.4 ]]
================================================================================

2025-08-22 00:27:58,290 [trainer.py] => config: ./scripts/simplecil/IN1K/simplecil_inr_B100_Inc10.json
2025-08-22 00:27:58,305 [trainer.py] => prefix:  
2025-08-22 00:27:58,305 [trainer.py] => dataset: imagenetr
2025-08-22 00:27:58,306 [trainer.py] => memory_size: 0
2025-08-22 00:27:58,306 [trainer.py] => memory_per_class: 0
2025-08-22 00:27:58,306 [trainer.py] => fixed_memory: False
2025-08-22 00:27:58,306 [trainer.py] => shuffle: False
2025-08-22 00:27:58,306 [trainer.py] => init_cls: 100
2025-08-22 00:27:58,306 [trainer.py] => increment: 10
2025-08-22 00:27:58,307 [trainer.py] => model_name: simplecil
2025-08-22 00:27:58,307 [trainer.py] => backbone_type: pretrained_vit_b16_224
2025-08-22 00:27:58,307 [trainer.py] => device: [device(type='cuda', index=1)]
2025-08-22 00:27:58,307 [trainer.py] => seed: 1993
2025-08-22 00:27:58,307 [trainer.py] => kshot: 5
2025-08-22 00:27:58,307 [trainer.py] => tuned_epoch: 20
2025-08-22 00:27:58,307 [trainer.py] => init_lr: 0.01
2025-08-22 00:27:58,308 [trainer.py] => batch_size: 48
2025-08-22 00:27:58,308 [trainer.py] => weight_decay: 0.05
2025-08-22 00:27:58,308 [trainer.py] => min_lr: 1e-08
2025-08-22 00:27:58,308 [trainer.py] => optimizer: sgd
2025-08-22 00:27:58,308 [trainer.py] => vpt_type: shallow
2025-08-22 00:27:58,308 [trainer.py] => prompt_token_num: 3
2025-08-22 00:27:58,308 [trainer.py] => gpu_models: ['NVIDIA A800 80GB PCIe']
2025-08-22 00:27:59,410 [data_manager.py] => [0, 1, 2, 3, 4, 5, 6, 7, 8, 9, 10, 11, 12, 13, 14, 15, 16, 17, 18, 19, 20, 21, 22, 23, 24, 25, 26, 27, 28, 29, 30, 31, 32, 33, 34, 35, 36, 37, 38, 39, 40, 41, 42, 43, 44, 45, 46, 47, 48, 49, 50, 51, 52, 53, 54, 55, 56, 57, 58, 59, 60, 61, 62, 63, 64, 65, 66, 67, 68, 69, 70, 71, 72, 73, 74, 75, 76, 77, 78, 79, 80, 81, 82, 83, 84, 85, 86, 87, 88, 89, 90, 91, 92, 93, 94, 95, 96, 97, 98, 99, 100, 101, 102, 103, 104, 105, 106, 107, 108, 109, 110, 111, 112, 113, 114, 115, 116, 117, 118, 119, 120, 121, 122, 123, 124, 125, 126, 127, 128, 129, 130, 131, 132, 133, 134, 135, 136, 137, 138, 139, 140, 141, 142, 143, 144, 145, 146, 147, 148, 149, 150, 151, 152, 153, 154, 155, 156, 157, 158, 159, 160, 161, 162, 163, 164, 165, 166, 167, 168, 169, 170, 171, 172, 173, 174, 175, 176, 177, 178, 179, 180, 181, 182, 183, 184, 185, 186, 187, 188, 189, 190, 191, 192, 193, 194, 195, 196, 197, 198, 199]
This is for the BaseNet initialization.
After BaseNet initialization.
2025-08-22 00:28:12,137 [trainer.py] => All params: 85952257
2025-08-22 00:28:12,138 [trainer.py] => Trainable params: 85952257
2025-08-22 00:28:12,422 [simplecil.py] => Learning on 0-100
2025-08-22 00:29:52,938 [trainer.py] => CNN: {'total': 62.49, '00-99': 62.49, '100-109': 82.0, '110-119': 84.0, '120-129': 84.0, '130-139': 78.0, '140-149': 84.0, '150-159': 76.0, '160-169': 86.0, '170-179': 86.0, '180-189': 78.0, '190-199': 88.0, 'old': 0, 'new': 62.49}
2025-08-22 00:29:52,941 [trainer.py] => CNN top1 curve: [62.49]
2025-08-22 00:29:52,941 [trainer.py] => Average Accuracy (CNN): 62.49 

2025-08-22 00:29:52,942 [trainer.py] => All params: 86029058
2025-08-22 00:29:52,943 [trainer.py] => Trainable params: 86029058
2025-08-22 00:29:52,948 [simplecil.py] => Learning on 100-110
2025-08-22 00:30:19,704 [trainer.py] => CNN: {'total': 58.55, '00-99': 62.29, '100-109': 22.71, '110-119': 88.0, '120-129': 82.0, '130-139': 76.0, '140-149': 76.0, '150-159': 74.0, '160-169': 82.0, '170-179': 92.0, '180-189': 84.0, '190-199': 88.0, 'old': 62.29, 'new': 22.71}
2025-08-22 00:30:19,704 [trainer.py] => CNN top1 curve: [62.49, 58.55]
2025-08-22 00:30:19,704 [trainer.py] => Average Accuracy (CNN): 60.52 

2025-08-22 00:30:19,705 [trainer.py] => All params: 86036738
2025-08-22 00:30:19,705 [trainer.py] => Trainable params: 86036738
2025-08-22 00:30:19,711 [simplecil.py] => Learning on 110-120
2025-08-22 00:30:46,924 [trainer.py] => CNN: {'total': 57.8, '00-99': 61.86, '100-109': 21.77, '110-119': 54.23, '120-129': 70.0, '130-139': 88.0, '140-149': 78.0, '150-159': 76.0, '160-169': 94.0, '170-179': 90.0, '180-189': 86.0, '190-199': 94.0, 'old': 58.08, 'new': 54.23}
2025-08-22 00:30:46,924 [trainer.py] => CNN top1 curve: [62.49, 58.55, 57.8]
2025-08-22 00:30:46,924 [trainer.py] => Average Accuracy (CNN): 59.61 

2025-08-22 00:30:46,925 [trainer.py] => All params: 86044418
2025-08-22 00:30:46,925 [trainer.py] => Trainable params: 86044418
2025-08-22 00:30:46,929 [simplecil.py] => Learning on 120-130
2025-08-22 00:31:15,930 [trainer.py] => CNN: {'total': 55.73, '00-99': 61.6, '100-109': 21.77, '110-119': 52.31, '120-129': 35.71, '130-139': 80.0, '140-149': 92.0, '150-159': 68.0, '160-169': 84.0, '170-179': 86.0, '180-189': 90.0, '190-199': 80.0, 'old': 57.44, 'new': 35.71}
2025-08-22 00:31:15,930 [trainer.py] => CNN top1 curve: [62.49, 58.55, 57.8, 55.73]
2025-08-22 00:31:15,930 [trainer.py] => Average Accuracy (CNN): 58.64 

2025-08-22 00:31:15,931 [trainer.py] => All params: 86052098
2025-08-22 00:31:15,931 [trainer.py] => Trainable params: 86052098
2025-08-22 00:31:15,936 [simplecil.py] => Learning on 130-140
2025-08-22 00:31:45,140 [trainer.py] => CNN: {'total': 55.05, '00-99': 61.34, '100-109': 21.45, '110-119': 48.08, '120-129': 33.12, '130-139': 55.41, '140-149': 74.0, '150-159': 80.0, '160-169': 86.0, '170-179': 82.0, '180-189': 80.0, '190-199': 90.0, 'old': 55.02, 'new': 55.41}
2025-08-22 00:31:45,140 [trainer.py] => CNN top1 curve: [62.49, 58.55, 57.8, 55.73, 55.05]
2025-08-22 00:31:45,140 [trainer.py] => Average Accuracy (CNN): 57.92 

2025-08-22 00:31:45,141 [trainer.py] => All params: 86059778
2025-08-22 00:31:45,142 [trainer.py] => Trainable params: 86059778
2025-08-22 00:31:45,147 [simplecil.py] => Learning on 140-150
2025-08-22 00:32:14,302 [trainer.py] => CNN: {'total': 54.65, '00-99': 61.3, '100-109': 21.45, '110-119': 46.15, '120-129': 31.17, '130-139': 54.73, '140-149': 53.27, '150-159': 76.0, '160-169': 86.0, '170-179': 92.0, '180-189': 80.0, '190-199': 96.0, 'old': 54.72, 'new': 53.27}
2025-08-22 00:32:14,302 [trainer.py] => CNN top1 curve: [62.49, 58.55, 57.8, 55.73, 55.05, 54.65]
2025-08-22 00:32:14,303 [trainer.py] => Average Accuracy (CNN): 57.38 

2025-08-22 00:32:14,303 [trainer.py] => All params: 86067458
2025-08-22 00:32:14,304 [trainer.py] => Trainable params: 86067458
2025-08-22 00:32:14,308 [simplecil.py] => Learning on 150-160
2025-08-22 00:32:40,693 [trainer.py] => CNN: {'total': 53.7, '00-99': 61.24, '100-109': 21.45, '110-119': 45.38, '120-129': 30.84, '130-139': 53.38, '140-149': 52.8, '150-159': 41.38, '160-169': 90.0, '170-179': 84.0, '180-189': 80.0, '190-199': 92.0, 'old': 54.42, 'new': 41.38}
2025-08-22 00:32:40,694 [trainer.py] => CNN top1 curve: [62.49, 58.55, 57.8, 55.73, 55.05, 54.65, 53.7]
2025-08-22 00:32:40,694 [trainer.py] => Average Accuracy (CNN): 56.85 

2025-08-22 00:32:40,694 [trainer.py] => All params: 86075138
2025-08-22 00:32:40,695 [trainer.py] => Trainable params: 86075138
2025-08-22 00:32:40,700 [simplecil.py] => Learning on 160-170
2025-08-22 00:33:08,258 [trainer.py] => CNN: {'total': 53.92, '00-99': 61.2, '100-109': 21.45, '110-119': 44.23, '120-129': 30.52, '130-139': 51.35, '140-149': 51.87, '150-159': 39.08, '160-169': 62.39, '170-179': 90.0, '180-189': 86.0, '190-199': 94.0, 'old': 53.29, 'new': 62.39}
2025-08-22 00:33:08,258 [trainer.py] => CNN top1 curve: [62.49, 58.55, 57.8, 55.73, 55.05, 54.65, 53.7, 53.92]
2025-08-22 00:33:08,259 [trainer.py] => Average Accuracy (CNN): 56.49 

2025-08-22 00:33:08,259 [trainer.py] => All params: 86082818
2025-08-22 00:33:08,260 [trainer.py] => Trainable params: 86082818
2025-08-22 00:33:08,266 [simplecil.py] => Learning on 170-180
2025-08-22 00:33:34,013 [trainer.py] => CNN: {'total': 53.45, '00-99': 60.97, '100-109': 21.45, '110-119': 43.46, '120-129': 29.55, '130-139': 49.66, '140-149': 50.0, '150-159': 37.55, '160-169': 61.54, '170-179': 54.87, '180-189': 86.0, '190-199': 84.0, 'old': 53.37, 'new': 54.87}
2025-08-22 00:33:34,013 [trainer.py] => CNN top1 curve: [62.49, 58.55, 57.8, 55.73, 55.05, 54.65, 53.7, 53.92, 53.45]
2025-08-22 00:33:34,013 [trainer.py] => Average Accuracy (CNN): 56.15 

2025-08-22 00:33:34,014 [trainer.py] => All params: 86090498
2025-08-22 00:33:34,015 [trainer.py] => Trainable params: 86090498
2025-08-22 00:33:34,016 [simplecil.py] => Learning on 180-190
2025-08-22 00:33:57,852 [trainer.py] => CNN: {'total': 52.07, '00-99': 60.74, '100-109': 21.45, '110-119': 43.08, '120-129': 28.57, '130-139': 49.66, '140-149': 49.53, '150-159': 37.16, '160-169': 61.54, '170-179': 53.43, '180-189': 36.46, '190-199': 88.0, 'old': 53.13, 'new': 36.46}
2025-08-22 00:33:57,853 [trainer.py] => CNN top1 curve: [62.49, 58.55, 57.8, 55.73, 55.05, 54.65, 53.7, 53.92, 53.45, 52.07]
2025-08-22 00:33:57,853 [trainer.py] => Average Accuracy (CNN): 55.74 

2025-08-22 00:33:57,853 [trainer.py] => All params: 86098178
2025-08-22 00:33:57,854 [trainer.py] => Trainable params: 86098178
2025-08-22 00:33:57,856 [simplecil.py] => Learning on 190-200
2025-08-22 00:34:20,510 [trainer.py] => CNN: {'total': 50.93, '00-99': 60.48, '100-109': 21.14, '110-119': 42.69, '120-129': 28.25, '130-139': 47.97, '140-149': 49.53, '150-159': 36.78, '160-169': 60.4, '170-179': 53.43, '180-189': 34.81, '190-199': 39.05, 'old': 51.59, 'new': 39.05}
2025-08-22 00:34:20,510 [trainer.py] => CNN top1 curve: [62.49, 58.55, 57.8, 55.73, 55.05, 54.65, 53.7, 53.92, 53.45, 52.07, 50.93]
2025-08-22 00:34:20,510 [trainer.py] => Average Accuracy (CNN): 55.3 


================================================================================
Finished imagenetr_init100_inc10: pretrained_vit_b16_224  
Base Accuracy: 62.49
Lase Accuracy: 50.93
Average Accuracy (Top1): 55.3
PD: 11.56
Backward Transfer (BWT): -4.34
Forward Transfer (FWT): 35.89
Accuracy Matrix (CNN):
[[62.49 82.   84.   84.   78.   84.   76.   86.   86.   78.   88.  ]
 [62.29 22.71 88.   82.   76.   76.   74.   82.   92.   84.   88.  ]
 [61.86 21.77 54.23 70.   88.   78.   76.   94.   90.   86.   94.  ]
 [61.6  21.77 52.31 35.71 80.   92.   68.   84.   86.   90.   80.  ]
 [61.34 21.45 48.08 33.12 55.41 74.   80.   86.   82.   80.   90.  ]
 [61.3  21.45 46.15 31.17 54.73 53.27 76.   86.   92.   80.   96.  ]
 [61.24 21.45 45.38 30.84 53.38 52.8  41.38 90.   84.   80.   92.  ]
 [61.2  21.45 44.23 30.52 51.35 51.87 39.08 62.39 90.   86.   94.  ]
 [60.97 21.45 43.46 29.55 49.66 50.   37.55 61.54 54.87 86.   84.  ]
 [60.74 21.45 43.08 28.57 49.66 49.53 37.16 61.54 53.43 36.46 88.  ]
 [60.48 21.14 42.69 28.25 47.97 49.53 36.78 60.4  53.43 34.81 39.05]]
================================================================================

