/home/team/zhaohongwei/anaconda3/envs/peft/bin/python3.10 /home/team/zhaohongwei/Code/Research/Awesome-FSCIL/SEC-Prompt-main/main.py 
2025-12-23 11:51:06,033 [trainer.py] => config: ./exps/cub_debug.json
2025-12-23 11:51:06,034 [trainer.py] => lamda: 0.5
2025-12-23 11:51:06,034 [trainer.py] => aug: 2
2025-12-23 11:51:06,034 [trainer.py] => prompt_token_num: 6
2025-12-23 11:51:06,034 [trainer.py] => prompt_pool_num: 0.5
2025-12-23 11:51:06,034 [trainer.py] => model_name: sec
2025-12-23 11:51:06,034 [trainer.py] => backbone_type: pretrained_vit_b16_224_vpt
2025-12-23 11:51:06,034 [trainer.py] => device: [device(type='cuda', index=2)]
2025-12-23 11:51:06,034 [trainer.py] => seed: 1993
2025-12-23 11:51:06,034 [trainer.py] => dataset: cub
2025-12-23 11:51:06,034 [trainer.py] => init_cls: 100
2025-12-23 11:51:06,034 [trainer.py] => increment: 10
2025-12-23 11:51:06,034 [trainer.py] => kshot: 5
2025-12-23 11:51:06,034 [trainer.py] => vpt_type: Deep
2025-12-23 11:51:06,034 [trainer.py] => kl_weight: 0.001
2025-12-23 11:51:06,034 [trainer.py] => tuned_epoch: 1
2025-12-23 11:51:06,034 [trainer.py] => fs_epoch: 1
2025-12-23 11:51:06,034 [trainer.py] => init_lr: 0.01
2025-12-23 11:51:06,034 [trainer.py] => fs_lr: 0.001
2025-12-23 11:51:06,034 [trainer.py] => batch_size: 32
2025-12-23 11:51:06,034 [trainer.py] => fs_batch_size: 16
2025-12-23 11:51:06,034 [trainer.py] => weight_decay: 0.005
2025-12-23 11:51:06,034 [trainer.py] => min_lr: 0
2025-12-23 11:51:06,034 [trainer.py] => optimizer: sgd
2025-12-23 11:51:06,034 [trainer.py] => shuffle: False
2025-12-23 11:51:06,034 [trainer.py] => top_k: 5
2025-12-23 11:51:06,034 [trainer.py] => base_model_path: saved_model/sec_tr/cub/1_0.01/6_0.5/sec_1_1993_32.pth
2025-12-23 11:51:06,034 [trainer.py] => prefix: sec
2025-12-23 11:51:06,034 [trainer.py] => model_prefix: sec
2025-12-23 11:51:06,034 [trainer.py] => beta: 0.5
2025-12-23 11:51:06,034 [trainer.py] => memory_size: 0
2025-12-23 11:51:06,034 [trainer.py] => memory_per_class: 0
2025-12-23 11:51:06,034 [trainer.py] => fixed_memory: False
2025-12-23 11:51:06,154 [data_manager.py] => [0, 1, 2, 3, 4, 5, 6, 7, 8, 9, 10, 11, 12, 13, 14, 15, 16, 17, 18, 19, 20, 21, 22, 23, 24, 25, 26, 27, 28, 29, 30, 31, 32, 33, 34, 35, 36, 37, 38, 39, 40, 41, 42, 43, 44, 45, 46, 47, 48, 49, 50, 51, 52, 53, 54, 55, 56, 57, 58, 59, 60, 61, 62, 63, 64, 65, 66, 67, 68, 69, 70, 71, 72, 73, 74, 75, 76, 77, 78, 79, 80, 81, 82, 83, 84, 85, 86, 87, 88, 89, 90, 91, 92, 93, 94, 95, 96, 97, 98, 99, 100, 101, 102, 103, 104, 105, 106, 107, 108, 109, 110, 111, 112, 113, 114, 115, 116, 117, 118, 119, 120, 121, 122, 123, 124, 125, 126, 127, 128, 129, 130, 131, 132, 133, 134, 135, 136, 137, 138, 139, 140, 141, 142, 143, 144, 145, 146, 147, 148, 149, 150, 151, 152, 153, 154, 155, 156, 157, 158, 159, 160, 161, 162, 163, 164, 165, 166, 167, 168, 169, 170, 171, 172, 173, 174, 175, 176, 177, 178, 179, 180, 181, 182, 183, 184, 185, 186, 187, 188, 189, 190, 191, 192, 193, 194, 195, 196, 197, 198, 199]
This is for the BaseNet initialization.
modelname, pretrained_vit_b16_224_vpt basicmodelname vit_base_patch16_224
Using VPT model
Using Deep Prompt
After BaseNet initialization.
2025-12-23 11:51:16,729 [sec.py] => Learning on 0-100
2025-12-23 11:51:16,732 [sec.py] => All params: 89830656
2025-12-23 11:51:16,732 [sec.py] => Actual trainable params (excluding detached): 960000
2025-12-23 11:51:16,732 [sec.py] => TSP active prompts: 0 (total: 0)
2025-12-23 11:51:16,732 [sec.py] => RSP active prompts: 50 (total: 50)
2025-12-23 11:51:16,732 [sec.py] => Excluded params: head, detached prompts
2025-12-23 11:51:16,897 [sec.py] => training set size: 4693, fc construct set size: 4693
/home/team/zhaohongwei/Code/Research/Awesome-FSCIL/SEC-Prompt-main/backbone/zoo.py:205: UserWarning: Implicit dimension choice for softmax has been deprecated. Change the call to include dim=X as an argument.
  aq_k = torch.nn.functional.softmax(aq_k)
2025-12-23 11:52:20,209 [trainer.py] => CNN: {'total': 87.7, '00-99': 87.7, '100-109': 74.0, '110-119': 70.0, '120-129': 80.0, '130-139': 80.0, '140-149': 88.0, '150-159': 82.0, '160-169': 80.0, '170-179': 92.0, '180-189': 90.0, '190-199': 86.0, 'old': 0, 'new': 87.7}
2025-12-23 11:52:20,209 [trainer.py] => Top1 curve: [87.7]
2025-12-23 11:52:20,209 [trainer.py] => Average Accuracy (CNN): 87.70
2025-12-23 11:52:20,278 [sec.py] => Learning on 100-110
2025-12-23 11:52:20,279 [sec.py] => All params: 89830656
2025-12-23 11:52:20,279 [sec.py] => Actual trainable params (excluding detached): 1536000
2025-12-23 11:52:20,279 [sec.py] => TSP active prompts: 50 (total: 50)
2025-12-23 11:52:20,279 [sec.py] => RSP active prompts: 0 (total: 50)
2025-12-23 11:52:20,279 [sec.py] => Excluded params: head, detached prompts
2025-12-23 11:52:20,289 [sec.py] => training set size: 50, fc construct set size: 50
2025-12-23 11:52:33,082 [trainer.py] => CNN: {'total': 86.3, '00-99': 87.45, '100-109': 72.73, '110-119': 82.0, '120-129': 66.0, '130-139': 88.0, '140-149': 78.0, '150-159': 80.0, '160-169': 90.0, '170-179': 78.0, '180-189': 96.0, '190-199': 98.0, 'old': 87.45, 'new': 72.73}
2025-12-23 11:52:33,083 [trainer.py] => Top1 curve: [87.7, 86.3]
2025-12-23 11:52:33,083 [trainer.py] => Average Accuracy (CNN): 87.00
2025-12-23 11:52:33,158 [sec.py] => Learning on 110-120
2025-12-23 11:52:33,159 [sec.py] => All params: 89830656
2025-12-23 11:52:33,159 [sec.py] => Actual trainable params (excluding detached): 153600
2025-12-23 11:52:33,159 [sec.py] => TSP active prompts: 5 (total: 55)
2025-12-23 11:52:33,159 [sec.py] => RSP active prompts: 0 (total: 50)
2025-12-23 11:52:33,159 [sec.py] => Excluded params: head, detached prompts
2025-12-23 11:52:33,168 [sec.py] => training set size: 50, fc construct set size: 50
2025-12-23 11:52:45,990 [trainer.py] => CNN: {'total': 84.49, '00-99': 87.36, '100-109': 72.73, '110-119': 66.67, '120-129': 78.0, '130-139': 80.0, '140-149': 72.0, '150-159': 68.0, '160-169': 78.0, '170-179': 74.0, '180-189': 78.0, '190-199': 82.0, 'old': 86.22, 'new': 66.67}
2025-12-23 11:52:45,990 [trainer.py] => Top1 curve: [87.7, 86.3, 84.49]
2025-12-23 11:52:45,991 [trainer.py] => Average Accuracy (CNN): 86.16
2025-12-23 11:52:46,061 [sec.py] => Learning on 120-130
2025-12-23 11:52:46,062 [sec.py] => All params: 89830656
2025-12-23 11:52:46,062 [sec.py] => Actual trainable params (excluding detached): 153600
2025-12-23 11:52:46,062 [sec.py] => TSP active prompts: 5 (total: 60)
2025-12-23 11:52:46,062 [sec.py] => RSP active prompts: 0 (total: 50)
2025-12-23 11:52:46,062 [sec.py] => Excluded params: head, detached prompts
2025-12-23 11:52:46,071 [sec.py] => training set size: 50, fc construct set size: 50
2025-12-23 11:52:59,430 [trainer.py] => CNN: {'total': 82.92, '00-99': 87.28, '100-109': 72.73, '110-119': 63.41, '120-129': 67.86, '130-139': 78.0, '140-149': 60.0, '150-159': 84.0, '160-169': 88.0, '170-179': 82.0, '180-189': 86.0, '190-199': 88.0, 'old': 84.13, 'new': 67.86}
2025-12-23 11:52:59,431 [trainer.py] => Top1 curve: [87.7, 86.3, 84.49, 82.92]
2025-12-23 11:52:59,431 [trainer.py] => Average Accuracy (CNN): 85.35
2025-12-23 11:52:59,519 [sec.py] => Learning on 130-140
2025-12-23 11:52:59,520 [sec.py] => All params: 89830656
2025-12-23 11:52:59,520 [sec.py] => Actual trainable params (excluding detached): 153600
2025-12-23 11:52:59,520 [sec.py] => TSP active prompts: 5 (total: 65)
2025-12-23 11:52:59,520 [sec.py] => RSP active prompts: 0 (total: 50)
2025-12-23 11:52:59,520 [sec.py] => Excluded params: head, detached prompts
2025-12-23 11:52:59,528 [sec.py] => training set size: 50, fc construct set size: 50
2025-12-23 11:53:12,896 [trainer.py] => CNN: {'total': 82.45, '00-99': 87.02, '100-109': 72.73, '110-119': 64.23, '120-129': 66.96, '130-139': 79.23, '140-149': 82.0, '150-159': 78.0, '160-169': 74.0, '170-179': 88.0, '180-189': 90.0, '190-199': 90.0, 'old': 82.72, 'new': 79.23}
2025-12-23 11:53:12,896 [trainer.py] => Top1 curve: [87.7, 86.3, 84.49, 82.92, 82.45]
2025-12-23 11:53:12,896 [trainer.py] => Average Accuracy (CNN): 84.77
2025-12-23 11:53:12,968 [sec.py] => Learning on 140-150
2025-12-23 11:53:12,969 [sec.py] => All params: 89830656
2025-12-23 11:53:12,969 [sec.py] => Actual trainable params (excluding detached): 153600
2025-12-23 11:53:12,969 [sec.py] => TSP active prompts: 5 (total: 70)
2025-12-23 11:53:12,969 [sec.py] => RSP active prompts: 0 (total: 50)
2025-12-23 11:53:12,969 [sec.py] => Excluded params: head, detached prompts
2025-12-23 11:53:12,980 [sec.py] => training set size: 50, fc construct set size: 50
2025-12-23 11:53:27,621 [trainer.py] => CNN: {'total': 80.85, '00-99': 86.68, '100-109': 72.73, '110-119': 65.04, '120-129': 66.07, '130-139': 79.23, '140-149': 61.4, '150-159': 76.0, '160-169': 82.0, '170-179': 78.0, '180-189': 86.0, '190-199': 88.0, 'old': 82.2, 'new': 61.4}
2025-12-23 11:53:27,622 [trainer.py] => Top1 curve: [87.7, 86.3, 84.49, 82.92, 82.45, 80.85]
2025-12-23 11:53:27,622 [trainer.py] => Average Accuracy (CNN): 84.12
2025-12-23 11:53:27,695 [sec.py] => Learning on 150-160
2025-12-23 11:53:27,696 [sec.py] => All params: 89830656
2025-12-23 11:53:27,696 [sec.py] => Actual trainable params (excluding detached): 153600
2025-12-23 11:53:27,696 [sec.py] => TSP active prompts: 5 (total: 75)
2025-12-23 11:53:27,696 [sec.py] => RSP active prompts: 0 (total: 50)
2025-12-23 11:53:27,696 [sec.py] => Excluded params: head, detached prompts
2025-12-23 11:53:27,704 [sec.py] => training set size: 50, fc construct set size: 50
2025-12-23 11:53:41,871 [trainer.py] => CNN: {'total': 80.74, '00-99': 86.51, '100-109': 72.73, '110-119': 65.04, '120-129': 66.07, '130-139': 79.23, '140-149': 61.4, '150-159': 80.91, '160-169': 88.0, '170-179': 82.0, '180-189': 98.0, '190-199': 92.0, 'old': 80.73, 'new': 80.91}
2025-12-23 11:53:41,871 [trainer.py] => Top1 curve: [87.7, 86.3, 84.49, 82.92, 82.45, 80.85, 80.74]
2025-12-23 11:53:41,871 [trainer.py] => Average Accuracy (CNN): 83.64
2025-12-23 11:53:41,942 [sec.py] => Learning on 160-170
2025-12-23 11:53:41,943 [sec.py] => All params: 89830656
2025-12-23 11:53:41,943 [sec.py] => Actual trainable params (excluding detached): 153600
2025-12-23 11:53:41,943 [sec.py] => TSP active prompts: 5 (total: 80)
2025-12-23 11:53:41,943 [sec.py] => RSP active prompts: 0 (total: 50)
2025-12-23 11:53:41,943 [sec.py] => Excluded params: head, detached prompts
2025-12-23 11:53:41,950 [sec.py] => training set size: 50, fc construct set size: 50
2025-12-23 11:53:56,301 [trainer.py] => CNN: {'total': 81.33, '00-99': 86.51, '100-109': 71.72, '110-119': 65.85, '120-129': 66.96, '130-139': 79.23, '140-149': 60.53, '150-159': 80.0, '160-169': 90.23, '170-179': 90.0, '180-189': 88.0, '190-199': 88.0, 'old': 80.69, 'new': 90.23}
2025-12-23 11:53:56,301 [trainer.py] => Top1 curve: [87.7, 86.3, 84.49, 82.92, 82.45, 80.85, 80.74, 81.33]
2025-12-23 11:53:56,301 [trainer.py] => Average Accuracy (CNN): 83.35
2025-12-23 11:53:56,376 [sec.py] => Learning on 170-180
2025-12-23 11:53:56,376 [sec.py] => All params: 89830656
2025-12-23 11:53:56,376 [sec.py] => Actual trainable params (excluding detached): 153600
2025-12-23 11:53:56,376 [sec.py] => TSP active prompts: 5 (total: 85)
2025-12-23 11:53:56,376 [sec.py] => RSP active prompts: 0 (total: 50)
2025-12-23 11:53:56,376 [sec.py] => Excluded params: head, detached prompts
2025-12-23 11:53:56,383 [sec.py] => training set size: 50, fc construct set size: 50
2025-12-23 11:54:11,199 [trainer.py] => CNN: {'total': 80.69, '00-99': 86.34, '100-109': 72.73, '110-119': 65.04, '120-129': 67.86, '130-139': 79.23, '140-149': 60.53, '150-159': 78.18, '160-169': 83.46, '170-179': 80.17, '180-189': 92.0, '190-199': 88.0, 'old': 80.72, 'new': 80.17}
2025-12-23 11:54:11,200 [trainer.py] => Top1 curve: [87.7, 86.3, 84.49, 82.92, 82.45, 80.85, 80.74, 81.33, 80.69]
2025-12-23 11:54:11,200 [trainer.py] => Average Accuracy (CNN): 83.05
2025-12-23 11:54:11,275 [sec.py] => Learning on 180-190
2025-12-23 11:54:11,276 [sec.py] => All params: 89830656
2025-12-23 11:54:11,276 [sec.py] => Actual trainable params (excluding detached): 153600
2025-12-23 11:54:11,276 [sec.py] => TSP active prompts: 5 (total: 90)
2025-12-23 11:54:11,276 [sec.py] => RSP active prompts: 0 (total: 50)
2025-12-23 11:54:11,276 [sec.py] => Excluded params: head, detached prompts
2025-12-23 11:54:11,283 [sec.py] => training set size: 50, fc construct set size: 50
2025-12-23 11:54:26,062 [trainer.py] => CNN: {'total': 80.85, '00-99': 86.08, '100-109': 71.72, '110-119': 64.23, '120-129': 67.86, '130-139': 79.23, '140-149': 60.53, '150-159': 78.18, '160-169': 83.46, '170-179': 78.51, '180-189': 89.34, '190-199': 84.0, 'old': 80.36, 'new': 89.34}
2025-12-23 11:54:26,062 [trainer.py] => Top1 curve: [87.7, 86.3, 84.49, 82.92, 82.45, 80.85, 80.74, 81.33, 80.69, 80.85]
2025-12-23 11:54:26,062 [trainer.py] => Average Accuracy (CNN): 82.83
2025-12-23 11:54:26,138 [sec.py] => Learning on 190-200
2025-12-23 11:54:26,138 [sec.py] => All params: 89830656
2025-12-23 11:54:26,138 [sec.py] => Actual trainable params (excluding detached): 153600
2025-12-23 11:54:26,138 [sec.py] => TSP active prompts: 5 (total: 95)
2025-12-23 11:54:26,138 [sec.py] => RSP active prompts: 0 (total: 50)
2025-12-23 11:54:26,138 [sec.py] => Excluded params: head, detached prompts
2025-12-23 11:54:26,146 [sec.py] => training set size: 50, fc construct set size: 50
2025-12-23 11:54:41,016 [trainer.py] => CNN: {'total': 81.13, '00-99': 85.99, '100-109': 71.72, '110-119': 63.41, '120-129': 67.86, '130-139': 79.23, '140-149': 60.53, '150-159': 79.09, '160-169': 83.46, '170-179': 77.69, '180-189': 87.7, '190-199': 89.43, 'old': 80.67, 'new': 89.43}
2025-12-23 11:54:41,017 [trainer.py] => Top1 curve: [87.7, 86.3, 84.49, 82.92, 82.45, 80.85, 80.74, 81.33, 80.69, 80.85, 81.13]
2025-12-23 11:54:41,017 [trainer.py] => Average Accuracy (CNN): 82.68

================================================================================
Finished cub_init100_inc10: pretrained_vit_b16_224_vpt  
Base Accuracy: 87.7
Last Accuracy: 81.13
Average Accuracy (Top1): 82.68
PD: 6.57
Backward Transfer (BWT): -1.96
Forward Transfer (FWT): 10.87
Accuracy Matrix (CNN):
[[87.7  74.   70.   80.   80.   88.   82.   80.   92.   90.   86.  ]
 [87.45 72.73 82.   66.   88.   78.   80.   90.   78.   96.   98.  ]
 [87.36 72.73 66.67 78.   80.   72.   68.   78.   74.   78.   82.  ]
 [87.28 72.73 63.41 67.86 78.   60.   84.   88.   82.   86.   88.  ]
 [87.02 72.73 64.23 66.96 79.23 82.   78.   74.   88.   90.   90.  ]
 [86.68 72.73 65.04 66.07 79.23 61.4  76.   82.   78.   86.   88.  ]
 [86.51 72.73 65.04 66.07 79.23 61.4  80.91 88.   82.   98.   92.  ]
 [86.51 71.72 65.85 66.96 79.23 60.53 80.   90.23 90.   88.   88.  ]
 [86.34 72.73 65.04 67.86 79.23 60.53 78.18 83.46 80.17 92.   88.  ]
 [86.08 71.72 64.23 67.86 79.23 60.53 78.18 83.46 78.51 89.34 84.  ]
 [85.99 71.72 63.41 67.86 79.23 60.53 79.09 83.46 77.69 87.7  89.43]]
================================================================================


================================================================================
Training Statistics for SEC-Prompt
================================================================================
Task    Params ↓    GPU ↓       Time/Epoch ↓
================================================================================
Task 0  2.50M       3380.41MiB  52.73s      
Task 1  0.15M       4792.87MiB  1.90s       
Task 2  0.15M       4803.95MiB  1.87s       
Task 3  0.15M       4816.46MiB  1.89s       
Task 4  0.15M       4827.69MiB  1.91s       
Task 5  0.15M       4838.73MiB  1.95s       
Task 6  0.15M       4848.47MiB  1.88s       
Task 7  0.15M       4859.82MiB  1.92s       
Task 8  0.15M       4872.05MiB  1.94s       
Task 9  0.15M       4882.56MiB  1.87s       
Task 10 0.15M       4892.90MiB  1.92s       
--------------------------------------------------------------------------------
Average 0.37M    4710.54MiB    6.53s
Max GPU             4892.90MiB
Total   4.03M                        71.79s
================================================================================


进程已结束，退出代码为 0
