nohup: 忽略输入
2025-12-23 12:09:52,896 [trainer.py] => config: ./exps/SEC-Prompt_cub_B100_Inc10.json
2025-12-23 12:09:52,912 [trainer.py] => lamda: 0.5
2025-12-23 12:09:52,912 [trainer.py] => aug: 2
2025-12-23 12:09:52,912 [trainer.py] => prompt_token_num: 6
2025-12-23 12:09:52,912 [trainer.py] => prompt_pool_num: 0.5
2025-12-23 12:09:52,913 [trainer.py] => model_name: sec
2025-12-23 12:09:52,913 [trainer.py] => backbone_type: pretrained_vit_b16_224_vpt
2025-12-23 12:09:52,913 [trainer.py] => device: [device(type='cuda', index=2)]
2025-12-23 12:09:52,913 [trainer.py] => seed: 1993
2025-12-23 12:09:52,913 [trainer.py] => dataset: cub
2025-12-23 12:09:52,913 [trainer.py] => init_cls: 100
2025-12-23 12:09:52,913 [trainer.py] => increment: 10
2025-12-23 12:09:52,913 [trainer.py] => kshot: 5
2025-12-23 12:09:52,913 [trainer.py] => vpt_type: Deep
2025-12-23 12:09:52,914 [trainer.py] => kl_weight: 0.001
2025-12-23 12:09:52,914 [trainer.py] => tuned_epoch: 30
2025-12-23 12:09:52,914 [trainer.py] => fs_epoch: 10
2025-12-23 12:09:52,914 [trainer.py] => init_lr: 0.01
2025-12-23 12:09:52,914 [trainer.py] => fs_lr: 0.001
2025-12-23 12:09:52,914 [trainer.py] => batch_size: 32
2025-12-23 12:09:52,914 [trainer.py] => fs_batch_size: 16
2025-12-23 12:09:52,914 [trainer.py] => weight_decay: 0.005
2025-12-23 12:09:52,914 [trainer.py] => min_lr: 0
2025-12-23 12:09:52,915 [trainer.py] => optimizer: sgd
2025-12-23 12:09:52,915 [trainer.py] => shuffle: True
2025-12-23 12:09:52,915 [trainer.py] => top_k: 5
2025-12-23 12:09:52,915 [trainer.py] => base_model_path: saved_model/sec_tr/cub/30_0.01/6_0.5/sec_30_1993_32.pth
2025-12-23 12:09:52,915 [trainer.py] => prefix: sec
2025-12-23 12:09:52,915 [trainer.py] => model_prefix: sec
2025-12-23 12:09:52,915 [trainer.py] => beta: 0.5
2025-12-23 12:09:52,915 [trainer.py] => memory_size: 0
2025-12-23 12:09:52,915 [trainer.py] => memory_per_class: 0
2025-12-23 12:09:52,915 [trainer.py] => fixed_memory: False
2025-12-23 12:09:52,978 [data_manager.py] => [168, 136, 51, 9, 183, 101, 171, 99, 42, 159, 191, 70, 16, 188, 27, 10, 175, 26, 68, 187, 98, 6, 85, 35, 112, 43, 100, 0, 103, 181, 88, 59, 4, 2, 116, 174, 94, 80, 106, 1, 147, 17, 141, 131, 72, 23, 173, 54, 197, 118, 87, 32, 79, 104, 91, 19, 135, 107, 178, 36, 11, 199, 142, 8, 122, 3, 28, 57, 153, 172, 190, 56, 49, 44, 97, 62, 151, 169, 194, 55, 192, 12, 189, 78, 66, 180, 15, 137, 109, 134, 92, 119, 126, 52, 170, 40, 148, 65, 144, 64, 138, 45, 77, 89, 154, 90, 71, 193, 74, 30, 113, 143, 96, 84, 67, 50, 186, 156, 69, 21, 18, 111, 108, 58, 125, 157, 150, 110, 182, 129, 166, 83, 81, 60, 13, 165, 14, 176, 63, 117, 5, 22, 145, 121, 38, 41, 82, 127, 114, 20, 31, 53, 37, 163, 196, 130, 152, 162, 86, 76, 24, 34, 184, 149, 33, 128, 198, 155, 146, 167, 139, 120, 140, 102, 47, 25, 158, 123, 46, 164, 61, 7, 115, 75, 133, 160, 105, 132, 179, 124, 48, 73, 93, 39, 95, 195, 29, 177, 185, 161]
This is for the BaseNet initialization.
modelname, pretrained_vit_b16_224_vpt basicmodelname vit_base_patch16_224
Using VPT model
Using Deep Prompt
After BaseNet initialization.
2025-12-23 12:10:01,850 [sec.py] => Learning on 0-100
2025-12-23 12:10:01,852 [sec.py] => All params: 89830656
2025-12-23 12:10:01,852 [sec.py] => Actual trainable params (excluding detached): 960000
2025-12-23 12:10:01,852 [sec.py] => TSP active prompts: 0 (total: 0)
2025-12-23 12:10:01,852 [sec.py] => RSP active prompts: 50 (total: 50)
2025-12-23 12:10:01,852 [sec.py] => Excluded params: head, detached prompts
2025-12-23 12:10:01,852 [sec.py] => backbone.TSP.e_p_1: 0
2025-12-23 12:10:01,853 [sec.py] => backbone.TSP.e_k_1: 0
2025-12-23 12:10:01,853 [sec.py] => backbone.TSP.e_a_1: 0
2025-12-23 12:10:01,853 [sec.py] => backbone.TSP.e_p_2: 0
2025-12-23 12:10:01,853 [sec.py] => backbone.TSP.e_k_2: 0
2025-12-23 12:10:01,853 [sec.py] => backbone.TSP.e_a_2: 0
2025-12-23 12:10:01,853 [sec.py] => backbone.TSP.e_p_3: 0
2025-12-23 12:10:01,853 [sec.py] => backbone.TSP.e_k_3: 0
2025-12-23 12:10:01,853 [sec.py] => backbone.TSP.e_a_3: 0
2025-12-23 12:10:01,853 [sec.py] => backbone.TSP.e_p_4: 0
2025-12-23 12:10:01,853 [sec.py] => backbone.TSP.e_k_4: 0
2025-12-23 12:10:01,853 [sec.py] => backbone.TSP.e_a_4: 0
2025-12-23 12:10:01,853 [sec.py] => backbone.TSP.e_p_5: 0
2025-12-23 12:10:01,853 [sec.py] => backbone.TSP.e_k_5: 0
2025-12-23 12:10:01,854 [sec.py] => backbone.TSP.e_a_5: 0
2025-12-23 12:10:01,854 [sec.py] => backbone.TSP.e_p_6: 0
2025-12-23 12:10:01,854 [sec.py] => backbone.TSP.e_k_6: 0
2025-12-23 12:10:01,854 [sec.py] => backbone.TSP.e_a_6: 0
2025-12-23 12:10:01,854 [sec.py] => backbone.TSP.e_p_7: 0
2025-12-23 12:10:01,854 [sec.py] => backbone.TSP.e_k_7: 0
2025-12-23 12:10:01,854 [sec.py] => backbone.TSP.e_a_7: 0
2025-12-23 12:10:01,854 [sec.py] => backbone.TSP.e_p_8: 0
2025-12-23 12:10:01,854 [sec.py] => backbone.TSP.e_k_8: 0
2025-12-23 12:10:01,854 [sec.py] => backbone.TSP.e_a_8: 0
2025-12-23 12:10:01,854 [sec.py] => backbone.RSP.e_p_1: 115200
2025-12-23 12:10:01,854 [sec.py] => backbone.RSP.e_k_1: 38400
2025-12-23 12:10:01,854 [sec.py] => backbone.RSP.e_a_1: 38400
2025-12-23 12:10:01,855 [sec.py] => backbone.RSP.e_p_2: 115200
2025-12-23 12:10:01,855 [sec.py] => backbone.RSP.e_k_2: 38400
2025-12-23 12:10:01,855 [sec.py] => backbone.RSP.e_a_2: 38400
2025-12-23 12:10:01,855 [sec.py] => backbone.RSP.e_p_3: 115200
2025-12-23 12:10:01,855 [sec.py] => backbone.RSP.e_k_3: 38400
2025-12-23 12:10:01,855 [sec.py] => backbone.RSP.e_a_3: 38400
2025-12-23 12:10:01,855 [sec.py] => backbone.RSP.e_p_4: 115200
2025-12-23 12:10:01,855 [sec.py] => backbone.RSP.e_k_4: 38400
2025-12-23 12:10:01,855 [sec.py] => backbone.RSP.e_a_4: 38400
2025-12-23 12:10:01,855 [sec.py] => backbone.RSP.e_p_5: 115200
2025-12-23 12:10:01,855 [sec.py] => backbone.RSP.e_k_5: 38400
2025-12-23 12:10:01,855 [sec.py] => backbone.RSP.e_a_5: 38400
2025-12-23 12:10:02,023 [sec.py] => training set size: 4694, fc construct set size: 4694
/home/team/zhaohongwei/Code/Research/Awesome-FSCIL/SEC-Prompt-main/backbone/zoo.py:205: UserWarning: Implicit dimension choice for softmax has been deprecated. Change the call to include dim=X as an argument.
  aq_k = torch.nn.functional.softmax(aq_k)
2025-12-23 12:24:21,258 [trainer.py] => CNN: {'total': 91.92, '00-99': 91.92, '100-109': 84.0, '110-119': 72.0, '120-129': 82.0, '130-139': 84.0, '140-149': 62.0, '150-159': 78.0, '160-169': 72.0, '170-179': 86.0, '180-189': 90.0, '190-199': 78.0, 'old': 0, 'new': 91.92}
2025-12-23 12:24:21,258 [trainer.py] => Top1 curve: [91.92]
2025-12-23 12:24:21,258 [trainer.py] => Average Accuracy (CNN): 91.92
2025-12-23 12:24:21,329 [sec.py] => Learning on 100-110
2025-12-23 12:24:21,329 [sec.py] => All params: 89830656
2025-12-23 12:24:21,329 [sec.py] => Actual trainable params (excluding detached): 1536000
2025-12-23 12:24:21,329 [sec.py] => TSP active prompts: 50 (total: 50)
2025-12-23 12:24:21,330 [sec.py] => RSP active prompts: 0 (total: 50)
2025-12-23 12:24:21,330 [sec.py] => Excluded params: head, detached prompts
2025-12-23 12:24:21,330 [sec.py] => backbone.TSP.e_p_1: 115200
2025-12-23 12:24:21,330 [sec.py] => backbone.TSP.e_k_1: 38400
2025-12-23 12:24:21,330 [sec.py] => backbone.TSP.e_a_1: 38400
2025-12-23 12:24:21,330 [sec.py] => backbone.TSP.e_p_2: 115200
2025-12-23 12:24:21,330 [sec.py] => backbone.TSP.e_k_2: 38400
2025-12-23 12:24:21,330 [sec.py] => backbone.TSP.e_a_2: 38400
2025-12-23 12:24:21,330 [sec.py] => backbone.TSP.e_p_3: 115200
2025-12-23 12:24:21,330 [sec.py] => backbone.TSP.e_k_3: 38400
2025-12-23 12:24:21,330 [sec.py] => backbone.TSP.e_a_3: 38400
2025-12-23 12:24:21,330 [sec.py] => backbone.TSP.e_p_4: 115200
2025-12-23 12:24:21,330 [sec.py] => backbone.TSP.e_k_4: 38400
2025-12-23 12:24:21,330 [sec.py] => backbone.TSP.e_a_4: 38400
2025-12-23 12:24:21,330 [sec.py] => backbone.TSP.e_p_5: 115200
2025-12-23 12:24:21,330 [sec.py] => backbone.TSP.e_k_5: 38400
2025-12-23 12:24:21,330 [sec.py] => backbone.TSP.e_a_5: 38400
2025-12-23 12:24:21,330 [sec.py] => backbone.TSP.e_p_6: 115200
2025-12-23 12:24:21,330 [sec.py] => backbone.TSP.e_k_6: 38400
2025-12-23 12:24:21,330 [sec.py] => backbone.TSP.e_a_6: 38400
2025-12-23 12:24:21,330 [sec.py] => backbone.TSP.e_p_7: 115200
2025-12-23 12:24:21,330 [sec.py] => backbone.TSP.e_k_7: 38400
2025-12-23 12:24:21,330 [sec.py] => backbone.TSP.e_a_7: 38400
2025-12-23 12:24:21,330 [sec.py] => backbone.TSP.e_p_8: 115200
2025-12-23 12:24:21,330 [sec.py] => backbone.TSP.e_k_8: 38400
2025-12-23 12:24:21,330 [sec.py] => backbone.TSP.e_a_8: 38400
2025-12-23 12:24:21,341 [sec.py] => training set size: 50, fc construct set size: 50
2025-12-23 12:24:43,619 [trainer.py] => CNN: {'total': 91.17, '00-99': 91.67, '100-109': 86.09, '110-119': 76.0, '120-129': 88.0, '130-139': 80.0, '140-149': 80.0, '150-159': 84.0, '160-169': 86.0, '170-179': 88.0, '180-189': 68.0, '190-199': 82.0, 'old': 91.67, 'new': 86.09}
2025-12-23 12:24:43,619 [trainer.py] => Top1 curve: [91.92, 91.17]
2025-12-23 12:24:43,620 [trainer.py] => Average Accuracy (CNN): 91.55
2025-12-23 12:24:43,699 [sec.py] => Learning on 110-120
2025-12-23 12:24:43,700 [sec.py] => All params: 89830656
2025-12-23 12:24:43,700 [sec.py] => Actual trainable params (excluding detached): 153600
2025-12-23 12:24:43,700 [sec.py] => TSP active prompts: 5 (total: 55)
2025-12-23 12:24:43,700 [sec.py] => RSP active prompts: 0 (total: 50)
2025-12-23 12:24:43,700 [sec.py] => Excluded params: head, detached prompts
2025-12-23 12:24:43,700 [sec.py] => backbone.TSP.e_p_1: 11520
2025-12-23 12:24:43,700 [sec.py] => backbone.TSP.e_k_1: 3840
2025-12-23 12:24:43,700 [sec.py] => backbone.TSP.e_a_1: 3840
2025-12-23 12:24:43,700 [sec.py] => backbone.TSP.e_p_2: 11520
2025-12-23 12:24:43,700 [sec.py] => backbone.TSP.e_k_2: 3840
2025-12-23 12:24:43,700 [sec.py] => backbone.TSP.e_a_2: 3840
2025-12-23 12:24:43,700 [sec.py] => backbone.TSP.e_p_3: 11520
2025-12-23 12:24:43,700 [sec.py] => backbone.TSP.e_k_3: 3840
2025-12-23 12:24:43,700 [sec.py] => backbone.TSP.e_a_3: 3840
2025-12-23 12:24:43,700 [sec.py] => backbone.TSP.e_p_4: 11520
2025-12-23 12:24:43,700 [sec.py] => backbone.TSP.e_k_4: 3840
2025-12-23 12:24:43,700 [sec.py] => backbone.TSP.e_a_4: 3840
2025-12-23 12:24:43,700 [sec.py] => backbone.TSP.e_p_5: 11520
2025-12-23 12:24:43,700 [sec.py] => backbone.TSP.e_k_5: 3840
2025-12-23 12:24:43,700 [sec.py] => backbone.TSP.e_a_5: 3840
2025-12-23 12:24:43,700 [sec.py] => backbone.TSP.e_p_6: 11520
2025-12-23 12:24:43,700 [sec.py] => backbone.TSP.e_k_6: 3840
2025-12-23 12:24:43,700 [sec.py] => backbone.TSP.e_a_6: 3840
2025-12-23 12:24:43,700 [sec.py] => backbone.TSP.e_p_7: 11520
2025-12-23 12:24:43,701 [sec.py] => backbone.TSP.e_k_7: 3840
2025-12-23 12:24:43,701 [sec.py] => backbone.TSP.e_a_7: 3840
2025-12-23 12:24:43,701 [sec.py] => backbone.TSP.e_p_8: 11520
2025-12-23 12:24:43,701 [sec.py] => backbone.TSP.e_k_8: 3840
2025-12-23 12:24:43,701 [sec.py] => backbone.TSP.e_a_8: 3840
2025-12-23 12:24:43,710 [sec.py] => training set size: 50, fc construct set size: 50
2025-12-23 12:25:05,774 [trainer.py] => CNN: {'total': 88.77, '00-99': 90.74, '100-109': 86.09, '110-119': 70.8, '120-129': 70.0, '130-139': 86.0, '140-149': 68.0, '150-159': 84.0, '160-169': 92.0, '170-179': 84.0, '180-189': 82.0, '190-199': 76.0, 'old': 90.33, 'new': 70.8}
2025-12-23 12:25:05,774 [trainer.py] => Top1 curve: [91.92, 91.17, 88.77]
2025-12-23 12:25:05,774 [trainer.py] => Average Accuracy (CNN): 90.62
2025-12-23 12:25:05,849 [sec.py] => Learning on 120-130
2025-12-23 12:25:05,849 [sec.py] => All params: 89830656
2025-12-23 12:25:05,849 [sec.py] => Actual trainable params (excluding detached): 153600
2025-12-23 12:25:05,850 [sec.py] => TSP active prompts: 5 (total: 60)
2025-12-23 12:25:05,850 [sec.py] => RSP active prompts: 0 (total: 50)
2025-12-23 12:25:05,850 [sec.py] => Excluded params: head, detached prompts
2025-12-23 12:25:05,850 [sec.py] => backbone.TSP.e_p_1: 11520
2025-12-23 12:25:05,850 [sec.py] => backbone.TSP.e_k_1: 3840
2025-12-23 12:25:05,850 [sec.py] => backbone.TSP.e_a_1: 3840
2025-12-23 12:25:05,850 [sec.py] => backbone.TSP.e_p_2: 11520
2025-12-23 12:25:05,850 [sec.py] => backbone.TSP.e_k_2: 3840
2025-12-23 12:25:05,850 [sec.py] => backbone.TSP.e_a_2: 3840
2025-12-23 12:25:05,850 [sec.py] => backbone.TSP.e_p_3: 11520
2025-12-23 12:25:05,850 [sec.py] => backbone.TSP.e_k_3: 3840
2025-12-23 12:25:05,850 [sec.py] => backbone.TSP.e_a_3: 3840
2025-12-23 12:25:05,850 [sec.py] => backbone.TSP.e_p_4: 11520
2025-12-23 12:25:05,850 [sec.py] => backbone.TSP.e_k_4: 3840
2025-12-23 12:25:05,850 [sec.py] => backbone.TSP.e_a_4: 3840
2025-12-23 12:25:05,850 [sec.py] => backbone.TSP.e_p_5: 11520
2025-12-23 12:25:05,850 [sec.py] => backbone.TSP.e_k_5: 3840
2025-12-23 12:25:05,850 [sec.py] => backbone.TSP.e_a_5: 3840
2025-12-23 12:25:05,850 [sec.py] => backbone.TSP.e_p_6: 11520
2025-12-23 12:25:05,850 [sec.py] => backbone.TSP.e_k_6: 3840
2025-12-23 12:25:05,850 [sec.py] => backbone.TSP.e_a_6: 3840
2025-12-23 12:25:05,850 [sec.py] => backbone.TSP.e_p_7: 11520
2025-12-23 12:25:05,850 [sec.py] => backbone.TSP.e_k_7: 3840
2025-12-23 12:25:05,850 [sec.py] => backbone.TSP.e_a_7: 3840
2025-12-23 12:25:05,850 [sec.py] => backbone.TSP.e_p_8: 11520
2025-12-23 12:25:05,850 [sec.py] => backbone.TSP.e_k_8: 3840
2025-12-23 12:25:05,850 [sec.py] => backbone.TSP.e_a_8: 3840
2025-12-23 12:25:05,859 [sec.py] => training set size: 50, fc construct set size: 50
2025-12-23 12:25:28,347 [trainer.py] => CNN: {'total': 87.52, '00-99': 90.24, '100-109': 86.09, '110-119': 70.8, '120-129': 76.64, '130-139': 76.0, '140-149': 68.0, '150-159': 84.0, '160-169': 94.0, '170-179': 88.0, '180-189': 84.0, '190-199': 78.0, 'old': 88.35, 'new': 76.64}
2025-12-23 12:25:28,348 [trainer.py] => Top1 curve: [91.92, 91.17, 88.77, 87.52]
2025-12-23 12:25:28,348 [trainer.py] => Average Accuracy (CNN): 89.84
2025-12-23 12:25:28,417 [sec.py] => Learning on 130-140
2025-12-23 12:25:28,417 [sec.py] => All params: 89830656
2025-12-23 12:25:28,417 [sec.py] => Actual trainable params (excluding detached): 153600
2025-12-23 12:25:28,417 [sec.py] => TSP active prompts: 5 (total: 65)
2025-12-23 12:25:28,417 [sec.py] => RSP active prompts: 0 (total: 50)
2025-12-23 12:25:28,418 [sec.py] => Excluded params: head, detached prompts
2025-12-23 12:25:28,418 [sec.py] => backbone.TSP.e_p_1: 11520
2025-12-23 12:25:28,418 [sec.py] => backbone.TSP.e_k_1: 3840
2025-12-23 12:25:28,418 [sec.py] => backbone.TSP.e_a_1: 3840
2025-12-23 12:25:28,418 [sec.py] => backbone.TSP.e_p_2: 11520
2025-12-23 12:25:28,418 [sec.py] => backbone.TSP.e_k_2: 3840
2025-12-23 12:25:28,418 [sec.py] => backbone.TSP.e_a_2: 3840
2025-12-23 12:25:28,418 [sec.py] => backbone.TSP.e_p_3: 11520
2025-12-23 12:25:28,418 [sec.py] => backbone.TSP.e_k_3: 3840
2025-12-23 12:25:28,418 [sec.py] => backbone.TSP.e_a_3: 3840
2025-12-23 12:25:28,418 [sec.py] => backbone.TSP.e_p_4: 11520
2025-12-23 12:25:28,418 [sec.py] => backbone.TSP.e_k_4: 3840
2025-12-23 12:25:28,418 [sec.py] => backbone.TSP.e_a_4: 3840
2025-12-23 12:25:28,418 [sec.py] => backbone.TSP.e_p_5: 11520
2025-12-23 12:25:28,418 [sec.py] => backbone.TSP.e_k_5: 3840
2025-12-23 12:25:28,418 [sec.py] => backbone.TSP.e_a_5: 3840
2025-12-23 12:25:28,418 [sec.py] => backbone.TSP.e_p_6: 11520
2025-12-23 12:25:28,418 [sec.py] => backbone.TSP.e_k_6: 3840
2025-12-23 12:25:28,418 [sec.py] => backbone.TSP.e_a_6: 3840
2025-12-23 12:25:28,418 [sec.py] => backbone.TSP.e_p_7: 11520
2025-12-23 12:25:28,418 [sec.py] => backbone.TSP.e_k_7: 3840
2025-12-23 12:25:28,418 [sec.py] => backbone.TSP.e_a_7: 3840
2025-12-23 12:25:28,418 [sec.py] => backbone.TSP.e_p_8: 11520
2025-12-23 12:25:28,418 [sec.py] => backbone.TSP.e_k_8: 3840
2025-12-23 12:25:28,418 [sec.py] => backbone.TSP.e_a_8: 3840
2025-12-23 12:25:28,427 [sec.py] => training set size: 50, fc construct set size: 50
2025-12-23 12:25:51,525 [trainer.py] => CNN: {'total': 86.59, '00-99': 89.98, '100-109': 86.09, '110-119': 69.91, '120-129': 72.9, '130-139': 81.36, '140-149': 76.0, '150-159': 86.0, '160-169': 92.0, '170-179': 80.0, '180-189': 78.0, '190-199': 84.0, 'old': 87.0, 'new': 81.36}
2025-12-23 12:25:51,526 [trainer.py] => Top1 curve: [91.92, 91.17, 88.77, 87.52, 86.59]
2025-12-23 12:25:51,526 [trainer.py] => Average Accuracy (CNN): 89.19
2025-12-23 12:25:51,599 [sec.py] => Learning on 140-150
2025-12-23 12:25:51,600 [sec.py] => All params: 89830656
2025-12-23 12:25:51,600 [sec.py] => Actual trainable params (excluding detached): 153600
2025-12-23 12:25:51,600 [sec.py] => TSP active prompts: 5 (total: 70)
2025-12-23 12:25:51,600 [sec.py] => RSP active prompts: 0 (total: 50)
2025-12-23 12:25:51,600 [sec.py] => Excluded params: head, detached prompts
2025-12-23 12:25:51,600 [sec.py] => backbone.TSP.e_p_1: 11520
2025-12-23 12:25:51,600 [sec.py] => backbone.TSP.e_k_1: 3840
2025-12-23 12:25:51,600 [sec.py] => backbone.TSP.e_a_1: 3840
2025-12-23 12:25:51,600 [sec.py] => backbone.TSP.e_p_2: 11520
2025-12-23 12:25:51,600 [sec.py] => backbone.TSP.e_k_2: 3840
2025-12-23 12:25:51,600 [sec.py] => backbone.TSP.e_a_2: 3840
2025-12-23 12:25:51,600 [sec.py] => backbone.TSP.e_p_3: 11520
2025-12-23 12:25:51,600 [sec.py] => backbone.TSP.e_k_3: 3840
2025-12-23 12:25:51,600 [sec.py] => backbone.TSP.e_a_3: 3840
2025-12-23 12:25:51,600 [sec.py] => backbone.TSP.e_p_4: 11520
2025-12-23 12:25:51,600 [sec.py] => backbone.TSP.e_k_4: 3840
2025-12-23 12:25:51,600 [sec.py] => backbone.TSP.e_a_4: 3840
2025-12-23 12:25:51,600 [sec.py] => backbone.TSP.e_p_5: 11520
2025-12-23 12:25:51,600 [sec.py] => backbone.TSP.e_k_5: 3840
2025-12-23 12:25:51,600 [sec.py] => backbone.TSP.e_a_5: 3840
2025-12-23 12:25:51,600 [sec.py] => backbone.TSP.e_p_6: 11520
2025-12-23 12:25:51,600 [sec.py] => backbone.TSP.e_k_6: 3840
2025-12-23 12:25:51,600 [sec.py] => backbone.TSP.e_a_6: 3840
2025-12-23 12:25:51,600 [sec.py] => backbone.TSP.e_p_7: 11520
2025-12-23 12:25:51,600 [sec.py] => backbone.TSP.e_k_7: 3840
2025-12-23 12:25:51,600 [sec.py] => backbone.TSP.e_a_7: 3840
2025-12-23 12:25:51,600 [sec.py] => backbone.TSP.e_p_8: 11520
2025-12-23 12:25:51,601 [sec.py] => backbone.TSP.e_k_8: 3840
2025-12-23 12:25:51,601 [sec.py] => backbone.TSP.e_a_8: 3840
2025-12-23 12:25:51,610 [sec.py] => training set size: 50, fc construct set size: 50
2025-12-23 12:26:14,872 [trainer.py] => CNN: {'total': 85.8, '00-99': 89.73, '100-109': 86.09, '110-119': 69.91, '120-129': 72.9, '130-139': 80.51, '140-149': 78.57, '150-159': 86.0, '160-169': 94.0, '170-179': 78.0, '180-189': 80.0, '190-199': 82.0, 'old': 86.35, 'new': 78.57}
2025-12-23 12:26:14,873 [trainer.py] => Top1 curve: [91.92, 91.17, 88.77, 87.52, 86.59, 85.8]
2025-12-23 12:26:14,873 [trainer.py] => Average Accuracy (CNN): 88.63
2025-12-23 12:26:14,946 [sec.py] => Learning on 150-160
2025-12-23 12:26:14,947 [sec.py] => All params: 89830656
2025-12-23 12:26:14,947 [sec.py] => Actual trainable params (excluding detached): 153600
2025-12-23 12:26:14,947 [sec.py] => TSP active prompts: 5 (total: 75)
2025-12-23 12:26:14,947 [sec.py] => RSP active prompts: 0 (total: 50)
2025-12-23 12:26:14,947 [sec.py] => Excluded params: head, detached prompts
2025-12-23 12:26:14,947 [sec.py] => backbone.TSP.e_p_1: 11520
2025-12-23 12:26:14,947 [sec.py] => backbone.TSP.e_k_1: 3840
2025-12-23 12:26:14,947 [sec.py] => backbone.TSP.e_a_1: 3840
2025-12-23 12:26:14,947 [sec.py] => backbone.TSP.e_p_2: 11520
2025-12-23 12:26:14,947 [sec.py] => backbone.TSP.e_k_2: 3840
2025-12-23 12:26:14,947 [sec.py] => backbone.TSP.e_a_2: 3840
2025-12-23 12:26:14,947 [sec.py] => backbone.TSP.e_p_3: 11520
2025-12-23 12:26:14,947 [sec.py] => backbone.TSP.e_k_3: 3840
2025-12-23 12:26:14,947 [sec.py] => backbone.TSP.e_a_3: 3840
2025-12-23 12:26:14,947 [sec.py] => backbone.TSP.e_p_4: 11520
2025-12-23 12:26:14,947 [sec.py] => backbone.TSP.e_k_4: 3840
2025-12-23 12:26:14,947 [sec.py] => backbone.TSP.e_a_4: 3840
2025-12-23 12:26:14,947 [sec.py] => backbone.TSP.e_p_5: 11520
2025-12-23 12:26:14,947 [sec.py] => backbone.TSP.e_k_5: 3840
2025-12-23 12:26:14,947 [sec.py] => backbone.TSP.e_a_5: 3840
2025-12-23 12:26:14,947 [sec.py] => backbone.TSP.e_p_6: 11520
2025-12-23 12:26:14,947 [sec.py] => backbone.TSP.e_k_6: 3840
2025-12-23 12:26:14,947 [sec.py] => backbone.TSP.e_a_6: 3840
2025-12-23 12:26:14,947 [sec.py] => backbone.TSP.e_p_7: 11520
2025-12-23 12:26:14,947 [sec.py] => backbone.TSP.e_k_7: 3840
2025-12-23 12:26:14,947 [sec.py] => backbone.TSP.e_a_7: 3840
2025-12-23 12:26:14,948 [sec.py] => backbone.TSP.e_p_8: 11520
2025-12-23 12:26:14,948 [sec.py] => backbone.TSP.e_k_8: 3840
2025-12-23 12:26:14,948 [sec.py] => backbone.TSP.e_a_8: 3840
2025-12-23 12:26:14,955 [sec.py] => training set size: 50, fc construct set size: 50
2025-12-23 12:26:38,607 [trainer.py] => CNN: {'total': 85.56, '00-99': 89.31, '100-109': 84.35, '110-119': 69.91, '120-129': 72.9, '130-139': 80.51, '140-149': 78.57, '150-159': 87.9, '160-169': 92.0, '170-179': 86.0, '180-189': 78.0, '190-199': 84.0, 'old': 85.4, 'new': 87.9}
2025-12-23 12:26:38,607 [trainer.py] => Top1 curve: [91.92, 91.17, 88.77, 87.52, 86.59, 85.8, 85.56]
2025-12-23 12:26:38,607 [trainer.py] => Average Accuracy (CNN): 88.19
2025-12-23 12:26:38,685 [sec.py] => Learning on 160-170
2025-12-23 12:26:38,685 [sec.py] => All params: 89830656
2025-12-23 12:26:38,685 [sec.py] => Actual trainable params (excluding detached): 153600
2025-12-23 12:26:38,685 [sec.py] => TSP active prompts: 5 (total: 80)
2025-12-23 12:26:38,685 [sec.py] => RSP active prompts: 0 (total: 50)
2025-12-23 12:26:38,685 [sec.py] => Excluded params: head, detached prompts
2025-12-23 12:26:38,686 [sec.py] => backbone.TSP.e_p_1: 11520
2025-12-23 12:26:38,686 [sec.py] => backbone.TSP.e_k_1: 3840
2025-12-23 12:26:38,686 [sec.py] => backbone.TSP.e_a_1: 3840
2025-12-23 12:26:38,686 [sec.py] => backbone.TSP.e_p_2: 11520
2025-12-23 12:26:38,686 [sec.py] => backbone.TSP.e_k_2: 3840
2025-12-23 12:26:38,686 [sec.py] => backbone.TSP.e_a_2: 3840
2025-12-23 12:26:38,686 [sec.py] => backbone.TSP.e_p_3: 11520
2025-12-23 12:26:38,686 [sec.py] => backbone.TSP.e_k_3: 3840
2025-12-23 12:26:38,686 [sec.py] => backbone.TSP.e_a_3: 3840
2025-12-23 12:26:38,686 [sec.py] => backbone.TSP.e_p_4: 11520
2025-12-23 12:26:38,686 [sec.py] => backbone.TSP.e_k_4: 3840
2025-12-23 12:26:38,686 [sec.py] => backbone.TSP.e_a_4: 3840
2025-12-23 12:26:38,686 [sec.py] => backbone.TSP.e_p_5: 11520
2025-12-23 12:26:38,686 [sec.py] => backbone.TSP.e_k_5: 3840
2025-12-23 12:26:38,686 [sec.py] => backbone.TSP.e_a_5: 3840
2025-12-23 12:26:38,686 [sec.py] => backbone.TSP.e_p_6: 11520
2025-12-23 12:26:38,686 [sec.py] => backbone.TSP.e_k_6: 3840
2025-12-23 12:26:38,686 [sec.py] => backbone.TSP.e_a_6: 3840
2025-12-23 12:26:38,686 [sec.py] => backbone.TSP.e_p_7: 11520
2025-12-23 12:26:38,686 [sec.py] => backbone.TSP.e_k_7: 3840
2025-12-23 12:26:38,686 [sec.py] => backbone.TSP.e_a_7: 3840
2025-12-23 12:26:38,686 [sec.py] => backbone.TSP.e_p_8: 11520
2025-12-23 12:26:38,686 [sec.py] => backbone.TSP.e_k_8: 3840
2025-12-23 12:26:38,686 [sec.py] => backbone.TSP.e_a_8: 3840
2025-12-23 12:26:38,694 [sec.py] => training set size: 50, fc construct set size: 50
2025-12-23 12:27:02,302 [trainer.py] => CNN: {'total': 85.33, '00-99': 88.97, '100-109': 83.48, '110-119': 70.8, '120-129': 72.9, '130-139': 80.51, '140-149': 79.37, '150-159': 87.9, '160-169': 84.33, '170-179': 86.0, '180-189': 86.0, '190-199': 94.0, 'old': 85.4, 'new': 84.33}
2025-12-23 12:27:02,302 [trainer.py] => Top1 curve: [91.92, 91.17, 88.77, 87.52, 86.59, 85.8, 85.56, 85.33]
2025-12-23 12:27:02,302 [trainer.py] => Average Accuracy (CNN): 87.83
2025-12-23 12:27:02,376 [sec.py] => Learning on 170-180
2025-12-23 12:27:02,377 [sec.py] => All params: 89830656
2025-12-23 12:27:02,377 [sec.py] => Actual trainable params (excluding detached): 153600
2025-12-23 12:27:02,377 [sec.py] => TSP active prompts: 5 (total: 85)
2025-12-23 12:27:02,377 [sec.py] => RSP active prompts: 0 (total: 50)
2025-12-23 12:27:02,377 [sec.py] => Excluded params: head, detached prompts
2025-12-23 12:27:02,377 [sec.py] => backbone.TSP.e_p_1: 11520
2025-12-23 12:27:02,377 [sec.py] => backbone.TSP.e_k_1: 3840
2025-12-23 12:27:02,377 [sec.py] => backbone.TSP.e_a_1: 3840
2025-12-23 12:27:02,377 [sec.py] => backbone.TSP.e_p_2: 11520
2025-12-23 12:27:02,377 [sec.py] => backbone.TSP.e_k_2: 3840
2025-12-23 12:27:02,377 [sec.py] => backbone.TSP.e_a_2: 3840
2025-12-23 12:27:02,377 [sec.py] => backbone.TSP.e_p_3: 11520
2025-12-23 12:27:02,378 [sec.py] => backbone.TSP.e_k_3: 3840
2025-12-23 12:27:02,378 [sec.py] => backbone.TSP.e_a_3: 3840
2025-12-23 12:27:02,378 [sec.py] => backbone.TSP.e_p_4: 11520
2025-12-23 12:27:02,378 [sec.py] => backbone.TSP.e_k_4: 3840
2025-12-23 12:27:02,378 [sec.py] => backbone.TSP.e_a_4: 3840
2025-12-23 12:27:02,378 [sec.py] => backbone.TSP.e_p_5: 11520
2025-12-23 12:27:02,378 [sec.py] => backbone.TSP.e_k_5: 3840
2025-12-23 12:27:02,378 [sec.py] => backbone.TSP.e_a_5: 3840
2025-12-23 12:27:02,378 [sec.py] => backbone.TSP.e_p_6: 11520
2025-12-23 12:27:02,378 [sec.py] => backbone.TSP.e_k_6: 3840
2025-12-23 12:27:02,378 [sec.py] => backbone.TSP.e_a_6: 3840
2025-12-23 12:27:02,378 [sec.py] => backbone.TSP.e_p_7: 11520
2025-12-23 12:27:02,378 [sec.py] => backbone.TSP.e_k_7: 3840
2025-12-23 12:27:02,378 [sec.py] => backbone.TSP.e_a_7: 3840
2025-12-23 12:27:02,378 [sec.py] => backbone.TSP.e_p_8: 11520
2025-12-23 12:27:02,378 [sec.py] => backbone.TSP.e_k_8: 3840
2025-12-23 12:27:02,378 [sec.py] => backbone.TSP.e_a_8: 3840
2025-12-23 12:27:02,385 [sec.py] => training set size: 50, fc construct set size: 50
2025-12-23 12:27:26,337 [trainer.py] => CNN: {'total': 84.96, '00-99': 88.47, '100-109': 83.48, '110-119': 70.8, '120-129': 71.03, '130-139': 81.36, '140-149': 76.98, '150-159': 87.9, '160-169': 85.07, '170-179': 86.41, '180-189': 74.0, '190-199': 84.0, 'old': 84.89, 'new': 86.41}
2025-12-23 12:27:26,338 [trainer.py] => Top1 curve: [91.92, 91.17, 88.77, 87.52, 86.59, 85.8, 85.56, 85.33, 84.96]
2025-12-23 12:27:26,338 [trainer.py] => Average Accuracy (CNN): 87.51
2025-12-23 12:27:26,417 [sec.py] => Learning on 180-190
2025-12-23 12:27:26,418 [sec.py] => All params: 89830656
2025-12-23 12:27:26,418 [sec.py] => Actual trainable params (excluding detached): 153600
2025-12-23 12:27:26,418 [sec.py] => TSP active prompts: 5 (total: 90)
2025-12-23 12:27:26,418 [sec.py] => RSP active prompts: 0 (total: 50)
2025-12-23 12:27:26,418 [sec.py] => Excluded params: head, detached prompts
2025-12-23 12:27:26,418 [sec.py] => backbone.TSP.e_p_1: 11520
2025-12-23 12:27:26,419 [sec.py] => backbone.TSP.e_k_1: 3840
2025-12-23 12:27:26,419 [sec.py] => backbone.TSP.e_a_1: 3840
2025-12-23 12:27:26,419 [sec.py] => backbone.TSP.e_p_2: 11520
2025-12-23 12:27:26,419 [sec.py] => backbone.TSP.e_k_2: 3840
2025-12-23 12:27:26,419 [sec.py] => backbone.TSP.e_a_2: 3840
2025-12-23 12:27:26,419 [sec.py] => backbone.TSP.e_p_3: 11520
2025-12-23 12:27:26,419 [sec.py] => backbone.TSP.e_k_3: 3840
2025-12-23 12:27:26,419 [sec.py] => backbone.TSP.e_a_3: 3840
2025-12-23 12:27:26,419 [sec.py] => backbone.TSP.e_p_4: 11520
2025-12-23 12:27:26,419 [sec.py] => backbone.TSP.e_k_4: 3840
2025-12-23 12:27:26,419 [sec.py] => backbone.TSP.e_a_4: 3840
2025-12-23 12:27:26,419 [sec.py] => backbone.TSP.e_p_5: 11520
2025-12-23 12:27:26,419 [sec.py] => backbone.TSP.e_k_5: 3840
2025-12-23 12:27:26,419 [sec.py] => backbone.TSP.e_a_5: 3840
2025-12-23 12:27:26,419 [sec.py] => backbone.TSP.e_p_6: 11520
2025-12-23 12:27:26,419 [sec.py] => backbone.TSP.e_k_6: 3840
2025-12-23 12:27:26,419 [sec.py] => backbone.TSP.e_a_6: 3840
2025-12-23 12:27:26,419 [sec.py] => backbone.TSP.e_p_7: 11520
2025-12-23 12:27:26,419 [sec.py] => backbone.TSP.e_k_7: 3840
2025-12-23 12:27:26,419 [sec.py] => backbone.TSP.e_a_7: 3840
2025-12-23 12:27:26,419 [sec.py] => backbone.TSP.e_p_8: 11520
2025-12-23 12:27:26,419 [sec.py] => backbone.TSP.e_k_8: 3840
2025-12-23 12:27:26,419 [sec.py] => backbone.TSP.e_a_8: 3840
2025-12-23 12:27:26,426 [sec.py] => training set size: 50, fc construct set size: 50
2025-12-23 12:27:50,660 [trainer.py] => CNN: {'total': 84.38, '00-99': 87.79, '100-109': 83.48, '110-119': 70.8, '120-129': 69.16, '130-139': 79.66, '140-149': 76.98, '150-159': 87.9, '160-169': 85.07, '170-179': 87.38, '180-189': 83.33, '190-199': 90.0, 'old': 84.45, 'new': 83.33}
2025-12-23 12:27:50,660 [trainer.py] => Top1 curve: [91.92, 91.17, 88.77, 87.52, 86.59, 85.8, 85.56, 85.33, 84.96, 84.38]
2025-12-23 12:27:50,660 [trainer.py] => Average Accuracy (CNN): 87.20
2025-12-23 12:27:50,738 [sec.py] => Learning on 190-200
2025-12-23 12:27:50,739 [sec.py] => All params: 89830656
2025-12-23 12:27:50,739 [sec.py] => Actual trainable params (excluding detached): 153600
2025-12-23 12:27:50,739 [sec.py] => TSP active prompts: 5 (total: 95)
2025-12-23 12:27:50,739 [sec.py] => RSP active prompts: 0 (total: 50)
2025-12-23 12:27:50,739 [sec.py] => Excluded params: head, detached prompts
2025-12-23 12:27:50,739 [sec.py] => backbone.TSP.e_p_1: 11520
2025-12-23 12:27:50,739 [sec.py] => backbone.TSP.e_k_1: 3840
2025-12-23 12:27:50,739 [sec.py] => backbone.TSP.e_a_1: 3840
2025-12-23 12:27:50,739 [sec.py] => backbone.TSP.e_p_2: 11520
2025-12-23 12:27:50,739 [sec.py] => backbone.TSP.e_k_2: 3840
2025-12-23 12:27:50,739 [sec.py] => backbone.TSP.e_a_2: 3840
2025-12-23 12:27:50,739 [sec.py] => backbone.TSP.e_p_3: 11520
2025-12-23 12:27:50,739 [sec.py] => backbone.TSP.e_k_3: 3840
2025-12-23 12:27:50,739 [sec.py] => backbone.TSP.e_a_3: 3840
2025-12-23 12:27:50,739 [sec.py] => backbone.TSP.e_p_4: 11520
2025-12-23 12:27:50,739 [sec.py] => backbone.TSP.e_k_4: 3840
2025-12-23 12:27:50,739 [sec.py] => backbone.TSP.e_a_4: 3840
2025-12-23 12:27:50,739 [sec.py] => backbone.TSP.e_p_5: 11520
2025-12-23 12:27:50,739 [sec.py] => backbone.TSP.e_k_5: 3840
2025-12-23 12:27:50,739 [sec.py] => backbone.TSP.e_a_5: 3840
2025-12-23 12:27:50,739 [sec.py] => backbone.TSP.e_p_6: 11520
2025-12-23 12:27:50,739 [sec.py] => backbone.TSP.e_k_6: 3840
2025-12-23 12:27:50,739 [sec.py] => backbone.TSP.e_a_6: 3840
2025-12-23 12:27:50,739 [sec.py] => backbone.TSP.e_p_7: 11520
2025-12-23 12:27:50,739 [sec.py] => backbone.TSP.e_k_7: 3840
2025-12-23 12:27:50,739 [sec.py] => backbone.TSP.e_a_7: 3840
2025-12-23 12:27:50,739 [sec.py] => backbone.TSP.e_p_8: 11520
2025-12-23 12:27:50,740 [sec.py] => backbone.TSP.e_k_8: 3840
2025-12-23 12:27:50,740 [sec.py] => backbone.TSP.e_a_8: 3840
2025-12-23 12:27:50,746 [sec.py] => training set size: 50, fc construct set size: 50
2025-12-23 12:28:14,997 [trainer.py] => CNN: {'total': 83.59, '00-99': 86.53, '100-109': 83.48, '110-119': 69.03, '120-129': 69.16, '130-139': 78.81, '140-149': 76.98, '150-159': 88.71, '160-169': 84.33, '170-179': 88.35, '180-189': 81.82, '190-199': 84.69, 'old': 83.54, 'new': 84.69}
2025-12-23 12:28:14,997 [trainer.py] => Top1 curve: [91.92, 91.17, 88.77, 87.52, 86.59, 85.8, 85.56, 85.33, 84.96, 84.38, 83.59]
2025-12-23 12:28:14,997 [trainer.py] => Average Accuracy (CNN): 86.87

================================================================================
Finished cub_init100_inc10: pretrained_vit_b16_224_vpt  
Base Accuracy: 91.92
Last Accuracy: 83.59
Average Accuracy (Top1): 86.87
PD: 8.33
Backward Transfer (BWT): -2.02
Forward Transfer (FWT): 9.47
Accuracy Matrix (CNN):
[[91.92 84.   72.   82.   84.   62.   78.   72.   86.   90.   78.  ]
 [91.67 86.09 76.   88.   80.   80.   84.   86.   88.   68.   82.  ]
 [90.74 86.09 70.8  70.   86.   68.   84.   92.   84.   82.   76.  ]
 [90.24 86.09 70.8  76.64 76.   68.   84.   94.   88.   84.   78.  ]
 [89.98 86.09 69.91 72.9  81.36 76.   86.   92.   80.   78.   84.  ]
 [89.73 86.09 69.91 72.9  80.51 78.57 86.   94.   78.   80.   82.  ]
 [89.31 84.35 69.91 72.9  80.51 78.57 87.9  92.   86.   78.   84.  ]
 [88.97 83.48 70.8  72.9  80.51 79.37 87.9  84.33 86.   86.   94.  ]
 [88.47 83.48 70.8  71.03 81.36 76.98 87.9  85.07 86.41 74.   84.  ]
 [87.79 83.48 70.8  69.16 79.66 76.98 87.9  85.07 87.38 83.33 90.  ]
 [86.53 83.48 69.03 69.16 78.81 76.98 88.71 84.33 88.35 81.82 84.69]]
================================================================================


================================================================================
Training Statistics for SEC-Prompt
================================================================================
Task    Params ↓    GPU ↓       Time/Epoch ↓
================================================================================
Task 0  2.50M       3380.60MiB  28.28s      
Task 1  0.15M       4793.92MiB  1.11s       
Task 2  0.15M       4805.03MiB  1.10s       
Task 3  0.15M       4816.46MiB  1.09s       
Task 4  0.15M       4827.69MiB  1.09s       
Task 5  0.15M       4838.73MiB  1.12s       
Task 6  0.15M       4848.47MiB  1.11s       
Task 7  0.15M       4859.82MiB  1.11s       
Task 8  0.15M       4873.08MiB  1.11s       
Task 9  0.15M       4882.65MiB  1.12s       
Task 10 0.15M       4892.90MiB  1.13s       
--------------------------------------------------------------------------------
Average 0.37M    4710.85MiB    3.58s
Max GPU             4892.90MiB
Total   4.03M                        959.24s
================================================================================