nohup: ignoring input
2026-04-17 21:16:27,684 [trainer.py] => config: ./configs/simplecil/IN1K/simplecil_cub_B100_Inc10.json
2026-04-17 21:16:27,698 [trainer.py] => prefix:  
2026-04-17 21:16:27,698 [trainer.py] => dataset: cub
2026-04-17 21:16:27,698 [trainer.py] => memory_size: 0
2026-04-17 21:16:27,698 [trainer.py] => memory_per_class: 0
2026-04-17 21:16:27,698 [trainer.py] => fixed_memory: False
2026-04-17 21:16:27,698 [trainer.py] => shuffle: False
2026-04-17 21:16:27,698 [trainer.py] => init_cls: 100
2026-04-17 21:16:27,698 [trainer.py] => increment: 10
2026-04-17 21:16:27,698 [trainer.py] => model_name: simplecil
2026-04-17 21:16:27,698 [trainer.py] => backbone_type: pretrained_vit_b16_224
2026-04-17 21:16:27,699 [trainer.py] => device: [device(type='cuda', index=2)]
2026-04-17 21:16:27,699 [trainer.py] => seed: 1993
2026-04-17 21:16:27,699 [trainer.py] => kshot: 5
2026-04-17 21:16:27,699 [trainer.py] => tuned_epoch: 1
2026-04-17 21:16:27,699 [trainer.py] => init_lr: 0.01
2026-04-17 21:16:27,699 [trainer.py] => batch_size: 256
2026-04-17 21:16:27,699 [trainer.py] => weight_decay: 0.05
2026-04-17 21:16:27,699 [trainer.py] => min_lr: 1e-08
2026-04-17 21:16:27,699 [trainer.py] => optimizer: sgd
2026-04-17 21:16:27,699 [trainer.py] => vpt_type: shallow
2026-04-17 21:16:27,699 [trainer.py] => prompt_token_num: 3
2026-04-17 21:16:27,699 [trainer.py] => gpu_models: ['NVIDIA A800 80GB PCIe']
2026-04-17 21:16:28,035 [data_manager.py] => [0, 1, 2, 3, 4, 5, 6, 7, 8, 9, 10, 11, 12, 13, 14, 15, 16, 17, 18, 19, 20, 21, 22, 23, 24, 25, 26, 27, 28, 29, 30, 31, 32, 33, 34, 35, 36, 37, 38, 39, 40, 41, 42, 43, 44, 45, 46, 47, 48, 49, 50, 51, 52, 53, 54, 55, 56, 57, 58, 59, 60, 61, 62, 63, 64, 65, 66, 67, 68, 69, 70, 71, 72, 73, 74, 75, 76, 77, 78, 79, 80, 81, 82, 83, 84, 85, 86, 87, 88, 89, 90, 91, 92, 93, 94, 95, 96, 97, 98, 99, 100, 101, 102, 103, 104, 105, 106, 107, 108, 109, 110, 111, 112, 113, 114, 115, 116, 117, 118, 119, 120, 121, 122, 123, 124, 125, 126, 127, 128, 129, 130, 131, 132, 133, 134, 135, 136, 137, 138, 139, 140, 141, 142, 143, 144, 145, 146, 147, 148, 149, 150, 151, 152, 153, 154, 155, 156, 157, 158, 159, 160, 161, 162, 163, 164, 165, 166, 167, 168, 169, 170, 171, 172, 173, 174, 175, 176, 177, 178, 179, 180, 181, 182, 183, 184, 185, 186, 187, 188, 189, 190, 191, 192, 193, 194, 195, 196, 197, 198, 199]
This is for the BaseNet initialization.
After BaseNet initialization.
2026-04-17 21:16:34,469 [simplecil.py] => Learning on 0-100
2026-04-17 21:17:13,248 [trainer.py] => Task 0 train peak GPU memory => 2430.01 MiB
2026-04-17 21:17:46,928 [trainer.py] => Task 0 metrics => trainable 85.88M, inference added 0.08M, train GPU 2430.01MiB, infer GPU 2430.22MiB
2026-04-17 21:17:46,929 [trainer.py] => CNN: {'total': 86.25, '00-99': 86.25, '100-109': 88.89, '110-119': 65.85, '120-129': 69.64, '130-139': 80.0, '140-149': 57.89, '150-159': 80.91, '160-169': 83.46, '170-179': 76.03, '180-189': 86.07, '190-199': 91.06, 'old': 0, 'new': 86.25}
2026-04-17 21:17:46,929 [trainer.py] => CNN top1 curve: [86.25]
2026-04-17 21:17:46,929 [trainer.py] => Average Accuracy (CNN): 86.25 

2026-04-17 21:17:46,941 [simplecil.py] => Learning on 100-110
2026-04-17 21:17:48,255 [trainer.py] => Task 1 train peak GPU memory => 716.47 MiB
2026-04-17 21:18:13,886 [trainer.py] => Task 1 metrics => trainable 85.88M, inference added 0.08M, train GPU 716.47MiB, infer GPU 2430.25MiB
2026-04-17 21:18:13,887 [trainer.py] => CNN: {'total': 83.23, '00-99': 85.82, '100-109': 52.53, '110-119': 65.85, '120-129': 69.64, '130-139': 80.0, '140-149': 57.89, '150-159': 80.91, '160-169': 83.46, '170-179': 76.03, '180-189': 86.07, '190-199': 91.06, 'old': 85.82, 'new': 52.53}
2026-04-17 21:18:13,887 [trainer.py] => CNN top1 curve: [86.25, 83.23]
2026-04-17 21:18:13,887 [trainer.py] => Average Accuracy (CNN): 84.74 

2026-04-17 21:18:13,894 [simplecil.py] => Learning on 110-120
2026-04-17 21:18:14,821 [trainer.py] => Task 2 train peak GPU memory => 716.49 MiB
2026-04-17 21:18:40,206 [trainer.py] => Task 2 metrics => trainable 85.89M, inference added 0.09M, train GPU 716.49MiB, infer GPU 2430.28MiB
2026-04-17 21:18:40,206 [trainer.py] => CNN: {'total': 81.69, '00-99': 85.82, '100-109': 52.53, '110-119': 65.85, '120-129': 69.64, '130-139': 80.0, '140-149': 57.89, '150-159': 80.91, '160-169': 83.46, '170-179': 76.03, '180-189': 86.07, '190-199': 91.06, 'old': 83.23, 'new': 65.85}
2026-04-17 21:18:40,206 [trainer.py] => CNN top1 curve: [86.25, 83.23, 81.69]
2026-04-17 21:18:40,206 [trainer.py] => Average Accuracy (CNN): 83.72 

2026-04-17 21:18:40,218 [simplecil.py] => Learning on 120-130
2026-04-17 21:18:41,157 [trainer.py] => Task 3 train peak GPU memory => 716.52 MiB
2026-04-17 21:19:06,011 [trainer.py] => Task 3 metrics => trainable 85.90M, inference added 0.10M, train GPU 716.52MiB, infer GPU 2430.31MiB
2026-04-17 21:19:06,011 [trainer.py] => CNN: {'total': 80.07, '00-99': 85.82, '100-109': 52.53, '110-119': 62.6, '120-129': 63.39, '130-139': 80.0, '140-149': 57.89, '150-159': 80.91, '160-169': 83.46, '170-179': 76.03, '180-189': 86.07, '190-199': 91.06, 'old': 81.41, 'new': 63.39}
2026-04-17 21:19:06,011 [trainer.py] => CNN top1 curve: [86.25, 83.23, 81.69, 80.07]
2026-04-17 21:19:06,011 [trainer.py] => Average Accuracy (CNN): 82.81 

2026-04-17 21:19:06,021 [simplecil.py] => Learning on 130-140
2026-04-17 21:19:07,039 [trainer.py] => Task 4 train peak GPU memory => 716.55 MiB
2026-04-17 21:19:31,179 [trainer.py] => Task 4 metrics => trainable 85.91M, inference added 0.11M, train GPU 716.55MiB, infer GPU 2430.34MiB
2026-04-17 21:19:31,180 [trainer.py] => CNN: {'total': 79.33, '00-99': 85.82, '100-109': 52.53, '110-119': 60.98, '120-129': 63.39, '130-139': 72.31, '140-149': 57.89, '150-159': 80.91, '160-169': 83.46, '170-179': 76.03, '180-189': 86.07, '190-199': 91.06, 'old': 79.93, 'new': 72.31}
2026-04-17 21:19:31,180 [trainer.py] => CNN top1 curve: [86.25, 83.23, 81.69, 80.07, 79.33]
2026-04-17 21:19:31,180 [trainer.py] => Average Accuracy (CNN): 82.11 

2026-04-17 21:19:31,193 [simplecil.py] => Learning on 140-150
2026-04-17 21:19:32,145 [trainer.py] => Task 5 train peak GPU memory => 716.58 MiB
2026-04-17 21:19:56,513 [trainer.py] => Task 5 metrics => trainable 85.91M, inference added 0.12M, train GPU 716.58MiB, infer GPU 2430.37MiB
2026-04-17 21:19:56,513 [trainer.py] => CNN: {'total': 77.7, '00-99': 85.74, '100-109': 49.49, '110-119': 60.98, '120-129': 63.39, '130-139': 72.31, '140-149': 57.89, '150-159': 80.91, '160-169': 83.46, '170-179': 76.03, '180-189': 86.07, '190-199': 91.06, 'old': 79.08, 'new': 57.89}
2026-04-17 21:19:56,513 [trainer.py] => CNN top1 curve: [86.25, 83.23, 81.69, 80.07, 79.33, 77.7]
2026-04-17 21:19:56,513 [trainer.py] => Average Accuracy (CNN): 81.38 

2026-04-17 21:19:56,535 [simplecil.py] => Learning on 150-160
2026-04-17 21:19:57,440 [trainer.py] => Task 6 train peak GPU memory => 716.61 MiB
2026-04-17 21:20:20,470 [trainer.py] => Task 6 metrics => trainable 85.92M, inference added 0.12M, train GPU 716.61MiB, infer GPU 2329.47MiB
2026-04-17 21:20:20,470 [trainer.py] => CNN: {'total': 77.3, '00-99': 85.57, '100-109': 49.49, '110-119': 60.98, '120-129': 63.39, '130-139': 72.31, '140-149': 57.89, '150-159': 72.73, '160-169': 83.46, '170-179': 76.03, '180-189': 86.07, '190-199': 91.06, 'old': 77.59, 'new': 72.73}
2026-04-17 21:20:20,470 [trainer.py] => CNN top1 curve: [86.25, 83.23, 81.69, 80.07, 79.33, 77.7, 77.3]
2026-04-17 21:20:20,470 [trainer.py] => Average Accuracy (CNN): 80.8 

2026-04-17 21:20:20,481 [simplecil.py] => Learning on 160-170
2026-04-17 21:20:21,441 [trainer.py] => Task 7 train peak GPU memory => 716.64 MiB
2026-04-17 21:20:44,028 [trainer.py] => Task 7 metrics => trainable 85.93M, inference added 0.13M, train GPU 716.64MiB, infer GPU 2282.64MiB
2026-04-17 21:20:44,029 [trainer.py] => CNN: {'total': 77.26, '00-99': 85.57, '100-109': 49.49, '110-119': 60.98, '120-129': 63.39, '130-139': 72.31, '140-149': 57.02, '150-159': 65.45, '160-169': 83.46, '170-179': 76.03, '180-189': 86.07, '190-199': 91.06, 'old': 76.82, 'new': 83.46}
2026-04-17 21:20:44,029 [trainer.py] => CNN top1 curve: [86.25, 83.23, 81.69, 80.07, 79.33, 77.7, 77.3, 77.26]
2026-04-17 21:20:44,029 [trainer.py] => Average Accuracy (CNN): 80.35 

2026-04-17 21:20:44,048 [simplecil.py] => Learning on 170-180
2026-04-17 21:20:45,038 [trainer.py] => Task 8 train peak GPU memory => 716.67 MiB
2026-04-17 21:21:06,936 [trainer.py] => Task 8 metrics => trainable 85.94M, inference added 0.14M, train GPU 716.67MiB, infer GPU 2282.68MiB
2026-04-17 21:21:06,936 [trainer.py] => CNN: {'total': 76.48, '00-99': 85.57, '100-109': 49.49, '110-119': 60.98, '120-129': 63.39, '130-139': 72.31, '140-149': 57.02, '150-159': 65.45, '160-169': 72.18, '170-179': 76.03, '180-189': 86.07, '190-199': 91.06, 'old': 76.51, 'new': 76.03}
2026-04-17 21:21:06,937 [trainer.py] => CNN top1 curve: [86.25, 83.23, 81.69, 80.07, 79.33, 77.7, 77.3, 77.26, 76.48]
2026-04-17 21:21:06,937 [trainer.py] => Average Accuracy (CNN): 79.92 

2026-04-17 21:21:06,951 [simplecil.py] => Learning on 180-190
2026-04-17 21:21:07,869 [trainer.py] => Task 9 train peak GPU memory => 716.70 MiB
2026-04-17 21:21:28,739 [trainer.py] => Task 9 metrics => trainable 85.94M, inference added 0.15M, train GPU 716.70MiB, infer GPU 2282.72MiB
2026-04-17 21:21:28,740 [trainer.py] => CNN: {'total': 76.38, '00-99': 85.57, '100-109': 49.49, '110-119': 60.98, '120-129': 63.39, '130-139': 72.31, '140-149': 57.02, '150-159': 65.45, '160-169': 71.43, '170-179': 75.21, '180-189': 76.23, '190-199': 91.06, 'old': 76.38, 'new': 76.23}
2026-04-17 21:21:28,740 [trainer.py] => CNN top1 curve: [86.25, 83.23, 81.69, 80.07, 79.33, 77.7, 77.3, 77.26, 76.48, 76.38]
2026-04-17 21:21:28,740 [trainer.py] => Average Accuracy (CNN): 79.57 

2026-04-17 21:21:28,761 [simplecil.py] => Learning on 190-200
2026-04-17 21:21:29,676 [trainer.py] => Task 10 train peak GPU memory => 716.73 MiB
2026-04-17 21:21:53,457 [trainer.py] => Task 10 metrics => trainable 85.95M, inference added 0.15M, train GPU 716.73MiB, infer GPU 2282.76MiB
2026-04-17 21:21:53,457 [trainer.py] => CNN: {'total': 76.29, '00-99': 85.57, '100-109': 49.49, '110-119': 60.98, '120-129': 63.39, '130-139': 72.31, '140-149': 57.02, '150-159': 65.45, '160-169': 71.43, '170-179': 75.21, '180-189': 75.41, '190-199': 75.61, 'old': 76.33, 'new': 75.61}
2026-04-17 21:21:53,457 [trainer.py] => CNN top1 curve: [86.25, 83.23, 81.69, 80.07, 79.33, 77.7, 77.3, 77.26, 76.48, 76.38, 76.29]
2026-04-17 21:21:53,457 [trainer.py] => Average Accuracy (CNN): 79.27 


================================================================================
Finished cub_init100_inc10: pretrained_vit_b16_224  
Base Accuracy: 86.25
Last Accuracy: 76.29
Average Accuracy (Top1): 79.27
PD: 9.96
Backward Transfer (BWT): -3.04
Forward Transfer (FWT): 6.45
Accuracy Matrix (CNN):
[[86.25 88.89 65.85 69.64 80.   57.89 80.91 83.46 76.03 86.07 91.06]
 [85.82 52.53 65.85 69.64 80.   57.89 80.91 83.46 76.03 86.07 91.06]
 [85.82 52.53 65.85 69.64 80.   57.89 80.91 83.46 76.03 86.07 91.06]
 [85.82 52.53 62.6  63.39 80.   57.89 80.91 83.46 76.03 86.07 91.06]
 [85.82 52.53 60.98 63.39 72.31 57.89 80.91 83.46 76.03 86.07 91.06]
 [85.74 49.49 60.98 63.39 72.31 57.89 80.91 83.46 76.03 86.07 91.06]
 [85.57 49.49 60.98 63.39 72.31 57.89 72.73 83.46 76.03 86.07 91.06]
 [85.57 49.49 60.98 63.39 72.31 57.02 65.45 83.46 76.03 86.07 91.06]
 [85.57 49.49 60.98 63.39 72.31 57.02 65.45 72.18 76.03 86.07 91.06]
 [85.57 49.49 60.98 63.39 72.31 57.02 65.45 71.43 75.21 76.23 91.06]
 [85.57 49.49 60.98 63.39 72.31 57.02 65.45 71.43 75.21 75.41 75.61]]
Total Train Time: 48.7 s
Total Inference Time: 270.1886 s
Total Prompt Time: 0.0 s

==========================================================================================
Training Task Metrics
------------------------------------------------------------------------------------
Task    Trainable(M)    GPU(MiB)    Time/Task(s)   Epochs  Time/Epoch(s)  
------------------------------------------------------------------------------------
S0      85.88           2430.01     38.78          1       38.78          
S1      85.88           716.47      1.32           1       1.32           
S2      85.89           716.49      0.93           1       0.93           
S3      85.90           716.52      0.94           1       0.94           
S4      85.91           716.55      1.02           1       1.02           
S5      85.91           716.58      0.96           1       0.96           
S6      85.92           716.61      0.91           1       0.91           
S7      85.93           716.64      0.97           1       0.97           
S8      85.94           716.67      1.00           1       1.00           
S9      85.94           716.70      0.93           1       0.93           
S10     85.95           716.73      0.93           1       0.93           
------------------------------------------------------------------------------------
Base S0 85.88           2430.01     38.78          1       38.78          
Inc Avg 85.92           716.60      0.99           1.00    0.99           
All Avg 85.91           872.36      4.43           1.00    4.43           
Max GPU                 2430.01                                           
Total                                           48.70          
Final   85.95                                                             
------------------------------------------------------------------------------------------
Inference Task Metrics
------------------------------------------------------------------------------------------
Task    Added(M)    GPU(MiB)    Time/Task(s)   Latency(ms/img)   Samples   Prompt(s)   
------------------------------------------------------------------------------------------
S0      0.08        2430.22     33.6758        14.2815           2358      0.0000      
S1      0.08        2430.25     25.6283        10.8687           2358      0.0000      
S2      0.09        2430.28     25.3812        10.7639           2358      0.0000      
S3      0.10        2430.31     24.8513        10.5391           2358      0.0000      
S4      0.11        2430.34     24.1383        10.2368           2358      0.0000      
S5      0.12        2430.37     24.3650        10.3329           2358      0.0000      
S6      0.12        2329.47     23.0276        9.7658            2358      0.0000      
S7      0.13        2282.64     22.5840        9.5776            2358      0.0000      
S8      0.14        2282.68     21.8955        9.2856            2358      0.0000      
S9      0.15        2282.72     20.8648        8.8485            2358      0.0000      
S10     0.15        2282.76     23.7767        9.5835            2481      0.0000      
------------------------------------------------------------------------------------------
Base S0 0.08        2430.22     33.6758        14.2815           2358      0.0000      
Inc Avg 0.12        2361.18     23.6513        9.9802            2370.30   0.0000      
All Avg 0.12        2367.46     24.5626        10.3713           2369.18   0.0000      
Max GPU             2430.37                                                            
Total                           270.1886                                   0.0000      
==========================================================================================

================================================================================

2026-04-17 21:22:07,675 [trainer.py] => config: ./configs/simplecil/IN1K/simplecil_cifar_B60_Inc5.json
2026-04-17 21:22:07,703 [trainer.py] => prefix:  
2026-04-17 21:22:07,703 [trainer.py] => dataset: cifar224
2026-04-17 21:22:07,703 [trainer.py] => memory_size: 0
2026-04-17 21:22:07,704 [trainer.py] => memory_per_class: 0
2026-04-17 21:22:07,704 [trainer.py] => fixed_memory: False
2026-04-17 21:22:07,704 [trainer.py] => shuffle: False
2026-04-17 21:22:07,704 [trainer.py] => init_cls: 60
2026-04-17 21:22:07,704 [trainer.py] => increment: 5
2026-04-17 21:22:07,704 [trainer.py] => model_name: simplecil
2026-04-17 21:22:07,705 [trainer.py] => backbone_type: pretrained_vit_b16_224
2026-04-17 21:22:07,705 [trainer.py] => device: [device(type='cuda', index=2)]
2026-04-17 21:22:07,705 [trainer.py] => seed: 1993
2026-04-17 21:22:07,705 [trainer.py] => kshot: 5
2026-04-17 21:22:07,705 [trainer.py] => tuned_epoch: 1
2026-04-17 21:22:07,705 [trainer.py] => init_lr: 0.01
2026-04-17 21:22:07,705 [trainer.py] => batch_size: 48
2026-04-17 21:22:07,706 [trainer.py] => weight_decay: 0.05
2026-04-17 21:22:07,706 [trainer.py] => min_lr: 1e-08
2026-04-17 21:22:07,706 [trainer.py] => optimizer: sgd
2026-04-17 21:22:07,706 [trainer.py] => vpt_type: shallow
2026-04-17 21:22:07,706 [trainer.py] => prompt_token_num: 3
2026-04-17 21:22:07,706 [trainer.py] => gpu_models: ['NVIDIA A800 80GB PCIe']
2026-04-17 21:22:09,110 [data_manager.py] => [0, 1, 2, 3, 4, 5, 6, 7, 8, 9, 10, 11, 12, 13, 14, 15, 16, 17, 18, 19, 20, 21, 22, 23, 24, 25, 26, 27, 28, 29, 30, 31, 32, 33, 34, 35, 36, 37, 38, 39, 40, 41, 42, 43, 44, 45, 46, 47, 48, 49, 50, 51, 52, 53, 54, 55, 56, 57, 58, 59, 60, 61, 62, 63, 64, 65, 66, 67, 68, 69, 70, 71, 72, 73, 74, 75, 76, 77, 78, 79, 80, 81, 82, 83, 84, 85, 86, 87, 88, 89, 90, 91, 92, 93, 94, 95, 96, 97, 98, 99]
This is for the BaseNet initialization.
After BaseNet initialization.
2026-04-17 21:22:26,248 [simplecil.py] => Learning on 0-60
2026-04-17 21:26:53,041 [trainer.py] => Task 0 train peak GPU memory => 731.92 MiB
2026-04-17 21:28:20,123 [trainer.py] => Task 0 metrics => trainable 85.84M, inference added 0.05M, train GPU 731.92MiB, infer GPU 731.94MiB
2026-04-17 21:28:20,123 [trainer.py] => CNN: {'total': 76.92, '00-59': 76.92, '60-64': 66.6, '65-69': 79.6, '70-74': 68.6, '75-79': 74.6, '80-84': 75.0, '85-89': 80.2, '90-94': 69.2, '95-99': 82.0, 'old': 0, 'new': 76.92}
2026-04-17 21:28:20,124 [trainer.py] => CNN top1 curve: [76.92]
2026-04-17 21:28:20,124 [trainer.py] => Average Accuracy (CNN): 76.92 

2026-04-17 21:28:20,141 [simplecil.py] => Learning on 60-65
2026-04-17 21:28:20,973 [trainer.py] => Task 1 train peak GPU memory => 527.00 MiB
2026-04-17 21:30:06,920 [trainer.py] => Task 1 metrics => trainable 85.85M, inference added 0.05M, train GPU 527.00MiB, infer GPU 731.96MiB
2026-04-17 21:30:06,965 [trainer.py] => CNN: {'total': 74.05, '00-59': 76.55, '60-64': 44.0, '65-69': 79.6, '70-74': 68.6, '75-79': 74.6, '80-84': 75.0, '85-89': 80.2, '90-94': 69.2, '95-99': 82.0, 'old': 76.55, 'new': 44.0}
2026-04-17 21:30:06,965 [trainer.py] => CNN top1 curve: [76.92, 74.05]
2026-04-17 21:30:06,965 [trainer.py] => Average Accuracy (CNN): 75.48 

2026-04-17 21:30:06,981 [simplecil.py] => Learning on 65-70
2026-04-17 21:30:07,685 [trainer.py] => Task 2 train peak GPU memory => 527.01 MiB
2026-04-17 21:31:53,944 [trainer.py] => Task 2 metrics => trainable 85.85M, inference added 0.05M, train GPU 527.01MiB, infer GPU 731.97MiB
2026-04-17 21:31:53,944 [trainer.py] => CNN: {'total': 71.14, '00-59': 76.35, '60-64': 42.8, '65-69': 37.0, '70-74': 68.6, '75-79': 74.6, '80-84': 75.0, '85-89': 80.2, '90-94': 69.2, '95-99': 82.0, 'old': 73.77, 'new': 37.0}
2026-04-17 21:31:53,944 [trainer.py] => CNN top1 curve: [76.92, 74.05, 71.14]
2026-04-17 21:31:53,944 [trainer.py] => Average Accuracy (CNN): 74.04 

2026-04-17 21:31:53,956 [simplecil.py] => Learning on 70-75
2026-04-17 21:31:54,701 [trainer.py] => Task 3 train peak GPU memory => 527.03 MiB
2026-04-17 21:33:39,862 [trainer.py] => Task 3 metrics => trainable 85.86M, inference added 0.06M, train GPU 527.03MiB, infer GPU 731.99MiB
2026-04-17 21:33:39,862 [trainer.py] => CNN: {'total': 69.01, '00-59': 75.57, '60-64': 40.6, '65-69': 37.0, '70-74': 50.8, '75-79': 74.6, '80-84': 75.0, '85-89': 80.2, '90-94': 69.2, '95-99': 82.0, 'old': 70.31, 'new': 50.8}
2026-04-17 21:33:39,862 [trainer.py] => CNN top1 curve: [76.92, 74.05, 71.14, 69.01]
2026-04-17 21:33:39,863 [trainer.py] => Average Accuracy (CNN): 72.78 

2026-04-17 21:33:39,876 [simplecil.py] => Learning on 75-80
2026-04-17 21:33:40,579 [trainer.py] => Task 4 train peak GPU memory => 527.04 MiB
2026-04-17 21:35:25,087 [trainer.py] => Task 4 metrics => trainable 85.86M, inference added 0.06M, train GPU 527.04MiB, infer GPU 732.00MiB
2026-04-17 21:35:25,087 [trainer.py] => CNN: {'total': 68.82, '00-59': 75.42, '60-64': 40.6, '65-69': 36.8, '70-74': 50.8, '75-79': 68.0, '80-84': 75.0, '85-89': 80.2, '90-94': 69.2, '95-99': 82.0, 'old': 68.88, 'new': 68.0}
2026-04-17 21:35:25,087 [trainer.py] => CNN top1 curve: [76.92, 74.05, 71.14, 69.01, 68.82]
2026-04-17 21:35:25,087 [trainer.py] => Average Accuracy (CNN): 71.99 

2026-04-17 21:35:25,103 [simplecil.py] => Learning on 80-85
2026-04-17 21:35:25,780 [trainer.py] => Task 5 train peak GPU memory => 527.06 MiB
2026-04-17 21:37:09,947 [trainer.py] => Task 5 metrics => trainable 85.86M, inference added 0.07M, train GPU 527.06MiB, infer GPU 732.02MiB
2026-04-17 21:37:09,947 [trainer.py] => CNN: {'total': 68.16, '00-59': 75.02, '60-64': 39.6, '65-69': 36.4, '70-74': 50.8, '75-79': 68.0, '80-84': 63.8, '85-89': 80.2, '90-94': 69.2, '95-99': 82.0, 'old': 68.44, 'new': 63.8}
2026-04-17 21:37:09,947 [trainer.py] => CNN top1 curve: [76.92, 74.05, 71.14, 69.01, 68.82, 68.16]
2026-04-17 21:37:09,947 [trainer.py] => Average Accuracy (CNN): 71.35 

2026-04-17 21:37:09,957 [simplecil.py] => Learning on 85-90
2026-04-17 21:37:10,598 [trainer.py] => Task 6 train peak GPU memory => 527.07 MiB
2026-04-17 21:38:54,318 [trainer.py] => Task 6 metrics => trainable 85.87M, inference added 0.07M, train GPU 527.07MiB, infer GPU 732.03MiB
2026-04-17 21:38:54,319 [trainer.py] => CNN: {'total': 67.6, '00-59': 74.75, '60-64': 39.6, '65-69': 36.4, '70-74': 50.6, '75-79': 67.6, '80-84': 63.6, '85-89': 62.0, '90-94': 69.2, '95-99': 82.0, 'old': 67.93, 'new': 62.0}
2026-04-17 21:38:54,319 [trainer.py] => CNN top1 curve: [76.92, 74.05, 71.14, 69.01, 68.82, 68.16, 67.6]
2026-04-17 21:38:54,319 [trainer.py] => Average Accuracy (CNN): 70.81 

2026-04-17 21:38:54,330 [simplecil.py] => Learning on 90-95
2026-04-17 21:38:55,023 [trainer.py] => Task 7 train peak GPU memory => 527.09 MiB
2026-04-17 21:40:38,456 [trainer.py] => Task 7 metrics => trainable 85.87M, inference added 0.07M, train GPU 527.09MiB, infer GPU 732.05MiB
2026-04-17 21:40:38,456 [trainer.py] => CNN: {'total': 65.99, '00-59': 74.68, '60-64': 39.6, '65-69': 36.4, '70-74': 50.6, '75-79': 67.6, '80-84': 63.0, '85-89': 61.6, '90-94': 38.8, '95-99': 82.0, 'old': 67.5, 'new': 38.8}
2026-04-17 21:40:38,456 [trainer.py] => CNN top1 curve: [76.92, 74.05, 71.14, 69.01, 68.82, 68.16, 67.6, 65.99]
2026-04-17 21:40:38,456 [trainer.py] => Average Accuracy (CNN): 70.21 

2026-04-17 21:40:38,470 [simplecil.py] => Learning on 95-100
2026-04-17 21:40:39,119 [trainer.py] => Task 8 train peak GPU memory => 527.10 MiB
2026-04-17 21:42:21,891 [trainer.py] => Task 8 metrics => trainable 85.88M, inference added 0.08M, train GPU 527.10MiB, infer GPU 704.36MiB
2026-04-17 21:42:21,891 [trainer.py] => CNN: {'total': 64.18, '00-59': 73.53, '60-64': 38.4, '65-69': 35.8, '70-74': 50.4, '75-79': 61.0, '80-84': 63.0, '85-89': 61.0, '90-94': 38.8, '95-99': 52.8, 'old': 64.78, 'new': 52.8}
2026-04-17 21:42:21,891 [trainer.py] => CNN top1 curve: [76.92, 74.05, 71.14, 69.01, 68.82, 68.16, 67.6, 65.99, 64.18]
2026-04-17 21:42:21,891 [trainer.py] => Average Accuracy (CNN): 69.54 


================================================================================
Finished cifar224_init60_inc5: pretrained_vit_b16_224  
Base Accuracy: 76.92
Last Accuracy: 64.18
Average Accuracy (Top1): 69.54
PD: 12.74
Backward Transfer (BWT): -2.42
Forward Transfer (FWT): 27.78
Accuracy Matrix (CNN):
[[76.92 66.6  79.6  68.6  74.6  75.   80.2  69.2  82.  ]
 [76.55 44.   79.6  68.6  74.6  75.   80.2  69.2  82.  ]
 [76.35 42.8  37.   68.6  74.6  75.   80.2  69.2  82.  ]
 [75.57 40.6  37.   50.8  74.6  75.   80.2  69.2  82.  ]
 [75.42 40.6  36.8  50.8  68.   75.   80.2  69.2  82.  ]
 [75.02 39.6  36.4  50.8  68.   63.8  80.2  69.2  82.  ]
 [74.75 39.6  36.4  50.6  67.6  63.6  62.   69.2  82.  ]
 [74.68 39.6  36.4  50.6  67.6  63.   61.6  38.8  82.  ]
 [73.53 38.4  35.8  50.4  61.   63.   61.   38.8  52.8 ]]
Total Train Time: 272.51 s
Total Inference Time: 923.0161 s
Total Prompt Time: 0.0 s

==========================================================================================
Training Task Metrics
------------------------------------------------------------------------------------
Task    Trainable(M)    GPU(MiB)    Time/Task(s)   Epochs  Time/Epoch(s)  
------------------------------------------------------------------------------------
S0      85.84           731.92      266.79         1       266.79         
S1      85.85           527.00      0.84           1       0.84           
S2      85.85           527.01      0.71           1       0.71           
S3      85.86           527.03      0.75           1       0.75           
S4      85.86           527.04      0.71           1       0.71           
S5      85.86           527.06      0.69           1       0.69           
S6      85.87           527.07      0.65           1       0.65           
S7      85.87           527.09      0.70           1       0.70           
S8      85.88           527.10      0.66           1       0.66           
------------------------------------------------------------------------------------
Base S0 85.84           731.92      266.79         1       266.79         
Inc Avg 85.86           527.05      0.71           1.00    0.71           
All Avg 85.86           549.81      30.28          1.00    30.28          
Max GPU                 731.92                                            
Total                                           272.51         
Final   85.88                                                             
------------------------------------------------------------------------------------------
Inference Task Metrics
------------------------------------------------------------------------------------------
Task    Added(M)    GPU(MiB)    Time/Task(s)   Latency(ms/img)   Samples   Prompt(s)   
------------------------------------------------------------------------------------------
S0      0.05        731.94      87.0790        8.7079            10000     0.0000      
S1      0.05        731.96      105.9440       10.5944           10000     0.0000      
S2      0.05        731.97      106.2533       10.6253           10000     0.0000      
S3      0.06        731.99      105.1565       10.5156           10000     0.0000      
S4      0.06        732.00      104.5057       10.4506           10000     0.0000      
S5      0.07        732.02      104.1641       10.4164           10000     0.0000      
S6      0.07        732.03      103.7179       10.3718           10000     0.0000      
S7      0.07        732.05      103.4297       10.3430           10000     0.0000      
S8      0.08        704.36      102.7659       9.7872            10500     0.0000      
------------------------------------------------------------------------------------------
Base S0 0.05        731.94      87.0790        8.7079            10000     0.0000      
Inc Avg 0.06        728.55      104.4921       10.3880           10062.50  0.0000      
All Avg 0.06        728.92      102.5573       10.2014           10055.56  0.0000      
Max GPU             732.05                                                             
Total                           923.0161                                   0.0000      
==========================================================================================

================================================================================

2026-04-17 21:42:49,422 [trainer.py] => config: ./configs/simplecil/IN1K/simplecil_inr_B100_Inc10.json
2026-04-17 21:42:49,440 [trainer.py] => prefix:  
2026-04-17 21:42:49,440 [trainer.py] => dataset: imagenetr
2026-04-17 21:42:49,440 [trainer.py] => memory_size: 0
2026-04-17 21:42:49,440 [trainer.py] => memory_per_class: 0
2026-04-17 21:42:49,440 [trainer.py] => fixed_memory: False
2026-04-17 21:42:49,440 [trainer.py] => shuffle: False
2026-04-17 21:42:49,440 [trainer.py] => init_cls: 100
2026-04-17 21:42:49,440 [trainer.py] => increment: 10
2026-04-17 21:42:49,440 [trainer.py] => model_name: simplecil
2026-04-17 21:42:49,440 [trainer.py] => backbone_type: pretrained_vit_b16_224
2026-04-17 21:42:49,440 [trainer.py] => device: [device(type='cuda', index=2)]
2026-04-17 21:42:49,440 [trainer.py] => seed: 1993
2026-04-17 21:42:49,440 [trainer.py] => kshot: 5
2026-04-17 21:42:49,440 [trainer.py] => tuned_epoch: 1
2026-04-17 21:42:49,440 [trainer.py] => init_lr: 0.01
2026-04-17 21:42:49,440 [trainer.py] => batch_size: 48
2026-04-17 21:42:49,440 [trainer.py] => weight_decay: 0.05
2026-04-17 21:42:49,440 [trainer.py] => min_lr: 1e-08
2026-04-17 21:42:49,440 [trainer.py] => optimizer: sgd
2026-04-17 21:42:49,440 [trainer.py] => vpt_type: shallow
2026-04-17 21:42:49,440 [trainer.py] => prompt_token_num: 3
2026-04-17 21:42:49,440 [trainer.py] => gpu_models: ['NVIDIA A800 80GB PCIe']
2026-04-17 21:42:50,079 [data_manager.py] => [0, 1, 2, 3, 4, 5, 6, 7, 8, 9, 10, 11, 12, 13, 14, 15, 16, 17, 18, 19, 20, 21, 22, 23, 24, 25, 26, 27, 28, 29, 30, 31, 32, 33, 34, 35, 36, 37, 38, 39, 40, 41, 42, 43, 44, 45, 46, 47, 48, 49, 50, 51, 52, 53, 54, 55, 56, 57, 58, 59, 60, 61, 62, 63, 64, 65, 66, 67, 68, 69, 70, 71, 72, 73, 74, 75, 76, 77, 78, 79, 80, 81, 82, 83, 84, 85, 86, 87, 88, 89, 90, 91, 92, 93, 94, 95, 96, 97, 98, 99, 100, 101, 102, 103, 104, 105, 106, 107, 108, 109, 110, 111, 112, 113, 114, 115, 116, 117, 118, 119, 120, 121, 122, 123, 124, 125, 126, 127, 128, 129, 130, 131, 132, 133, 134, 135, 136, 137, 138, 139, 140, 141, 142, 143, 144, 145, 146, 147, 148, 149, 150, 151, 152, 153, 154, 155, 156, 157, 158, 159, 160, 161, 162, 163, 164, 165, 166, 167, 168, 169, 170, 171, 172, 173, 174, 175, 176, 177, 178, 179, 180, 181, 182, 183, 184, 185, 186, 187, 188, 189, 190, 191, 192, 193, 194, 195, 196, 197, 198, 199]
This is for the BaseNet initialization.
After BaseNet initialization.
2026-04-17 21:43:07,980 [simplecil.py] => Learning on 0-100
2026-04-17 21:45:26,420 [trainer.py] => Task 0 train peak GPU memory => 732.33 MiB
2026-04-17 21:46:39,385 [trainer.py] => Task 0 metrics => trainable 85.88M, inference added 0.08M, train GPU 732.33MiB, infer GPU 732.37MiB
2026-04-17 21:46:39,399 [trainer.py] => CNN: {'total': 62.49, '00-99': 62.49, '100-109': 38.17, '110-119': 56.92, '120-129': 35.06, '130-139': 51.69, '140-149': 50.47, '150-159': 44.44, '160-169': 65.24, '170-179': 60.65, '180-189': 45.3, '190-199': 47.3, 'old': 0, 'new': 62.49}
2026-04-17 21:46:39,400 [trainer.py] => CNN top1 curve: [62.49]
2026-04-17 21:46:39,400 [trainer.py] => Average Accuracy (CNN): 62.49 

2026-04-17 21:46:39,412 [simplecil.py] => Learning on 100-110
2026-04-17 21:46:40,591 [trainer.py] => Task 1 train peak GPU memory => 704.36 MiB
2026-04-17 21:47:49,927 [trainer.py] => Task 1 metrics => trainable 85.88M, inference added 0.08M, train GPU 704.36MiB, infer GPU 732.40MiB
2026-04-17 21:47:49,927 [trainer.py] => CNN: {'total': 58.55, '00-99': 62.29, '100-109': 22.71, '110-119': 56.92, '120-129': 35.06, '130-139': 51.69, '140-149': 50.47, '150-159': 44.44, '160-169': 65.24, '170-179': 60.65, '180-189': 45.3, '190-199': 47.3, 'old': 62.29, 'new': 22.71}
2026-04-17 21:47:49,927 [trainer.py] => CNN top1 curve: [62.49, 58.55]
2026-04-17 21:47:49,928 [trainer.py] => Average Accuracy (CNN): 60.52 

2026-04-17 21:47:49,939 [simplecil.py] => Learning on 110-120
2026-04-17 21:47:51,306 [trainer.py] => Task 2 train peak GPU memory => 704.39 MiB
2026-04-17 21:49:00,827 [trainer.py] => Task 2 metrics => trainable 85.89M, inference added 0.09M, train GPU 704.39MiB, infer GPU 732.43MiB
2026-04-17 21:49:00,827 [trainer.py] => CNN: {'total': 57.8, '00-99': 61.86, '100-109': 21.77, '110-119': 54.23, '120-129': 35.06, '130-139': 51.69, '140-149': 50.47, '150-159': 44.44, '160-169': 65.24, '170-179': 60.65, '180-189': 45.3, '190-199': 47.3, 'old': 58.08, 'new': 54.23}
2026-04-17 21:49:00,827 [trainer.py] => CNN top1 curve: [62.49, 58.55, 57.8]
2026-04-17 21:49:00,827 [trainer.py] => Average Accuracy (CNN): 59.61 

2026-04-17 21:49:00,842 [simplecil.py] => Learning on 120-130
2026-04-17 21:49:02,121 [trainer.py] => Task 3 train peak GPU memory => 704.42 MiB
2026-04-17 21:50:11,461 [trainer.py] => Task 3 metrics => trainable 85.90M, inference added 0.10M, train GPU 704.42MiB, infer GPU 732.46MiB
2026-04-17 21:50:11,483 [trainer.py] => CNN: {'total': 55.73, '00-99': 61.6, '100-109': 21.77, '110-119': 52.31, '120-129': 35.71, '130-139': 51.69, '140-149': 50.47, '150-159': 44.44, '160-169': 65.24, '170-179': 60.65, '180-189': 45.3, '190-199': 47.3, 'old': 57.44, 'new': 35.71}
2026-04-17 21:50:11,483 [trainer.py] => CNN top1 curve: [62.49, 58.55, 57.8, 55.73]
2026-04-17 21:50:11,483 [trainer.py] => Average Accuracy (CNN): 58.64 

2026-04-17 21:50:11,497 [simplecil.py] => Learning on 130-140
2026-04-17 21:50:12,744 [trainer.py] => Task 4 train peak GPU memory => 704.45 MiB
2026-04-17 21:51:21,124 [trainer.py] => Task 4 metrics => trainable 85.91M, inference added 0.11M, train GPU 704.45MiB, infer GPU 732.49MiB
2026-04-17 21:51:21,124 [trainer.py] => CNN: {'total': 55.05, '00-99': 61.34, '100-109': 21.45, '110-119': 48.08, '120-129': 33.12, '130-139': 55.41, '140-149': 50.47, '150-159': 44.44, '160-169': 65.24, '170-179': 60.65, '180-189': 45.3, '190-199': 47.3, 'old': 55.02, 'new': 55.41}
2026-04-17 21:51:21,124 [trainer.py] => CNN top1 curve: [62.49, 58.55, 57.8, 55.73, 55.05]
2026-04-17 21:51:21,125 [trainer.py] => Average Accuracy (CNN): 57.92 

2026-04-17 21:51:21,141 [simplecil.py] => Learning on 140-150
2026-04-17 21:51:22,222 [trainer.py] => Task 5 train peak GPU memory => 704.48 MiB
2026-04-17 21:52:29,298 [trainer.py] => Task 5 metrics => trainable 85.91M, inference added 0.12M, train GPU 704.48MiB, infer GPU 732.52MiB
2026-04-17 21:52:29,310 [trainer.py] => CNN: {'total': 54.65, '00-99': 61.3, '100-109': 21.45, '110-119': 46.15, '120-129': 31.17, '130-139': 54.73, '140-149': 53.27, '150-159': 44.44, '160-169': 65.24, '170-179': 60.65, '180-189': 45.3, '190-199': 47.3, 'old': 54.72, 'new': 53.27}
2026-04-17 21:52:29,310 [trainer.py] => CNN top1 curve: [62.49, 58.55, 57.8, 55.73, 55.05, 54.65]
2026-04-17 21:52:29,310 [trainer.py] => Average Accuracy (CNN): 57.38 

2026-04-17 21:52:29,326 [simplecil.py] => Learning on 150-160
2026-04-17 21:52:30,504 [trainer.py] => Task 6 train peak GPU memory => 704.51 MiB
2026-04-17 21:53:36,357 [trainer.py] => Task 6 metrics => trainable 85.92M, inference added 0.12M, train GPU 704.51MiB, infer GPU 732.55MiB
2026-04-17 21:53:36,357 [trainer.py] => CNN: {'total': 53.7, '00-99': 61.24, '100-109': 21.45, '110-119': 45.38, '120-129': 30.84, '130-139': 53.38, '140-149': 52.8, '150-159': 41.38, '160-169': 65.24, '170-179': 60.65, '180-189': 45.3, '190-199': 47.3, 'old': 54.42, 'new': 41.38}
2026-04-17 21:53:36,357 [trainer.py] => CNN top1 curve: [62.49, 58.55, 57.8, 55.73, 55.05, 54.65, 53.7]
2026-04-17 21:53:36,357 [trainer.py] => Average Accuracy (CNN): 56.85 

2026-04-17 21:53:36,366 [simplecil.py] => Learning on 160-170
2026-04-17 21:53:37,792 [trainer.py] => Task 7 train peak GPU memory => 704.54 MiB
2026-04-17 21:54:43,240 [trainer.py] => Task 7 metrics => trainable 85.93M, inference added 0.13M, train GPU 704.54MiB, infer GPU 732.58MiB
2026-04-17 21:54:43,240 [trainer.py] => CNN: {'total': 53.92, '00-99': 61.2, '100-109': 21.45, '110-119': 44.23, '120-129': 30.52, '130-139': 51.35, '140-149': 51.87, '150-159': 39.08, '160-169': 62.39, '170-179': 60.65, '180-189': 45.3, '190-199': 47.3, 'old': 53.29, 'new': 62.39}
2026-04-17 21:54:43,241 [trainer.py] => CNN top1 curve: [62.49, 58.55, 57.8, 55.73, 55.05, 54.65, 53.7, 53.92]
2026-04-17 21:54:43,241 [trainer.py] => Average Accuracy (CNN): 56.49 

2026-04-17 21:54:43,256 [simplecil.py] => Learning on 170-180
2026-04-17 21:54:44,650 [trainer.py] => Task 8 train peak GPU memory => 704.57 MiB
2026-04-17 21:55:48,525 [trainer.py] => Task 8 metrics => trainable 85.94M, inference added 0.14M, train GPU 704.57MiB, infer GPU 732.61MiB
2026-04-17 21:55:48,539 [trainer.py] => CNN: {'total': 53.45, '00-99': 60.97, '100-109': 21.45, '110-119': 43.46, '120-129': 29.55, '130-139': 49.66, '140-149': 50.0, '150-159': 37.55, '160-169': 61.54, '170-179': 54.87, '180-189': 45.3, '190-199': 47.3, 'old': 53.37, 'new': 54.87}
2026-04-17 21:55:48,539 [trainer.py] => CNN top1 curve: [62.49, 58.55, 57.8, 55.73, 55.05, 54.65, 53.7, 53.92, 53.45]
2026-04-17 21:55:48,540 [trainer.py] => Average Accuracy (CNN): 56.15 

2026-04-17 21:55:48,555 [simplecil.py] => Learning on 180-190
2026-04-17 21:55:49,885 [trainer.py] => Task 9 train peak GPU memory => 704.60 MiB
2026-04-17 21:56:55,615 [trainer.py] => Task 9 metrics => trainable 85.94M, inference added 0.15M, train GPU 704.60MiB, infer GPU 732.63MiB
2026-04-17 21:56:55,615 [trainer.py] => CNN: {'total': 52.07, '00-99': 60.74, '100-109': 21.45, '110-119': 43.08, '120-129': 28.57, '130-139': 49.66, '140-149': 49.53, '150-159': 37.16, '160-169': 61.54, '170-179': 53.43, '180-189': 36.46, '190-199': 47.3, 'old': 53.13, 'new': 36.46}
2026-04-17 21:56:55,615 [trainer.py] => CNN top1 curve: [62.49, 58.55, 57.8, 55.73, 55.05, 54.65, 53.7, 53.92, 53.45, 52.07]
2026-04-17 21:56:55,615 [trainer.py] => Average Accuracy (CNN): 55.74 

2026-04-17 21:56:55,625 [simplecil.py] => Learning on 190-200
2026-04-17 21:56:56,795 [trainer.py] => Task 10 train peak GPU memory => 704.63 MiB
2026-04-17 21:57:58,308 [trainer.py] => Task 10 metrics => trainable 85.95M, inference added 0.15M, train GPU 704.63MiB, infer GPU 704.96MiB
2026-04-17 21:57:58,308 [trainer.py] => CNN: {'total': 50.93, '00-99': 60.48, '100-109': 21.14, '110-119': 42.69, '120-129': 28.25, '130-139': 47.97, '140-149': 49.53, '150-159': 36.78, '160-169': 60.4, '170-179': 53.43, '180-189': 34.81, '190-199': 39.05, 'old': 51.59, 'new': 39.05}
2026-04-17 21:57:58,308 [trainer.py] => CNN top1 curve: [62.49, 58.55, 57.8, 55.73, 55.05, 54.65, 53.7, 53.92, 53.45, 52.07, 50.93]
2026-04-17 21:57:58,308 [trainer.py] => Average Accuracy (CNN): 55.3 


================================================================================
Finished imagenetr_init100_inc10: pretrained_vit_b16_224  
Base Accuracy: 62.49
Last Accuracy: 50.93
Average Accuracy (Top1): 55.3
PD: 11.56
Backward Transfer (BWT): -4.34
Forward Transfer (FWT): 3.01
Accuracy Matrix (CNN):
[[62.49 38.17 56.92 35.06 51.69 50.47 44.44 65.24 60.65 45.3  47.3 ]
 [62.29 22.71 56.92 35.06 51.69 50.47 44.44 65.24 60.65 45.3  47.3 ]
 [61.86 21.77 54.23 35.06 51.69 50.47 44.44 65.24 60.65 45.3  47.3 ]
 [61.6  21.77 52.31 35.71 51.69 50.47 44.44 65.24 60.65 45.3  47.3 ]
 [61.34 21.45 48.08 33.12 55.41 50.47 44.44 65.24 60.65 45.3  47.3 ]
 [61.3  21.45 46.15 31.17 54.73 53.27 44.44 65.24 60.65 45.3  47.3 ]
 [61.24 21.45 45.38 30.84 53.38 52.8  41.38 65.24 60.65 45.3  47.3 ]
 [61.2  21.45 44.23 30.52 51.35 51.87 39.08 62.39 60.65 45.3  47.3 ]
 [60.97 21.45 43.46 29.55 49.66 50.   37.55 61.54 54.87 45.3  47.3 ]
 [60.74 21.45 43.08 28.57 49.66 49.53 37.16 61.54 53.43 36.46 47.3 ]
 [60.48 21.14 42.69 28.25 47.97 49.53 36.78 60.4  53.43 34.81 39.05]]
Total Train Time: 151.2 s
Total Inference Time: 738.9821 s
Total Prompt Time: 0.0 s

==========================================================================================
Training Task Metrics
------------------------------------------------------------------------------------
Task    Trainable(M)    GPU(MiB)    Time/Task(s)   Epochs  Time/Epoch(s)  
------------------------------------------------------------------------------------
S0      85.88           732.33      138.44         1       138.44         
S1      85.88           704.36      1.19           1       1.19           
S2      85.89           704.39      1.38           1       1.38           
S3      85.90           704.42      1.29           1       1.29           
S4      85.91           704.45      1.26           1       1.26           
S5      85.91           704.48      1.09           1       1.09           
S6      85.92           704.51      1.19           1       1.19           
S7      85.93           704.54      1.43           1       1.43           
S8      85.94           704.57      1.41           1       1.41           
S9      85.94           704.60      1.34           1       1.34           
S10     85.95           704.63      1.18           1       1.18           
------------------------------------------------------------------------------------
Base S0 85.88           732.33      138.44         1       138.44         
Inc Avg 85.92           704.49      1.28           1.00    1.28           
All Avg 85.91           707.02      13.75          1.00    13.75          
Max GPU                 732.33                                            
Total                                           151.20         
Final   85.95                                                             
------------------------------------------------------------------------------------------
Inference Task Metrics
------------------------------------------------------------------------------------------
Task    Added(M)    GPU(MiB)    Time/Task(s)   Latency(ms/img)   Samples   Prompt(s)   
------------------------------------------------------------------------------------------
S0      0.08        732.37      72.9523        12.1587           6000      0.0000      
S1      0.08        732.40      69.3333        11.5556           6000      0.0000      
S2      0.09        732.43      69.5188        11.5865           6000      0.0000      
S3      0.10        732.46      69.3322        11.5554           6000      0.0000      
S4      0.11        732.49      68.3779        11.3963           6000      0.0000      
S5      0.12        732.52      67.0710        11.1785           6000      0.0000      
S6      0.12        732.55      65.8498        10.9750           6000      0.0000      
S7      0.13        732.58      65.4440        10.9073           6000      0.0000      
S8      0.14        732.61      63.8666        10.6444           6000      0.0000      
S9      0.15        732.63      65.7261        10.9544           6000      0.0000      
S10     0.15        704.96      61.5101        9.7403            6315      0.0000      
------------------------------------------------------------------------------------------
Base S0 0.08        732.37      72.9523        12.1587           6000      0.0000      
Inc Avg 0.12        729.76      66.6030        11.0494           6031.50   0.0000      
All Avg 0.12        730.00      67.1802        11.1502           6028.64   0.0000      
Max GPU             732.63                                                             
Total                           738.9821                                   0.0000      
==========================================================================================

================================================================================

2026-04-17 21:58:26,371 [trainer.py] => config: ./configs/simplecil/IN1K/simplecil_mini_B60_Inc5.json
2026-04-17 21:58:26,393 [trainer.py] => prefix:  
2026-04-17 21:58:26,393 [trainer.py] => dataset: mini_imagenet
2026-04-17 21:58:26,393 [trainer.py] => memory_size: 0
2026-04-17 21:58:26,393 [trainer.py] => memory_per_class: 0
2026-04-17 21:58:26,393 [trainer.py] => fixed_memory: False
2026-04-17 21:58:26,393 [trainer.py] => shuffle: False
2026-04-17 21:58:26,393 [trainer.py] => init_cls: 60
2026-04-17 21:58:26,393 [trainer.py] => increment: 5
2026-04-17 21:58:26,393 [trainer.py] => model_name: simplecil
2026-04-17 21:58:26,393 [trainer.py] => backbone_type: pretrained_vit_b16_224
2026-04-17 21:58:26,393 [trainer.py] => device: [device(type='cuda', index=2)]
2026-04-17 21:58:26,393 [trainer.py] => seed: 1993
2026-04-17 21:58:26,393 [trainer.py] => kshot: 5
2026-04-17 21:58:26,393 [trainer.py] => tuned_epoch: 1
2026-04-17 21:58:26,393 [trainer.py] => init_lr: 0.01
2026-04-17 21:58:26,393 [trainer.py] => batch_size: 48
2026-04-17 21:58:26,393 [trainer.py] => weight_decay: 0.05
2026-04-17 21:58:26,393 [trainer.py] => min_lr: 1e-08
2026-04-17 21:58:26,393 [trainer.py] => optimizer: sgd
2026-04-17 21:58:26,393 [trainer.py] => vpt_type: shallow
2026-04-17 21:58:26,393 [trainer.py] => prompt_token_num: 3
2026-04-17 21:58:26,393 [trainer.py] => gpu_models: ['NVIDIA A800 80GB PCIe']
2026-04-17 21:58:26,612 [data_manager.py] => [0, 1, 2, 3, 4, 5, 6, 7, 8, 9, 10, 11, 12, 13, 14, 15, 16, 17, 18, 19, 20, 21, 22, 23, 24, 25, 26, 27, 28, 29, 30, 31, 32, 33, 34, 35, 36, 37, 38, 39, 40, 41, 42, 43, 44, 45, 46, 47, 48, 49, 50, 51, 52, 53, 54, 55, 56, 57, 58, 59, 60, 61, 62, 63, 64, 65, 66, 67, 68, 69, 70, 71, 72, 73, 74, 75, 76, 77, 78, 79, 80, 81, 82, 83, 84, 85, 86, 87, 88, 89, 90, 91, 92, 93, 94, 95, 96, 97, 98, 99]
This is for the BaseNet initialization.
After BaseNet initialization.
2026-04-17 21:58:46,949 [simplecil.py] => Learning on 0-60
2026-04-17 22:04:11,889 [trainer.py] => Task 0 train peak GPU memory => 731.92 MiB
2026-04-17 22:05:58,881 [trainer.py] => Task 0 metrics => trainable 85.84M, inference added 0.05M, train GPU 731.92MiB, infer GPU 731.94MiB
2026-04-17 22:05:58,882 [trainer.py] => CNN: {'total': 94.98, '00-59': 94.98, '60-64': 96.8, '65-69': 92.4, '70-74': 95.0, '75-79': 94.6, '80-84': 92.6, '85-89': 92.8, '90-94': 97.6, '95-99': 97.4, 'old': 0, 'new': 94.98}
2026-04-17 22:05:58,882 [trainer.py] => CNN top1 curve: [94.98]
2026-04-17 22:05:58,882 [trainer.py] => Average Accuracy (CNN): 94.98 

2026-04-17 22:05:58,899 [simplecil.py] => Learning on 60-65
2026-04-17 22:05:59,918 [trainer.py] => Task 1 train peak GPU memory => 527.00 MiB
2026-04-17 22:07:36,245 [trainer.py] => Task 1 metrics => trainable 85.85M, inference added 0.05M, train GPU 527.00MiB, infer GPU 731.96MiB
2026-04-17 22:07:36,277 [trainer.py] => CNN: {'total': 94.45, '00-59': 94.88, '60-64': 89.2, '65-69': 92.4, '70-74': 95.0, '75-79': 94.6, '80-84': 92.6, '85-89': 92.8, '90-94': 97.6, '95-99': 97.4, 'old': 94.88, 'new': 89.2}
2026-04-17 22:07:36,278 [trainer.py] => CNN top1 curve: [94.98, 94.45]
2026-04-17 22:07:36,278 [trainer.py] => Average Accuracy (CNN): 94.72 

2026-04-17 22:07:36,285 [simplecil.py] => Learning on 65-70
2026-04-17 22:07:37,415 [trainer.py] => Task 2 train peak GPU memory => 527.01 MiB
2026-04-17 22:09:10,589 [trainer.py] => Task 2 metrics => trainable 85.85M, inference added 0.05M, train GPU 527.01MiB, infer GPU 731.97MiB
2026-04-17 22:09:10,589 [trainer.py] => CNN: {'total': 92.31, '00-59': 94.78, '60-64': 89.2, '65-69': 65.8, '70-74': 95.0, '75-79': 94.6, '80-84': 92.6, '85-89': 92.8, '90-94': 97.6, '95-99': 97.4, 'old': 94.35, 'new': 65.8}
2026-04-17 22:09:10,590 [trainer.py] => CNN top1 curve: [94.98, 94.45, 92.31]
2026-04-17 22:09:10,590 [trainer.py] => Average Accuracy (CNN): 93.91 

2026-04-17 22:09:10,608 [simplecil.py] => Learning on 70-75
2026-04-17 22:09:11,367 [trainer.py] => Task 3 train peak GPU memory => 527.03 MiB
2026-04-17 22:10:33,183 [trainer.py] => Task 3 metrics => trainable 85.86M, inference added 0.06M, train GPU 527.03MiB, infer GPU 731.99MiB
2026-04-17 22:10:33,211 [trainer.py] => CNN: {'total': 91.96, '00-59': 94.77, '60-64': 88.8, '65-69': 65.8, '70-74': 87.6, '75-79': 94.6, '80-84': 92.6, '85-89': 92.8, '90-94': 97.6, '95-99': 97.4, 'old': 92.27, 'new': 87.6}
2026-04-17 22:10:33,211 [trainer.py] => CNN top1 curve: [94.98, 94.45, 92.31, 91.96]
2026-04-17 22:10:33,211 [trainer.py] => Average Accuracy (CNN): 93.42 

2026-04-17 22:10:33,219 [simplecil.py] => Learning on 75-80
2026-04-17 22:10:34,106 [trainer.py] => Task 4 train peak GPU memory => 527.04 MiB
2026-04-17 22:11:52,443 [trainer.py] => Task 4 metrics => trainable 85.86M, inference added 0.06M, train GPU 527.04MiB, infer GPU 732.00MiB
2026-04-17 22:11:52,444 [trainer.py] => CNN: {'total': 91.32, '00-59': 94.75, '60-64': 88.8, '65-69': 65.8, '70-74': 87.6, '75-79': 82.0, '80-84': 92.6, '85-89': 92.8, '90-94': 97.6, '95-99': 97.4, 'old': 91.95, 'new': 82.0}
2026-04-17 22:11:52,444 [trainer.py] => CNN top1 curve: [94.98, 94.45, 92.31, 91.96, 91.32]
2026-04-17 22:11:52,444 [trainer.py] => Average Accuracy (CNN): 93.0 

2026-04-17 22:11:52,457 [simplecil.py] => Learning on 80-85
2026-04-17 22:11:53,215 [trainer.py] => Task 5 train peak GPU memory => 527.06 MiB
2026-04-17 22:13:08,056 [trainer.py] => Task 5 metrics => trainable 85.86M, inference added 0.07M, train GPU 527.06MiB, infer GPU 732.02MiB
2026-04-17 22:13:08,057 [trainer.py] => CNN: {'total': 90.22, '00-59': 94.6, '60-64': 88.6, '65-69': 65.0, '70-74': 87.6, '75-79': 80.4, '80-84': 77.0, '85-89': 92.8, '90-94': 97.6, '95-99': 97.4, 'old': 91.05, 'new': 77.0}
2026-04-17 22:13:08,057 [trainer.py] => CNN top1 curve: [94.98, 94.45, 92.31, 91.96, 91.32, 90.22]
2026-04-17 22:13:08,057 [trainer.py] => Average Accuracy (CNN): 92.54 

2026-04-17 22:13:08,064 [simplecil.py] => Learning on 85-90
2026-04-17 22:13:08,997 [trainer.py] => Task 6 train peak GPU memory => 527.07 MiB
2026-04-17 22:14:29,173 [trainer.py] => Task 6 metrics => trainable 85.87M, inference added 0.07M, train GPU 527.07MiB, infer GPU 732.03MiB
2026-04-17 22:14:29,200 [trainer.py] => CNN: {'total': 89.01, '00-59': 94.45, '60-64': 88.4, '65-69': 64.2, '70-74': 87.0, '75-79': 80.0, '80-84': 77.0, '85-89': 72.2, '90-94': 97.6, '95-99': 97.4, 'old': 90.0, 'new': 72.2}
2026-04-17 22:14:29,200 [trainer.py] => CNN top1 curve: [94.98, 94.45, 92.31, 91.96, 91.32, 90.22, 89.01]
2026-04-17 22:14:29,201 [trainer.py] => Average Accuracy (CNN): 92.04 

2026-04-17 22:14:29,214 [simplecil.py] => Learning on 90-95
2026-04-17 22:14:31,140 [trainer.py] => Task 7 train peak GPU memory => 527.09 MiB
2026-04-17 22:15:45,725 [trainer.py] => Task 7 metrics => trainable 85.87M, inference added 0.07M, train GPU 527.09MiB, infer GPU 732.05MiB
2026-04-17 22:15:45,753 [trainer.py] => CNN: {'total': 87.56, '00-59': 94.42, '60-64': 87.8, '65-69': 63.8, '70-74': 87.0, '75-79': 80.0, '80-84': 77.0, '85-89': 71.6, '90-94': 63.4, '95-99': 97.4, 'old': 88.9, 'new': 63.4}
2026-04-17 22:15:45,753 [trainer.py] => CNN top1 curve: [94.98, 94.45, 92.31, 91.96, 91.32, 90.22, 89.01, 87.56]
2026-04-17 22:15:45,753 [trainer.py] => Average Accuracy (CNN): 91.48 

2026-04-17 22:15:45,766 [simplecil.py] => Learning on 95-100
2026-04-17 22:15:46,560 [trainer.py] => Task 8 train peak GPU memory => 527.10 MiB
2026-04-17 22:17:08,935 [trainer.py] => Task 8 metrics => trainable 85.88M, inference added 0.08M, train GPU 527.10MiB, infer GPU 704.36MiB
2026-04-17 22:17:08,935 [trainer.py] => CNN: {'total': 87.66, '00-59': 94.33, '60-64': 87.8, '65-69': 63.8, '70-74': 87.0, '75-79': 79.8, '80-84': 77.0, '85-89': 71.2, '90-94': 63.2, '95-99': 91.4, 'old': 87.46, 'new': 91.4}
2026-04-17 22:17:08,935 [trainer.py] => CNN top1 curve: [94.98, 94.45, 92.31, 91.96, 91.32, 90.22, 89.01, 87.56, 87.66]
2026-04-17 22:17:08,935 [trainer.py] => Average Accuracy (CNN): 91.05 


================================================================================
Finished mini_imagenet_init60_inc5: pretrained_vit_b16_224  
Base Accuracy: 94.98
Last Accuracy: 87.66
Average Accuracy (Top1): 91.05
PD: 7.32
Backward Transfer (BWT): -1.01
Forward Transfer (FWT): 13.92
Accuracy Matrix (CNN):
[[94.98 96.8  92.4  95.   94.6  92.6  92.8  97.6  97.4 ]
 [94.88 89.2  92.4  95.   94.6  92.6  92.8  97.6  97.4 ]
 [94.78 89.2  65.8  95.   94.6  92.6  92.8  97.6  97.4 ]
 [94.77 88.8  65.8  87.6  94.6  92.6  92.8  97.6  97.4 ]
 [94.75 88.8  65.8  87.6  82.   92.6  92.8  97.6  97.4 ]
 [94.6  88.6  65.   87.6  80.4  77.   92.8  97.6  97.4 ]
 [94.45 88.4  64.2  87.   80.   77.   72.2  97.6  97.4 ]
 [94.42 87.8  63.8  87.   80.   77.   71.6  63.4  97.4 ]
 [94.33 87.8  63.8  87.   79.8  77.   71.2  63.2  91.4 ]]
Total Train Time: 333.2 s
Total Inference Time: 768.5189 s
Total Prompt Time: 0.0 s

==========================================================================================
Training Task Metrics
------------------------------------------------------------------------------------
Task    Trainable(M)    GPU(MiB)    Time/Task(s)   Epochs  Time/Epoch(s)  
------------------------------------------------------------------------------------
S0      85.84           731.92      324.94         1       324.94         
S1      85.85           527.00      1.03           1       1.03           
S2      85.85           527.01      1.13           1       1.13           
S3      85.86           527.03      0.77           1       0.77           
S4      85.86           527.04      0.89           1       0.89           
S5      85.86           527.06      0.77           1       0.77           
S6      85.87           527.07      0.94           1       0.94           
S7      85.87           527.09      1.92           1       1.92           
S8      85.88           527.10      0.80           1       0.80           
------------------------------------------------------------------------------------
Base S0 85.84           731.92      324.94         1       324.94         
Inc Avg 85.86           527.05      1.03           1.00    1.03           
All Avg 85.86           549.81      37.02          1.00    37.02          
Max GPU                 731.92                                            
Total                                           333.20         
Final   85.88                                                             
------------------------------------------------------------------------------------------
Inference Task Metrics
------------------------------------------------------------------------------------------
Task    Added(M)    GPU(MiB)    Time/Task(s)   Latency(ms/img)   Samples   Prompt(s)   
------------------------------------------------------------------------------------------
S0      0.05        731.94      106.9478       10.6948           10000     0.0000      
S1      0.05        731.96      96.3250        9.6325            10000     0.0000      
S2      0.05        731.97      93.1680        9.3168            10000     0.0000      
S3      0.06        731.99      81.8140        8.1814            10000     0.0000      
S4      0.06        732.00      78.3143        7.8314            10000     0.0000      
S5      0.07        732.02      74.8305        7.4831            10000     0.0000      
S6      0.07        732.03      80.1734        8.0173            10000     0.0000      
S7      0.07        732.05      74.5737        7.4574            10000     0.0000      
S8      0.08        704.36      82.3722        7.8450            10500     0.0000      
------------------------------------------------------------------------------------------
Base S0 0.05        731.94      106.9478       10.6948           10000     0.0000      
Inc Avg 0.06        728.55      82.6964        8.2206            10062.50  0.0000      
All Avg 0.06        728.92      85.3910        8.4955            10055.56  0.0000      
Max GPU             732.05                                                             
Total                           768.5189                                   0.0000      
==========================================================================================

================================================================================

