nohup: 忽略输入
2025-12-12 16:56:58,711 [trainer.py] => config: ./scripts/simplecil/IN1K/simplecil_cub_B100_Inc5.json
2025-12-12 16:56:58,711 [trainer.py] => prefix:  
2025-12-12 16:56:58,711 [trainer.py] => dataset: cub
2025-12-12 16:56:58,711 [trainer.py] => memory_size: 0
2025-12-12 16:56:58,711 [trainer.py] => memory_per_class: 0
2025-12-12 16:56:58,711 [trainer.py] => fixed_memory: False
2025-12-12 16:56:58,711 [trainer.py] => shuffle: False
2025-12-12 16:56:58,712 [trainer.py] => init_cls: 100
2025-12-12 16:56:58,712 [trainer.py] => increment: 5
2025-12-12 16:56:58,712 [trainer.py] => model_name: simplecil
2025-12-12 16:56:58,712 [trainer.py] => backbone_type: pretrained_vit_b16_224
2025-12-12 16:56:58,712 [trainer.py] => device: [device(type='cuda', index=7)]
2025-12-12 16:56:58,712 [trainer.py] => seed: 1993
2025-12-12 16:56:58,712 [trainer.py] => kshot: 5
2025-12-12 16:56:58,712 [trainer.py] => tuned_epoch: 1
2025-12-12 16:56:58,712 [trainer.py] => init_lr: 0.01
2025-12-12 16:56:58,712 [trainer.py] => batch_size: 256
2025-12-12 16:56:58,712 [trainer.py] => weight_decay: 0.05
2025-12-12 16:56:58,712 [trainer.py] => min_lr: 1e-08
2025-12-12 16:56:58,712 [trainer.py] => optimizer: sgd
2025-12-12 16:56:58,712 [trainer.py] => vpt_type: shallow
2025-12-12 16:56:58,712 [trainer.py] => prompt_token_num: 3
2025-12-12 16:56:58,712 [trainer.py] => gpu_models: ['NVIDIA A40']
2025-12-12 16:56:58,760 [data_manager.py] => [0, 1, 2, 3, 4, 5, 6, 7, 8, 9, 10, 11, 12, 13, 14, 15, 16, 17, 18, 19, 20, 21, 22, 23, 24, 25, 26, 27, 28, 29, 30, 31, 32, 33, 34, 35, 36, 37, 38, 39, 40, 41, 42, 43, 44, 45, 46, 47, 48, 49, 50, 51, 52, 53, 54, 55, 56, 57, 58, 59, 60, 61, 62, 63, 64, 65, 66, 67, 68, 69, 70, 71, 72, 73, 74, 75, 76, 77, 78, 79, 80, 81, 82, 83, 84, 85, 86, 87, 88, 89, 90, 91, 92, 93, 94, 95, 96, 97, 98, 99, 100, 101, 102, 103, 104, 105, 106, 107, 108, 109, 110, 111, 112, 113, 114, 115, 116, 117, 118, 119, 120, 121, 122, 123, 124, 125, 126, 127, 128, 129, 130, 131, 132, 133, 134, 135, 136, 137, 138, 139, 140, 141, 142, 143, 144, 145, 146, 147, 148, 149, 150, 151, 152, 153, 154, 155, 156, 157, 158, 159, 160, 161, 162, 163, 164, 165, 166, 167, 168, 169, 170, 171, 172, 173, 174, 175, 176, 177, 178, 179, 180, 181, 182, 183, 184, 185, 186, 187, 188, 189, 190, 191, 192, 193, 194, 195, 196, 197, 198, 199]
This is for the BaseNet initialization.
After BaseNet initialization.
2025-12-12 16:57:01,240 [trainer.py] => All params: 85952257
2025-12-12 16:57:01,240 [trainer.py] => Trainable params: 85952257
2025-12-12 16:57:01,382 [simplecil.py] => Learning on 0-100
2025-12-12 16:57:26,457 [trainer.py] => CNN: {'total': 86.25, '00-99': 86.25, '100-104': 96.0, '105-109': 80.0, '110-114': 92.0, '115-119': 88.0, '120-124': 80.0, '125-129': 76.0, '130-134': 72.0, '135-139': 64.0, '140-144': 80.0, '145-149': 80.0, '150-154': 88.0, '155-159': 92.0, '160-164': 88.0, '165-169': 80.0, '170-174': 80.0, '175-179': 92.0, '180-184': 76.0, '185-189': 72.0, '190-194': 96.0, '195-199': 72.0, 'old': 0, 'new': 86.25}
2025-12-12 16:57:26,457 [trainer.py] => CNN top1 curve: [86.25]
2025-12-12 16:57:26,457 [trainer.py] => Average Accuracy (CNN): 86.25 

2025-12-12 16:57:26,458 [trainer.py] => All params: 86029058
2025-12-12 16:57:26,458 [trainer.py] => Trainable params: 86029058
2025-12-12 16:57:26,460 [simplecil.py] => Learning on 100-105
2025-12-12 16:57:36,926 [trainer.py] => CNN: {'total': 85.14, '00-99': 86.25, '100-104': 57.45, '105-109': 96.0, '110-114': 88.0, '115-119': 76.0, '120-124': 84.0, '125-129': 92.0, '130-134': 92.0, '135-139': 96.0, '140-144': 88.0, '145-149': 80.0, '150-154': 76.0, '155-159': 88.0, '160-164': 96.0, '165-169': 56.0, '170-174': 96.0, '175-179': 84.0, '180-184': 76.0, '185-189': 84.0, '190-194': 100.0, '195-199': 96.0, 'old': 86.25, 'new': 57.45}
2025-12-12 16:57:36,927 [trainer.py] => CNN top1 curve: [86.25, 85.14]
2025-12-12 16:57:36,927 [trainer.py] => Average Accuracy (CNN): 85.7 

2025-12-12 16:57:36,928 [trainer.py] => All params: 86032898
2025-12-12 16:57:36,928 [trainer.py] => Trainable params: 86032898
2025-12-12 16:57:36,930 [simplecil.py] => Learning on 105-110
2025-12-12 16:57:47,331 [trainer.py] => CNN: {'total': 84.02, '00-99': 86.08, '100-104': 57.45, '105-109': 61.54, '110-114': 88.0, '115-119': 88.0, '120-124': 88.0, '125-129': 92.0, '130-134': 88.0, '135-139': 96.0, '140-144': 72.0, '145-149': 80.0, '150-154': 88.0, '155-159': 72.0, '160-164': 76.0, '165-169': 96.0, '170-174': 76.0, '175-179': 92.0, '180-184': 76.0, '185-189': 92.0, '190-194': 84.0, '195-199': 88.0, 'old': 84.98, 'new': 61.54}
2025-12-12 16:57:47,332 [trainer.py] => CNN top1 curve: [86.25, 85.14, 84.02]
2025-12-12 16:57:47,332 [trainer.py] => Average Accuracy (CNN): 85.14 

2025-12-12 16:57:47,332 [trainer.py] => All params: 86036738
2025-12-12 16:57:47,333 [trainer.py] => Trainable params: 86036738
2025-12-12 16:57:47,334 [simplecil.py] => Learning on 110-115
2025-12-12 16:57:57,609 [trainer.py] => CNN: {'total': 83.5, '00-99': 86.08, '100-104': 57.45, '105-109': 61.54, '110-114': 71.93, '115-119': 84.0, '120-124': 80.0, '125-129': 84.0, '130-134': 64.0, '135-139': 80.0, '140-144': 80.0, '145-149': 96.0, '150-154': 80.0, '155-159': 92.0, '160-164': 92.0, '165-169': 88.0, '170-174': 92.0, '175-179': 84.0, '180-184': 76.0, '185-189': 96.0, '190-194': 88.0, '195-199': 92.0, 'old': 84.02, 'new': 71.93}
2025-12-12 16:57:57,610 [trainer.py] => CNN top1 curve: [86.25, 85.14, 84.02, 83.5]
2025-12-12 16:57:57,610 [trainer.py] => Average Accuracy (CNN): 84.73 

2025-12-12 16:57:57,611 [trainer.py] => All params: 86040578
2025-12-12 16:57:57,611 [trainer.py] => Trainable params: 86040578
2025-12-12 16:57:57,613 [simplecil.py] => Learning on 115-120
2025-12-12 16:58:08,006 [trainer.py] => CNN: {'total': 81.84, '00-99': 86.08, '100-104': 57.45, '105-109': 61.54, '110-114': 59.65, '115-119': 59.09, '120-124': 88.0, '125-129': 76.0, '130-134': 88.0, '135-139': 92.0, '140-144': 80.0, '145-149': 84.0, '150-154': 76.0, '155-159': 84.0, '160-164': 92.0, '165-169': 76.0, '170-174': 92.0, '175-179': 76.0, '180-184': 88.0, '185-189': 96.0, '190-194': 92.0, '195-199': 88.0, 'old': 82.97, 'new': 59.09}
2025-12-12 16:58:08,007 [trainer.py] => CNN top1 curve: [86.25, 85.14, 84.02, 83.5, 81.84]
2025-12-12 16:58:08,007 [trainer.py] => Average Accuracy (CNN): 84.15 

2025-12-12 16:58:08,008 [trainer.py] => All params: 86044418
2025-12-12 16:58:08,008 [trainer.py] => Trainable params: 86044418
2025-12-12 16:58:08,010 [simplecil.py] => Learning on 120-125
2025-12-12 16:58:18,352 [trainer.py] => CNN: {'total': 81.21, '00-99': 86.08, '100-104': 57.45, '105-109': 61.54, '110-114': 57.89, '115-119': 57.58, '120-124': 67.35, '125-129': 84.0, '130-134': 88.0, '135-139': 88.0, '140-144': 92.0, '145-149': 88.0, '150-154': 96.0, '155-159': 76.0, '160-164': 84.0, '165-169': 76.0, '170-174': 80.0, '175-179': 96.0, '180-184': 84.0, '185-189': 96.0, '190-194': 96.0, '195-199': 88.0, 'old': 81.69, 'new': 67.35}
2025-12-12 16:58:18,352 [trainer.py] => CNN top1 curve: [86.25, 85.14, 84.02, 83.5, 81.84, 81.21]
2025-12-12 16:58:18,352 [trainer.py] => Average Accuracy (CNN): 83.66 

2025-12-12 16:58:18,353 [trainer.py] => All params: 86048258
2025-12-12 16:58:18,354 [trainer.py] => Trainable params: 86048258
2025-12-12 16:58:18,356 [simplecil.py] => Learning on 125-130
2025-12-12 16:58:28,722 [trainer.py] => CNN: {'total': 79.8, '00-99': 86.08, '100-104': 57.45, '105-109': 61.54, '110-114': 57.89, '115-119': 57.58, '120-124': 65.31, '125-129': 49.21, '130-134': 88.0, '135-139': 84.0, '140-144': 64.0, '145-149': 96.0, '150-154': 88.0, '155-159': 76.0, '160-164': 80.0, '165-169': 72.0, '170-174': 92.0, '175-179': 84.0, '180-184': 92.0, '185-189': 96.0, '190-194': 96.0, '195-199': 92.0, 'old': 81.14, 'new': 49.21}
2025-12-12 16:58:28,722 [trainer.py] => CNN top1 curve: [86.25, 85.14, 84.02, 83.5, 81.84, 81.21, 79.8]
2025-12-12 16:58:28,722 [trainer.py] => Average Accuracy (CNN): 83.11 

2025-12-12 16:58:28,723 [trainer.py] => All params: 86052098
2025-12-12 16:58:28,724 [trainer.py] => Trainable params: 86052098
2025-12-12 16:58:28,725 [simplecil.py] => Learning on 130-135
2025-12-12 16:58:39,089 [trainer.py] => CNN: {'total': 79.32, '00-99': 86.08, '100-104': 57.45, '105-109': 61.54, '110-114': 57.89, '115-119': 54.55, '120-124': 65.31, '125-129': 46.03, '130-134': 75.0, '135-139': 88.0, '140-144': 72.0, '145-149': 84.0, '150-154': 88.0, '155-159': 80.0, '160-164': 92.0, '165-169': 80.0, '170-174': 88.0, '175-179': 72.0, '180-184': 92.0, '185-189': 96.0, '190-194': 100.0, '195-199': 96.0, 'old': 79.53, 'new': 75.0}
2025-12-12 16:58:39,089 [trainer.py] => CNN top1 curve: [86.25, 85.14, 84.02, 83.5, 81.84, 81.21, 79.8, 79.32]
2025-12-12 16:58:39,090 [trainer.py] => Average Accuracy (CNN): 82.64 

2025-12-12 16:58:39,090 [trainer.py] => All params: 86055938
2025-12-12 16:58:39,091 [trainer.py] => Trainable params: 86055938
2025-12-12 16:58:39,094 [simplecil.py] => Learning on 135-140
2025-12-12 16:58:49,531 [trainer.py] => CNN: {'total': 79.45, '00-99': 86.08, '100-104': 57.45, '105-109': 61.54, '110-114': 57.89, '115-119': 54.55, '120-124': 65.31, '125-129': 46.03, '130-134': 72.37, '135-139': 87.04, '140-144': 80.0, '145-149': 92.0, '150-154': 72.0, '155-159': 84.0, '160-164': 84.0, '165-169': 72.0, '170-174': 68.0, '175-179': 92.0, '180-184': 84.0, '185-189': 92.0, '190-194': 96.0, '195-199': 88.0, 'old': 79.19, 'new': 87.04}
2025-12-12 16:58:49,532 [trainer.py] => CNN top1 curve: [86.25, 85.14, 84.02, 83.5, 81.84, 81.21, 79.8, 79.32, 79.45]
2025-12-12 16:58:49,532 [trainer.py] => Average Accuracy (CNN): 82.28 

2025-12-12 16:58:49,533 [trainer.py] => All params: 86059778
2025-12-12 16:58:49,534 [trainer.py] => Trainable params: 86059778
2025-12-12 16:58:49,537 [simplecil.py] => Learning on 140-145
2025-12-12 16:58:59,913 [trainer.py] => CNN: {'total': 78.4, '00-99': 86.08, '100-104': 57.45, '105-109': 61.54, '110-114': 57.89, '115-119': 54.55, '120-124': 65.31, '125-129': 46.03, '130-134': 72.37, '135-139': 87.04, '140-144': 44.0, '145-149': 80.0, '150-154': 80.0, '155-159': 88.0, '160-164': 92.0, '165-169': 76.0, '170-174': 80.0, '175-179': 92.0, '180-184': 88.0, '185-189': 96.0, '190-194': 88.0, '195-199': 88.0, 'old': 79.45, 'new': 44.0}
2025-12-12 16:58:59,913 [trainer.py] => CNN top1 curve: [86.25, 85.14, 84.02, 83.5, 81.84, 81.21, 79.8, 79.32, 79.45, 78.4]
2025-12-12 16:58:59,913 [trainer.py] => Average Accuracy (CNN): 81.89 

2025-12-12 16:58:59,914 [trainer.py] => All params: 86063618
2025-12-12 16:58:59,915 [trainer.py] => Trainable params: 86063618
2025-12-12 16:58:59,918 [simplecil.py] => Learning on 145-150
2025-12-12 16:59:10,344 [trainer.py] => CNN: {'total': 77.53, '00-99': 85.99, '100-104': 55.32, '105-109': 61.54, '110-114': 57.89, '115-119': 54.55, '120-124': 65.31, '125-129': 46.03, '130-134': 72.37, '135-139': 87.04, '140-144': 36.0, '145-149': 64.06, '150-154': 68.0, '155-159': 80.0, '160-164': 96.0, '165-169': 72.0, '170-174': 92.0, '175-179': 88.0, '180-184': 92.0, '185-189': 92.0, '190-194': 88.0, '195-199': 96.0, 'old': 78.04, 'new': 64.06}
2025-12-12 16:59:10,344 [trainer.py] => CNN top1 curve: [86.25, 85.14, 84.02, 83.5, 81.84, 81.21, 79.8, 79.32, 79.45, 78.4, 77.53]
2025-12-12 16:59:10,344 [trainer.py] => Average Accuracy (CNN): 81.5 

2025-12-12 16:59:10,345 [trainer.py] => All params: 86067458
2025-12-12 16:59:10,346 [trainer.py] => Trainable params: 86067458
2025-12-12 16:59:10,347 [simplecil.py] => Learning on 150-155
2025-12-12 16:59:20,596 [trainer.py] => CNN: {'total': 77.39, '00-99': 85.99, '100-104': 55.32, '105-109': 61.54, '110-114': 57.89, '115-119': 54.55, '120-124': 65.31, '125-129': 46.03, '130-134': 72.37, '135-139': 87.04, '140-144': 36.0, '145-149': 64.06, '150-154': 73.33, '155-159': 64.0, '160-164': 76.0, '165-169': 72.0, '170-174': 92.0, '175-179': 92.0, '180-184': 80.0, '185-189': 100.0, '190-194': 88.0, '195-199': 92.0, 'old': 77.53, 'new': 73.33}
2025-12-12 16:59:20,597 [trainer.py] => CNN top1 curve: [86.25, 85.14, 84.02, 83.5, 81.84, 81.21, 79.8, 79.32, 79.45, 78.4, 77.53, 77.39]
2025-12-12 16:59:20,597 [trainer.py] => Average Accuracy (CNN): 81.15 

2025-12-12 16:59:20,597 [trainer.py] => All params: 86071298
2025-12-12 16:59:20,598 [trainer.py] => Trainable params: 86071298
2025-12-12 16:59:20,599 [simplecil.py] => Learning on 155-160
2025-12-12 16:59:30,670 [trainer.py] => CNN: {'total': 77.51, '00-99': 85.91, '100-104': 55.32, '105-109': 61.54, '110-114': 57.89, '115-119': 54.55, '120-124': 65.31, '125-129': 46.03, '130-134': 72.37, '135-139': 87.04, '140-144': 36.0, '145-149': 64.06, '150-154': 73.33, '155-159': 84.0, '160-164': 84.0, '165-169': 84.0, '170-174': 92.0, '175-179': 88.0, '180-184': 96.0, '185-189': 84.0, '190-194': 88.0, '195-199': 92.0, 'old': 77.34, 'new': 84.0}
2025-12-12 16:59:30,670 [trainer.py] => CNN top1 curve: [86.25, 85.14, 84.02, 83.5, 81.84, 81.21, 79.8, 79.32, 79.45, 78.4, 77.53, 77.39, 77.51]
2025-12-12 16:59:30,670 [trainer.py] => Average Accuracy (CNN): 80.87 

2025-12-12 16:59:30,670 [trainer.py] => All params: 86075138
2025-12-12 16:59:30,671 [trainer.py] => Trainable params: 86075138
2025-12-12 16:59:30,673 [simplecil.py] => Learning on 160-165
2025-12-12 16:59:40,716 [trainer.py] => CNN: {'total': 77.85, '00-99': 85.91, '100-104': 55.32, '105-109': 61.54, '110-114': 57.89, '115-119': 54.55, '120-124': 65.31, '125-129': 46.03, '130-134': 72.37, '135-139': 87.04, '140-144': 36.0, '145-149': 64.06, '150-154': 71.67, '155-159': 82.0, '160-164': 89.86, '165-169': 72.0, '170-174': 88.0, '175-179': 84.0, '180-184': 80.0, '185-189': 100.0, '190-194': 88.0, '195-199': 92.0, 'old': 77.41, 'new': 89.86}
2025-12-12 16:59:40,716 [trainer.py] => CNN top1 curve: [86.25, 85.14, 84.02, 83.5, 81.84, 81.21, 79.8, 79.32, 79.45, 78.4, 77.53, 77.39, 77.51, 77.85]
2025-12-12 16:59:40,716 [trainer.py] => Average Accuracy (CNN): 80.66 

2025-12-12 16:59:40,717 [trainer.py] => All params: 86078978
2025-12-12 16:59:40,717 [trainer.py] => Trainable params: 86078978
2025-12-12 16:59:40,719 [simplecil.py] => Learning on 165-170
2025-12-12 16:59:50,516 [trainer.py] => CNN: {'total': 77.51, '00-99': 85.91, '100-104': 55.32, '105-109': 61.54, '110-114': 57.89, '115-119': 54.55, '120-124': 65.31, '125-129': 46.03, '130-134': 72.37, '135-139': 87.04, '140-144': 36.0, '145-149': 64.06, '150-154': 71.67, '155-159': 82.0, '160-164': 69.57, '165-169': 89.06, '170-174': 84.0, '175-179': 76.0, '180-184': 84.0, '185-189': 84.0, '190-194': 96.0, '195-199': 68.0, 'old': 77.13, 'new': 89.06}
2025-12-12 16:59:50,516 [trainer.py] => CNN top1 curve: [86.25, 85.14, 84.02, 83.5, 81.84, 81.21, 79.8, 79.32, 79.45, 78.4, 77.53, 77.39, 77.51, 77.85, 77.51]
2025-12-12 16:59:50,516 [trainer.py] => Average Accuracy (CNN): 80.45 

2025-12-12 16:59:50,516 [trainer.py] => All params: 86082818
2025-12-12 16:59:50,517 [trainer.py] => Trainable params: 86082818
2025-12-12 16:59:50,519 [simplecil.py] => Learning on 170-175
2025-12-12 17:00:00,129 [trainer.py] => CNN: {'total': 77.07, '00-99': 85.91, '100-104': 55.32, '105-109': 61.54, '110-114': 57.89, '115-119': 54.55, '120-124': 65.31, '125-129': 46.03, '130-134': 72.37, '135-139': 87.04, '140-144': 36.0, '145-149': 64.06, '150-154': 71.67, '155-159': 82.0, '160-164': 65.22, '165-169': 85.94, '170-174': 71.83, '175-179': 84.0, '180-184': 92.0, '185-189': 76.0, '190-194': 88.0, '195-199': 80.0, 'old': 77.26, 'new': 71.83}
2025-12-12 17:00:00,129 [trainer.py] => CNN top1 curve: [86.25, 85.14, 84.02, 83.5, 81.84, 81.21, 79.8, 79.32, 79.45, 78.4, 77.53, 77.39, 77.51, 77.85, 77.51, 77.07]
2025-12-12 17:00:00,129 [trainer.py] => Average Accuracy (CNN): 80.24 

2025-12-12 17:00:00,130 [trainer.py] => All params: 86086658
2025-12-12 17:00:00,131 [trainer.py] => Trainable params: 86086658
2025-12-12 17:00:00,133 [simplecil.py] => Learning on 175-180
2025-12-12 17:00:09,586 [trainer.py] => CNN: {'total': 76.48, '00-99': 85.91, '100-104': 55.32, '105-109': 61.54, '110-114': 57.89, '115-119': 54.55, '120-124': 65.31, '125-129': 46.03, '130-134': 72.37, '135-139': 87.04, '140-144': 36.0, '145-149': 64.06, '150-154': 71.67, '155-159': 82.0, '160-164': 60.87, '165-169': 84.38, '170-174': 69.01, '175-179': 64.0, '180-184': 80.0, '185-189': 96.0, '190-194': 84.0, '195-199': 96.0, 'old': 76.78, 'new': 64.0}
2025-12-12 17:00:09,586 [trainer.py] => CNN top1 curve: [86.25, 85.14, 84.02, 83.5, 81.84, 81.21, 79.8, 79.32, 79.45, 78.4, 77.53, 77.39, 77.51, 77.85, 77.51, 77.07, 76.48]
2025-12-12 17:00:09,586 [trainer.py] => Average Accuracy (CNN): 80.02 

2025-12-12 17:00:09,587 [trainer.py] => All params: 86090498
2025-12-12 17:00:09,588 [trainer.py] => Trainable params: 86090498
2025-12-12 17:00:09,591 [simplecil.py] => Learning on 180-185
2025-12-12 17:00:18,801 [trainer.py] => CNN: {'total': 76.23, '00-99': 85.91, '100-104': 55.32, '105-109': 61.54, '110-114': 57.89, '115-119': 54.55, '120-124': 65.31, '125-129': 44.44, '130-134': 72.37, '135-139': 87.04, '140-144': 36.0, '145-149': 64.06, '150-154': 71.67, '155-159': 82.0, '160-164': 60.87, '165-169': 84.38, '170-174': 69.01, '175-179': 58.0, '180-184': 74.19, '185-189': 80.0, '190-194': 88.0, '195-199': 76.0, 'old': 76.29, 'new': 74.19}
2025-12-12 17:00:18,801 [trainer.py] => CNN top1 curve: [86.25, 85.14, 84.02, 83.5, 81.84, 81.21, 79.8, 79.32, 79.45, 78.4, 77.53, 77.39, 77.51, 77.85, 77.51, 77.07, 76.48, 76.23]
2025-12-12 17:00:18,802 [trainer.py] => Average Accuracy (CNN): 79.81 

2025-12-12 17:00:18,803 [trainer.py] => All params: 86094338
2025-12-12 17:00:18,804 [trainer.py] => Trainable params: 86094338
2025-12-12 17:00:18,807 [simplecil.py] => Learning on 185-190
2025-12-12 17:00:27,862 [trainer.py] => CNN: {'total': 76.47, '00-99': 85.91, '100-104': 55.32, '105-109': 61.54, '110-114': 57.89, '115-119': 54.55, '120-124': 65.31, '125-129': 44.44, '130-134': 72.37, '135-139': 87.04, '140-144': 36.0, '145-149': 64.06, '150-154': 71.67, '155-159': 82.0, '160-164': 60.87, '165-169': 84.38, '170-174': 69.01, '175-179': 58.0, '180-184': 72.58, '185-189': 86.67, '190-194': 84.0, '195-199': 96.0, 'old': 76.18, 'new': 86.67}
2025-12-12 17:00:27,862 [trainer.py] => CNN top1 curve: [86.25, 85.14, 84.02, 83.5, 81.84, 81.21, 79.8, 79.32, 79.45, 78.4, 77.53, 77.39, 77.51, 77.85, 77.51, 77.07, 76.48, 76.23, 76.47]
2025-12-12 17:00:27,862 [trainer.py] => Average Accuracy (CNN): 79.63 

2025-12-12 17:00:27,863 [trainer.py] => All params: 86098178
2025-12-12 17:00:27,865 [trainer.py] => Trainable params: 86098178
2025-12-12 17:00:27,868 [simplecil.py] => Learning on 190-195
2025-12-12 17:00:36,790 [trainer.py] => CNN: {'total': 76.87, '00-99': 85.91, '100-104': 55.32, '105-109': 61.54, '110-114': 57.89, '115-119': 54.55, '120-124': 65.31, '125-129': 44.44, '130-134': 72.37, '135-139': 87.04, '140-144': 36.0, '145-149': 64.06, '150-154': 71.67, '155-159': 82.0, '160-164': 60.87, '165-169': 84.38, '170-174': 69.01, '175-179': 58.0, '180-184': 72.58, '185-189': 83.33, '190-194': 93.85, '195-199': 88.0, 'old': 76.38, 'new': 93.85}
2025-12-12 17:00:36,790 [trainer.py] => CNN top1 curve: [86.25, 85.14, 84.02, 83.5, 81.84, 81.21, 79.8, 79.32, 79.45, 78.4, 77.53, 77.39, 77.51, 77.85, 77.51, 77.07, 76.48, 76.23, 76.47, 76.87]
2025-12-12 17:00:36,790 [trainer.py] => Average Accuracy (CNN): 79.49 

2025-12-12 17:00:36,792 [trainer.py] => All params: 86102018
2025-12-12 17:00:36,793 [trainer.py] => Trainable params: 86102018
2025-12-12 17:00:36,796 [simplecil.py] => Learning on 195-200
2025-12-12 17:00:45,203 [trainer.py] => CNN: {'total': 76.89, '00-99': 85.91, '100-104': 55.32, '105-109': 61.54, '110-114': 57.89, '115-119': 54.55, '120-124': 65.31, '125-129': 44.44, '130-134': 72.37, '135-139': 87.04, '140-144': 36.0, '145-149': 64.06, '150-154': 71.67, '155-159': 82.0, '160-164': 60.87, '165-169': 84.38, '170-174': 69.01, '175-179': 58.0, '180-184': 72.58, '185-189': 83.33, '190-194': 80.0, '195-199': 93.1, 'old': 76.48, 'new': 93.1}
2025-12-12 17:00:45,203 [trainer.py] => CNN top1 curve: [86.25, 85.14, 84.02, 83.5, 81.84, 81.21, 79.8, 79.32, 79.45, 78.4, 77.53, 77.39, 77.51, 77.85, 77.51, 77.07, 76.48, 76.23, 76.47, 76.87, 76.89]
2025-12-12 17:00:45,203 [trainer.py] => Average Accuracy (CNN): 79.37 


================================================================================
Finished cub_init100_inc5: pretrained_vit_b16_224  
Base Accuracy: 86.25
Lase Accuracy: 76.89
Average Accuracy (Top1): 79.37
PD: 9.36
Backward Transfer (BWT): -5.17
Traceback (most recent call last):
  File "/home/team/zhaohongwei/Code/Research/Awesome-FSCIL/CIL_Model/main.py", line 24, in <module>
    main()
  File "/home/team/zhaohongwei/Code/Research/Awesome-FSCIL/CIL_Model/main.py", line 11, in main
    train(args)
  File "/home/team/zhaohongwei/Code/Research/Awesome-FSCIL/CIL_Model/trainer.py", line 29, in train
    _train(args)
  File "/home/team/zhaohongwei/Code/Research/Awesome-FSCIL/CIL_Model/trainer.py", line 123, in _train
    print("Forward Transfer (FWT):", forward_transfer(args["dataset"], np.array(cnn_matrix)))
  File "/home/team/zhaohongwei/Code/Research/Awesome-FSCIL/CIL_Model/trainer.py", line 209, in forward_transfer
    fwt_diffs = fwt_accs - rand_init_acc_for_fwt
ValueError: operands could not be broadcast together with shapes (20,) (10,) 
2025-12-12 17:00:48,414 [trainer.py] => config: ./scripts/simplecil/IN1K/simplecil_cifar_B60_Inc2.json
2025-12-12 17:00:48,414 [trainer.py] => prefix:  
2025-12-12 17:00:48,415 [trainer.py] => dataset: cifar224
2025-12-12 17:00:48,415 [trainer.py] => memory_size: 0
2025-12-12 17:00:48,415 [trainer.py] => memory_per_class: 0
2025-12-12 17:00:48,415 [trainer.py] => fixed_memory: False
2025-12-12 17:00:48,415 [trainer.py] => shuffle: False
2025-12-12 17:00:48,415 [trainer.py] => init_cls: 60
2025-12-12 17:00:48,415 [trainer.py] => increment: 2
2025-12-12 17:00:48,415 [trainer.py] => model_name: simplecil
2025-12-12 17:00:48,415 [trainer.py] => backbone_type: pretrained_vit_b16_224
2025-12-12 17:00:48,415 [trainer.py] => device: [device(type='cuda', index=7)]
2025-12-12 17:00:48,415 [trainer.py] => seed: 1993
2025-12-12 17:00:48,415 [trainer.py] => kshot: 5
2025-12-12 17:00:48,415 [trainer.py] => tuned_epoch: 1
2025-12-12 17:00:48,415 [trainer.py] => init_lr: 0.01
2025-12-12 17:00:48,415 [trainer.py] => batch_size: 48
2025-12-12 17:00:48,415 [trainer.py] => weight_decay: 0.05
2025-12-12 17:00:48,415 [trainer.py] => min_lr: 1e-08
2025-12-12 17:00:48,415 [trainer.py] => optimizer: sgd
2025-12-12 17:00:48,415 [trainer.py] => vpt_type: shallow
2025-12-12 17:00:48,415 [trainer.py] => prompt_token_num: 3
2025-12-12 17:00:48,415 [trainer.py] => gpu_models: ['NVIDIA A40']
2025-12-12 17:00:49,527 [data_manager.py] => [0, 1, 2, 3, 4, 5, 6, 7, 8, 9, 10, 11, 12, 13, 14, 15, 16, 17, 18, 19, 20, 21, 22, 23, 24, 25, 26, 27, 28, 29, 30, 31, 32, 33, 34, 35, 36, 37, 38, 39, 40, 41, 42, 43, 44, 45, 46, 47, 48, 49, 50, 51, 52, 53, 54, 55, 56, 57, 58, 59, 60, 61, 62, 63, 64, 65, 66, 67, 68, 69, 70, 71, 72, 73, 74, 75, 76, 77, 78, 79, 80, 81, 82, 83, 84, 85, 86, 87, 88, 89, 90, 91, 92, 93, 94, 95, 96, 97, 98, 99]
This is for the BaseNet initialization.
After BaseNet initialization.
2025-12-12 17:00:52,350 [trainer.py] => All params: 85875457
2025-12-12 17:00:52,350 [trainer.py] => Trainable params: 85875457
2025-12-12 17:00:52,693 [simplecil.py] => Learning on 0-60
2025-12-12 17:04:24,772 [trainer.py] => CNN: {'total': 76.93, '00-59': 76.93, '60-61': 100.0, '62-63': 90.0, '64-65': 90.0, '66-67': 80.0, '68-69': 100.0, '70-71': 90.0, '72-73': 90.0, '74-75': 70.0, '76-77': 80.0, '78-79': 50.0, '80-81': 70.0, '82-83': 60.0, '84-85': 90.0, '86-87': 80.0, '88-89': 40.0, '90-91': 70.0, '92-93': 80.0, '94-95': 70.0, '96-97': 70.0, '98-99': 90.0, 'old': 0, 'new': 76.93}
2025-12-12 17:04:24,772 [trainer.py] => CNN top1 curve: [76.93]
2025-12-12 17:04:24,772 [trainer.py] => Average Accuracy (CNN): 76.93 

2025-12-12 17:04:24,773 [trainer.py] => All params: 85921538
2025-12-12 17:04:24,774 [trainer.py] => Trainable params: 85921538
2025-12-12 17:04:24,780 [simplecil.py] => Learning on 60-62
2025-12-12 17:05:03,605 [trainer.py] => CNN: {'total': 75.98, '00-59': 76.55, '60-61': 59.0, '62-63': 60.0, '64-65': 90.0, '66-67': 90.0, '68-69': 70.0, '70-71': 80.0, '72-73': 70.0, '74-75': 70.0, '76-77': 50.0, '78-79': 70.0, '80-81': 60.0, '82-83': 70.0, '84-85': 100.0, '86-87': 60.0, '88-89': 80.0, '90-91': 30.0, '92-93': 80.0, '94-95': 80.0, '96-97': 90.0, '98-99': 60.0, 'old': 76.55, 'new': 59.0}
2025-12-12 17:05:03,606 [trainer.py] => CNN top1 curve: [76.93, 75.98]
2025-12-12 17:05:03,606 [trainer.py] => Average Accuracy (CNN): 76.46 

2025-12-12 17:05:03,607 [trainer.py] => All params: 85923074
2025-12-12 17:05:03,608 [trainer.py] => Trainable params: 85923074
2025-12-12 17:05:03,610 [simplecil.py] => Learning on 62-64
2025-12-12 17:05:43,891 [trainer.py] => CNN: {'total': 75.17, '00-59': 76.25, '60-61': 59.0, '62-63': 59.0, '64-65': 80.0, '66-67': 100.0, '68-69': 80.0, '70-71': 90.0, '72-73': 70.0, '74-75': 60.0, '76-77': 50.0, '78-79': 80.0, '80-81': 60.0, '82-83': 90.0, '84-85': 80.0, '86-87': 100.0, '88-89': 70.0, '90-91': 70.0, '92-93': 70.0, '94-95': 70.0, '96-97': 60.0, '98-99': 90.0, 'old': 75.69, 'new': 59.0}
2025-12-12 17:05:43,892 [trainer.py] => CNN top1 curve: [76.93, 75.98, 75.17]
2025-12-12 17:05:43,892 [trainer.py] => Average Accuracy (CNN): 76.03 

2025-12-12 17:05:43,894 [trainer.py] => All params: 85924610
2025-12-12 17:05:43,895 [trainer.py] => Trainable params: 85924610
2025-12-12 17:05:43,901 [simplecil.py] => Learning on 64-66
2025-12-12 17:06:25,220 [trainer.py] => CNN: {'total': 73.94, '00-59': 76.17, '60-61': 59.0, '62-63': 59.0, '64-65': 37.0, '66-67': 60.0, '68-69': 70.0, '70-71': 80.0, '72-73': 70.0, '74-75': 70.0, '76-77': 50.0, '78-79': 90.0, '80-81': 60.0, '82-83': 80.0, '84-85': 70.0, '86-87': 70.0, '88-89': 60.0, '90-91': 90.0, '92-93': 90.0, '94-95': 100.0, '96-97': 60.0, '98-99': 80.0, 'old': 75.09, 'new': 37.0}
2025-12-12 17:06:25,221 [trainer.py] => CNN top1 curve: [76.93, 75.98, 75.17, 73.94]
2025-12-12 17:06:25,221 [trainer.py] => Average Accuracy (CNN): 75.51 

2025-12-12 17:06:25,222 [trainer.py] => All params: 85926146
2025-12-12 17:06:25,223 [trainer.py] => Trainable params: 85926146
2025-12-12 17:06:25,228 [simplecil.py] => Learning on 66-68
2025-12-12 17:07:07,116 [trainer.py] => CNN: {'total': 72.51, '00-59': 75.97, '60-61': 59.0, '62-63': 58.0, '64-65': 37.0, '66-67': 32.5, '68-69': 70.0, '70-71': 100.0, '72-73': 60.0, '74-75': 70.0, '76-77': 70.0, '78-79': 80.0, '80-81': 60.0, '82-83': 80.0, '84-85': 90.0, '86-87': 100.0, '88-89': 50.0, '90-91': 80.0, '92-93': 80.0, '94-95': 60.0, '96-97': 60.0, '98-99': 80.0, 'old': 73.73, 'new': 32.5}
2025-12-12 17:07:07,117 [trainer.py] => CNN top1 curve: [76.93, 75.98, 75.17, 73.94, 72.51]
2025-12-12 17:07:07,117 [trainer.py] => Average Accuracy (CNN): 74.91 

2025-12-12 17:07:07,118 [trainer.py] => All params: 85927682
2025-12-12 17:07:07,119 [trainer.py] => Trainable params: 85927682
2025-12-12 17:07:07,124 [simplecil.py] => Learning on 68-70
2025-12-12 17:07:50,402 [trainer.py] => CNN: {'total': 72.3, '00-59': 75.83, '60-61': 58.0, '62-63': 58.0, '64-65': 37.0, '66-67': 32.5, '68-69': 70.0, '70-71': 80.0, '72-73': 80.0, '74-75': 50.0, '76-77': 70.0, '78-79': 70.0, '80-81': 60.0, '82-83': 90.0, '84-85': 70.0, '86-87': 80.0, '88-89': 70.0, '90-91': 90.0, '92-93': 70.0, '94-95': 80.0, '96-97': 90.0, '98-99': 90.0, 'old': 72.37, 'new': 70.0}
2025-12-12 17:07:50,402 [trainer.py] => CNN top1 curve: [76.93, 75.98, 75.17, 73.94, 72.51, 72.3]
2025-12-12 17:07:50,402 [trainer.py] => Average Accuracy (CNN): 74.47 

2025-12-12 17:07:50,404 [trainer.py] => All params: 85929218
2025-12-12 17:07:50,405 [trainer.py] => Trainable params: 85929218
2025-12-12 17:07:50,410 [simplecil.py] => Learning on 70-72
2025-12-12 17:08:33,610 [trainer.py] => CNN: {'total': 71.46, '00-59': 75.67, '60-61': 58.0, '62-63': 55.0, '64-65': 37.0, '66-67': 32.5, '68-69': 69.5, '70-71': 50.5, '72-73': 80.0, '74-75': 70.0, '76-77': 70.0, '78-79': 90.0, '80-81': 60.0, '82-83': 100.0, '84-85': 70.0, '86-87': 70.0, '88-89': 60.0, '90-91': 50.0, '92-93': 80.0, '94-95': 90.0, '96-97': 60.0, '98-99': 70.0, 'old': 72.06, 'new': 50.5}
2025-12-12 17:08:33,610 [trainer.py] => CNN top1 curve: [76.93, 75.98, 75.17, 73.94, 72.51, 72.3, 71.46]
2025-12-12 17:08:33,610 [trainer.py] => Average Accuracy (CNN): 74.04 

2025-12-12 17:08:33,611 [trainer.py] => All params: 85930754
2025-12-12 17:08:33,612 [trainer.py] => Trainable params: 85930754
2025-12-12 17:08:33,618 [simplecil.py] => Learning on 72-74
2025-12-12 17:09:18,844 [trainer.py] => CNN: {'total': 70.8, '00-59': 75.57, '60-61': 58.0, '62-63': 55.0, '64-65': 37.0, '66-67': 32.5, '68-69': 69.5, '70-71': 50.5, '72-73': 50.0, '74-75': 70.0, '76-77': 70.0, '78-79': 100.0, '80-81': 80.0, '82-83': 90.0, '84-85': 80.0, '86-87': 90.0, '88-89': 50.0, '90-91': 100.0, '92-93': 70.0, '94-95': 80.0, '96-97': 80.0, '98-99': 100.0, 'old': 71.38, 'new': 50.0}
2025-12-12 17:09:18,845 [trainer.py] => CNN top1 curve: [76.93, 75.98, 75.17, 73.94, 72.51, 72.3, 71.46, 70.8]
2025-12-12 17:09:18,845 [trainer.py] => Average Accuracy (CNN): 73.64 

2025-12-12 17:09:18,846 [trainer.py] => All params: 85932290
2025-12-12 17:09:18,846 [trainer.py] => Trainable params: 85932290
2025-12-12 17:09:18,851 [simplecil.py] => Learning on 74-76
2025-12-12 17:10:04,824 [trainer.py] => CNN: {'total': 70.08, '00-59': 75.53, '60-61': 58.0, '62-63': 55.0, '64-65': 37.0, '66-67': 32.0, '68-69': 69.5, '70-71': 50.5, '72-73': 50.0, '74-75': 45.0, '76-77': 30.0, '78-79': 50.0, '80-81': 80.0, '82-83': 50.0, '84-85': 80.0, '86-87': 80.0, '88-89': 80.0, '90-91': 80.0, '92-93': 60.0, '94-95': 100.0, '96-97': 80.0, '98-99': 70.0, 'old': 70.76, 'new': 45.0}
2025-12-12 17:10:04,825 [trainer.py] => CNN top1 curve: [76.93, 75.98, 75.17, 73.94, 72.51, 72.3, 71.46, 70.8, 70.08]
2025-12-12 17:10:04,825 [trainer.py] => Average Accuracy (CNN): 73.24 

2025-12-12 17:10:04,826 [trainer.py] => All params: 85933826
2025-12-12 17:10:04,827 [trainer.py] => Trainable params: 85933826
2025-12-12 17:10:04,832 [simplecil.py] => Learning on 76-78
2025-12-12 17:10:52,174 [trainer.py] => CNN: {'total': 68.87, '00-59': 75.48, '60-61': 58.0, '62-63': 55.0, '64-65': 37.0, '66-67': 32.0, '68-69': 69.5, '70-71': 50.5, '72-73': 50.0, '74-75': 45.0, '76-77': 24.5, '78-79': 90.0, '80-81': 60.0, '82-83': 90.0, '84-85': 90.0, '86-87': 80.0, '88-89': 70.0, '90-91': 70.0, '92-93': 80.0, '94-95': 100.0, '96-97': 80.0, '98-99': 90.0, 'old': 70.04, 'new': 24.5}
2025-12-12 17:10:52,175 [trainer.py] => CNN top1 curve: [76.93, 75.98, 75.17, 73.94, 72.51, 72.3, 71.46, 70.8, 70.08, 68.87]
2025-12-12 17:10:52,175 [trainer.py] => Average Accuracy (CNN): 72.8 

2025-12-12 17:10:52,176 [trainer.py] => All params: 85935362
2025-12-12 17:10:52,177 [trainer.py] => Trainable params: 85935362
2025-12-12 17:10:52,183 [simplecil.py] => Learning on 78-80
2025-12-12 17:11:40,106 [trainer.py] => CNN: {'total': 68.75, '00-59': 75.45, '60-61': 58.0, '62-63': 55.0, '64-65': 37.0, '66-67': 32.0, '68-69': 69.5, '70-71': 50.5, '72-73': 50.0, '74-75': 45.0, '76-77': 24.5, '78-79': 65.0, '80-81': 60.0, '82-83': 70.0, '84-85': 70.0, '86-87': 80.0, '88-89': 70.0, '90-91': 80.0, '92-93': 70.0, '94-95': 80.0, '96-97': 70.0, '98-99': 90.0, 'old': 68.85, 'new': 65.0}
2025-12-12 17:11:40,107 [trainer.py] => CNN top1 curve: [76.93, 75.98, 75.17, 73.94, 72.51, 72.3, 71.46, 70.8, 70.08, 68.87, 68.75]
2025-12-12 17:11:40,107 [trainer.py] => Average Accuracy (CNN): 72.44 

2025-12-12 17:11:40,108 [trainer.py] => All params: 85936898
2025-12-12 17:11:40,109 [trainer.py] => Trainable params: 85936898
2025-12-12 17:11:40,115 [simplecil.py] => Learning on 80-82
2025-12-12 17:12:29,287 [trainer.py] => CNN: {'total': 67.7, '00-59': 75.38, '60-61': 58.0, '62-63': 55.0, '64-65': 37.0, '66-67': 32.0, '68-69': 69.5, '70-71': 50.5, '72-73': 50.0, '74-75': 44.5, '76-77': 24.5, '78-79': 65.0, '80-81': 28.0, '82-83': 90.0, '84-85': 60.0, '86-87': 80.0, '88-89': 70.0, '90-91': 60.0, '92-93': 70.0, '94-95': 60.0, '96-97': 100.0, '98-99': 80.0, 'old': 68.69, 'new': 28.0}
2025-12-12 17:12:29,287 [trainer.py] => CNN top1 curve: [76.93, 75.98, 75.17, 73.94, 72.51, 72.3, 71.46, 70.8, 70.08, 68.87, 68.75, 67.7]
2025-12-12 17:12:29,287 [trainer.py] => Average Accuracy (CNN): 72.04 

2025-12-12 17:12:29,288 [trainer.py] => All params: 85938434
2025-12-12 17:12:29,289 [trainer.py] => Trainable params: 85938434
2025-12-12 17:12:29,295 [simplecil.py] => Learning on 82-84
2025-12-12 17:13:19,892 [trainer.py] => CNN: {'total': 68.01, '00-59': 75.37, '60-61': 58.0, '62-63': 54.5, '64-65': 37.0, '66-67': 32.0, '68-69': 69.5, '70-71': 50.0, '72-73': 50.0, '74-75': 44.5, '76-77': 24.5, '78-79': 65.0, '80-81': 28.0, '82-83': 82.5, '84-85': 100.0, '86-87': 90.0, '88-89': 70.0, '90-91': 70.0, '92-93': 60.0, '94-95': 70.0, '96-97': 80.0, '98-99': 100.0, 'old': 67.66, 'new': 82.5}
2025-12-12 17:13:19,892 [trainer.py] => CNN top1 curve: [76.93, 75.98, 75.17, 73.94, 72.51, 72.3, 71.46, 70.8, 70.08, 68.87, 68.75, 67.7, 68.01]
2025-12-12 17:13:19,892 [trainer.py] => Average Accuracy (CNN): 71.73 

2025-12-12 17:13:19,893 [trainer.py] => All params: 85939970
2025-12-12 17:13:19,894 [trainer.py] => Trainable params: 85939970
2025-12-12 17:13:19,899 [simplecil.py] => Learning on 84-86
2025-12-12 17:14:10,883 [trainer.py] => CNN: {'total': 66.63, '00-59': 74.78, '60-61': 58.0, '62-63': 54.5, '64-65': 36.5, '66-67': 32.0, '68-69': 69.5, '70-71': 50.0, '72-73': 50.0, '74-75': 44.5, '76-77': 24.5, '78-79': 65.0, '80-81': 28.0, '82-83': 82.0, '84-85': 27.0, '86-87': 60.0, '88-89': 50.0, '90-91': 90.0, '92-93': 70.0, '94-95': 90.0, '96-97': 100.0, '98-99': 80.0, 'old': 67.57, 'new': 27.0}
2025-12-12 17:14:10,884 [trainer.py] => CNN top1 curve: [76.93, 75.98, 75.17, 73.94, 72.51, 72.3, 71.46, 70.8, 70.08, 68.87, 68.75, 67.7, 68.01, 66.63]
2025-12-12 17:14:10,884 [trainer.py] => Average Accuracy (CNN): 71.37 

2025-12-12 17:14:10,885 [trainer.py] => All params: 85941506
2025-12-12 17:14:10,887 [trainer.py] => Trainable params: 85941506
2025-12-12 17:14:10,892 [simplecil.py] => Learning on 86-88
2025-12-12 17:15:03,387 [trainer.py] => CNN: {'total': 66.55, '00-59': 74.48, '60-61': 58.0, '62-63': 54.5, '64-65': 36.5, '66-67': 32.0, '68-69': 69.5, '70-71': 50.0, '72-73': 49.5, '74-75': 44.5, '76-77': 24.5, '78-79': 65.0, '80-81': 28.0, '82-83': 81.5, '84-85': 27.0, '86-87': 73.0, '88-89': 70.0, '90-91': 60.0, '92-93': 80.0, '94-95': 100.0, '96-97': 70.0, '98-99': 70.0, 'old': 66.4, 'new': 73.0}
2025-12-12 17:15:03,387 [trainer.py] => CNN top1 curve: [76.93, 75.98, 75.17, 73.94, 72.51, 72.3, 71.46, 70.8, 70.08, 68.87, 68.75, 67.7, 68.01, 66.63, 66.55]
2025-12-12 17:15:03,387 [trainer.py] => Average Accuracy (CNN): 71.05 

2025-12-12 17:15:03,388 [trainer.py] => All params: 85943042
2025-12-12 17:15:03,389 [trainer.py] => Trainable params: 85943042
2025-12-12 17:15:03,394 [simplecil.py] => Learning on 88-90
2025-12-12 17:15:56,139 [trainer.py] => CNN: {'total': 65.98, '00-59': 74.42, '60-61': 58.0, '62-63': 54.5, '64-65': 36.5, '66-67': 32.0, '68-69': 69.5, '70-71': 50.0, '72-73': 49.5, '74-75': 44.5, '76-77': 24.5, '78-79': 64.5, '80-81': 28.0, '82-83': 81.5, '84-85': 27.0, '86-87': 73.0, '88-89': 43.5, '90-91': 100.0, '92-93': 90.0, '94-95': 100.0, '96-97': 60.0, '98-99': 80.0, 'old': 66.49, 'new': 43.5}
2025-12-12 17:15:56,139 [trainer.py] => CNN top1 curve: [76.93, 75.98, 75.17, 73.94, 72.51, 72.3, 71.46, 70.8, 70.08, 68.87, 68.75, 67.7, 68.01, 66.63, 66.55, 65.98]
2025-12-12 17:15:56,139 [trainer.py] => Average Accuracy (CNN): 70.73 

2025-12-12 17:15:56,141 [trainer.py] => All params: 85944578
2025-12-12 17:15:56,142 [trainer.py] => Trainable params: 85944578
2025-12-12 17:15:56,148 [simplecil.py] => Learning on 90-92
2025-12-12 17:16:50,732 [trainer.py] => CNN: {'total': 65.65, '00-59': 74.38, '60-61': 58.0, '62-63': 54.5, '64-65': 36.5, '66-67': 32.0, '68-69': 69.5, '70-71': 50.0, '72-73': 49.0, '74-75': 44.5, '76-77': 24.5, '78-79': 64.5, '80-81': 28.0, '82-83': 81.5, '84-85': 27.0, '86-87': 73.0, '88-89': 43.5, '90-91': 52.5, '92-93': 60.0, '94-95': 80.0, '96-97': 90.0, '98-99': 90.0, 'old': 65.94, 'new': 52.5}
2025-12-12 17:16:50,733 [trainer.py] => CNN top1 curve: [76.93, 75.98, 75.17, 73.94, 72.51, 72.3, 71.46, 70.8, 70.08, 68.87, 68.75, 67.7, 68.01, 66.63, 66.55, 65.98, 65.65]
2025-12-12 17:16:50,733 [trainer.py] => Average Accuracy (CNN): 70.43 

2025-12-12 17:16:50,734 [trainer.py] => All params: 85946114
2025-12-12 17:16:50,735 [trainer.py] => Trainable params: 85946114
2025-12-12 17:16:50,741 [simplecil.py] => Learning on 92-94
2025-12-12 17:17:45,866 [trainer.py] => CNN: {'total': 64.79, '00-59': 74.25, '60-61': 58.0, '62-63': 50.5, '64-65': 36.5, '66-67': 32.0, '68-69': 69.5, '70-71': 46.0, '72-73': 49.0, '74-75': 44.5, '76-77': 24.5, '78-79': 64.5, '80-81': 28.0, '82-83': 80.5, '84-85': 27.0, '86-87': 73.0, '88-89': 43.5, '90-91': 52.5, '92-93': 38.0, '94-95': 90.0, '96-97': 80.0, '98-99': 90.0, 'old': 65.37, 'new': 38.0}
2025-12-12 17:17:45,867 [trainer.py] => CNN top1 curve: [76.93, 75.98, 75.17, 73.94, 72.51, 72.3, 71.46, 70.8, 70.08, 68.87, 68.75, 67.7, 68.01, 66.63, 66.55, 65.98, 65.65, 64.79]
2025-12-12 17:17:45,867 [trainer.py] => Average Accuracy (CNN): 70.12 

2025-12-12 17:17:45,868 [trainer.py] => All params: 85947650
2025-12-12 17:17:45,869 [trainer.py] => Trainable params: 85947650
2025-12-12 17:17:45,874 [simplecil.py] => Learning on 94-96
2025-12-12 17:18:41,836 [trainer.py] => CNN: {'total': 63.93, '00-59': 74.22, '60-61': 58.0, '62-63': 50.5, '64-65': 36.5, '66-67': 32.0, '68-69': 69.5, '70-71': 45.5, '72-73': 49.0, '74-75': 44.5, '76-77': 24.5, '78-79': 64.5, '80-81': 28.0, '82-83': 80.5, '84-85': 27.0, '86-87': 73.0, '88-89': 43.5, '90-91': 52.5, '92-93': 38.0, '94-95': 25.0, '96-97': 80.0, '98-99': 80.0, 'old': 64.76, 'new': 25.0}
2025-12-12 17:18:41,837 [trainer.py] => CNN top1 curve: [76.93, 75.98, 75.17, 73.94, 72.51, 72.3, 71.46, 70.8, 70.08, 68.87, 68.75, 67.7, 68.01, 66.63, 66.55, 65.98, 65.65, 64.79, 63.93]
2025-12-12 17:18:41,837 [trainer.py] => Average Accuracy (CNN): 69.79 

2025-12-12 17:18:41,838 [trainer.py] => All params: 85949186
2025-12-12 17:18:41,839 [trainer.py] => Trainable params: 85949186
2025-12-12 17:18:41,844 [simplecil.py] => Learning on 96-98
2025-12-12 17:19:39,411 [trainer.py] => CNN: {'total': 62.98, '00-59': 72.67, '60-61': 58.0, '62-63': 49.5, '64-65': 36.5, '66-67': 32.0, '68-69': 67.5, '70-71': 45.5, '72-73': 49.0, '74-75': 44.5, '76-77': 24.5, '78-79': 64.5, '80-81': 28.0, '82-83': 80.5, '84-85': 27.0, '86-87': 73.0, '88-89': 42.5, '90-91': 52.5, '92-93': 35.0, '94-95': 25.0, '96-97': 71.0, '98-99': 80.0, 'old': 62.81, 'new': 71.0}
2025-12-12 17:19:39,412 [trainer.py] => CNN top1 curve: [76.93, 75.98, 75.17, 73.94, 72.51, 72.3, 71.46, 70.8, 70.08, 68.87, 68.75, 67.7, 68.01, 66.63, 66.55, 65.98, 65.65, 64.79, 63.93, 62.98]
2025-12-12 17:19:39,412 [trainer.py] => Average Accuracy (CNN): 69.45 

2025-12-12 17:19:39,413 [trainer.py] => All params: 85950722
2025-12-12 17:19:39,414 [trainer.py] => Trainable params: 85950722
2025-12-12 17:19:39,420 [simplecil.py] => Learning on 98-100
2025-12-12 17:20:36,958 [trainer.py] => CNN: {'total': 62.51, '00-59': 72.38, '60-61': 57.5, '62-63': 49.5, '64-65': 36.5, '66-67': 32.0, '68-69': 67.5, '70-71': 45.5, '72-73': 49.0, '74-75': 44.5, '76-77': 24.0, '78-79': 54.5, '80-81': 28.0, '82-83': 80.5, '84-85': 27.0, '86-87': 73.0, '88-89': 42.5, '90-91': 52.5, '92-93': 35.0, '94-95': 25.0, '96-97': 71.0, '98-99': 59.0, 'old': 62.58, 'new': 59.0}
2025-12-12 17:20:36,959 [trainer.py] => CNN top1 curve: [76.93, 75.98, 75.17, 73.94, 72.51, 72.3, 71.46, 70.8, 70.08, 68.87, 68.75, 67.7, 68.01, 66.63, 66.55, 65.98, 65.65, 64.79, 63.93, 62.98, 62.51]
2025-12-12 17:20:36,959 [trainer.py] => Average Accuracy (CNN): 69.12 


================================================================================
Finished cifar224_init60_inc2: pretrained_vit_b16_224  
Base Accuracy: 76.93
Lase Accuracy: 62.51
Average Accuracy (Top1): 69.12
PD: 14.42
Backward Transfer (BWT): -2.13
Traceback (most recent call last):
  File "/home/team/zhaohongwei/Code/Research/Awesome-FSCIL/CIL_Model/main.py", line 24, in <module>
    main()
  File "/home/team/zhaohongwei/Code/Research/Awesome-FSCIL/CIL_Model/main.py", line 11, in main
    train(args)
  File "/home/team/zhaohongwei/Code/Research/Awesome-FSCIL/CIL_Model/trainer.py", line 29, in train
    _train(args)
  File "/home/team/zhaohongwei/Code/Research/Awesome-FSCIL/CIL_Model/trainer.py", line 123, in _train
    print("Forward Transfer (FWT):", forward_transfer(args["dataset"], np.array(cnn_matrix)))
  File "/home/team/zhaohongwei/Code/Research/Awesome-FSCIL/CIL_Model/trainer.py", line 209, in forward_transfer
    fwt_diffs = fwt_accs - rand_init_acc_for_fwt
ValueError: operands could not be broadcast together with shapes (20,) (8,) 
2025-12-12 17:20:40,109 [trainer.py] => config: ./scripts/simplecil/IN1K/simplecil_mini_B60_Inc2.json
2025-12-12 17:20:40,109 [trainer.py] => prefix:  
2025-12-12 17:20:40,109 [trainer.py] => dataset: mini_imagenet
2025-12-12 17:20:40,109 [trainer.py] => memory_size: 0
2025-12-12 17:20:40,109 [trainer.py] => memory_per_class: 0
2025-12-12 17:20:40,109 [trainer.py] => fixed_memory: False
2025-12-12 17:20:40,109 [trainer.py] => shuffle: False
2025-12-12 17:20:40,109 [trainer.py] => init_cls: 60
2025-12-12 17:20:40,109 [trainer.py] => increment: 2
2025-12-12 17:20:40,109 [trainer.py] => model_name: simplecil
2025-12-12 17:20:40,109 [trainer.py] => backbone_type: pretrained_vit_b16_224
2025-12-12 17:20:40,109 [trainer.py] => device: [device(type='cuda', index=7)]
2025-12-12 17:20:40,109 [trainer.py] => seed: 1993
2025-12-12 17:20:40,109 [trainer.py] => kshot: 5
2025-12-12 17:20:40,109 [trainer.py] => tuned_epoch: 1
2025-12-12 17:20:40,109 [trainer.py] => init_lr: 0.01
2025-12-12 17:20:40,109 [trainer.py] => batch_size: 48
2025-12-12 17:20:40,109 [trainer.py] => weight_decay: 0.05
2025-12-12 17:20:40,109 [trainer.py] => min_lr: 1e-08
2025-12-12 17:20:40,110 [trainer.py] => optimizer: sgd
2025-12-12 17:20:40,110 [trainer.py] => vpt_type: shallow
2025-12-12 17:20:40,110 [trainer.py] => prompt_token_num: 3
2025-12-12 17:20:40,110 [trainer.py] => gpu_models: ['NVIDIA A40']
2025-12-12 17:20:40,376 [data_manager.py] => [0, 1, 2, 3, 4, 5, 6, 7, 8, 9, 10, 11, 12, 13, 14, 15, 16, 17, 18, 19, 20, 21, 22, 23, 24, 25, 26, 27, 28, 29, 30, 31, 32, 33, 34, 35, 36, 37, 38, 39, 40, 41, 42, 43, 44, 45, 46, 47, 48, 49, 50, 51, 52, 53, 54, 55, 56, 57, 58, 59, 60, 61, 62, 63, 64, 65, 66, 67, 68, 69, 70, 71, 72, 73, 74, 75, 76, 77, 78, 79, 80, 81, 82, 83, 84, 85, 86, 87, 88, 89, 90, 91, 92, 93, 94, 95, 96, 97, 98, 99]
This is for the BaseNet initialization.
After BaseNet initialization.
2025-12-12 17:20:42,707 [trainer.py] => All params: 85875457
2025-12-12 17:20:42,707 [trainer.py] => Trainable params: 85875457
2025-12-12 17:20:42,967 [simplecil.py] => Learning on 0-60
2025-12-12 17:24:18,203 [trainer.py] => CNN: {'total': 94.98, '00-59': 94.98, '60-61': 100.0, '62-63': 70.0, '64-65': 80.0, '66-67': 100.0, '68-69': 80.0, '70-71': 90.0, '72-73': 90.0, '74-75': 100.0, '76-77': 80.0, '78-79': 100.0, '80-81': 90.0, '82-83': 80.0, '84-85': 80.0, '86-87': 70.0, '88-89': 80.0, '90-91': 70.0, '92-93': 70.0, '94-95': 80.0, '96-97': 100.0, '98-99': 100.0, 'old': 0, 'new': 94.98}
2025-12-12 17:24:18,203 [trainer.py] => CNN top1 curve: [94.98]
2025-12-12 17:24:18,203 [trainer.py] => Average Accuracy (CNN): 94.98 

2025-12-12 17:24:18,205 [trainer.py] => All params: 85921538
2025-12-12 17:24:18,207 [trainer.py] => Trainable params: 85921538
2025-12-12 17:24:18,212 [simplecil.py] => Learning on 60-62
2025-12-12 17:24:57,711 [trainer.py] => CNN: {'total': 94.9, '00-59': 94.98, '60-61': 92.5, '62-63': 100.0, '64-65': 70.0, '66-67': 90.0, '68-69': 80.0, '70-71': 90.0, '72-73': 90.0, '74-75': 100.0, '76-77': 80.0, '78-79': 90.0, '80-81': 100.0, '82-83': 90.0, '84-85': 80.0, '86-87': 60.0, '88-89': 40.0, '90-91': 100.0, '92-93': 70.0, '94-95': 70.0, '96-97': 80.0, '98-99': 90.0, 'old': 94.98, 'new': 92.5}
2025-12-12 17:24:57,712 [trainer.py] => CNN top1 curve: [94.98, 94.9]
2025-12-12 17:24:57,712 [trainer.py] => Average Accuracy (CNN): 94.94 

2025-12-12 17:24:57,713 [trainer.py] => All params: 85923074
2025-12-12 17:24:57,714 [trainer.py] => Trainable params: 85923074
2025-12-12 17:24:57,720 [simplecil.py] => Learning on 62-64
2025-12-12 17:25:38,625 [trainer.py] => CNN: {'total': 94.7, '00-59': 94.92, '60-61': 92.5, '62-63': 90.5, '64-65': 60.0, '66-67': 60.0, '68-69': 70.0, '70-71': 90.0, '72-73': 70.0, '74-75': 80.0, '76-77': 80.0, '78-79': 100.0, '80-81': 90.0, '82-83': 60.0, '84-85': 80.0, '86-87': 70.0, '88-89': 60.0, '90-91': 70.0, '92-93': 90.0, '94-95': 60.0, '96-97': 70.0, '98-99': 70.0, 'old': 94.84, 'new': 90.5}
2025-12-12 17:25:38,625 [trainer.py] => CNN top1 curve: [94.98, 94.9, 94.7]
2025-12-12 17:25:38,625 [trainer.py] => Average Accuracy (CNN): 94.86 

2025-12-12 17:25:38,626 [trainer.py] => All params: 85924610
2025-12-12 17:25:38,627 [trainer.py] => Trainable params: 85924610
2025-12-12 17:25:38,631 [simplecil.py] => Learning on 64-66
2025-12-12 17:26:20,252 [trainer.py] => CNN: {'total': 94.24, '00-59': 94.87, '60-61': 92.5, '62-63': 90.5, '64-65': 81.0, '66-67': 80.0, '68-69': 80.0, '70-71': 70.0, '72-73': 60.0, '74-75': 90.0, '76-77': 90.0, '78-79': 80.0, '80-81': 80.0, '82-83': 70.0, '84-85': 80.0, '86-87': 60.0, '88-89': 80.0, '90-91': 100.0, '92-93': 80.0, '94-95': 70.0, '96-97': 100.0, '98-99': 80.0, 'old': 94.66, 'new': 81.0}
2025-12-12 17:26:20,253 [trainer.py] => CNN top1 curve: [94.98, 94.9, 94.7, 94.24]
2025-12-12 17:26:20,253 [trainer.py] => Average Accuracy (CNN): 94.7 

2025-12-12 17:26:20,254 [trainer.py] => All params: 85926146
2025-12-12 17:26:20,256 [trainer.py] => Trainable params: 85926146
2025-12-12 17:26:20,263 [simplecil.py] => Learning on 66-68
2025-12-12 17:27:03,506 [trainer.py] => CNN: {'total': 94.21, '00-59': 94.82, '60-61': 92.5, '62-63': 90.5, '64-65': 81.0, '66-67': 94.5, '68-69': 80.0, '70-71': 90.0, '72-73': 70.0, '74-75': 90.0, '76-77': 70.0, '78-79': 90.0, '80-81': 80.0, '82-83': 80.0, '84-85': 90.0, '86-87': 70.0, '88-89': 80.0, '90-91': 100.0, '92-93': 80.0, '94-95': 90.0, '96-97': 80.0, '98-99': 70.0, 'old': 94.2, 'new': 94.5}
2025-12-12 17:27:03,506 [trainer.py] => CNN top1 curve: [94.98, 94.9, 94.7, 94.24, 94.21]
2025-12-12 17:27:03,506 [trainer.py] => Average Accuracy (CNN): 94.61 

2025-12-12 17:27:03,508 [trainer.py] => All params: 85927682
2025-12-12 17:27:03,509 [trainer.py] => Trainable params: 85927682
2025-12-12 17:27:03,514 [simplecil.py] => Learning on 68-70
2025-12-12 17:27:47,412 [trainer.py] => CNN: {'total': 92.81, '00-59': 94.8, '60-61': 92.5, '62-63': 90.5, '64-65': 81.0, '66-67': 94.5, '68-69': 46.0, '70-71': 80.0, '72-73': 70.0, '74-75': 80.0, '76-77': 90.0, '78-79': 100.0, '80-81': 100.0, '82-83': 70.0, '84-85': 50.0, '86-87': 60.0, '88-89': 70.0, '90-91': 100.0, '92-93': 80.0, '94-95': 80.0, '96-97': 100.0, '98-99': 90.0, 'old': 94.19, 'new': 46.0}
2025-12-12 17:27:47,412 [trainer.py] => CNN top1 curve: [94.98, 94.9, 94.7, 94.24, 94.21, 92.81]
2025-12-12 17:27:47,412 [trainer.py] => Average Accuracy (CNN): 94.31 

2025-12-12 17:27:47,414 [trainer.py] => All params: 85929218
2025-12-12 17:27:47,415 [trainer.py] => Trainable params: 85929218
2025-12-12 17:27:47,421 [simplecil.py] => Learning on 70-72
2025-12-12 17:28:32,694 [trainer.py] => CNN: {'total': 92.6, '00-59': 94.78, '60-61': 92.5, '62-63': 90.5, '64-65': 81.0, '66-67': 94.5, '68-69': 46.0, '70-71': 85.5, '72-73': 80.0, '74-75': 100.0, '76-77': 70.0, '78-79': 100.0, '80-81': 90.0, '82-83': 90.0, '84-85': 80.0, '86-87': 80.0, '88-89': 80.0, '90-91': 70.0, '92-93': 80.0, '94-95': 40.0, '96-97': 100.0, '98-99': 90.0, 'old': 92.8, 'new': 85.5}
2025-12-12 17:28:32,695 [trainer.py] => CNN top1 curve: [94.98, 94.9, 94.7, 94.24, 94.21, 92.81, 92.6]
2025-12-12 17:28:32,695 [trainer.py] => Average Accuracy (CNN): 94.06 

2025-12-12 17:28:32,696 [trainer.py] => All params: 85930754
2025-12-12 17:28:32,697 [trainer.py] => Trainable params: 85930754
2025-12-12 17:28:32,699 [simplecil.py] => Learning on 72-74
2025-12-12 17:29:19,147 [trainer.py] => CNN: {'total': 92.34, '00-59': 94.78, '60-61': 92.5, '62-63': 90.5, '64-65': 81.0, '66-67': 94.5, '68-69': 46.0, '70-71': 85.5, '72-73': 83.0, '74-75': 80.0, '76-77': 80.0, '78-79': 90.0, '80-81': 90.0, '82-83': 70.0, '84-85': 60.0, '86-87': 90.0, '88-89': 90.0, '90-91': 100.0, '92-93': 80.0, '94-95': 70.0, '96-97': 90.0, '98-99': 40.0, 'old': 92.6, 'new': 83.0}
2025-12-12 17:29:19,148 [trainer.py] => CNN top1 curve: [94.98, 94.9, 94.7, 94.24, 94.21, 92.81, 92.6, 92.34]
2025-12-12 17:29:19,148 [trainer.py] => Average Accuracy (CNN): 93.85 

2025-12-12 17:29:19,149 [trainer.py] => All params: 85932290
2025-12-12 17:29:19,150 [trainer.py] => Trainable params: 85932290
2025-12-12 17:29:19,156 [simplecil.py] => Learning on 74-76
2025-12-12 17:30:05,889 [trainer.py] => CNN: {'total': 92.37, '00-59': 94.78, '60-61': 92.5, '62-63': 90.5, '64-65': 81.0, '66-67': 94.5, '68-69': 46.0, '70-71': 85.5, '72-73': 83.0, '74-75': 93.5, '76-77': 100.0, '78-79': 100.0, '80-81': 100.0, '82-83': 90.0, '84-85': 100.0, '86-87': 90.0, '88-89': 90.0, '90-91': 100.0, '92-93': 100.0, '94-95': 60.0, '96-97': 90.0, '98-99': 80.0, 'old': 92.34, 'new': 93.5}
2025-12-12 17:30:05,889 [trainer.py] => CNN top1 curve: [94.98, 94.9, 94.7, 94.24, 94.21, 92.81, 92.6, 92.34, 92.37]
2025-12-12 17:30:05,890 [trainer.py] => Average Accuracy (CNN): 93.68 

2025-12-12 17:30:05,891 [trainer.py] => All params: 85933826
2025-12-12 17:30:05,891 [trainer.py] => Trainable params: 85933826
2025-12-12 17:30:05,897 [simplecil.py] => Learning on 76-78
2025-12-12 17:30:49,877 [trainer.py] => CNN: {'total': 92.14, '00-59': 94.75, '60-61': 92.5, '62-63': 90.5, '64-65': 81.0, '66-67': 94.5, '68-69': 46.0, '70-71': 85.5, '72-73': 83.0, '74-75': 93.5, '76-77': 84.5, '78-79': 90.0, '80-81': 90.0, '82-83': 70.0, '84-85': 80.0, '86-87': 70.0, '88-89': 70.0, '90-91': 90.0, '92-93': 90.0, '94-95': 70.0, '96-97': 80.0, '98-99': 90.0, 'old': 92.34, 'new': 84.5}
2025-12-12 17:30:49,878 [trainer.py] => CNN top1 curve: [94.98, 94.9, 94.7, 94.24, 94.21, 92.81, 92.6, 92.34, 92.37, 92.14]
2025-12-12 17:30:49,878 [trainer.py] => Average Accuracy (CNN): 93.53 

2025-12-12 17:30:49,879 [trainer.py] => All params: 85935362
2025-12-12 17:30:49,880 [trainer.py] => Trainable params: 85935362
2025-12-12 17:30:49,886 [simplecil.py] => Learning on 78-80
2025-12-12 17:31:33,965 [trainer.py] => CNN: {'total': 92.02, '00-59': 94.75, '60-61': 92.5, '62-63': 90.5, '64-65': 81.0, '66-67': 94.5, '68-69': 45.5, '70-71': 85.5, '72-73': 83.0, '74-75': 93.5, '76-77': 84.5, '78-79': 88.0, '80-81': 90.0, '82-83': 80.0, '84-85': 70.0, '86-87': 80.0, '88-89': 90.0, '90-91': 80.0, '92-93': 70.0, '94-95': 100.0, '96-97': 100.0, '98-99': 70.0, 'old': 92.13, 'new': 88.0}
2025-12-12 17:31:33,965 [trainer.py] => CNN top1 curve: [94.98, 94.9, 94.7, 94.24, 94.21, 92.81, 92.6, 92.34, 92.37, 92.14, 92.02]
2025-12-12 17:31:33,966 [trainer.py] => Average Accuracy (CNN): 93.39 

2025-12-12 17:31:33,967 [trainer.py] => All params: 85936898
2025-12-12 17:31:33,968 [trainer.py] => Trainable params: 85936898
2025-12-12 17:31:33,970 [simplecil.py] => Learning on 80-82
2025-12-12 17:32:20,593 [trainer.py] => CNN: {'total': 91.51, '00-59': 94.67, '60-61': 92.5, '62-63': 90.5, '64-65': 81.0, '66-67': 94.0, '68-69': 45.5, '70-71': 85.5, '72-73': 83.0, '74-75': 93.5, '76-77': 84.5, '78-79': 88.0, '80-81': 74.0, '82-83': 80.0, '84-85': 90.0, '86-87': 100.0, '88-89': 90.0, '90-91': 80.0, '92-93': 90.0, '94-95': 90.0, '96-97': 90.0, '98-99': 70.0, 'old': 91.95, 'new': 74.0}
2025-12-12 17:32:20,594 [trainer.py] => CNN top1 curve: [94.98, 94.9, 94.7, 94.24, 94.21, 92.81, 92.6, 92.34, 92.37, 92.14, 92.02, 91.51]
2025-12-12 17:32:20,594 [trainer.py] => Average Accuracy (CNN): 93.24 

2025-12-12 17:32:20,595 [trainer.py] => All params: 85938434
2025-12-12 17:32:20,596 [trainer.py] => Trainable params: 85938434
2025-12-12 17:32:20,598 [simplecil.py] => Learning on 82-84
2025-12-12 17:33:05,829 [trainer.py] => CNN: {'total': 90.9, '00-59': 94.67, '60-61': 92.5, '62-63': 90.5, '64-65': 81.0, '66-67': 94.0, '68-69': 45.5, '70-71': 85.0, '72-73': 83.0, '74-75': 93.5, '76-77': 84.5, '78-79': 87.0, '80-81': 74.0, '82-83': 67.5, '84-85': 90.0, '86-87': 80.0, '88-89': 80.0, '90-91': 100.0, '92-93': 70.0, '94-95': 100.0, '96-97': 70.0, '98-99': 80.0, 'old': 91.48, 'new': 67.5}
2025-12-12 17:33:05,829 [trainer.py] => CNN top1 curve: [94.98, 94.9, 94.7, 94.24, 94.21, 92.81, 92.6, 92.34, 92.37, 92.14, 92.02, 91.51, 90.9]
2025-12-12 17:33:05,829 [trainer.py] => Average Accuracy (CNN): 93.06 

2025-12-12 17:33:05,830 [trainer.py] => All params: 85939970
2025-12-12 17:33:05,831 [trainer.py] => Trainable params: 85939970
2025-12-12 17:33:05,835 [simplecil.py] => Learning on 84-86
2025-12-12 17:33:55,166 [trainer.py] => CNN: {'total': 90.0, '00-59': 94.65, '60-61': 92.5, '62-63': 89.5, '64-65': 81.0, '66-67': 94.0, '68-69': 45.5, '70-71': 84.5, '72-73': 82.5, '74-75': 93.5, '76-77': 84.0, '78-79': 87.0, '80-81': 73.0, '82-83': 67.5, '84-85': 56.0, '86-87': 80.0, '88-89': 100.0, '90-91': 100.0, '92-93': 70.0, '94-95': 90.0, '96-97': 80.0, '98-99': 80.0, 'old': 90.81, 'new': 56.0}
2025-12-12 17:33:55,166 [trainer.py] => CNN top1 curve: [94.98, 94.9, 94.7, 94.24, 94.21, 92.81, 92.6, 92.34, 92.37, 92.14, 92.02, 91.51, 90.9, 90.0]
2025-12-12 17:33:55,166 [trainer.py] => Average Accuracy (CNN): 92.84 

2025-12-12 17:33:55,167 [trainer.py] => All params: 85941506
2025-12-12 17:33:55,168 [trainer.py] => Trainable params: 85941506
2025-12-12 17:33:55,174 [simplecil.py] => Learning on 86-88
2025-12-12 17:34:43,321 [trainer.py] => CNN: {'total': 89.88, '00-59': 94.63, '60-61': 92.5, '62-63': 89.5, '64-65': 81.0, '66-67': 93.0, '68-69': 45.5, '70-71': 84.5, '72-73': 82.5, '74-75': 93.5, '76-77': 84.0, '78-79': 87.0, '80-81': 73.0, '82-83': 67.5, '84-85': 56.0, '86-87': 86.0, '88-89': 60.0, '90-91': 100.0, '92-93': 90.0, '94-95': 80.0, '96-97': 100.0, '98-99': 80.0, 'old': 89.97, 'new': 86.0}
2025-12-12 17:34:43,321 [trainer.py] => CNN top1 curve: [94.98, 94.9, 94.7, 94.24, 94.21, 92.81, 92.6, 92.34, 92.37, 92.14, 92.02, 91.51, 90.9, 90.0, 89.88]
2025-12-12 17:34:43,321 [trainer.py] => Average Accuracy (CNN): 92.64 

2025-12-12 17:34:43,322 [trainer.py] => All params: 85943042
2025-12-12 17:34:43,323 [trainer.py] => Trainable params: 85943042
2025-12-12 17:34:43,329 [simplecil.py] => Learning on 88-90
2025-12-12 17:35:33,103 [trainer.py] => CNN: {'total': 88.94, '00-59': 94.58, '60-61': 92.5, '62-63': 89.5, '64-65': 81.0, '66-67': 93.0, '68-69': 45.5, '70-71': 84.5, '72-73': 82.5, '74-75': 93.5, '76-77': 84.0, '78-79': 86.0, '80-81': 73.0, '82-83': 67.5, '84-85': 56.0, '86-87': 86.0, '88-89': 50.5, '90-91': 90.0, '92-93': 80.0, '94-95': 90.0, '96-97': 80.0, '98-99': 90.0, 'old': 89.82, 'new': 50.5}
2025-12-12 17:35:33,104 [trainer.py] => CNN top1 curve: [94.98, 94.9, 94.7, 94.24, 94.21, 92.81, 92.6, 92.34, 92.37, 92.14, 92.02, 91.51, 90.9, 90.0, 89.88, 88.94]
2025-12-12 17:35:33,104 [trainer.py] => Average Accuracy (CNN): 92.41 

2025-12-12 17:35:33,106 [trainer.py] => All params: 85944578
2025-12-12 17:35:33,107 [trainer.py] => Trainable params: 85944578
2025-12-12 17:35:33,112 [simplecil.py] => Learning on 90-92
2025-12-12 17:36:22,103 [trainer.py] => CNN: {'total': 88.87, '00-59': 94.52, '60-61': 92.5, '62-63': 89.5, '64-65': 81.0, '66-67': 93.0, '68-69': 45.5, '70-71': 84.5, '72-73': 82.5, '74-75': 92.5, '76-77': 84.0, '78-79': 86.0, '80-81': 73.0, '82-83': 67.5, '84-85': 56.0, '86-87': 86.0, '88-89': 50.5, '90-91': 88.5, '92-93': 60.0, '94-95': 80.0, '96-97': 80.0, '98-99': 90.0, 'old': 88.88, 'new': 88.5}
2025-12-12 17:36:22,103 [trainer.py] => CNN top1 curve: [94.98, 94.9, 94.7, 94.24, 94.21, 92.81, 92.6, 92.34, 92.37, 92.14, 92.02, 91.51, 90.9, 90.0, 89.88, 88.94, 88.87]
2025-12-12 17:36:22,104 [trainer.py] => Average Accuracy (CNN): 92.2 

2025-12-12 17:36:22,104 [trainer.py] => All params: 85946114
2025-12-12 17:36:22,105 [trainer.py] => Trainable params: 85946114
2025-12-12 17:36:22,109 [simplecil.py] => Learning on 92-94
2025-12-12 17:37:13,271 [trainer.py] => CNN: {'total': 88.96, '00-59': 94.52, '60-61': 92.5, '62-63': 89.5, '64-65': 80.0, '66-67': 93.0, '68-69': 45.5, '70-71': 84.5, '72-73': 82.5, '74-75': 92.5, '76-77': 84.0, '78-79': 86.0, '80-81': 73.0, '82-83': 67.5, '84-85': 56.0, '86-87': 86.0, '88-89': 50.5, '90-91': 88.5, '92-93': 94.0, '94-95': 90.0, '96-97': 90.0, '98-99': 90.0, 'old': 88.85, 'new': 94.0}
2025-12-12 17:37:13,272 [trainer.py] => CNN top1 curve: [94.98, 94.9, 94.7, 94.24, 94.21, 92.81, 92.6, 92.34, 92.37, 92.14, 92.02, 91.51, 90.9, 90.0, 89.88, 88.94, 88.87, 88.96]
2025-12-12 17:37:13,272 [trainer.py] => Average Accuracy (CNN): 92.02 

2025-12-12 17:37:13,272 [trainer.py] => All params: 85947650
2025-12-12 17:37:13,273 [trainer.py] => Trainable params: 85947650
2025-12-12 17:37:13,274 [simplecil.py] => Learning on 94-96
2025-12-12 17:38:05,941 [trainer.py] => CNN: {'total': 89.08, '00-59': 94.45, '60-61': 92.5, '62-63': 89.5, '64-65': 80.0, '66-67': 93.0, '68-69': 45.5, '70-71': 84.5, '72-73': 82.5, '74-75': 92.5, '76-77': 84.0, '78-79': 86.0, '80-81': 73.0, '82-83': 67.5, '84-85': 56.0, '86-87': 86.0, '88-89': 50.5, '90-91': 88.5, '92-93': 94.0, '94-95': 97.0, '96-97': 90.0, '98-99': 90.0, 'old': 88.91, 'new': 97.0}
2025-12-12 17:38:05,942 [trainer.py] => CNN top1 curve: [94.98, 94.9, 94.7, 94.24, 94.21, 92.81, 92.6, 92.34, 92.37, 92.14, 92.02, 91.51, 90.9, 90.0, 89.88, 88.94, 88.87, 88.96, 89.08]
2025-12-12 17:38:05,942 [trainer.py] => Average Accuracy (CNN): 91.87 

2025-12-12 17:38:05,942 [trainer.py] => All params: 85949186
2025-12-12 17:38:05,943 [trainer.py] => Trainable params: 85949186
2025-12-12 17:38:05,944 [simplecil.py] => Learning on 96-98
2025-12-12 17:38:58,101 [trainer.py] => CNN: {'total': 89.04, '00-59': 94.38, '60-61': 92.5, '62-63': 89.5, '64-65': 80.0, '66-67': 93.0, '68-69': 45.5, '70-71': 84.5, '72-73': 82.5, '74-75': 92.5, '76-77': 81.5, '78-79': 86.0, '80-81': 73.0, '82-83': 67.5, '84-85': 56.0, '86-87': 86.0, '88-89': 49.5, '90-91': 88.5, '92-93': 94.0, '94-95': 96.5, '96-97': 93.0, '98-99': 70.0, 'old': 88.96, 'new': 93.0}
2025-12-12 17:38:58,101 [trainer.py] => CNN top1 curve: [94.98, 94.9, 94.7, 94.24, 94.21, 92.81, 92.6, 92.34, 92.37, 92.14, 92.02, 91.51, 90.9, 90.0, 89.88, 88.94, 88.87, 88.96, 89.08, 89.04]
2025-12-12 17:38:58,101 [trainer.py] => Average Accuracy (CNN): 91.72 

2025-12-12 17:38:58,103 [trainer.py] => All params: 85950722
2025-12-12 17:38:58,104 [trainer.py] => Trainable params: 85950722
2025-12-12 17:38:58,109 [simplecil.py] => Learning on 98-100
2025-12-12 17:39:52,461 [trainer.py] => CNN: {'total': 89.1, '00-59': 94.35, '60-61': 92.5, '62-63': 89.5, '64-65': 80.0, '66-67': 93.0, '68-69': 45.5, '70-71': 84.5, '72-73': 82.5, '74-75': 92.5, '76-77': 81.5, '78-79': 85.5, '80-81': 73.0, '82-83': 67.5, '84-85': 56.0, '86-87': 86.0, '88-89': 49.5, '90-91': 88.5, '92-93': 94.0, '94-95': 96.5, '96-97': 93.0, '98-99': 93.5, 'old': 89.01, 'new': 93.5}
2025-12-12 17:39:52,461 [trainer.py] => CNN top1 curve: [94.98, 94.9, 94.7, 94.24, 94.21, 92.81, 92.6, 92.34, 92.37, 92.14, 92.02, 91.51, 90.9, 90.0, 89.88, 88.94, 88.87, 88.96, 89.08, 89.04, 89.1]
2025-12-12 17:39:52,462 [trainer.py] => Average Accuracy (CNN): 91.6 


================================================================================
Finished mini_imagenet_init60_inc2: pretrained_vit_b16_224  
Base Accuracy: 94.98
Lase Accuracy: 89.1
Average Accuracy (Top1): 91.6
PD: 5.88
Backward Transfer (BWT): -0.76
Traceback (most recent call last):
  File "/home/team/zhaohongwei/Code/Research/Awesome-FSCIL/CIL_Model/main.py", line 24, in <module>
    main()
  File "/home/team/zhaohongwei/Code/Research/Awesome-FSCIL/CIL_Model/main.py", line 11, in main
    train(args)
  File "/home/team/zhaohongwei/Code/Research/Awesome-FSCIL/CIL_Model/trainer.py", line 29, in train
    _train(args)
  File "/home/team/zhaohongwei/Code/Research/Awesome-FSCIL/CIL_Model/trainer.py", line 123, in _train
    print("Forward Transfer (FWT):", forward_transfer(args["dataset"], np.array(cnn_matrix)))
  File "/home/team/zhaohongwei/Code/Research/Awesome-FSCIL/CIL_Model/trainer.py", line 209, in forward_transfer
    fwt_diffs = fwt_accs - rand_init_acc_for_fwt
ValueError: operands could not be broadcast together with shapes (20,) (8,) 
2025-12-12 17:39:55,598 [trainer.py] => config: ./scripts/simplecil/IN1K/simplecil_inr_B100_Inc5.json
2025-12-12 17:39:55,599 [trainer.py] => prefix:  
2025-12-12 17:39:55,599 [trainer.py] => dataset: imagenetr
2025-12-12 17:39:55,599 [trainer.py] => memory_size: 0
2025-12-12 17:39:55,599 [trainer.py] => memory_per_class: 0
2025-12-12 17:39:55,599 [trainer.py] => fixed_memory: False
2025-12-12 17:39:55,599 [trainer.py] => shuffle: False
2025-12-12 17:39:55,599 [trainer.py] => init_cls: 100
2025-12-12 17:39:55,599 [trainer.py] => increment: 5
2025-12-12 17:39:55,599 [trainer.py] => model_name: simplecil
2025-12-12 17:39:55,599 [trainer.py] => backbone_type: pretrained_vit_b16_224
2025-12-12 17:39:55,599 [trainer.py] => device: [device(type='cuda', index=7)]
2025-12-12 17:39:55,599 [trainer.py] => seed: 1993
2025-12-12 17:39:55,599 [trainer.py] => kshot: 5
2025-12-12 17:39:55,599 [trainer.py] => tuned_epoch: 1
2025-12-12 17:39:55,599 [trainer.py] => init_lr: 0.01
2025-12-12 17:39:55,599 [trainer.py] => batch_size: 48
2025-12-12 17:39:55,599 [trainer.py] => weight_decay: 0.05
2025-12-12 17:39:55,599 [trainer.py] => min_lr: 1e-08
2025-12-12 17:39:55,599 [trainer.py] => optimizer: sgd
2025-12-12 17:39:55,599 [trainer.py] => vpt_type: shallow
2025-12-12 17:39:55,599 [trainer.py] => prompt_token_num: 3
2025-12-12 17:39:55,599 [trainer.py] => gpu_models: ['NVIDIA A40']
2025-12-12 17:39:55,685 [data_manager.py] => [0, 1, 2, 3, 4, 5, 6, 7, 8, 9, 10, 11, 12, 13, 14, 15, 16, 17, 18, 19, 20, 21, 22, 23, 24, 25, 26, 27, 28, 29, 30, 31, 32, 33, 34, 35, 36, 37, 38, 39, 40, 41, 42, 43, 44, 45, 46, 47, 48, 49, 50, 51, 52, 53, 54, 55, 56, 57, 58, 59, 60, 61, 62, 63, 64, 65, 66, 67, 68, 69, 70, 71, 72, 73, 74, 75, 76, 77, 78, 79, 80, 81, 82, 83, 84, 85, 86, 87, 88, 89, 90, 91, 92, 93, 94, 95, 96, 97, 98, 99, 100, 101, 102, 103, 104, 105, 106, 107, 108, 109, 110, 111, 112, 113, 114, 115, 116, 117, 118, 119, 120, 121, 122, 123, 124, 125, 126, 127, 128, 129, 130, 131, 132, 133, 134, 135, 136, 137, 138, 139, 140, 141, 142, 143, 144, 145, 146, 147, 148, 149, 150, 151, 152, 153, 154, 155, 156, 157, 158, 159, 160, 161, 162, 163, 164, 165, 166, 167, 168, 169, 170, 171, 172, 173, 174, 175, 176, 177, 178, 179, 180, 181, 182, 183, 184, 185, 186, 187, 188, 189, 190, 191, 192, 193, 194, 195, 196, 197, 198, 199]
This is for the BaseNet initialization.
After BaseNet initialization.
2025-12-12 17:39:58,092 [trainer.py] => All params: 85952257
2025-12-12 17:39:58,093 [trainer.py] => Trainable params: 85952257
2025-12-12 17:39:58,351 [simplecil.py] => Learning on 0-100
2025-12-12 17:41:29,317 [trainer.py] => CNN: {'total': 62.52, '00-99': 62.52, '100-104': 80.0, '105-109': 84.0, '110-114': 84.0, '115-119': 84.0, '120-124': 68.0, '125-129': 100.0, '130-134': 80.0, '135-139': 76.0, '140-144': 80.0, '145-149': 88.0, '150-154': 72.0, '155-159': 80.0, '160-164': 88.0, '165-169': 84.0, '170-174': 72.0, '175-179': 100.0, '180-184': 80.0, '185-189': 76.0, '190-194': 88.0, '195-199': 88.0, 'old': 0, 'new': 62.52}
2025-12-12 17:41:29,318 [trainer.py] => CNN top1 curve: [62.52]
2025-12-12 17:41:29,318 [trainer.py] => Average Accuracy (CNN): 62.52 

2025-12-12 17:41:29,319 [trainer.py] => All params: 86029058
2025-12-12 17:41:29,320 [trainer.py] => Trainable params: 86029058
2025-12-12 17:41:29,325 [simplecil.py] => Learning on 100-105
2025-12-12 17:41:53,084 [trainer.py] => CNN: {'total': 60.64, '00-99': 62.45, '100-104': 28.49, '105-109': 84.0, '110-114': 76.0, '115-119': 76.0, '120-124': 68.0, '125-129': 80.0, '130-134': 88.0, '135-139': 80.0, '140-144': 72.0, '145-149': 88.0, '150-154': 68.0, '155-159': 80.0, '160-164': 84.0, '165-169': 76.0, '170-174': 76.0, '175-179': 80.0, '180-184': 88.0, '185-189': 80.0, '190-194': 88.0, '195-199': 80.0, 'old': 62.45, 'new': 28.49}
2025-12-12 17:41:53,084 [trainer.py] => CNN top1 curve: [62.52, 60.64]
2025-12-12 17:41:53,084 [trainer.py] => Average Accuracy (CNN): 61.58 

2025-12-12 17:41:53,085 [trainer.py] => All params: 86032898
2025-12-12 17:41:53,086 [trainer.py] => Trainable params: 86032898
2025-12-12 17:41:53,092 [simplecil.py] => Learning on 105-110
2025-12-12 17:42:17,036 [trainer.py] => CNN: {'total': 58.61, '00-99': 62.36, '100-104': 26.16, '105-109': 18.62, '110-114': 80.0, '115-119': 84.0, '120-124': 60.0, '125-129': 72.0, '130-134': 76.0, '135-139': 88.0, '140-144': 84.0, '145-149': 84.0, '150-154': 68.0, '155-159': 96.0, '160-164': 80.0, '165-169': 80.0, '170-174': 88.0, '175-179': 92.0, '180-184': 88.0, '185-189': 84.0, '190-194': 84.0, '195-199': 88.0, 'old': 60.42, 'new': 18.62}
2025-12-12 17:42:17,037 [trainer.py] => CNN top1 curve: [62.52, 60.64, 58.61]
2025-12-12 17:42:17,037 [trainer.py] => Average Accuracy (CNN): 60.59 

2025-12-12 17:42:17,039 [trainer.py] => All params: 86036738
2025-12-12 17:42:17,040 [trainer.py] => Trainable params: 86036738
2025-12-12 17:42:17,043 [simplecil.py] => Learning on 110-115
2025-12-12 17:42:41,646 [trainer.py] => CNN: {'total': 58.34, '00-99': 62.29, '100-104': 26.16, '105-109': 17.93, '110-114': 53.9, '115-119': 84.0, '120-124': 72.0, '125-129': 88.0, '130-134': 76.0, '135-139': 88.0, '140-144': 76.0, '145-149': 84.0, '150-154': 60.0, '155-159': 72.0, '160-164': 96.0, '165-169': 88.0, '170-174': 64.0, '175-179': 96.0, '180-184': 80.0, '185-189': 92.0, '190-194': 80.0, '195-199': 84.0, 'old': 58.52, 'new': 53.9}
2025-12-12 17:42:41,646 [trainer.py] => CNN top1 curve: [62.52, 60.64, 58.61, 58.34]
2025-12-12 17:42:41,647 [trainer.py] => Average Accuracy (CNN): 60.03 

2025-12-12 17:42:41,648 [trainer.py] => All params: 86040578
2025-12-12 17:42:41,648 [trainer.py] => Trainable params: 86040578
2025-12-12 17:42:41,653 [simplecil.py] => Learning on 115-120
2025-12-12 17:43:08,520 [trainer.py] => CNN: {'total': 57.99, '00-99': 61.93, '100-104': 25.58, '105-109': 17.24, '110-114': 53.19, '115-119': 59.66, '120-124': 72.0, '125-129': 76.0, '130-134': 80.0, '135-139': 76.0, '140-144': 84.0, '145-149': 80.0, '150-154': 68.0, '155-159': 76.0, '160-164': 92.0, '165-169': 84.0, '170-174': 96.0, '175-179': 92.0, '180-184': 88.0, '185-189': 84.0, '190-194': 96.0, '195-199': 88.0, 'old': 57.94, 'new': 59.66}
2025-12-12 17:43:08,520 [trainer.py] => CNN top1 curve: [62.52, 60.64, 58.61, 58.34, 57.99]
2025-12-12 17:43:08,520 [trainer.py] => Average Accuracy (CNN): 59.62 

2025-12-12 17:43:08,522 [trainer.py] => All params: 86044418
2025-12-12 17:43:08,523 [trainer.py] => Trainable params: 86044418
2025-12-12 17:43:08,529 [simplecil.py] => Learning on 120-125
2025-12-12 17:43:33,371 [trainer.py] => CNN: {'total': 57.56, '00-99': 61.8, '100-104': 25.58, '105-109': 17.24, '110-114': 53.19, '115-119': 57.14, '120-124': 51.68, '125-129': 92.0, '130-134': 76.0, '135-139': 68.0, '140-144': 80.0, '145-149': 76.0, '150-154': 72.0, '155-159': 80.0, '160-164': 84.0, '165-169': 76.0, '170-174': 84.0, '175-179': 92.0, '180-184': 84.0, '185-189': 72.0, '190-194': 84.0, '195-199': 88.0, 'old': 57.8, 'new': 51.68}
2025-12-12 17:43:33,371 [trainer.py] => CNN top1 curve: [62.52, 60.64, 58.61, 58.34, 57.99, 57.56]
2025-12-12 17:43:33,371 [trainer.py] => Average Accuracy (CNN): 59.28 

2025-12-12 17:43:33,373 [trainer.py] => All params: 86048258
2025-12-12 17:43:33,374 [trainer.py] => Trainable params: 86048258
2025-12-12 17:43:33,380 [simplecil.py] => Learning on 125-130
2025-12-12 17:43:59,498 [trainer.py] => CNN: {'total': 55.73, '00-99': 61.6, '100-104': 25.58, '105-109': 17.24, '110-114': 51.06, '115-119': 54.62, '120-124': 49.66, '125-129': 22.01, '130-134': 84.0, '135-139': 76.0, '140-144': 76.0, '145-149': 76.0, '150-154': 68.0, '155-159': 80.0, '160-164': 96.0, '165-169': 80.0, '170-174': 72.0, '175-179': 100.0, '180-184': 92.0, '185-189': 84.0, '190-194': 76.0, '195-199': 96.0, 'old': 57.16, 'new': 22.01}
2025-12-12 17:43:59,499 [trainer.py] => CNN top1 curve: [62.52, 60.64, 58.61, 58.34, 57.99, 57.56, 55.73]
2025-12-12 17:43:59,499 [trainer.py] => Average Accuracy (CNN): 58.77 

2025-12-12 17:43:59,500 [trainer.py] => All params: 86052098
2025-12-12 17:43:59,501 [trainer.py] => Trainable params: 86052098
2025-12-12 17:43:59,507 [simplecil.py] => Learning on 130-135
2025-12-12 17:44:26,107 [trainer.py] => CNN: {'total': 55.28, '00-99': 61.6, '100-104': 25.58, '105-109': 17.24, '110-114': 51.06, '115-119': 51.26, '120-124': 47.65, '125-129': 22.01, '130-134': 48.0, '135-139': 84.0, '140-144': 84.0, '145-149': 80.0, '150-154': 76.0, '155-159': 88.0, '160-164': 88.0, '165-169': 92.0, '170-174': 72.0, '175-179': 100.0, '180-184': 88.0, '185-189': 80.0, '190-194': 84.0, '195-199': 84.0, 'old': 55.56, 'new': 48.0}
2025-12-12 17:44:26,108 [trainer.py] => CNN top1 curve: [62.52, 60.64, 58.61, 58.34, 57.99, 57.56, 55.73, 55.28]
2025-12-12 17:44:26,108 [trainer.py] => Average Accuracy (CNN): 58.33 

2025-12-12 17:44:26,109 [trainer.py] => All params: 86055938
2025-12-12 17:44:26,109 [trainer.py] => Trainable params: 86055938
2025-12-12 17:44:26,115 [simplecil.py] => Learning on 135-140
2025-12-12 17:44:53,224 [trainer.py] => CNN: {'total': 55.28, '00-99': 61.57, '100-104': 25.0, '105-109': 17.24, '110-114': 46.1, '115-119': 51.26, '120-124': 46.98, '125-129': 21.38, '130-134': 45.33, '135-139': 65.75, '140-144': 80.0, '145-149': 92.0, '150-154': 76.0, '155-159': 88.0, '160-164': 92.0, '165-169': 80.0, '170-174': 84.0, '175-179': 96.0, '180-184': 84.0, '185-189': 76.0, '190-194': 96.0, '195-199': 88.0, 'old': 54.91, 'new': 65.75}
2025-12-12 17:44:53,224 [trainer.py] => CNN top1 curve: [62.52, 60.64, 58.61, 58.34, 57.99, 57.56, 55.73, 55.28, 55.28]
2025-12-12 17:44:53,224 [trainer.py] => Average Accuracy (CNN): 57.99 

2025-12-12 17:44:53,225 [trainer.py] => All params: 86059778
2025-12-12 17:44:53,227 [trainer.py] => Trainable params: 86059778
2025-12-12 17:44:53,234 [simplecil.py] => Learning on 140-145
2025-12-12 17:45:22,194 [trainer.py] => CNN: {'total': 54.73, '00-99': 61.53, '100-104': 25.0, '105-109': 17.24, '110-114': 46.1, '115-119': 51.26, '120-124': 46.98, '125-129': 19.5, '130-134': 45.33, '135-139': 65.75, '140-144': 37.72, '145-149': 88.0, '150-154': 76.0, '155-159': 88.0, '160-164': 92.0, '165-169': 92.0, '170-174': 76.0, '175-179': 96.0, '180-184': 80.0, '185-189': 68.0, '190-194': 80.0, '195-199': 92.0, 'old': 55.19, 'new': 37.72}
2025-12-12 17:45:22,194 [trainer.py] => CNN top1 curve: [62.52, 60.64, 58.61, 58.34, 57.99, 57.56, 55.73, 55.28, 55.28, 54.73]
2025-12-12 17:45:22,194 [trainer.py] => Average Accuracy (CNN): 57.67 

2025-12-12 17:45:22,195 [trainer.py] => All params: 86063618
2025-12-12 17:45:22,196 [trainer.py] => Trainable params: 86063618
2025-12-12 17:45:22,198 [simplecil.py] => Learning on 145-150
2025-12-12 17:45:49,881 [trainer.py] => CNN: {'total': 54.83, '00-99': 61.53, '100-104': 25.0, '105-109': 17.24, '110-114': 46.1, '115-119': 50.42, '120-124': 46.31, '125-129': 19.5, '130-134': 44.67, '135-139': 65.75, '140-144': 35.96, '145-149': 64.0, '150-154': 52.0, '155-159': 88.0, '160-164': 76.0, '165-169': 92.0, '170-174': 76.0, '175-179': 92.0, '180-184': 80.0, '185-189': 80.0, '190-194': 92.0, '195-199': 84.0, 'old': 54.61, 'new': 64.0}
2025-12-12 17:45:49,882 [trainer.py] => CNN top1 curve: [62.52, 60.64, 58.61, 58.34, 57.99, 57.56, 55.73, 55.28, 55.28, 54.73, 54.83]
2025-12-12 17:45:49,882 [trainer.py] => Average Accuracy (CNN): 57.41 

2025-12-12 17:45:49,883 [trainer.py] => All params: 86067458
2025-12-12 17:45:49,884 [trainer.py] => Trainable params: 86067458
2025-12-12 17:45:49,887 [simplecil.py] => Learning on 150-155
2025-12-12 17:46:17,719 [trainer.py] => CNN: {'total': 54.22, '00-99': 61.4, '100-104': 25.0, '105-109': 17.24, '110-114': 46.1, '115-119': 49.58, '120-124': 45.64, '125-129': 19.5, '130-134': 44.0, '135-139': 65.75, '140-144': 35.96, '145-149': 63.0, '150-154': 36.7, '155-159': 76.0, '160-164': 84.0, '165-169': 92.0, '170-174': 88.0, '175-179': 100.0, '180-184': 88.0, '185-189': 84.0, '190-194': 92.0, '195-199': 92.0, 'old': 54.65, 'new': 36.7}
2025-12-12 17:46:17,720 [trainer.py] => CNN top1 curve: [62.52, 60.64, 58.61, 58.34, 57.99, 57.56, 55.73, 55.28, 55.28, 54.73, 54.83, 54.22]
2025-12-12 17:46:17,720 [trainer.py] => Average Accuracy (CNN): 57.14 

2025-12-12 17:46:17,721 [trainer.py] => All params: 86071298
2025-12-12 17:46:17,722 [trainer.py] => Trainable params: 86071298
2025-12-12 17:46:17,725 [simplecil.py] => Learning on 155-160
2025-12-12 17:46:46,697 [trainer.py] => CNN: {'total': 53.99, '00-99': 61.37, '100-104': 25.0, '105-109': 17.24, '110-114': 46.1, '115-119': 49.58, '120-124': 44.97, '125-129': 19.5, '130-134': 43.33, '135-139': 60.96, '140-144': 35.96, '145-149': 63.0, '150-154': 35.78, '155-159': 54.61, '160-164': 92.0, '165-169': 84.0, '170-174': 80.0, '175-179': 100.0, '180-184': 76.0, '185-189': 72.0, '190-194': 88.0, '195-199': 80.0, 'old': 53.97, 'new': 54.61}
2025-12-12 17:46:46,697 [trainer.py] => CNN top1 curve: [62.52, 60.64, 58.61, 58.34, 57.99, 57.56, 55.73, 55.28, 55.28, 54.73, 54.83, 54.22, 53.99]
2025-12-12 17:46:46,697 [trainer.py] => Average Accuracy (CNN): 56.9 

2025-12-12 17:46:46,698 [trainer.py] => All params: 86075138
2025-12-12 17:46:46,699 [trainer.py] => Trainable params: 86075138
2025-12-12 17:46:46,705 [simplecil.py] => Learning on 160-165
2025-12-12 17:47:18,037 [trainer.py] => CNN: {'total': 54.29, '00-99': 61.3, '100-104': 25.0, '105-109': 16.55, '110-114': 44.68, '115-119': 48.74, '120-124': 44.97, '125-129': 19.5, '130-134': 42.67, '135-139': 58.9, '140-144': 35.96, '145-149': 62.0, '150-154': 34.86, '155-159': 50.0, '160-164': 75.0, '165-169': 92.0, '170-174': 76.0, '175-179': 100.0, '180-184': 80.0, '185-189': 84.0, '190-194': 80.0, '195-199': 88.0, 'old': 53.59, 'new': 75.0}
2025-12-12 17:47:18,037 [trainer.py] => CNN top1 curve: [62.52, 60.64, 58.61, 58.34, 57.99, 57.56, 55.73, 55.28, 55.28, 54.73, 54.83, 54.22, 53.99, 54.29]
2025-12-12 17:47:18,037 [trainer.py] => Average Accuracy (CNN): 56.72 

2025-12-12 17:47:18,039 [trainer.py] => All params: 86078978
2025-12-12 17:47:18,040 [trainer.py] => Trainable params: 86078978
2025-12-12 17:47:18,046 [simplecil.py] => Learning on 165-170
2025-12-12 17:47:47,116 [trainer.py] => CNN: {'total': 54.1, '00-99': 61.2, '100-104': 25.0, '105-109': 16.55, '110-114': 43.97, '115-119': 47.9, '120-124': 43.62, '125-129': 19.5, '130-134': 41.33, '135-139': 58.9, '140-144': 35.96, '145-149': 62.0, '150-154': 32.11, '155-159': 49.34, '160-164': 75.0, '165-169': 56.02, '170-174': 88.0, '175-179': 96.0, '180-184': 92.0, '185-189': 76.0, '190-194': 88.0, '195-199': 76.0, 'old': 54.03, 'new': 56.02}
2025-12-12 17:47:47,117 [trainer.py] => CNN top1 curve: [62.52, 60.64, 58.61, 58.34, 57.99, 57.56, 55.73, 55.28, 55.28, 54.73, 54.83, 54.22, 53.99, 54.29, 54.1]
2025-12-12 17:47:47,117 [trainer.py] => Average Accuracy (CNN): 56.54 

2025-12-12 17:47:47,118 [trainer.py] => All params: 86082818
2025-12-12 17:47:47,119 [trainer.py] => Trainable params: 86082818
2025-12-12 17:47:47,126 [simplecil.py] => Learning on 170-175
2025-12-12 17:48:17,732 [trainer.py] => CNN: {'total': 54.08, '00-99': 61.2, '100-104': 25.0, '105-109': 16.55, '110-114': 43.97, '115-119': 47.9, '120-124': 43.62, '125-129': 19.5, '130-134': 41.33, '135-139': 56.16, '140-144': 35.96, '145-149': 61.0, '150-154': 32.11, '155-159': 48.68, '160-164': 75.0, '165-169': 56.02, '170-174': 57.45, '175-179': 96.0, '180-184': 88.0, '185-189': 76.0, '190-194': 96.0, '195-199': 92.0, 'old': 53.98, 'new': 57.45}
2025-12-12 17:48:17,733 [trainer.py] => CNN top1 curve: [62.52, 60.64, 58.61, 58.34, 57.99, 57.56, 55.73, 55.28, 55.28, 54.73, 54.83, 54.22, 53.99, 54.29, 54.1, 54.08]
2025-12-12 17:48:17,733 [trainer.py] => Average Accuracy (CNN): 56.39 

2025-12-12 17:48:17,734 [trainer.py] => All params: 86086658
2025-12-12 17:48:17,735 [trainer.py] => Trainable params: 86086658
2025-12-12 17:48:17,741 [simplecil.py] => Learning on 175-180
2025-12-12 17:48:48,028 [trainer.py] => CNN: {'total': 53.0, '00-99': 60.84, '100-104': 25.0, '105-109': 16.55, '110-114': 43.97, '115-119': 47.9, '120-124': 40.94, '125-129': 18.24, '130-134': 40.67, '135-139': 56.16, '140-144': 35.96, '145-149': 61.0, '150-154': 30.28, '155-159': 46.71, '160-164': 74.38, '165-169': 54.45, '170-174': 56.74, '175-179': 32.35, '180-184': 88.0, '185-189': 88.0, '190-194': 76.0, '195-199': 88.0, 'old': 53.54, 'new': 32.35}
2025-12-12 17:48:48,029 [trainer.py] => CNN top1 curve: [62.52, 60.64, 58.61, 58.34, 57.99, 57.56, 55.73, 55.28, 55.28, 54.73, 54.83, 54.22, 53.99, 54.29, 54.1, 54.08, 53.0]
2025-12-12 17:48:48,029 [trainer.py] => Average Accuracy (CNN): 56.19 

2025-12-12 17:48:48,031 [trainer.py] => All params: 86090498
2025-12-12 17:48:48,033 [trainer.py] => Trainable params: 86090498
2025-12-12 17:48:48,038 [simplecil.py] => Learning on 180-185
2025-12-12 17:49:21,588 [trainer.py] => CNN: {'total': 52.69, '00-99': 60.81, '100-104': 25.0, '105-109': 16.55, '110-114': 43.97, '115-119': 47.06, '120-124': 40.94, '125-129': 18.24, '130-134': 40.0, '135-139': 56.16, '140-144': 35.96, '145-149': 61.0, '150-154': 30.28, '155-159': 46.71, '160-164': 74.38, '165-169': 54.45, '170-174': 56.74, '175-179': 30.88, '180-184': 44.9, '185-189': 84.0, '190-194': 88.0, '195-199': 84.0, 'old': 52.9, 'new': 44.9}
2025-12-12 17:49:21,588 [trainer.py] => CNN top1 curve: [62.52, 60.64, 58.61, 58.34, 57.99, 57.56, 55.73, 55.28, 55.28, 54.73, 54.83, 54.22, 53.99, 54.29, 54.1, 54.08, 53.0, 52.69]
2025-12-12 17:49:21,588 [trainer.py] => Average Accuracy (CNN): 55.99 

2025-12-12 17:49:21,590 [trainer.py] => All params: 86094338
2025-12-12 17:49:21,591 [trainer.py] => Trainable params: 86094338
2025-12-12 17:49:21,599 [simplecil.py] => Learning on 185-190
2025-12-12 17:49:53,048 [trainer.py] => CNN: {'total': 52.01, '00-99': 60.68, '100-104': 25.0, '105-109': 16.55, '110-114': 43.97, '115-119': 47.06, '120-124': 40.94, '125-129': 17.61, '130-134': 40.0, '135-139': 56.16, '140-144': 35.96, '145-149': 61.0, '150-154': 30.28, '155-159': 46.71, '160-164': 74.38, '165-169': 54.45, '170-174': 56.03, '175-179': 29.41, '180-184': 44.9, '185-189': 38.6, '190-194': 84.0, '195-199': 96.0, 'old': 52.54, 'new': 38.6}
2025-12-12 17:49:53,048 [trainer.py] => CNN top1 curve: [62.52, 60.64, 58.61, 58.34, 57.99, 57.56, 55.73, 55.28, 55.28, 54.73, 54.83, 54.22, 53.99, 54.29, 54.1, 54.08, 53.0, 52.69, 52.01]
2025-12-12 17:49:53,049 [trainer.py] => Average Accuracy (CNN): 55.78 

2025-12-12 17:49:53,050 [trainer.py] => All params: 86098178
2025-12-12 17:49:53,051 [trainer.py] => Trainable params: 86098178
2025-12-12 17:49:53,056 [simplecil.py] => Learning on 190-195
2025-12-12 17:50:25,984 [trainer.py] => CNN: {'total': 51.51, '00-99': 60.64, '100-104': 25.0, '105-109': 16.55, '110-114': 43.97, '115-119': 47.06, '120-124': 40.94, '125-129': 17.61, '130-134': 38.67, '135-139': 56.16, '140-144': 35.09, '145-149': 61.0, '150-154': 30.28, '155-159': 46.71, '160-164': 74.38, '165-169': 54.45, '170-174': 56.03, '175-179': 29.41, '180-184': 44.22, '185-189': 37.21, '190-194': 37.91, '195-199': 80.0, 'old': 51.87, 'new': 37.91}
2025-12-12 17:50:25,984 [trainer.py] => CNN top1 curve: [62.52, 60.64, 58.61, 58.34, 57.99, 57.56, 55.73, 55.28, 55.28, 54.73, 54.83, 54.22, 53.99, 54.29, 54.1, 54.08, 53.0, 52.69, 52.01, 51.51]
2025-12-12 17:50:25,984 [trainer.py] => Average Accuracy (CNN): 55.57 

2025-12-12 17:50:25,985 [trainer.py] => All params: 86102018
2025-12-12 17:50:25,986 [trainer.py] => Trainable params: 86102018
2025-12-12 17:50:25,993 [simplecil.py] => Learning on 195-200
2025-12-12 17:50:57,088 [trainer.py] => CNN: {'total': 50.78, '00-99': 60.51, '100-104': 24.42, '105-109': 16.55, '110-114': 43.97, '115-119': 47.06, '120-124': 40.94, '125-129': 17.61, '130-134': 38.67, '135-139': 53.42, '140-144': 35.09, '145-149': 61.0, '150-154': 30.28, '155-159': 46.05, '160-164': 74.38, '165-169': 53.4, '170-174': 56.03, '175-179': 28.68, '180-184': 44.22, '185-189': 34.42, '190-194': 37.91, '195-199': 36.42, 'old': 51.18, 'new': 36.42}
2025-12-12 17:50:57,088 [trainer.py] => CNN top1 curve: [62.52, 60.64, 58.61, 58.34, 57.99, 57.56, 55.73, 55.28, 55.28, 54.73, 54.83, 54.22, 53.99, 54.29, 54.1, 54.08, 53.0, 52.69, 52.01, 51.51, 50.78]
2025-12-12 17:50:57,089 [trainer.py] => Average Accuracy (CNN): 55.34 


================================================================================
Finished imagenetr_init100_inc5: pretrained_vit_b16_224  
Base Accuracy: 62.52
Lase Accuracy: 50.78
Average Accuracy (Top1): 55.34
PD: 11.74
Backward Transfer (BWT): -5.06
Traceback (most recent call last):
  File "/home/team/zhaohongwei/Code/Research/Awesome-FSCIL/CIL_Model/main.py", line 24, in <module>
    main()
  File "/home/team/zhaohongwei/Code/Research/Awesome-FSCIL/CIL_Model/main.py", line 11, in main
    train(args)
  File "/home/team/zhaohongwei/Code/Research/Awesome-FSCIL/CIL_Model/trainer.py", line 29, in train
    _train(args)
  File "/home/team/zhaohongwei/Code/Research/Awesome-FSCIL/CIL_Model/trainer.py", line 123, in _train
    print("Forward Transfer (FWT):", forward_transfer(args["dataset"], np.array(cnn_matrix)))
  File "/home/team/zhaohongwei/Code/Research/Awesome-FSCIL/CIL_Model/trainer.py", line 209, in forward_transfer
    fwt_diffs = fwt_accs - rand_init_acc_for_fwt
ValueError: operands could not be broadcast together with shapes (20,) (10,) 
