nohup: 忽略输入
2025-04-22 21:08:07,922 [trainer.py] => config: ./exps/cifar.json
2025-04-22 21:08:07,922 [trainer.py] => model_name: asp
2025-04-22 21:08:07,922 [trainer.py] => backbone_type: pretrained_vit_b16_224_vpt
2025-04-22 21:08:07,922 [trainer.py] => device: [device(type='cuda', index=2)]
2025-04-22 21:08:07,922 [trainer.py] => seed: 2024
2025-04-22 21:08:07,922 [trainer.py] => dataset: cifar224
2025-04-22 21:08:07,922 [trainer.py] => init_cls: 60
2025-04-22 21:08:07,922 [trainer.py] => increment: 5
2025-04-22 21:08:07,922 [trainer.py] => kshot: 5
2025-04-22 21:08:07,922 [trainer.py] => vpt_type: Deep
2025-04-22 21:08:07,922 [trainer.py] => prompt_token_num: 6
2025-04-22 21:08:07,922 [trainer.py] => avg_alpha: 0.8
2025-04-22 21:08:07,922 [trainer.py] => perturb_var: 1
2025-04-22 21:08:07,922 [trainer.py] => EMA_beta: 0.99
2025-04-22 21:08:07,922 [trainer.py] => anchor_lambda: 0.1
2025-04-22 21:08:07,922 [trainer.py] => kl_weight: 0.001
2025-04-22 21:08:07,922 [trainer.py] => TIP_init: zero
2025-04-22 21:08:07,922 [trainer.py] => tuned_epoch: 20
2025-04-22 21:08:07,922 [trainer.py] => fs_epoch: 0
2025-04-22 21:08:07,922 [trainer.py] => init_lr: 0.01
2025-04-22 21:08:07,922 [trainer.py] => fs_lr: 0.001
2025-04-22 21:08:07,922 [trainer.py] => batch_size: 48
2025-04-22 21:08:07,922 [trainer.py] => fs_batch_size: 16
2025-04-22 21:08:07,922 [trainer.py] => weight_decay: 0.0005
2025-04-22 21:08:07,923 [trainer.py] => min_lr: 0
2025-04-22 21:08:07,923 [trainer.py] => optimizer: sgd
2025-04-22 21:08:07,923 [trainer.py] => memory_size: 0
2025-04-22 21:08:07,923 [trainer.py] => memory_per_class: 0
2025-04-22 21:08:07,923 [trainer.py] => fixed_memory: False
2025-04-22 21:08:07,923 [trainer.py] => shuffle: False
2025-04-22 21:08:07,923 [trainer.py] => top_k: 5
2025-04-22 21:08:07,923 [trainer.py] => base_model_path: saved_model/asp/cifar224/60_5/asp_20_2024_pretrained_vit_b16_224_vpt.pth
2025-04-22 21:08:07,923 [trainer.py] => prefix: asp
2025-04-22 21:08:07,923 [trainer.py] => model_prefix: asp
Files already downloaded and verified
Files already downloaded and verified
2025-04-22 21:08:09,819 [data_manager.py] => [0, 1, 2, 3, 4, 5, 6, 7, 8, 9, 10, 11, 12, 13, 14, 15, 16, 17, 18, 19, 20, 21, 22, 23, 24, 25, 26, 27, 28, 29, 30, 31, 32, 33, 34, 35, 36, 37, 38, 39, 40, 41, 42, 43, 44, 45, 46, 47, 48, 49, 50, 51, 52, 53, 54, 55, 56, 57, 58, 59, 60, 61, 62, 63, 64, 65, 66, 67, 68, 69, 70, 71, 72, 73, 74, 75, 76, 77, 78, 79, 80, 81, 82, 83, 84, 85, 86, 87, 88, 89, 90, 91, 92, 93, 94, 95, 96, 97, 98, 99]
This is for the BaseNet initialization.
modelname, pretrained_vit_b16_224_vpt basicmodelname vit_base_patch16_224
Using VPT model
Using Deep Prompt
After BaseNet initialization.
2025-04-22 21:08:18,117 [trainer.py] => All params: 173596160
2025-04-22 21:08:18,118 [trainer.py] => Trainable params: 1998848
2025-04-22 21:08:18,589 [asp.py] => Learning on 0-60
2025-04-22 21:08:18,750 [asp.py] => training set size: 30000, fc construct set size: 30000
2025-04-22 21:08:18,863 [asp.py] => total parameters: 173642241
2025-04-22 21:08:18,864 [asp.py] => trainable parameters: 2044929
backbone.TIP 27648
backbone.Prompt_Encoder.fc_mu.0.weight 393216
backbone.Prompt_Encoder.fc_mu.0.bias 256
backbone.Prompt_Encoder.fc_mu.1.weight 589824
backbone.Prompt_Encoder.fc_mu.1.bias 2304
backbone.Prompt_Encoder.fc_std.0.weight 393216
backbone.Prompt_Encoder.fc_std.0.bias 256
backbone.Prompt_Encoder.fc_std.1.weight 589824
backbone.Prompt_Encoder.fc_std.1.bias 2304
fc.weight 46080
fc.sigma 1
anchor samples found
2025-04-22 21:22:44,228 [asp.py] => Task 0, Epoch 1 => Loss 3.369, Train_accy 38.71, Test_curr_accy 89.25, Test_accy 89.25
anchor samples found
2025-04-22 21:37:27,992 [asp.py] => Task 0, Epoch 2 => Loss 1.008, Train_accy 78.11, Test_curr_accy 91.32, Test_accy 91.32
anchor samples found
2025-04-22 21:51:38,809 [asp.py] => Task 0, Epoch 3 => Loss 0.876, Train_accy 79.85, Test_curr_accy 91.58, Test_accy 91.58
anchor samples found
2025-04-22 22:05:44,228 [asp.py] => Task 0, Epoch 4 => Loss 0.825, Train_accy 80.53, Test_curr_accy 92.12, Test_accy 92.12
anchor samples found
2025-04-22 22:19:52,922 [asp.py] => Task 0, Epoch 5 => Loss 0.772, Train_accy 81.63, Test_curr_accy 92.08, Test_accy 92.08
anchor samples found
2025-04-22 22:34:07,679 [asp.py] => Task 0, Epoch 6 => Loss 0.752, Train_accy 81.58, Test_curr_accy 92.33, Test_accy 92.33
anchor samples found
2025-04-22 22:48:18,299 [asp.py] => Task 0, Epoch 7 => Loss 0.748, Train_accy 82.09, Test_curr_accy 92.48, Test_accy 92.48
anchor samples found
2025-04-22 23:02:24,927 [asp.py] => Task 0, Epoch 8 => Loss 0.727, Train_accy 82.39, Test_curr_accy 92.55, Test_accy 92.55
anchor samples found
2025-04-22 23:16:34,773 [asp.py] => Task 0, Epoch 9 => Loss 0.725, Train_accy 82.30, Test_curr_accy 92.60, Test_accy 92.60
anchor samples found
2025-04-22 23:30:44,616 [asp.py] => Task 0, Epoch 10 => Loss 0.699, Train_accy 82.89, Test_curr_accy 92.72, Test_accy 92.72
anchor samples found
2025-04-22 23:44:50,829 [asp.py] => Task 0, Epoch 11 => Loss 0.694, Train_accy 83.16, Test_curr_accy 92.60, Test_accy 92.60
anchor samples found
2025-04-22 23:58:59,838 [asp.py] => Task 0, Epoch 12 => Loss 0.696, Train_accy 82.95, Test_curr_accy 93.30, Test_accy 93.30
anchor samples found
2025-04-23 00:13:10,586 [asp.py] => Task 0, Epoch 13 => Loss 0.689, Train_accy 83.05, Test_curr_accy 93.10, Test_accy 93.10
anchor samples found
2025-04-23 00:27:22,702 [asp.py] => Task 0, Epoch 14 => Loss 0.675, Train_accy 83.35, Test_curr_accy 92.98, Test_accy 92.98
anchor samples found
2025-04-23 00:41:42,338 [asp.py] => Task 0, Epoch 15 => Loss 0.674, Train_accy 83.41, Test_curr_accy 92.97, Test_accy 92.97
anchor samples found
2025-04-23 00:56:01,467 [asp.py] => Task 0, Epoch 16 => Loss 0.671, Train_accy 83.42, Test_curr_accy 93.27, Test_accy 93.27
anchor samples found
2025-04-23 01:10:16,963 [asp.py] => Task 0, Epoch 17 => Loss 0.669, Train_accy 83.51, Test_curr_accy 93.18, Test_accy 93.18
anchor samples found
2025-04-23 01:24:31,875 [asp.py] => Task 0, Epoch 18 => Loss 0.667, Train_accy 83.53, Test_curr_accy 93.18, Test_accy 93.18
anchor samples found
2025-04-23 01:38:46,032 [asp.py] => Task 0, Epoch 19 => Loss 0.665, Train_accy 83.51, Test_curr_accy 93.27, Test_accy 93.27
anchor samples found
2025-04-23 01:52:59,431 [asp.py] => Task 0, Epoch 20 => Loss 0.652, Train_accy 83.89, Test_curr_accy 93.33, Test_accy 93.33
2025-04-23 01:57:57,136 [trainer.py] => Top1 curve: [91.9]
2025-04-23 01:57:57,137 [trainer.py] => Average Accuracy (Top1): 91.9   (Harmonic Accuracy): None (Old Acc): 91.89999999999999 (New Acc): [] 

2025-04-23 01:57:57,138 [trainer.py] => All params: 173642241
2025-04-23 01:57:57,140 [trainer.py] => Trainable params: 2044929
2025-04-23 01:57:57,144 [asp.py] => Learning on 60-65
2025-04-23 01:57:57,614 [asp.py] => training set size: 25, fc construct set size: 25
2025-04-23 01:57:57,617 [asp.py] => total parameters: 173646081
2025-04-23 01:57:57,620 [asp.py] => trainable parameters: 2048769
backbone.TIP 27648
backbone.Prompt_Encoder.fc_mu.0.weight 393216
backbone.Prompt_Encoder.fc_mu.0.bias 256
backbone.Prompt_Encoder.fc_mu.1.weight 589824
backbone.Prompt_Encoder.fc_mu.1.bias 2304
backbone.Prompt_Encoder.fc_std.0.weight 393216
backbone.Prompt_Encoder.fc_std.0.bias 256
backbone.Prompt_Encoder.fc_std.1.weight 589824
backbone.Prompt_Encoder.fc_std.1.bias 2304
fc.weight 49920
fc.sigma 1
2025-04-23 01:58:36,882 [trainer.py] => Top1 curve: [91.9, 90.26]
2025-04-23 01:58:36,882 [trainer.py] => Average Accuracy (Top1): 91.08000000000001   (Harmonic Accuracy): 81.75547048156356 (Old Acc): 91.63333333333333 (New Acc): 73.8 

2025-04-23 01:58:36,884 [trainer.py] => All params: 173646081
2025-04-23 01:58:36,884 [trainer.py] => Trainable params: 2048769
2025-04-23 01:58:36,886 [asp.py] => Learning on 65-70
2025-04-23 01:58:36,917 [asp.py] => training set size: 25, fc construct set size: 25
2025-04-23 01:58:36,920 [asp.py] => total parameters: 173649921
2025-04-23 01:58:36,921 [asp.py] => trainable parameters: 2052609
backbone.TIP 27648
backbone.Prompt_Encoder.fc_mu.0.weight 393216
backbone.Prompt_Encoder.fc_mu.0.bias 256
backbone.Prompt_Encoder.fc_mu.1.weight 589824
backbone.Prompt_Encoder.fc_mu.1.bias 2304
backbone.Prompt_Encoder.fc_std.0.weight 393216
backbone.Prompt_Encoder.fc_std.0.bias 256
backbone.Prompt_Encoder.fc_std.1.weight 589824
backbone.Prompt_Encoder.fc_std.1.bias 2304
fc.weight 53760
fc.sigma 1
2025-04-23 01:59:18,371 [trainer.py] => Top1 curve: [91.9, 90.26, 89.79]
2025-04-23 01:59:18,372 [trainer.py] => Average Accuracy (Top1): 90.65000000000002   (Harmonic Accuracy): 84.8275525158769 (Old Acc): 91.58333333333333 (New Acc): 79.0 

2025-04-23 01:59:18,373 [trainer.py] => All params: 173649921
2025-04-23 01:59:18,374 [trainer.py] => Trainable params: 2052609
2025-04-23 01:59:18,375 [asp.py] => Learning on 70-75
2025-04-23 01:59:18,406 [asp.py] => training set size: 25, fc construct set size: 25
2025-04-23 01:59:18,409 [asp.py] => total parameters: 173653761
2025-04-23 01:59:18,410 [asp.py] => trainable parameters: 2056449
backbone.TIP 27648
backbone.Prompt_Encoder.fc_mu.0.weight 393216
backbone.Prompt_Encoder.fc_mu.0.bias 256
backbone.Prompt_Encoder.fc_mu.1.weight 589824
backbone.Prompt_Encoder.fc_mu.1.bias 2304
backbone.Prompt_Encoder.fc_std.0.weight 393216
backbone.Prompt_Encoder.fc_std.0.bias 256
backbone.Prompt_Encoder.fc_std.1.weight 589824
backbone.Prompt_Encoder.fc_std.1.bias 2304
fc.weight 57600
fc.sigma 1
2025-04-23 02:00:02,370 [trainer.py] => Top1 curve: [91.9, 90.26, 89.79, 88.47]
2025-04-23 02:00:02,370 [trainer.py] => Average Accuracy (Top1): 90.10500000000002   (Harmonic Accuracy): 83.58868982810385 (Old Acc): 91.31666666666666 (New Acc): 77.06666666666666 

2025-04-23 02:00:02,372 [trainer.py] => All params: 173653761
2025-04-23 02:00:02,373 [trainer.py] => Trainable params: 2056449
2025-04-23 02:00:02,375 [asp.py] => Learning on 75-80
2025-04-23 02:00:02,423 [asp.py] => training set size: 25, fc construct set size: 25
2025-04-23 02:00:02,428 [asp.py] => total parameters: 173657601
2025-04-23 02:00:02,430 [asp.py] => trainable parameters: 2060289
backbone.TIP 27648
backbone.Prompt_Encoder.fc_mu.0.weight 393216
backbone.Prompt_Encoder.fc_mu.0.bias 256
backbone.Prompt_Encoder.fc_mu.1.weight 589824
backbone.Prompt_Encoder.fc_mu.1.bias 2304
backbone.Prompt_Encoder.fc_std.0.weight 393216
backbone.Prompt_Encoder.fc_std.0.bias 256
backbone.Prompt_Encoder.fc_std.1.weight 589824
backbone.Prompt_Encoder.fc_std.1.bias 2304
fc.weight 61440
fc.sigma 1
2025-04-23 02:00:49,524 [trainer.py] => Top1 curve: [91.9, 90.26, 89.79, 88.47, 88.51]
2025-04-23 02:00:49,524 [trainer.py] => Average Accuracy (Top1): 89.78600000000002   (Harmonic Accuracy): 85.42553191489361 (Old Acc): 91.25 (New Acc): 80.3 

2025-04-23 02:00:49,526 [trainer.py] => All params: 173657601
2025-04-23 02:00:49,527 [trainer.py] => Trainable params: 2060289
2025-04-23 02:00:49,529 [asp.py] => Learning on 80-85
2025-04-23 02:00:49,562 [asp.py] => training set size: 25, fc construct set size: 25
2025-04-23 02:00:49,565 [asp.py] => total parameters: 173661441
2025-04-23 02:00:49,566 [asp.py] => trainable parameters: 2064129
backbone.TIP 27648
backbone.Prompt_Encoder.fc_mu.0.weight 393216
backbone.Prompt_Encoder.fc_mu.0.bias 256
backbone.Prompt_Encoder.fc_mu.1.weight 589824
backbone.Prompt_Encoder.fc_mu.1.bias 2304
backbone.Prompt_Encoder.fc_std.0.weight 393216
backbone.Prompt_Encoder.fc_std.0.bias 256
backbone.Prompt_Encoder.fc_std.1.weight 589824
backbone.Prompt_Encoder.fc_std.1.bias 2304
fc.weight 65280
fc.sigma 1
2025-04-23 02:01:40,263 [trainer.py] => Top1 curve: [91.9, 90.26, 89.79, 88.47, 88.51, 87.61]
2025-04-23 02:01:40,263 [trainer.py] => Average Accuracy (Top1): 89.42333333333335   (Harmonic Accuracy): 84.72574381459442 (Old Acc): 91.13333333333333 (New Acc): 79.16000000000001 

2025-04-23 02:01:40,265 [trainer.py] => All params: 173661441
2025-04-23 02:01:40,266 [trainer.py] => Trainable params: 2064129
2025-04-23 02:01:40,267 [asp.py] => Learning on 85-90
2025-04-23 02:01:40,300 [asp.py] => training set size: 25, fc construct set size: 25
2025-04-23 02:01:40,303 [asp.py] => total parameters: 173665281
2025-04-23 02:01:40,304 [asp.py] => trainable parameters: 2067969
backbone.TIP 27648
backbone.Prompt_Encoder.fc_mu.0.weight 393216
backbone.Prompt_Encoder.fc_mu.0.bias 256
backbone.Prompt_Encoder.fc_mu.1.weight 589824
backbone.Prompt_Encoder.fc_mu.1.bias 2304
backbone.Prompt_Encoder.fc_std.0.weight 393216
backbone.Prompt_Encoder.fc_std.0.bias 256
backbone.Prompt_Encoder.fc_std.1.weight 589824
backbone.Prompt_Encoder.fc_std.1.bias 2304
fc.weight 69120
fc.sigma 1
2025-04-23 02:02:33,234 [trainer.py] => Top1 curve: [91.9, 90.26, 89.79, 88.47, 88.51, 87.61, 87.54]
2025-04-23 02:02:33,234 [trainer.py] => Average Accuracy (Top1): 89.15428571428572   (Harmonic Accuracy): 85.5376759537909 (Old Acc): 90.95 (New Acc): 80.73333333333333 

2025-04-23 02:02:33,236 [trainer.py] => All params: 173665281
2025-04-23 02:02:33,237 [trainer.py] => Trainable params: 2067969
2025-04-23 02:02:33,238 [asp.py] => Learning on 90-95
2025-04-23 02:02:33,272 [asp.py] => training set size: 25, fc construct set size: 25
2025-04-23 02:02:33,277 [asp.py] => total parameters: 173669121
2025-04-23 02:02:33,278 [asp.py] => trainable parameters: 2071809
backbone.TIP 27648
backbone.Prompt_Encoder.fc_mu.0.weight 393216
backbone.Prompt_Encoder.fc_mu.0.bias 256
backbone.Prompt_Encoder.fc_mu.1.weight 589824
backbone.Prompt_Encoder.fc_mu.1.bias 2304
backbone.Prompt_Encoder.fc_std.0.weight 393216
backbone.Prompt_Encoder.fc_std.0.bias 256
backbone.Prompt_Encoder.fc_std.1.weight 589824
backbone.Prompt_Encoder.fc_std.1.bias 2304
fc.weight 72960
fc.sigma 1
2025-04-23 02:03:28,897 [trainer.py] => Top1 curve: [91.9, 90.26, 89.79, 88.47, 88.51, 87.61, 87.54, 87.22]
2025-04-23 02:03:28,897 [trainer.py] => Average Accuracy (Top1): 88.91250000000001   (Harmonic Accuracy): 85.65127039982266 (Old Acc): 90.83333333333333 (New Acc): 81.02857142857144 

2025-04-23 02:03:28,899 [trainer.py] => All params: 173669121
2025-04-23 02:03:28,900 [trainer.py] => Trainable params: 2071809
2025-04-23 02:03:28,901 [asp.py] => Learning on 95-100
2025-04-23 02:03:28,930 [asp.py] => training set size: 25, fc construct set size: 25
2025-04-23 02:03:28,934 [asp.py] => total parameters: 173672961
2025-04-23 02:03:28,934 [asp.py] => trainable parameters: 2075649
backbone.TIP 27648
backbone.Prompt_Encoder.fc_mu.0.weight 393216
backbone.Prompt_Encoder.fc_mu.0.bias 256
backbone.Prompt_Encoder.fc_mu.1.weight 589824
backbone.Prompt_Encoder.fc_mu.1.bias 2304
backbone.Prompt_Encoder.fc_std.0.weight 393216
backbone.Prompt_Encoder.fc_std.0.bias 256
backbone.Prompt_Encoder.fc_std.1.weight 589824
backbone.Prompt_Encoder.fc_std.1.bias 2304
fc.weight 76800
fc.sigma 1
2025-04-23 02:04:28,470 [trainer.py] => Top1 curve: [91.9, 90.26, 89.79, 88.47, 88.51, 87.61, 87.54, 87.22, 85.99]
2025-04-23 02:04:28,470 [trainer.py] => Average Accuracy (Top1): 88.58777777777779   (Harmonic Accuracy): 84.43203497224815 (Old Acc): 90.63333333333333 (New Acc): 79.025 

2025-04-23 02:04:28,471 [trainer.py] => 

2025-04-23 02:04:47,535 [trainer.py] => config: ./exps/cub.json
2025-04-23 02:04:47,535 [trainer.py] => model_name: asp
2025-04-23 02:04:47,535 [trainer.py] => backbone_type: pretrained_vit_b16_224_vpt
2025-04-23 02:04:47,535 [trainer.py] => device: [device(type='cuda', index=2)]
2025-04-23 02:04:47,535 [trainer.py] => seed: 2024
2025-04-23 02:04:47,535 [trainer.py] => dataset: cub
2025-04-23 02:04:47,535 [trainer.py] => init_cls: 100
2025-04-23 02:04:47,535 [trainer.py] => increment: 10
2025-04-23 02:04:47,535 [trainer.py] => kshot: 5
2025-04-23 02:04:47,535 [trainer.py] => vpt_type: Deep
2025-04-23 02:04:47,535 [trainer.py] => prompt_token_num: 6
2025-04-23 02:04:47,535 [trainer.py] => avg_alpha: 0.8
2025-04-23 02:04:47,535 [trainer.py] => perturb_var: 1
2025-04-23 02:04:47,536 [trainer.py] => EMA_beta: 0.99
2025-04-23 02:04:47,536 [trainer.py] => anchor_lambda: 0.1
2025-04-23 02:04:47,536 [trainer.py] => kl_weight: 0.001
2025-04-23 02:04:47,536 [trainer.py] => TIP_init: zero
2025-04-23 02:04:47,536 [trainer.py] => tuned_epoch: 20
2025-04-23 02:04:47,536 [trainer.py] => fs_epoch: 0
2025-04-23 02:04:47,536 [trainer.py] => init_lr: 0.01
2025-04-23 02:04:47,536 [trainer.py] => fs_lr: 0.001
2025-04-23 02:04:47,536 [trainer.py] => batch_size: 24
2025-04-23 02:04:47,536 [trainer.py] => fs_batch_size: 16
2025-04-23 02:04:47,536 [trainer.py] => weight_decay: 0.005
2025-04-23 02:04:47,536 [trainer.py] => min_lr: 0
2025-04-23 02:04:47,536 [trainer.py] => optimizer: sgd
2025-04-23 02:04:47,536 [trainer.py] => memory_size: 0
2025-04-23 02:04:47,536 [trainer.py] => memory_per_class: 0
2025-04-23 02:04:47,536 [trainer.py] => fixed_memory: False
2025-04-23 02:04:47,536 [trainer.py] => shuffle: False
2025-04-23 02:04:47,536 [trainer.py] => top_k: 5
2025-04-23 02:04:47,536 [trainer.py] => base_model_path: saved_model/asp/cub/100_10/asp_20_2024_pretrained_vit_b16_224_vpt.pth
2025-04-23 02:04:47,536 [trainer.py] => prefix: asp
2025-04-23 02:04:47,536 [trainer.py] => model_prefix: asp
2025-04-23 02:04:48,660 [data_manager.py] => [0, 1, 2, 3, 4, 5, 6, 7, 8, 9, 10, 11, 12, 13, 14, 15, 16, 17, 18, 19, 20, 21, 22, 23, 24, 25, 26, 27, 28, 29, 30, 31, 32, 33, 34, 35, 36, 37, 38, 39, 40, 41, 42, 43, 44, 45, 46, 47, 48, 49, 50, 51, 52, 53, 54, 55, 56, 57, 58, 59, 60, 61, 62, 63, 64, 65, 66, 67, 68, 69, 70, 71, 72, 73, 74, 75, 76, 77, 78, 79, 80, 81, 82, 83, 84, 85, 86, 87, 88, 89, 90, 91, 92, 93, 94, 95, 96, 97, 98, 99, 100, 101, 102, 103, 104, 105, 106, 107, 108, 109, 110, 111, 112, 113, 114, 115, 116, 117, 118, 119, 120, 121, 122, 123, 124, 125, 126, 127, 128, 129, 130, 131, 132, 133, 134, 135, 136, 137, 138, 139, 140, 141, 142, 143, 144, 145, 146, 147, 148, 149, 150, 151, 152, 153, 154, 155, 156, 157, 158, 159, 160, 161, 162, 163, 164, 165, 166, 167, 168, 169, 170, 171, 172, 173, 174, 175, 176, 177, 178, 179, 180, 181, 182, 183, 184, 185, 186, 187, 188, 189, 190, 191, 192, 193, 194, 195, 196, 197, 198, 199]
This is for the BaseNet initialization.
modelname, pretrained_vit_b16_224_vpt basicmodelname vit_base_patch16_224
Using VPT model
Using Deep Prompt
After BaseNet initialization.
2025-04-23 02:05:00,994 [trainer.py] => All params: 173596160
2025-04-23 02:05:00,996 [trainer.py] => Trainable params: 1998848
2025-04-23 02:05:01,526 [asp.py] => Learning on 0-100
2025-04-23 02:05:01,538 [asp.py] => training set size: 4693, fc construct set size: 4693
2025-04-23 02:05:01,630 [asp.py] => total parameters: 173672961
2025-04-23 02:05:01,631 [asp.py] => trainable parameters: 2075649
backbone.TIP 27648
backbone.Prompt_Encoder.fc_mu.0.weight 393216
backbone.Prompt_Encoder.fc_mu.0.bias 256
backbone.Prompt_Encoder.fc_mu.1.weight 589824
backbone.Prompt_Encoder.fc_mu.1.bias 2304
backbone.Prompt_Encoder.fc_std.0.weight 393216
backbone.Prompt_Encoder.fc_std.0.bias 256
backbone.Prompt_Encoder.fc_std.1.weight 589824
backbone.Prompt_Encoder.fc_std.1.bias 2304
fc.weight 76800
fc.sigma 1
anchor samples found
2025-04-23 02:07:33,751 [asp.py] => Task 0, Epoch 1 => Loss 5.901, Train_accy 24.99, Test_curr_accy 59.86, Test_accy 59.86
anchor samples found
2025-04-23 02:10:00,661 [asp.py] => Task 0, Epoch 2 => Loss 2.173, Train_accy 66.99, Test_curr_accy 80.70, Test_accy 80.70
anchor samples found
2025-04-23 02:12:26,767 [asp.py] => Task 0, Epoch 3 => Loss 1.169, Train_accy 77.39, Test_curr_accy 85.06, Test_accy 85.06
anchor samples found
2025-04-23 02:14:55,003 [asp.py] => Task 0, Epoch 4 => Loss 0.991, Train_accy 81.06, Test_curr_accy 85.91, Test_accy 85.91
anchor samples found
2025-04-23 02:17:22,670 [asp.py] => Task 0, Epoch 5 => Loss 0.957, Train_accy 80.84, Test_curr_accy 86.08, Test_accy 86.08
anchor samples found
2025-04-23 02:19:50,519 [asp.py] => Task 0, Epoch 6 => Loss 0.901, Train_accy 82.04, Test_curr_accy 86.51, Test_accy 86.51
anchor samples found
2025-04-23 02:22:15,935 [asp.py] => Task 0, Epoch 7 => Loss 0.878, Train_accy 83.00, Test_curr_accy 87.79, Test_accy 87.79
anchor samples found
2025-04-23 02:24:41,176 [asp.py] => Task 0, Epoch 8 => Loss 0.824, Train_accy 84.08, Test_curr_accy 88.73, Test_accy 88.73
anchor samples found
2025-04-23 02:27:05,845 [asp.py] => Task 0, Epoch 9 => Loss 0.816, Train_accy 84.08, Test_curr_accy 87.87, Test_accy 87.87
anchor samples found
2025-04-23 02:29:29,904 [asp.py] => Task 0, Epoch 10 => Loss 0.823, Train_accy 84.25, Test_curr_accy 88.39, Test_accy 88.39
anchor samples found
2025-04-23 02:31:54,925 [asp.py] => Task 0, Epoch 11 => Loss 0.777, Train_accy 84.89, Test_curr_accy 89.67, Test_accy 89.67
anchor samples found
2025-04-23 02:34:22,578 [asp.py] => Task 0, Epoch 12 => Loss 0.762, Train_accy 85.60, Test_curr_accy 88.98, Test_accy 88.98
anchor samples found
2025-04-23 02:36:48,886 [asp.py] => Task 0, Epoch 13 => Loss 0.745, Train_accy 85.47, Test_curr_accy 89.15, Test_accy 89.15
anchor samples found
2025-04-23 02:39:14,388 [asp.py] => Task 0, Epoch 14 => Loss 0.738, Train_accy 86.28, Test_curr_accy 88.64, Test_accy 88.64
anchor samples found
2025-04-23 02:41:41,104 [asp.py] => Task 0, Epoch 15 => Loss 0.737, Train_accy 85.98, Test_curr_accy 89.33, Test_accy 89.33
anchor samples found
2025-04-23 02:44:07,875 [asp.py] => Task 0, Epoch 16 => Loss 0.707, Train_accy 86.79, Test_curr_accy 90.26, Test_accy 90.26
anchor samples found
2025-04-23 02:46:39,586 [asp.py] => Task 0, Epoch 17 => Loss 0.719, Train_accy 85.92, Test_curr_accy 89.92, Test_accy 89.92
anchor samples found
2025-04-23 02:49:10,207 [asp.py] => Task 0, Epoch 18 => Loss 0.689, Train_accy 87.73, Test_curr_accy 89.50, Test_accy 89.50
anchor samples found
2025-04-23 02:51:38,149 [asp.py] => Task 0, Epoch 19 => Loss 0.722, Train_accy 86.81, Test_curr_accy 90.01, Test_accy 90.01
anchor samples found
2025-04-23 02:54:09,977 [asp.py] => Task 0, Epoch 20 => Loss 0.699, Train_accy 87.04, Test_curr_accy 89.84, Test_accy 89.84
2025-04-23 02:55:20,486 [trainer.py] => Top1 curve: [87.28]
2025-04-23 02:55:20,486 [trainer.py] => Average Accuracy (Top1): 87.28   (Harmonic Accuracy): None (Old Acc): 87.535 (New Acc): [] 

2025-04-23 02:55:20,488 [trainer.py] => All params: 173672961
2025-04-23 02:55:20,489 [trainer.py] => Trainable params: 2075649
2025-04-23 02:55:20,491 [asp.py] => Learning on 100-110
2025-04-23 02:55:20,497 [asp.py] => training set size: 50, fc construct set size: 50
2025-04-23 02:55:20,501 [asp.py] => total parameters: 173680641
2025-04-23 02:55:20,503 [asp.py] => trainable parameters: 2083329
backbone.TIP 27648
backbone.Prompt_Encoder.fc_mu.0.weight 393216
backbone.Prompt_Encoder.fc_mu.0.bias 256
backbone.Prompt_Encoder.fc_mu.1.weight 589824
backbone.Prompt_Encoder.fc_mu.1.bias 2304
backbone.Prompt_Encoder.fc_std.0.weight 393216
backbone.Prompt_Encoder.fc_std.0.bias 256
backbone.Prompt_Encoder.fc_std.1.weight 589824
backbone.Prompt_Encoder.fc_std.1.bias 2304
fc.weight 84480
fc.sigma 1
2025-04-23 02:55:31,100 [trainer.py] => Top1 curve: [87.28, 86.14]
2025-04-23 02:55:31,100 [trainer.py] => Average Accuracy (Top1): 86.71000000000001   (Harmonic Accuracy): 82.69939664790992 (Old Acc): 87.01700000000001 (New Acc): 78.79 

2025-04-23 02:55:31,103 [trainer.py] => All params: 173680641
2025-04-23 02:55:31,104 [trainer.py] => Trainable params: 2083329
2025-04-23 02:55:31,107 [asp.py] => Learning on 110-120
2025-04-23 02:55:31,111 [asp.py] => training set size: 50, fc construct set size: 50
2025-04-23 02:55:31,116 [asp.py] => total parameters: 173688321
2025-04-23 02:55:31,117 [asp.py] => trainable parameters: 2091009
backbone.TIP 27648
backbone.Prompt_Encoder.fc_mu.0.weight 393216
backbone.Prompt_Encoder.fc_mu.0.bias 256
backbone.Prompt_Encoder.fc_mu.1.weight 589824
backbone.Prompt_Encoder.fc_mu.1.bias 2304
backbone.Prompt_Encoder.fc_std.0.weight 393216
backbone.Prompt_Encoder.fc_std.0.bias 256
backbone.Prompt_Encoder.fc_std.1.weight 589824
backbone.Prompt_Encoder.fc_std.1.bias 2304
fc.weight 92160
fc.sigma 1
2025-04-23 02:55:43,212 [trainer.py] => Top1 curve: [87.28, 86.14, 84.78]
2025-04-23 02:55:43,213 [trainer.py] => Average Accuracy (Top1): 86.06666666666668   (Harmonic Accuracy): 80.42417550084377 (Old Acc): 87.01700000000001 (New Acc): 74.76 

2025-04-23 02:55:43,216 [trainer.py] => All params: 173688321
2025-04-23 02:55:43,218 [trainer.py] => Trainable params: 2091009
2025-04-23 02:55:43,221 [asp.py] => Learning on 120-130
2025-04-23 02:55:43,228 [asp.py] => training set size: 50, fc construct set size: 50
2025-04-23 02:55:43,233 [asp.py] => total parameters: 173696001
2025-04-23 02:55:43,235 [asp.py] => trainable parameters: 2098689
backbone.TIP 27648
backbone.Prompt_Encoder.fc_mu.0.weight 393216
backbone.Prompt_Encoder.fc_mu.0.bias 256
backbone.Prompt_Encoder.fc_mu.1.weight 589824
backbone.Prompt_Encoder.fc_mu.1.bias 2304
backbone.Prompt_Encoder.fc_std.0.weight 393216
backbone.Prompt_Encoder.fc_std.0.bias 256
backbone.Prompt_Encoder.fc_std.1.weight 589824
backbone.Prompt_Encoder.fc_std.1.bias 2304
fc.weight 99840
fc.sigma 1
2025-04-23 02:55:55,891 [trainer.py] => Top1 curve: [87.28, 86.14, 84.78, 83.65]
2025-04-23 02:55:55,891 [trainer.py] => Average Accuracy (Top1): 85.4625   (Harmonic Accuracy): 79.48911167021483 (Old Acc): 87.01700000000001 (New Acc): 73.16000000000001 

2025-04-23 02:55:55,893 [trainer.py] => All params: 173696001
2025-04-23 02:55:55,895 [trainer.py] => Trainable params: 2098689
2025-04-23 02:55:55,898 [asp.py] => Learning on 130-140
2025-04-23 02:55:55,904 [asp.py] => training set size: 50, fc construct set size: 50
2025-04-23 02:55:55,909 [asp.py] => total parameters: 173703681
2025-04-23 02:55:55,910 [asp.py] => trainable parameters: 2106369
backbone.TIP 27648
backbone.Prompt_Encoder.fc_mu.0.weight 393216
backbone.Prompt_Encoder.fc_mu.0.bias 256
backbone.Prompt_Encoder.fc_mu.1.weight 589824
backbone.Prompt_Encoder.fc_mu.1.bias 2304
backbone.Prompt_Encoder.fc_std.0.weight 393216
backbone.Prompt_Encoder.fc_std.0.bias 256
backbone.Prompt_Encoder.fc_std.1.weight 589824
backbone.Prompt_Encoder.fc_std.1.bias 2304
fc.weight 107520
fc.sigma 1
2025-04-23 02:56:09,417 [trainer.py] => Top1 curve: [87.28, 86.14, 84.78, 83.65, 83.67]
2025-04-23 02:56:09,417 [trainer.py] => Average Accuracy (Top1): 85.10400000000001   (Harmonic Accuracy): 80.96495018959297 (Old Acc): 87.01700000000001 (New Acc): 75.7 

2025-04-23 02:56:09,419 [trainer.py] => All params: 173703681
2025-04-23 02:56:09,421 [trainer.py] => Trainable params: 2106369
2025-04-23 02:56:09,423 [asp.py] => Learning on 140-150
2025-04-23 02:56:09,429 [asp.py] => training set size: 50, fc construct set size: 50
2025-04-23 02:56:09,432 [asp.py] => total parameters: 173711361
2025-04-23 02:56:09,433 [asp.py] => trainable parameters: 2114049
backbone.TIP 27648
backbone.Prompt_Encoder.fc_mu.0.weight 393216
backbone.Prompt_Encoder.fc_mu.0.bias 256
backbone.Prompt_Encoder.fc_mu.1.weight 589824
backbone.Prompt_Encoder.fc_mu.1.bias 2304
backbone.Prompt_Encoder.fc_std.0.weight 393216
backbone.Prompt_Encoder.fc_std.0.bias 256
backbone.Prompt_Encoder.fc_std.1.weight 589824
backbone.Prompt_Encoder.fc_std.1.bias 2304
fc.weight 115200
fc.sigma 1
2025-04-23 02:56:23,501 [trainer.py] => Top1 curve: [87.28, 86.14, 84.78, 83.65, 83.67, 82.28]
2025-04-23 02:56:23,501 [trainer.py] => Average Accuracy (Top1): 84.63333333333334   (Harmonic Accuracy): 79.56206974190007 (Old Acc): 86.834 (New Acc): 73.414 

2025-04-23 02:56:23,503 [trainer.py] => All params: 173711361
2025-04-23 02:56:23,505 [trainer.py] => Trainable params: 2114049
2025-04-23 02:56:23,507 [asp.py] => Learning on 150-160
2025-04-23 02:56:23,513 [asp.py] => training set size: 50, fc construct set size: 50
2025-04-23 02:56:23,518 [asp.py] => total parameters: 173719041
2025-04-23 02:56:23,519 [asp.py] => trainable parameters: 2121729
backbone.TIP 27648
backbone.Prompt_Encoder.fc_mu.0.weight 393216
backbone.Prompt_Encoder.fc_mu.0.bias 256
backbone.Prompt_Encoder.fc_mu.1.weight 589824
backbone.Prompt_Encoder.fc_mu.1.bias 2304
backbone.Prompt_Encoder.fc_std.0.weight 393216
backbone.Prompt_Encoder.fc_std.0.bias 256
backbone.Prompt_Encoder.fc_std.1.weight 589824
backbone.Prompt_Encoder.fc_std.1.bias 2304
fc.weight 122880
fc.sigma 1
2025-04-23 02:56:38,460 [trainer.py] => Top1 curve: [87.28, 86.14, 84.78, 83.65, 83.67, 82.28, 82.25]
2025-04-23 02:56:38,460 [trainer.py] => Average Accuracy (Top1): 84.29285714285716   (Harmonic Accuracy): 80.37767892161412 (Old Acc): 86.834 (New Acc): 74.815 

2025-04-23 02:56:38,463 [trainer.py] => All params: 173719041
2025-04-23 02:56:38,465 [trainer.py] => Trainable params: 2121729
2025-04-23 02:56:38,467 [asp.py] => Learning on 160-170
2025-04-23 02:56:38,473 [asp.py] => training set size: 50, fc construct set size: 50
2025-04-23 02:56:38,478 [asp.py] => total parameters: 173726721
2025-04-23 02:56:38,478 [asp.py] => trainable parameters: 2129409
backbone.TIP 27648
backbone.Prompt_Encoder.fc_mu.0.weight 393216
backbone.Prompt_Encoder.fc_mu.0.bias 256
backbone.Prompt_Encoder.fc_mu.1.weight 589824
backbone.Prompt_Encoder.fc_mu.1.bias 2304
backbone.Prompt_Encoder.fc_std.0.weight 393216
backbone.Prompt_Encoder.fc_std.0.bias 256
backbone.Prompt_Encoder.fc_std.1.weight 589824
backbone.Prompt_Encoder.fc_std.1.bias 2304
fc.weight 130560
fc.sigma 1
2025-04-23 02:56:54,228 [trainer.py] => Top1 curve: [87.28, 86.14, 84.78, 83.65, 83.67, 82.28, 82.25, 82.63]
2025-04-23 02:56:54,229 [trainer.py] => Average Accuracy (Top1): 84.08500000000001   (Harmonic Accuracy): 81.4404083893503 (Old Acc): 86.842 (New Acc): 76.67142857142858 

2025-04-23 02:56:54,231 [trainer.py] => All params: 173726721
2025-04-23 02:56:54,233 [trainer.py] => Trainable params: 2129409
2025-04-23 02:56:54,235 [asp.py] => Learning on 170-180
2025-04-23 02:56:54,242 [asp.py] => training set size: 50, fc construct set size: 50
2025-04-23 02:56:54,246 [asp.py] => total parameters: 173734401
2025-04-23 02:56:54,247 [asp.py] => trainable parameters: 2137089
backbone.TIP 27648
backbone.Prompt_Encoder.fc_mu.0.weight 393216
backbone.Prompt_Encoder.fc_mu.0.bias 256
backbone.Prompt_Encoder.fc_mu.1.weight 589824
backbone.Prompt_Encoder.fc_mu.1.bias 2304
backbone.Prompt_Encoder.fc_std.0.weight 393216
backbone.Prompt_Encoder.fc_std.0.bias 256
backbone.Prompt_Encoder.fc_std.1.weight 589824
backbone.Prompt_Encoder.fc_std.1.bias 2304
fc.weight 138240
fc.sigma 1
2025-04-23 02:57:10,777 [trainer.py] => Top1 curve: [87.28, 86.14, 84.78, 83.65, 83.67, 82.28, 82.25, 82.63, 82.11]
2025-04-23 02:57:10,777 [trainer.py] => Average Accuracy (Top1): 83.86555555555556   (Harmonic Accuracy): 81.26296973949063 (Old Acc): 86.842 (New Acc): 76.3575 

2025-04-23 02:57:10,780 [trainer.py] => All params: 173734401
2025-04-23 02:57:10,782 [trainer.py] => Trainable params: 2137089
2025-04-23 02:57:10,786 [asp.py] => Learning on 180-190
2025-04-23 02:57:10,792 [asp.py] => training set size: 50, fc construct set size: 50
2025-04-23 02:57:10,797 [asp.py] => total parameters: 173742081
2025-04-23 02:57:10,798 [asp.py] => trainable parameters: 2144769
backbone.TIP 27648
backbone.Prompt_Encoder.fc_mu.0.weight 393216
backbone.Prompt_Encoder.fc_mu.0.bias 256
backbone.Prompt_Encoder.fc_mu.1.weight 589824
backbone.Prompt_Encoder.fc_mu.1.bias 2304
backbone.Prompt_Encoder.fc_std.0.weight 393216
backbone.Prompt_Encoder.fc_std.0.bias 256
backbone.Prompt_Encoder.fc_std.1.weight 589824
backbone.Prompt_Encoder.fc_std.1.bias 2304
fc.weight 145920
fc.sigma 1
2025-04-23 02:57:28,220 [trainer.py] => Top1 curve: [87.28, 86.14, 84.78, 83.65, 83.67, 82.28, 82.25, 82.63, 82.11, 82.6]
2025-04-23 02:57:28,221 [trainer.py] => Average Accuracy (Top1): 83.739   (Harmonic Accuracy): 82.17399179462566 (Old Acc): 86.842 (New Acc): 77.98222222222222 

2025-04-23 02:57:28,223 [trainer.py] => All params: 173742081
2025-04-23 02:57:28,225 [trainer.py] => Trainable params: 2144769
2025-04-23 02:57:28,228 [asp.py] => Learning on 190-200
2025-04-23 02:57:28,236 [asp.py] => training set size: 50, fc construct set size: 50
2025-04-23 02:57:28,239 [asp.py] => total parameters: 173749761
2025-04-23 02:57:28,240 [asp.py] => trainable parameters: 2152449
backbone.TIP 27648
backbone.Prompt_Encoder.fc_mu.0.weight 393216
backbone.Prompt_Encoder.fc_mu.0.bias 256
backbone.Prompt_Encoder.fc_mu.1.weight 589824
backbone.Prompt_Encoder.fc_mu.1.bias 2304
backbone.Prompt_Encoder.fc_std.0.weight 393216
backbone.Prompt_Encoder.fc_std.0.bias 256
backbone.Prompt_Encoder.fc_std.1.weight 589824
backbone.Prompt_Encoder.fc_std.1.bias 2304
fc.weight 153600
fc.sigma 1
2025-04-23 02:57:46,723 [trainer.py] => Top1 curve: [87.28, 86.14, 84.78, 83.65, 83.67, 82.28, 82.25, 82.63, 82.11, 82.6, 83.04]
2025-04-23 02:57:46,724 [trainer.py] => Average Accuracy (Top1): 83.67545454545456   (Harmonic Accuracy): 82.894351238774 (Old Acc): 86.842 (New Acc): 79.29 

2025-04-23 02:57:46,724 [trainer.py] => 
2025-06-23 18:29:15,031 [trainer.py] => config: ./exps/mini.json
2025-06-23 18:29:15,031 [trainer.py] => model_name: asp
2025-06-23 18:29:15,031 [trainer.py] => backbone_type: pretrained_vit_b16_224_vpt
2025-06-23 18:29:15,031 [trainer.py] => device: [device(type='cuda', index=4)]
2025-06-23 18:29:15,032 [trainer.py] => seed: 2024
2025-06-23 18:29:15,032 [trainer.py] => dataset: mini_imagenet
2025-06-23 18:29:15,032 [trainer.py] => init_cls: 60
2025-06-23 18:29:15,032 [trainer.py] => increment: 5
2025-06-23 18:29:15,032 [trainer.py] => kshot: 5
2025-06-23 18:29:15,032 [trainer.py] => vpt_type: Deep
2025-06-23 18:29:15,032 [trainer.py] => prompt_token_num: 6
2025-06-23 18:29:15,032 [trainer.py] => avg_alpha: 0.8
2025-06-23 18:29:15,032 [trainer.py] => perturb_var: 1
2025-06-23 18:29:15,032 [trainer.py] => EMA_beta: 0.99
2025-06-23 18:29:15,032 [trainer.py] => anchor_lambda: 0.1
2025-06-23 18:29:15,032 [trainer.py] => kl_weight: 0.001
2025-06-23 18:29:15,032 [trainer.py] => TIP_init: zero
2025-06-23 18:29:15,032 [trainer.py] => tuned_epoch: 20
2025-06-23 18:29:15,032 [trainer.py] => fs_epoch: 0
2025-06-23 18:29:15,032 [trainer.py] => init_lr: 0.01
2025-06-23 18:29:15,032 [trainer.py] => fs_lr: 0.001
2025-06-23 18:29:15,032 [trainer.py] => batch_size: 48
2025-06-23 18:29:15,032 [trainer.py] => fs_batch_size: 16
2025-06-23 18:29:15,032 [trainer.py] => weight_decay: 0.0005
2025-06-23 18:29:15,032 [trainer.py] => min_lr: 0
2025-06-23 18:29:15,032 [trainer.py] => optimizer: sgd
2025-06-23 18:29:15,032 [trainer.py] => memory_size: 0
2025-06-23 18:29:15,032 [trainer.py] => memory_per_class: 0
2025-06-23 18:29:15,032 [trainer.py] => fixed_memory: False
2025-06-23 18:29:15,032 [trainer.py] => shuffle: True
2025-06-23 18:29:15,032 [trainer.py] => top_k: 5
2025-06-23 18:29:15,032 [trainer.py] => base_model_path: saved_model/asp/mini_imagenet/60_5/asp_20_2024_pretrained_vit_b16_224_vpt.pth
2025-06-23 18:29:15,032 [trainer.py] => prefix: asp
2025-06-23 18:29:15,032 [trainer.py] => model_prefix: asp
2025-06-23 18:29:15,163 [data_manager.py] => [35, 19, 26, 17, 77, 24, 70, 58, 95, 14, 91, 87, 50, 49, 21, 6, 16, 5, 15, 34, 10, 44, 3, 90, 83, 25, 78, 9, 67, 23, 85, 2, 45, 75, 51, 64, 12, 56, 33, 92, 46, 1, 94, 72, 79, 68, 88, 82, 52, 47, 63, 84, 38, 76, 59, 43, 97, 80, 32, 13, 86, 53, 40, 48, 7, 18, 99, 20, 71, 57, 4, 81, 61, 29, 69, 98, 22, 31, 42, 73, 93, 54, 39, 28, 11, 89, 30, 37, 66, 74, 60, 65, 41, 55, 62, 36, 27, 0, 96, 8]
This is for the BaseNet initialization.
modelname, pretrained_vit_b16_224_vpt basicmodelname vit_base_patch16_224
Using VPT model
Using Deep Prompt
After BaseNet initialization.
2025-06-23 18:29:23,172 [trainer.py] => All params: 173596160
2025-06-23 18:29:23,174 [trainer.py] => Trainable params: 1998848
2025-06-23 18:29:23,568 [asp.py] => Learning on 0-60
2025-06-23 18:29:23,597 [asp.py] => training set size: 30000, fc construct set size: 30000
2025-06-23 18:29:23,696 [asp.py] => total parameters: 173642241
2025-06-23 18:29:23,697 [asp.py] => trainable parameters: 2044929
backbone.TIP 27648
backbone.Prompt_Encoder.fc_mu.0.weight 393216
backbone.Prompt_Encoder.fc_mu.0.bias 256
backbone.Prompt_Encoder.fc_mu.1.weight 589824
backbone.Prompt_Encoder.fc_mu.1.bias 2304
backbone.Prompt_Encoder.fc_std.0.weight 393216
backbone.Prompt_Encoder.fc_std.0.bias 256
backbone.Prompt_Encoder.fc_std.1.weight 589824
backbone.Prompt_Encoder.fc_std.1.bias 2304
fc.weight 46080
fc.sigma 1
anchor samples found
2025-06-23 18:46:49,035 [asp.py] => Task 0, Epoch 1 => Loss 2.893, Train_accy 59.13, Test_curr_accy 96.13, Test_accy 96.13
anchor samples found
2025-06-23 19:01:38,142 [asp.py] => Task 0, Epoch 2 => Loss 0.646, Train_accy 89.16, Test_curr_accy 96.92, Test_accy 96.92
anchor samples found
2025-06-23 19:16:05,078 [asp.py] => Task 0, Epoch 3 => Loss 0.560, Train_accy 90.03, Test_curr_accy 96.88, Test_accy 96.88
anchor samples found
2025-06-23 19:30:24,509 [asp.py] => Task 0, Epoch 4 => Loss 0.512, Train_accy 90.37, Test_curr_accy 97.17, Test_accy 97.17
anchor samples found
2025-06-23 19:44:46,461 [asp.py] => Task 0, Epoch 5 => Loss 0.493, Train_accy 90.84, Test_curr_accy 97.25, Test_accy 97.25
anchor samples found
2025-06-23 19:58:50,825 [asp.py] => Task 0, Epoch 6 => Loss 0.472, Train_accy 91.18, Test_curr_accy 97.25, Test_accy 97.25
anchor samples found
2025-06-23 20:12:53,015 [asp.py] => Task 0, Epoch 7 => Loss 0.463, Train_accy 91.12, Test_curr_accy 97.35, Test_accy 97.35
anchor samples found
2025-06-23 20:26:58,292 [asp.py] => Task 0, Epoch 8 => Loss 0.450, Train_accy 90.98, Test_curr_accy 97.17, Test_accy 97.17
anchor samples found
2025-06-23 20:41:16,310 [asp.py] => Task 0, Epoch 9 => Loss 0.439, Train_accy 91.52, Test_curr_accy 97.30, Test_accy 97.30
anchor samples found
2025-06-23 20:55:46,645 [asp.py] => Task 0, Epoch 10 => Loss 0.431, Train_accy 91.58, Test_curr_accy 97.23, Test_accy 97.23
anchor samples found
2025-06-23 21:10:20,123 [asp.py] => Task 0, Epoch 11 => Loss 0.429, Train_accy 91.56, Test_curr_accy 97.42, Test_accy 97.42
anchor samples found
2025-06-23 21:24:52,389 [asp.py] => Task 0, Epoch 12 => Loss 0.415, Train_accy 91.89, Test_curr_accy 97.30, Test_accy 97.30
anchor samples found
2025-06-23 21:39:32,974 [asp.py] => Task 0, Epoch 13 => Loss 0.418, Train_accy 91.87, Test_curr_accy 97.42, Test_accy 97.42
anchor samples found
2025-06-23 21:54:14,648 [asp.py] => Task 0, Epoch 14 => Loss 0.415, Train_accy 91.66, Test_curr_accy 97.47, Test_accy 97.47
anchor samples found
2025-06-23 22:08:54,167 [asp.py] => Task 0, Epoch 15 => Loss 0.406, Train_accy 91.96, Test_curr_accy 97.38, Test_accy 97.38
anchor samples found
2025-06-23 22:23:34,179 [asp.py] => Task 0, Epoch 16 => Loss 0.406, Train_accy 91.96, Test_curr_accy 97.42, Test_accy 97.42
anchor samples found
2025-06-23 22:38:11,845 [asp.py] => Task 0, Epoch 17 => Loss 0.402, Train_accy 92.13, Test_curr_accy 97.52, Test_accy 97.52
anchor samples found
2025-06-23 22:52:52,507 [asp.py] => Task 0, Epoch 18 => Loss 0.402, Train_accy 92.05, Test_curr_accy 97.53, Test_accy 97.53
anchor samples found
2025-06-23 23:07:36,830 [asp.py] => Task 0, Epoch 19 => Loss 0.407, Train_accy 92.05, Test_curr_accy 97.62, Test_accy 97.62
anchor samples found
2025-06-23 23:22:20,543 [asp.py] => Task 0, Epoch 20 => Loss 0.406, Train_accy 91.87, Test_curr_accy 97.60, Test_accy 97.60
2025-06-23 23:28:10,079 [trainer.py] => Top1 curve: [96.52]
2025-06-23 23:28:10,079 [trainer.py] => Average Accuracy (Top1): 96.52   (Harmonic Accuracy): None (Old Acc): 96.51666666666667 (New Acc): [] 

2025-06-23 23:28:10,081 [trainer.py] => All params: 173642241
2025-06-23 23:28:10,082 [trainer.py] => Trainable params: 2044929
2025-06-23 23:28:10,084 [asp.py] => Learning on 60-65
2025-06-23 23:28:10,093 [asp.py] => training set size: 25, fc construct set size: 25
2025-06-23 23:28:10,097 [asp.py] => total parameters: 173646081
2025-06-23 23:28:10,097 [asp.py] => trainable parameters: 2048769
backbone.TIP 27648
backbone.Prompt_Encoder.fc_mu.0.weight 393216
backbone.Prompt_Encoder.fc_mu.0.bias 256
backbone.Prompt_Encoder.fc_mu.1.weight 589824
backbone.Prompt_Encoder.fc_mu.1.bias 2304
backbone.Prompt_Encoder.fc_std.0.weight 393216
backbone.Prompt_Encoder.fc_std.0.bias 256
backbone.Prompt_Encoder.fc_std.1.weight 589824
backbone.Prompt_Encoder.fc_std.1.bias 2304
fc.weight 49920
fc.sigma 1
2025-06-23 23:28:49,647 [trainer.py] => Top1 curve: [96.52, 95.97]
2025-06-23 23:28:49,647 [trainer.py] => Average Accuracy (Top1): 96.245   (Harmonic Accuracy): 93.41787719454595 (Old Acc): 96.41666666666667 (New Acc): 90.6 

2025-06-23 23:28:49,649 [trainer.py] => All params: 173646081
2025-06-23 23:28:49,650 [trainer.py] => Trainable params: 2048769
2025-06-23 23:28:49,651 [asp.py] => Learning on 65-70
2025-06-23 23:28:49,658 [asp.py] => training set size: 25, fc construct set size: 25
2025-06-23 23:28:49,661 [asp.py] => total parameters: 173649921
2025-06-23 23:28:49,662 [asp.py] => trainable parameters: 2052609
backbone.TIP 27648
backbone.Prompt_Encoder.fc_mu.0.weight 393216
backbone.Prompt_Encoder.fc_mu.0.bias 256
backbone.Prompt_Encoder.fc_mu.1.weight 589824
backbone.Prompt_Encoder.fc_mu.1.bias 2304
backbone.Prompt_Encoder.fc_std.0.weight 393216
backbone.Prompt_Encoder.fc_std.0.bias 256
backbone.Prompt_Encoder.fc_std.1.weight 589824
backbone.Prompt_Encoder.fc_std.1.bias 2304
fc.weight 53760
fc.sigma 1
2025-06-23 23:29:33,089 [trainer.py] => Top1 curve: [96.52, 95.97, 95.7]
2025-06-23 23:29:33,089 [trainer.py] => Average Accuracy (Top1): 96.06333333333333   (Harmonic Accuracy): 94.01998405527505 (Old Acc): 96.34999999999998 (New Acc): 91.8 

2025-06-23 23:29:33,091 [trainer.py] => All params: 173649921
2025-06-23 23:29:33,092 [trainer.py] => Trainable params: 2052609
2025-06-23 23:29:33,093 [asp.py] => Learning on 70-75
2025-06-23 23:29:33,100 [asp.py] => training set size: 25, fc construct set size: 25
2025-06-23 23:29:33,103 [asp.py] => total parameters: 173653761
2025-06-23 23:29:33,104 [asp.py] => trainable parameters: 2056449
backbone.TIP 27648
backbone.Prompt_Encoder.fc_mu.0.weight 393216
backbone.Prompt_Encoder.fc_mu.0.bias 256
backbone.Prompt_Encoder.fc_mu.1.weight 589824
backbone.Prompt_Encoder.fc_mu.1.bias 2304
backbone.Prompt_Encoder.fc_std.0.weight 393216
backbone.Prompt_Encoder.fc_std.0.bias 256
backbone.Prompt_Encoder.fc_std.1.weight 589824
backbone.Prompt_Encoder.fc_std.1.bias 2304
fc.weight 57600
fc.sigma 1
2025-06-23 23:30:18,930 [trainer.py] => Top1 curve: [96.52, 95.97, 95.7, 95.72]
2025-06-23 23:30:18,930 [trainer.py] => Average Accuracy (Top1): 95.97749999999999   (Harmonic Accuracy): 94.82783342119137 (Old Acc): 96.3 (New Acc): 93.40000000000002 

2025-06-23 23:30:18,932 [trainer.py] => All params: 173653761
2025-06-23 23:30:18,933 [trainer.py] => Trainable params: 2056449
2025-06-23 23:30:18,934 [asp.py] => Learning on 75-80
2025-06-23 23:30:18,942 [asp.py] => training set size: 25, fc construct set size: 25
2025-06-23 23:30:18,945 [asp.py] => total parameters: 173657601
2025-06-23 23:30:18,946 [asp.py] => trainable parameters: 2060289
backbone.TIP 27648
backbone.Prompt_Encoder.fc_mu.0.weight 393216
backbone.Prompt_Encoder.fc_mu.0.bias 256
backbone.Prompt_Encoder.fc_mu.1.weight 589824
backbone.Prompt_Encoder.fc_mu.1.bias 2304
backbone.Prompt_Encoder.fc_std.0.weight 393216
backbone.Prompt_Encoder.fc_std.0.bias 256
backbone.Prompt_Encoder.fc_std.1.weight 589824
backbone.Prompt_Encoder.fc_std.1.bias 2304
fc.weight 61440
fc.sigma 1
2025-06-23 23:31:08,264 [trainer.py] => Top1 curve: [96.52, 95.97, 95.7, 95.72, 95.26]
2025-06-23 23:31:08,265 [trainer.py] => Average Accuracy (Top1): 95.83399999999999   (Harmonic Accuracy): 94.19743567070473 (Old Acc): 96.28333333333332 (New Acc): 92.19999999999999 

2025-06-23 23:31:08,266 [trainer.py] => All params: 173657601
2025-06-23 23:31:08,267 [trainer.py] => Trainable params: 2060289
2025-06-23 23:31:08,268 [asp.py] => Learning on 80-85
2025-06-23 23:31:08,275 [asp.py] => training set size: 25, fc construct set size: 25
2025-06-23 23:31:08,279 [asp.py] => total parameters: 173661441
2025-06-23 23:31:08,279 [asp.py] => trainable parameters: 2064129
backbone.TIP 27648
backbone.Prompt_Encoder.fc_mu.0.weight 393216
backbone.Prompt_Encoder.fc_mu.0.bias 256
backbone.Prompt_Encoder.fc_mu.1.weight 589824
backbone.Prompt_Encoder.fc_mu.1.bias 2304
backbone.Prompt_Encoder.fc_std.0.weight 393216
backbone.Prompt_Encoder.fc_std.0.bias 256
backbone.Prompt_Encoder.fc_std.1.weight 589824
backbone.Prompt_Encoder.fc_std.1.bias 2304
fc.weight 65280
fc.sigma 1
2025-06-23 23:31:59,649 [trainer.py] => Top1 curve: [96.52, 95.97, 95.7, 95.72, 95.26, 94.94]
2025-06-23 23:31:59,649 [trainer.py] => Average Accuracy (Top1): 95.68499999999999   (Harmonic Accuracy): 94.15284270875728 (Old Acc): 96.0166666666667 (New Acc): 92.35999999999999 

2025-06-23 23:31:59,651 [trainer.py] => All params: 173661441
2025-06-23 23:31:59,652 [trainer.py] => Trainable params: 2064129
2025-06-23 23:31:59,653 [asp.py] => Learning on 85-90
2025-06-23 23:31:59,661 [asp.py] => training set size: 25, fc construct set size: 25
2025-06-23 23:31:59,664 [asp.py] => total parameters: 173665281
2025-06-23 23:31:59,665 [asp.py] => trainable parameters: 2067969
backbone.TIP 27648
backbone.Prompt_Encoder.fc_mu.0.weight 393216
backbone.Prompt_Encoder.fc_mu.0.bias 256
backbone.Prompt_Encoder.fc_mu.1.weight 589824
backbone.Prompt_Encoder.fc_mu.1.bias 2304
backbone.Prompt_Encoder.fc_std.0.weight 393216
backbone.Prompt_Encoder.fc_std.0.bias 256
backbone.Prompt_Encoder.fc_std.1.weight 589824
backbone.Prompt_Encoder.fc_std.1.bias 2304
fc.weight 69120
fc.sigma 1
2025-06-23 23:32:54,513 [trainer.py] => Top1 curve: [96.52, 95.97, 95.7, 95.72, 95.26, 94.94, 94.89]
2025-06-23 23:32:54,514 [trainer.py] => Average Accuracy (Top1): 95.57142857142856   (Harmonic Accuracy): 94.3222987693576 (Old Acc): 95.96666666666668 (New Acc): 92.73333333333333 

2025-06-23 23:32:54,515 [trainer.py] => All params: 173665281
2025-06-23 23:32:54,516 [trainer.py] => Trainable params: 2067969
2025-06-23 23:32:54,517 [asp.py] => Learning on 90-95
2025-06-23 23:32:54,525 [asp.py] => training set size: 25, fc construct set size: 25
2025-06-23 23:32:54,528 [asp.py] => total parameters: 173669121
2025-06-23 23:32:54,529 [asp.py] => trainable parameters: 2071809
backbone.TIP 27648
backbone.Prompt_Encoder.fc_mu.0.weight 393216
backbone.Prompt_Encoder.fc_mu.0.bias 256
backbone.Prompt_Encoder.fc_mu.1.weight 589824
backbone.Prompt_Encoder.fc_mu.1.bias 2304
backbone.Prompt_Encoder.fc_std.0.weight 393216
backbone.Prompt_Encoder.fc_std.0.bias 256
backbone.Prompt_Encoder.fc_std.1.weight 589824
backbone.Prompt_Encoder.fc_std.1.bias 2304
fc.weight 72960
fc.sigma 1
2025-06-23 23:33:51,591 [trainer.py] => Top1 curve: [96.52, 95.97, 95.7, 95.72, 95.26, 94.94, 94.89, 94.23]
2025-06-23 23:33:51,591 [trainer.py] => Average Accuracy (Top1): 95.40374999999999   (Harmonic Accuracy): 93.60907034090043 (Old Acc): 95.83333333333336 (New Acc): 91.48571428571428 

2025-06-23 23:33:51,593 [trainer.py] => All params: 173669121
2025-06-23 23:33:51,594 [trainer.py] => Trainable params: 2071809
2025-06-23 23:33:51,595 [asp.py] => Learning on 95-100
2025-06-23 23:33:51,603 [asp.py] => training set size: 25, fc construct set size: 25
2025-06-23 23:33:51,606 [asp.py] => total parameters: 173672961
2025-06-23 23:33:51,607 [asp.py] => trainable parameters: 2075649
backbone.TIP 27648
backbone.Prompt_Encoder.fc_mu.0.weight 393216
backbone.Prompt_Encoder.fc_mu.0.bias 256
backbone.Prompt_Encoder.fc_mu.1.weight 589824
backbone.Prompt_Encoder.fc_mu.1.bias 2304
backbone.Prompt_Encoder.fc_std.0.weight 393216
backbone.Prompt_Encoder.fc_std.0.bias 256
backbone.Prompt_Encoder.fc_std.1.weight 589824
backbone.Prompt_Encoder.fc_std.1.bias 2304
fc.weight 76800
fc.sigma 1
2025-06-23 23:34:52,816 [trainer.py] => Top1 curve: [96.52, 95.97, 95.7, 95.72, 95.26, 94.94, 94.89, 94.23, 94.07]
2025-06-23 23:34:52,816 [trainer.py] => Average Accuracy (Top1): 95.25555555555555   (Harmonic Accuracy): 93.57727737973389 (Old Acc): 95.83333333333336 (New Acc): 91.425 
2025-04-23 02:57:50,494 [trainer.py] => config: ./exps/inr.json
2025-04-23 02:57:50,495 [trainer.py] => model_name: asp
2025-04-23 02:57:50,495 [trainer.py] => backbone_type: pretrained_vit_b16_224_vpt
2025-04-23 02:57:50,495 [trainer.py] => device: [device(type='cuda', index=2)]
2025-04-23 02:57:50,495 [trainer.py] => seed: 2025
2025-04-23 02:57:50,495 [trainer.py] => dataset: imagenetr
2025-04-23 02:57:50,495 [trainer.py] => init_cls: 100
2025-04-23 02:57:50,495 [trainer.py] => increment: 10
2025-04-23 02:57:50,495 [trainer.py] => kshot: 5
2025-04-23 02:57:50,495 [trainer.py] => vpt_type: Deep
2025-04-23 02:57:50,495 [trainer.py] => prompt_token_num: 20
2025-04-23 02:57:50,495 [trainer.py] => avg_alpha: 0.8
2025-04-23 02:57:50,495 [trainer.py] => perturb_var: 1
2025-04-23 02:57:50,495 [trainer.py] => EMA_beta: 0.99
2025-04-23 02:57:50,495 [trainer.py] => anchor_lambda: 0.1
2025-04-23 02:57:50,495 [trainer.py] => kl_weight: 0.001
2025-04-23 02:57:50,495 [trainer.py] => TIP_init: zero
2025-04-23 02:57:50,495 [trainer.py] => tuned_epoch: 20
2025-04-23 02:57:50,495 [trainer.py] => fs_epoch: 0
2025-04-23 02:57:50,495 [trainer.py] => init_lr: 0.01
2025-04-23 02:57:50,495 [trainer.py] => fs_lr: 0.001
2025-04-23 02:57:50,495 [trainer.py] => batch_size: 24
2025-04-23 02:57:50,495 [trainer.py] => fs_batch_size: 16
2025-04-23 02:57:50,495 [trainer.py] => weight_decay: 0.005
2025-04-23 02:57:50,496 [trainer.py] => min_lr: 0
2025-04-23 02:57:50,496 [trainer.py] => optimizer: sgd
2025-04-23 02:57:50,496 [trainer.py] => memory_size: 0
2025-04-23 02:57:50,496 [trainer.py] => memory_per_class: 0
2025-04-23 02:57:50,496 [trainer.py] => fixed_memory: False
2025-04-23 02:57:50,496 [trainer.py] => shuffle: False
2025-04-23 02:57:50,496 [trainer.py] => top_k: 5
2025-04-23 02:57:50,496 [trainer.py] => base_model_path: saved_model/asp/imagenetr/100_10/asp_20_2025_pretrained_vit_b16_224_vpt.pth
2025-04-23 02:57:50,496 [trainer.py] => prefix: asp
2025-04-23 02:57:50,496 [trainer.py] => model_prefix: asp
2025-04-23 02:57:51,440 [data_manager.py] => [0, 1, 2, 3, 4, 5, 6, 7, 8, 9, 10, 11, 12, 13, 14, 15, 16, 17, 18, 19, 20, 21, 22, 23, 24, 25, 26, 27, 28, 29, 30, 31, 32, 33, 34, 35, 36, 37, 38, 39, 40, 41, 42, 43, 44, 45, 46, 47, 48, 49, 50, 51, 52, 53, 54, 55, 56, 57, 58, 59, 60, 61, 62, 63, 64, 65, 66, 67, 68, 69, 70, 71, 72, 73, 74, 75, 76, 77, 78, 79, 80, 81, 82, 83, 84, 85, 86, 87, 88, 89, 90, 91, 92, 93, 94, 95, 96, 97, 98, 99, 100, 101, 102, 103, 104, 105, 106, 107, 108, 109, 110, 111, 112, 113, 114, 115, 116, 117, 118, 119, 120, 121, 122, 123, 124, 125, 126, 127, 128, 129, 130, 131, 132, 133, 134, 135, 136, 137, 138, 139, 140, 141, 142, 143, 144, 145, 146, 147, 148, 149, 150, 151, 152, 153, 154, 155, 156, 157, 158, 159, 160, 161, 162, 163, 164, 165, 166, 167, 168, 169, 170, 171, 172, 173, 174, 175, 176, 177, 178, 179, 180, 181, 182, 183, 184, 185, 186, 187, 188, 189, 190, 191, 192, 193, 194, 195, 196, 197, 198, 199]
This is for the BaseNet initialization.
modelname, pretrained_vit_b16_224_vpt basicmodelname vit_base_patch16_224
Using VPT model
Using Deep Prompt
After BaseNet initialization.
2025-04-23 02:57:59,215 [trainer.py] => All params: 176423936
2025-04-23 02:57:59,216 [trainer.py] => Trainable params: 4826624
2025-04-23 02:57:59,672 [asp.py] => Learning on 0-100
2025-04-23 02:57:59,695 [asp.py] => training set size: 12425, fc construct set size: 12425
2025-04-23 02:57:59,791 [asp.py] => total parameters: 176500737
2025-04-23 02:57:59,792 [asp.py] => trainable parameters: 4903425
backbone.TIP 92160
backbone.Prompt_Encoder.fc_mu.0.weight 393216
backbone.Prompt_Encoder.fc_mu.0.bias 256
backbone.Prompt_Encoder.fc_mu.1.weight 1966080
backbone.Prompt_Encoder.fc_mu.1.bias 7680
backbone.Prompt_Encoder.fc_std.0.weight 393216
backbone.Prompt_Encoder.fc_std.0.bias 256
backbone.Prompt_Encoder.fc_std.1.weight 1966080
backbone.Prompt_Encoder.fc_std.1.bias 7680
fc.weight 76800
fc.sigma 1
anchor samples found
2025-04-23 03:06:39,144 [asp.py] => Task 0, Epoch 1 => Loss 6.780, Train_accy 2.28, Test_curr_accy 2.40, Test_accy 2.40
anchor samples found
2025-04-23 03:13:29,277 [asp.py] => Task 0, Epoch 2 => Loss 4.724, Train_accy 10.33, Test_curr_accy 51.69, Test_accy 51.69
anchor samples found
2025-04-23 03:20:16,338 [asp.py] => Task 0, Epoch 3 => Loss 2.414, Train_accy 62.43, Test_curr_accy 78.15, Test_accy 78.15
anchor samples found
2025-04-23 03:27:01,804 [asp.py] => Task 0, Epoch 4 => Loss 1.875, Train_accy 69.61, Test_curr_accy 80.75, Test_accy 80.75
anchor samples found
2025-04-23 03:33:46,541 [asp.py] => Task 0, Epoch 5 => Loss 1.819, Train_accy 70.77, Test_curr_accy 81.67, Test_accy 81.67
anchor samples found
2025-04-23 03:40:33,548 [asp.py] => Task 0, Epoch 6 => Loss 1.721, Train_accy 71.25, Test_curr_accy 82.23, Test_accy 82.23
anchor samples found
2025-04-23 03:47:17,452 [asp.py] => Task 0, Epoch 7 => Loss 1.707, Train_accy 71.73, Test_curr_accy 82.59, Test_accy 82.59
anchor samples found
2025-04-23 03:54:01,338 [asp.py] => Task 0, Epoch 8 => Loss 1.654, Train_accy 72.58, Test_curr_accy 82.00, Test_accy 82.00
anchor samples found
2025-04-23 04:00:46,126 [asp.py] => Task 0, Epoch 9 => Loss 1.653, Train_accy 72.47, Test_curr_accy 81.67, Test_accy 81.67
anchor samples found
2025-04-23 04:07:28,659 [asp.py] => Task 0, Epoch 10 => Loss 1.643, Train_accy 72.98, Test_curr_accy 82.23, Test_accy 82.23
anchor samples found
2025-04-23 04:14:13,167 [asp.py] => Task 0, Epoch 11 => Loss 1.589, Train_accy 73.10, Test_curr_accy 83.38, Test_accy 83.38
anchor samples found
2025-04-23 04:21:01,406 [asp.py] => Task 0, Epoch 12 => Loss 1.581, Train_accy 73.72, Test_curr_accy 83.05, Test_accy 83.05
anchor samples found
2025-04-23 04:27:47,264 [asp.py] => Task 0, Epoch 13 => Loss 1.549, Train_accy 73.57, Test_curr_accy 83.15, Test_accy 83.15
anchor samples found
2025-04-23 04:34:29,959 [asp.py] => Task 0, Epoch 14 => Loss 1.546, Train_accy 73.94, Test_curr_accy 83.22, Test_accy 83.22
anchor samples found
2025-04-23 04:41:12,583 [asp.py] => Task 0, Epoch 15 => Loss 1.516, Train_accy 74.77, Test_curr_accy 83.58, Test_accy 83.58
anchor samples found
2025-04-23 04:47:54,339 [asp.py] => Task 0, Epoch 16 => Loss 1.502, Train_accy 74.58, Test_curr_accy 83.65, Test_accy 83.65
anchor samples found
2025-04-23 04:54:38,975 [asp.py] => Task 0, Epoch 17 => Loss 1.470, Train_accy 75.41, Test_curr_accy 83.61, Test_accy 83.61
anchor samples found
2025-04-23 05:01:26,558 [asp.py] => Task 0, Epoch 18 => Loss 1.452, Train_accy 75.88, Test_curr_accy 83.84, Test_accy 83.84
anchor samples found
2025-04-23 05:08:16,110 [asp.py] => Task 0, Epoch 19 => Loss 1.458, Train_accy 75.89, Test_curr_accy 84.30, Test_accy 84.30
anchor samples found
2025-04-23 05:15:04,813 [asp.py] => Task 0, Epoch 20 => Loss 1.403, Train_accy 76.63, Test_curr_accy 84.11, Test_accy 84.11
2025-04-23 05:18:23,104 [trainer.py] => Top1 curve: [82.2]
2025-04-23 05:18:23,104 [trainer.py] => Average Accuracy (Top1): 82.2   (Harmonic Accuracy): None (Old Acc): 82.102 (New Acc): [] 

2025-04-23 05:18:23,106 [trainer.py] => All params: 176500737
2025-04-23 05:18:23,107 [trainer.py] => Trainable params: 4903425
2025-04-23 05:18:23,110 [asp.py] => Learning on 100-110
2025-04-23 05:18:23,117 [asp.py] => training set size: 50, fc construct set size: 50
2025-04-23 05:18:23,121 [asp.py] => total parameters: 176508417
2025-04-23 05:18:23,122 [asp.py] => trainable parameters: 4911105
backbone.TIP 92160
backbone.Prompt_Encoder.fc_mu.0.weight 393216
backbone.Prompt_Encoder.fc_mu.0.bias 256
backbone.Prompt_Encoder.fc_mu.1.weight 1966080
backbone.Prompt_Encoder.fc_mu.1.bias 7680
backbone.Prompt_Encoder.fc_std.0.weight 393216
backbone.Prompt_Encoder.fc_std.0.bias 256
backbone.Prompt_Encoder.fc_std.1.weight 1966080
backbone.Prompt_Encoder.fc_std.1.bias 7680
fc.weight 84480
fc.sigma 1
2025-04-23 05:18:54,558 [trainer.py] => Top1 curve: [82.2, 79.41]
2025-04-23 05:18:54,558 [trainer.py] => Average Accuracy (Top1): 80.805   (Harmonic Accuracy): 65.28443230463098 (Old Acc): 81.931 (New Acc): 54.26 

2025-04-23 05:18:54,560 [trainer.py] => All params: 176508417
2025-04-23 05:18:54,561 [trainer.py] => Trainable params: 4911105
2025-04-23 05:18:54,563 [asp.py] => Learning on 110-120
2025-04-23 05:18:54,569 [asp.py] => training set size: 50, fc construct set size: 50
2025-04-23 05:18:54,572 [asp.py] => total parameters: 176516097
2025-04-23 05:18:54,573 [asp.py] => trainable parameters: 4918785
backbone.TIP 92160
backbone.Prompt_Encoder.fc_mu.0.weight 393216
backbone.Prompt_Encoder.fc_mu.0.bias 256
backbone.Prompt_Encoder.fc_mu.1.weight 1966080
backbone.Prompt_Encoder.fc_mu.1.bias 7680
backbone.Prompt_Encoder.fc_std.0.weight 393216
backbone.Prompt_Encoder.fc_std.0.bias 256
backbone.Prompt_Encoder.fc_std.1.weight 1966080
backbone.Prompt_Encoder.fc_std.1.bias 7680
fc.weight 92160
fc.sigma 1
2025-04-23 05:19:27,057 [trainer.py] => Top1 curve: [82.2, 79.41, 78.62]
2025-04-23 05:19:27,058 [trainer.py] => Average Accuracy (Top1): 80.07666666666667   (Harmonic Accuracy): 70.74311756256982 (Old Acc): 81.799 (New Acc): 62.31999999999999 

2025-04-23 05:19:27,060 [trainer.py] => All params: 176516097
2025-04-23 05:19:27,062 [trainer.py] => Trainable params: 4918785
2025-04-23 05:19:27,065 [asp.py] => Learning on 120-130
2025-04-23 05:19:27,073 [asp.py] => training set size: 50, fc construct set size: 50
2025-04-23 05:19:27,077 [asp.py] => total parameters: 176523777
2025-04-23 05:19:27,079 [asp.py] => trainable parameters: 4926465
backbone.TIP 92160
backbone.Prompt_Encoder.fc_mu.0.weight 393216
backbone.Prompt_Encoder.fc_mu.0.bias 256
backbone.Prompt_Encoder.fc_mu.1.weight 1966080
backbone.Prompt_Encoder.fc_mu.1.bias 7680
backbone.Prompt_Encoder.fc_std.0.weight 393216
backbone.Prompt_Encoder.fc_std.0.bias 256
backbone.Prompt_Encoder.fc_std.1.weight 1966080
backbone.Prompt_Encoder.fc_std.1.bias 7680
fc.weight 99840
fc.sigma 1
2025-04-23 05:20:01,210 [trainer.py] => Top1 curve: [82.2, 79.41, 78.62, 76.55]
2025-04-23 05:20:01,210 [trainer.py] => Average Accuracy (Top1): 79.19500000000001   (Harmonic Accuracy): 68.66907909115422 (Old Acc): 81.70599999999999 (New Acc): 59.22 

2025-04-23 05:20:01,211 [trainer.py] => All params: 176523777
2025-04-23 05:20:01,212 [trainer.py] => Trainable params: 4926465
2025-04-23 05:20:01,213 [asp.py] => Learning on 130-140
2025-04-23 05:20:01,219 [asp.py] => training set size: 50, fc construct set size: 50
2025-04-23 05:20:01,222 [asp.py] => total parameters: 176531457
2025-04-23 05:20:01,223 [asp.py] => trainable parameters: 4934145
backbone.TIP 92160
backbone.Prompt_Encoder.fc_mu.0.weight 393216
backbone.Prompt_Encoder.fc_mu.0.bias 256
backbone.Prompt_Encoder.fc_mu.1.weight 1966080
backbone.Prompt_Encoder.fc_mu.1.bias 7680
backbone.Prompt_Encoder.fc_std.0.weight 393216
backbone.Prompt_Encoder.fc_std.0.bias 256
backbone.Prompt_Encoder.fc_std.1.weight 1966080
backbone.Prompt_Encoder.fc_std.1.bias 7680
fc.weight 107520
fc.sigma 1
2025-04-23 05:20:38,680 [trainer.py] => Top1 curve: [82.2, 79.41, 78.62, 76.55, 75.33]
2025-04-23 05:20:38,680 [trainer.py] => Average Accuracy (Top1): 78.422   (Harmonic Accuracy): 68.6522688980206 (Old Acc): 81.70599999999999 (New Acc): 59.19499999999999 

2025-04-23 05:20:38,682 [trainer.py] => All params: 176531457
2025-04-23 05:20:38,683 [trainer.py] => Trainable params: 4934145
2025-04-23 05:20:38,685 [asp.py] => Learning on 140-150
2025-04-23 05:20:38,690 [asp.py] => training set size: 50, fc construct set size: 50
2025-04-23 05:20:38,694 [asp.py] => total parameters: 176539137
2025-04-23 05:20:38,694 [asp.py] => trainable parameters: 4941825
backbone.TIP 92160
backbone.Prompt_Encoder.fc_mu.0.weight 393216
backbone.Prompt_Encoder.fc_mu.0.bias 256
backbone.Prompt_Encoder.fc_mu.1.weight 1966080
backbone.Prompt_Encoder.fc_mu.1.bias 7680
backbone.Prompt_Encoder.fc_std.0.weight 393216
backbone.Prompt_Encoder.fc_std.0.bias 256
backbone.Prompt_Encoder.fc_std.1.weight 1966080
backbone.Prompt_Encoder.fc_std.1.bias 7680
fc.weight 115200
fc.sigma 1
2025-04-23 05:21:15,304 [trainer.py] => Top1 curve: [82.2, 79.41, 78.62, 76.55, 75.33, 74.04]
2025-04-23 05:21:15,304 [trainer.py] => Average Accuracy (Top1): 77.69166666666668   (Harmonic Accuracy): 67.51268513796002 (Old Acc): 81.667 (New Acc): 57.54 

2025-04-23 05:21:15,305 [trainer.py] => All params: 176539137
2025-04-23 05:21:15,306 [trainer.py] => Trainable params: 4941825
2025-04-23 05:21:15,308 [asp.py] => Learning on 150-160
2025-04-23 05:21:15,314 [asp.py] => training set size: 50, fc construct set size: 50
2025-04-23 05:21:15,318 [asp.py] => total parameters: 176546817
2025-04-23 05:21:15,318 [asp.py] => trainable parameters: 4949505
backbone.TIP 92160
backbone.Prompt_Encoder.fc_mu.0.weight 393216
backbone.Prompt_Encoder.fc_mu.0.bias 256
backbone.Prompt_Encoder.fc_mu.1.weight 1966080
backbone.Prompt_Encoder.fc_mu.1.bias 7680
backbone.Prompt_Encoder.fc_std.0.weight 393216
backbone.Prompt_Encoder.fc_std.0.bias 256
backbone.Prompt_Encoder.fc_std.1.weight 1966080
backbone.Prompt_Encoder.fc_std.1.bias 7680
fc.weight 122880
fc.sigma 1
2025-04-23 05:21:54,616 [trainer.py] => Top1 curve: [82.2, 79.41, 78.62, 76.55, 75.33, 74.04, 72.42]
2025-04-23 05:21:54,616 [trainer.py] => Average Accuracy (Top1): 76.93857142857144   (Harmonic Accuracy): 66.08970974656596 (Old Acc): 81.64099999999999 (New Acc): 55.51500000000001 

2025-04-23 05:21:54,617 [trainer.py] => All params: 176546817
2025-04-23 05:21:54,618 [trainer.py] => Trainable params: 4949505
2025-04-23 05:21:54,620 [asp.py] => Learning on 160-170
2025-04-23 05:21:54,627 [asp.py] => training set size: 50, fc construct set size: 50
2025-04-23 05:21:54,630 [asp.py] => total parameters: 176554497
2025-04-23 05:21:54,631 [asp.py] => trainable parameters: 4957185
backbone.TIP 92160
backbone.Prompt_Encoder.fc_mu.0.weight 393216
backbone.Prompt_Encoder.fc_mu.0.bias 256
backbone.Prompt_Encoder.fc_mu.1.weight 1966080
backbone.Prompt_Encoder.fc_mu.1.bias 7680
backbone.Prompt_Encoder.fc_std.0.weight 393216
backbone.Prompt_Encoder.fc_std.0.bias 256
backbone.Prompt_Encoder.fc_std.1.weight 1966080
backbone.Prompt_Encoder.fc_std.1.bias 7680
fc.weight 130560
fc.sigma 1
2025-04-23 05:22:36,267 [trainer.py] => Top1 curve: [82.2, 79.41, 78.62, 76.55, 75.33, 74.04, 72.42, 71.94]
2025-04-23 05:22:36,268 [trainer.py] => Average Accuracy (Top1): 76.31375   (Harmonic Accuracy): 67.03074464737952 (Old Acc): 81.615 (New Acc): 56.86857142857143 

2025-04-23 05:22:36,269 [trainer.py] => All params: 176554497
2025-04-23 05:22:36,270 [trainer.py] => Trainable params: 4957185
2025-04-23 05:22:36,272 [asp.py] => Learning on 170-180
2025-04-23 05:22:36,279 [asp.py] => training set size: 50, fc construct set size: 50
2025-04-23 05:22:36,282 [asp.py] => total parameters: 176562177
2025-04-23 05:22:36,283 [asp.py] => trainable parameters: 4964865
backbone.TIP 92160
backbone.Prompt_Encoder.fc_mu.0.weight 393216
backbone.Prompt_Encoder.fc_mu.0.bias 256
backbone.Prompt_Encoder.fc_mu.1.weight 1966080
backbone.Prompt_Encoder.fc_mu.1.bias 7680
backbone.Prompt_Encoder.fc_std.0.weight 393216
backbone.Prompt_Encoder.fc_std.0.bias 256
backbone.Prompt_Encoder.fc_std.1.weight 1966080
backbone.Prompt_Encoder.fc_std.1.bias 7680
fc.weight 138240
fc.sigma 1
2025-04-23 05:23:20,200 [trainer.py] => Top1 curve: [82.2, 79.41, 78.62, 76.55, 75.33, 74.04, 72.42, 71.94, 71.75]
2025-04-23 05:23:20,200 [trainer.py] => Average Accuracy (Top1): 75.80666666666667   (Harmonic Accuracy): 68.03708379636744 (Old Acc): 81.576 (New Acc): 58.352500000000006 

2025-04-23 05:23:20,201 [trainer.py] => All params: 176562177
2025-04-23 05:23:20,202 [trainer.py] => Trainable params: 4964865
2025-04-23 05:23:20,204 [asp.py] => Learning on 180-190
2025-04-23 05:23:20,212 [asp.py] => training set size: 50, fc construct set size: 50
2025-04-23 05:23:20,215 [asp.py] => total parameters: 176569857
2025-04-23 05:23:20,216 [asp.py] => trainable parameters: 4972545
backbone.TIP 92160
backbone.Prompt_Encoder.fc_mu.0.weight 393216
backbone.Prompt_Encoder.fc_mu.0.bias 256
backbone.Prompt_Encoder.fc_mu.1.weight 1966080
backbone.Prompt_Encoder.fc_mu.1.bias 7680
backbone.Prompt_Encoder.fc_std.0.weight 393216
backbone.Prompt_Encoder.fc_std.0.bias 256
backbone.Prompt_Encoder.fc_std.1.weight 1966080
backbone.Prompt_Encoder.fc_std.1.bias 7680
fc.weight 145920
fc.sigma 1
2025-04-23 05:24:05,680 [trainer.py] => Top1 curve: [82.2, 79.41, 78.62, 76.55, 75.33, 74.04, 72.42, 71.94, 71.75, 70.73]
2025-04-23 05:24:05,681 [trainer.py] => Average Accuracy (Top1): 75.299   (Harmonic Accuracy): 67.81367302929931 (Old Acc): 81.53899999999999 (New Acc): 58.04333333333333 

2025-04-23 05:24:05,682 [trainer.py] => All params: 176569857
2025-04-23 05:24:05,683 [trainer.py] => Trainable params: 4972545
2025-04-23 05:24:05,684 [asp.py] => Learning on 190-200
2025-04-23 05:24:05,692 [asp.py] => training set size: 50, fc construct set size: 50
2025-04-23 05:24:05,695 [asp.py] => total parameters: 176577537
2025-04-23 05:24:05,696 [asp.py] => trainable parameters: 4980225
backbone.TIP 92160
backbone.Prompt_Encoder.fc_mu.0.weight 393216
backbone.Prompt_Encoder.fc_mu.0.bias 256
backbone.Prompt_Encoder.fc_mu.1.weight 1966080
backbone.Prompt_Encoder.fc_mu.1.bias 7680
backbone.Prompt_Encoder.fc_std.0.weight 393216
backbone.Prompt_Encoder.fc_std.0.bias 256
backbone.Prompt_Encoder.fc_std.1.weight 1966080
backbone.Prompt_Encoder.fc_std.1.bias 7680
fc.weight 153600
fc.sigma 1
2025-04-23 05:24:53,783 [trainer.py] => Top1 curve: [82.2, 79.41, 78.62, 76.55, 75.33, 74.04, 72.42, 71.94, 71.75, 70.73, 69.72]
2025-04-23 05:24:53,783 [trainer.py] => Average Accuracy (Top1): 74.79181818181819   (Harmonic Accuracy): 67.40194203962376 (Old Acc): 81.48999999999998 (New Acc): 57.467000000000006 

2025-04-23 05:24:53,783 [trainer.py] => 

