nohup: 忽略输入
2025-06-27 15:46:13,455 [trainer.py] => config: ./exps/cifar.json
2025-06-27 15:46:13,455 [trainer.py] => model_name: asp
2025-06-27 15:46:13,455 [trainer.py] => backbone_type: pretrained_vit_b16_224_vpt
2025-06-27 15:46:13,455 [trainer.py] => device: [device(type='cuda', index=4)]
2025-06-27 15:46:13,455 [trainer.py] => seed: 2024
2025-06-27 15:46:13,455 [trainer.py] => dataset: cifar224
2025-06-27 15:46:13,455 [trainer.py] => init_cls: 60
2025-06-27 15:46:13,455 [trainer.py] => increment: 5
2025-06-27 15:46:13,455 [trainer.py] => kshot: 5
2025-06-27 15:46:13,455 [trainer.py] => vpt_type: Deep
2025-06-27 15:46:13,455 [trainer.py] => prompt_token_num: 6
2025-06-27 15:46:13,455 [trainer.py] => avg_alpha: 0.8
2025-06-27 15:46:13,455 [trainer.py] => perturb_var: 1
2025-06-27 15:46:13,455 [trainer.py] => EMA_beta: 0.99
2025-06-27 15:46:13,455 [trainer.py] => anchor_lambda: 0.1
2025-06-27 15:46:13,455 [trainer.py] => kl_weight: 0.001
2025-06-27 15:46:13,455 [trainer.py] => TIP_init: zero
2025-06-27 15:46:13,455 [trainer.py] => tuned_epoch: 20
2025-06-27 15:46:13,455 [trainer.py] => fs_epoch: 0
2025-06-27 15:46:13,455 [trainer.py] => init_lr: 0.01
2025-06-27 15:46:13,455 [trainer.py] => fs_lr: 0.001
2025-06-27 15:46:13,455 [trainer.py] => batch_size: 48
2025-06-27 15:46:13,455 [trainer.py] => fs_batch_size: 16
2025-06-27 15:46:13,456 [trainer.py] => weight_decay: 0.0005
2025-06-27 15:46:13,456 [trainer.py] => min_lr: 0
2025-06-27 15:46:13,456 [trainer.py] => optimizer: sgd
2025-06-27 15:46:13,456 [trainer.py] => memory_size: 0
2025-06-27 15:46:13,456 [trainer.py] => memory_per_class: 0
2025-06-27 15:46:13,456 [trainer.py] => fixed_memory: False
2025-06-27 15:46:13,456 [trainer.py] => shuffle: False
2025-06-27 15:46:13,456 [trainer.py] => top_k: 5
2025-06-27 15:46:13,456 [trainer.py] => base_model_path: saved_model/asp/cifar224/60_5/asp_20_2024_pretrained_vit_b16_224_vpt.pth
2025-06-27 15:46:13,456 [trainer.py] => prefix: asp
2025-06-27 15:46:13,456 [trainer.py] => model_prefix: asp
2025-06-27 15:46:13,456 [trainer.py] => gpu_models: ['NVIDIA GeForce RTX 3090']
Files already downloaded and verified
Files already downloaded and verified
2025-06-27 15:46:15,276 [data_manager.py] => [0, 1, 2, 3, 4, 5, 6, 7, 8, 9, 10, 11, 12, 13, 14, 15, 16, 17, 18, 19, 20, 21, 22, 23, 24, 25, 26, 27, 28, 29, 30, 31, 32, 33, 34, 35, 36, 37, 38, 39, 40, 41, 42, 43, 44, 45, 46, 47, 48, 49, 50, 51, 52, 53, 54, 55, 56, 57, 58, 59, 60, 61, 62, 63, 64, 65, 66, 67, 68, 69, 70, 71, 72, 73, 74, 75, 76, 77, 78, 79, 80, 81, 82, 83, 84, 85, 86, 87, 88, 89, 90, 91, 92, 93, 94, 95, 96, 97, 98, 99]
This is for the BaseNet initialization.
modelname, pretrained_vit_b16_224_vpt basicmodelname vit_base_patch16_224
Using VPT model
Using Deep Prompt
After BaseNet initialization.
2025-06-27 15:46:31,684 [trainer.py] => All params: 173596160
2025-06-27 15:46:31,692 [trainer.py] => Trainable params: 1998848
2025-06-27 15:46:31,795 [asp.py] => Learning on 0-60
2025-06-27 15:46:31,901 [asp.py] => training set size: 30000, fc construct set size: 30000
2025-06-27 15:46:32,074 [asp.py] => total parameters: 173642241
2025-06-27 15:46:32,075 [asp.py] => trainable parameters: 2044929
backbone.TIP 27648
backbone.Prompt_Encoder.fc_mu.0.weight 393216
backbone.Prompt_Encoder.fc_mu.0.bias 256
backbone.Prompt_Encoder.fc_mu.1.weight 589824
backbone.Prompt_Encoder.fc_mu.1.bias 2304
backbone.Prompt_Encoder.fc_std.0.weight 393216
backbone.Prompt_Encoder.fc_std.0.bias 256
backbone.Prompt_Encoder.fc_std.1.weight 589824
backbone.Prompt_Encoder.fc_std.1.bias 2304
fc.weight 46080
fc.sigma 1
anchor samples found
2025-06-27 16:01:54,257 [asp.py] => Task 0, Epoch 1 => Loss 3.306, Train_accy 40.45, Test_curr_accy 89.63, Test_accy 89.63
anchor samples found
2025-06-27 16:16:53,164 [asp.py] => Task 0, Epoch 2 => Loss 1.005, Train_accy 78.20, Test_curr_accy 91.50, Test_accy 91.50
anchor samples found
2025-06-27 16:32:28,896 [asp.py] => Task 0, Epoch 3 => Loss 0.861, Train_accy 79.98, Test_curr_accy 92.23, Test_accy 92.23
anchor samples found
2025-06-27 16:47:56,324 [asp.py] => Task 0, Epoch 4 => Loss 0.821, Train_accy 80.38, Test_curr_accy 92.15, Test_accy 92.15
anchor samples found
2025-06-27 17:03:37,604 [asp.py] => Task 0, Epoch 5 => Loss 0.771, Train_accy 81.47, Test_curr_accy 92.25, Test_accy 92.25
anchor samples found
2025-06-27 17:18:32,272 [asp.py] => Task 0, Epoch 6 => Loss 0.754, Train_accy 81.52, Test_curr_accy 92.53, Test_accy 92.53
anchor samples found
2025-06-27 17:33:20,917 [asp.py] => Task 0, Epoch 7 => Loss 0.742, Train_accy 81.98, Test_curr_accy 92.57, Test_accy 92.57
anchor samples found
2025-06-27 17:48:08,311 [asp.py] => Task 0, Epoch 8 => Loss 0.729, Train_accy 82.24, Test_curr_accy 92.62, Test_accy 92.62
anchor samples found
2025-06-27 18:02:22,921 [asp.py] => Task 0, Epoch 9 => Loss 0.732, Train_accy 82.30, Test_curr_accy 92.77, Test_accy 92.77
anchor samples found
2025-06-27 18:16:24,959 [asp.py] => Task 0, Epoch 10 => Loss 0.702, Train_accy 82.69, Test_curr_accy 92.95, Test_accy 92.95
anchor samples found
2025-06-27 18:30:33,229 [asp.py] => Task 0, Epoch 11 => Loss 0.696, Train_accy 83.09, Test_curr_accy 93.08, Test_accy 93.08
anchor samples found
2025-06-27 18:44:48,299 [asp.py] => Task 0, Epoch 12 => Loss 0.696, Train_accy 83.03, Test_curr_accy 93.07, Test_accy 93.07
anchor samples found
2025-06-27 18:58:51,872 [asp.py] => Task 0, Epoch 13 => Loss 0.688, Train_accy 83.09, Test_curr_accy 92.80, Test_accy 92.80
anchor samples found
2025-06-27 19:13:09,019 [asp.py] => Task 0, Epoch 14 => Loss 0.676, Train_accy 83.31, Test_curr_accy 92.77, Test_accy 92.77
anchor samples found
2025-06-27 19:27:39,318 [asp.py] => Task 0, Epoch 15 => Loss 0.678, Train_accy 83.23, Test_curr_accy 92.87, Test_accy 92.87
anchor samples found
2025-06-27 19:41:43,474 [asp.py] => Task 0, Epoch 16 => Loss 0.671, Train_accy 83.30, Test_curr_accy 93.28, Test_accy 93.28
anchor samples found
2025-06-27 19:55:57,360 [asp.py] => Task 0, Epoch 17 => Loss 0.672, Train_accy 83.39, Test_curr_accy 92.97, Test_accy 92.97
anchor samples found
2025-06-27 20:10:11,286 [asp.py] => Task 0, Epoch 18 => Loss 0.672, Train_accy 83.51, Test_curr_accy 93.00, Test_accy 93.00
anchor samples found
2025-06-27 20:24:19,392 [asp.py] => Task 0, Epoch 19 => Loss 0.667, Train_accy 83.44, Test_curr_accy 93.23, Test_accy 93.23
anchor samples found
2025-06-27 20:38:44,164 [asp.py] => Task 0, Epoch 20 => Loss 0.655, Train_accy 83.77, Test_curr_accy 93.28, Test_accy 93.28
2025-06-27 20:43:30,482 [trainer.py] => Top1 curve: [91.7]
2025-06-27 20:43:30,483 [trainer.py] => Average Accuracy (Top1): 91.7   (Harmonic Accuracy): None (Old Acc): 91.69999999999999 (New Acc): [] 

2025-06-27 20:43:30,485 [trainer.py] => All params: 173642241
2025-06-27 20:43:30,486 [trainer.py] => Trainable params: 2044929
2025-06-27 20:43:30,488 [asp.py] => Learning on 60-65
2025-06-27 20:43:30,503 [asp.py] => training set size: 25, fc construct set size: 25
2025-06-27 20:43:30,506 [asp.py] => total parameters: 173646081
2025-06-27 20:43:30,507 [asp.py] => trainable parameters: 2048769
backbone.TIP 27648
backbone.Prompt_Encoder.fc_mu.0.weight 393216
backbone.Prompt_Encoder.fc_mu.0.bias 256
backbone.Prompt_Encoder.fc_mu.1.weight 589824
backbone.Prompt_Encoder.fc_mu.1.bias 2304
backbone.Prompt_Encoder.fc_std.0.weight 393216
backbone.Prompt_Encoder.fc_std.0.bias 256
backbone.Prompt_Encoder.fc_std.1.weight 589824
backbone.Prompt_Encoder.fc_std.1.bias 2304
fc.weight 49920
fc.sigma 1
2025-06-27 20:44:07,152 [trainer.py] => Top1 curve: [91.7, 90.06]
2025-06-27 20:44:07,153 [trainer.py] => Average Accuracy (Top1): 90.88   (Harmonic Accuracy): 81.32016194331985 (Old Acc): 91.46666666666668 (New Acc): 73.2 

2025-06-27 20:44:07,155 [trainer.py] => All params: 173646081
2025-06-27 20:44:07,156 [trainer.py] => Trainable params: 2048769
2025-06-27 20:44:07,158 [asp.py] => Learning on 65-70
2025-06-27 20:44:07,173 [asp.py] => training set size: 25, fc construct set size: 25
2025-06-27 20:44:07,176 [asp.py] => total parameters: 173649921
2025-06-27 20:44:07,177 [asp.py] => trainable parameters: 2052609
backbone.TIP 27648
backbone.Prompt_Encoder.fc_mu.0.weight 393216
backbone.Prompt_Encoder.fc_mu.0.bias 256
backbone.Prompt_Encoder.fc_mu.1.weight 589824
backbone.Prompt_Encoder.fc_mu.1.bias 2304
backbone.Prompt_Encoder.fc_std.0.weight 393216
backbone.Prompt_Encoder.fc_std.0.bias 256
backbone.Prompt_Encoder.fc_std.1.weight 589824
backbone.Prompt_Encoder.fc_std.1.bias 2304
fc.weight 53760
fc.sigma 1
2025-06-27 20:44:46,801 [trainer.py] => Top1 curve: [91.7, 90.06, 89.57]
2025-06-27 20:44:46,801 [trainer.py] => Average Accuracy (Top1): 90.44333333333333   (Harmonic Accuracy): 84.51811764705883 (Old Acc): 91.40000000000002 (New Acc): 78.6 

2025-06-27 20:44:46,803 [trainer.py] => All params: 173649921
2025-06-27 20:44:46,804 [trainer.py] => Trainable params: 2052609
2025-06-27 20:44:46,805 [asp.py] => Learning on 70-75
2025-06-27 20:44:46,821 [asp.py] => training set size: 25, fc construct set size: 25
2025-06-27 20:44:46,825 [asp.py] => total parameters: 173653761
2025-06-27 20:44:46,825 [asp.py] => trainable parameters: 2056449
backbone.TIP 27648
backbone.Prompt_Encoder.fc_mu.0.weight 393216
backbone.Prompt_Encoder.fc_mu.0.bias 256
backbone.Prompt_Encoder.fc_mu.1.weight 589824
backbone.Prompt_Encoder.fc_mu.1.bias 2304
backbone.Prompt_Encoder.fc_std.0.weight 393216
backbone.Prompt_Encoder.fc_std.0.bias 256
backbone.Prompt_Encoder.fc_std.1.weight 589824
backbone.Prompt_Encoder.fc_std.1.bias 2304
fc.weight 57600
fc.sigma 1
2025-06-27 20:45:29,466 [trainer.py] => Top1 curve: [91.7, 90.06, 89.57, 88.35]
2025-06-27 20:45:29,466 [trainer.py] => Average Accuracy (Top1): 89.91999999999999   (Harmonic Accuracy): 83.5579280974547 (Old Acc): 91.15000000000002 (New Acc): 77.13333333333334 

2025-06-27 20:45:29,468 [trainer.py] => All params: 173653761
2025-06-27 20:45:29,470 [trainer.py] => Trainable params: 2056449
2025-06-27 20:45:29,471 [asp.py] => Learning on 75-80
2025-06-27 20:45:29,497 [asp.py] => training set size: 25, fc construct set size: 25
2025-06-27 20:45:29,501 [asp.py] => total parameters: 173657601
2025-06-27 20:45:29,502 [asp.py] => trainable parameters: 2060289
backbone.TIP 27648
backbone.Prompt_Encoder.fc_mu.0.weight 393216
backbone.Prompt_Encoder.fc_mu.0.bias 256
backbone.Prompt_Encoder.fc_mu.1.weight 589824
backbone.Prompt_Encoder.fc_mu.1.bias 2304
backbone.Prompt_Encoder.fc_std.0.weight 393216
backbone.Prompt_Encoder.fc_std.0.bias 256
backbone.Prompt_Encoder.fc_std.1.weight 589824
backbone.Prompt_Encoder.fc_std.1.bias 2304
fc.weight 61440
fc.sigma 1
2025-06-27 20:46:15,384 [trainer.py] => Top1 curve: [91.7, 90.06, 89.57, 88.35, 88.45]
2025-06-27 20:46:15,385 [trainer.py] => Average Accuracy (Top1): 89.62599999999999   (Harmonic Accuracy): 85.49344532919012 (Old Acc): 91.08333333333333 (New Acc): 80.55 

2025-06-27 20:46:15,386 [trainer.py] => All params: 173657601
2025-06-27 20:46:15,387 [trainer.py] => Trainable params: 2060289
2025-06-27 20:46:15,388 [asp.py] => Learning on 80-85
2025-06-27 20:46:15,407 [asp.py] => training set size: 25, fc construct set size: 25
2025-06-27 20:46:15,410 [asp.py] => total parameters: 173661441
2025-06-27 20:46:15,411 [asp.py] => trainable parameters: 2064129
backbone.TIP 27648
backbone.Prompt_Encoder.fc_mu.0.weight 393216
backbone.Prompt_Encoder.fc_mu.0.bias 256
backbone.Prompt_Encoder.fc_mu.1.weight 589824
backbone.Prompt_Encoder.fc_mu.1.bias 2304
backbone.Prompt_Encoder.fc_std.0.weight 393216
backbone.Prompt_Encoder.fc_std.0.bias 256
backbone.Prompt_Encoder.fc_std.1.weight 589824
backbone.Prompt_Encoder.fc_std.1.bias 2304
fc.weight 65280
fc.sigma 1
2025-06-27 20:47:04,152 [trainer.py] => Top1 curve: [91.7, 90.06, 89.57, 88.35, 88.45, 87.72]
2025-06-27 20:47:04,153 [trainer.py] => Average Accuracy (Top1): 89.30833333333332   (Harmonic Accuracy): 85.1170046801872 (Old Acc): 90.93333333333332 (New Acc): 80.0 

2025-06-27 20:47:04,154 [trainer.py] => All params: 173661441
2025-06-27 20:47:04,156 [trainer.py] => Trainable params: 2064129
2025-06-27 20:47:04,158 [asp.py] => Learning on 85-90
2025-06-27 20:47:04,176 [asp.py] => training set size: 25, fc construct set size: 25
2025-06-27 20:47:04,180 [asp.py] => total parameters: 173665281
2025-06-27 20:47:04,180 [asp.py] => trainable parameters: 2067969
backbone.TIP 27648
backbone.Prompt_Encoder.fc_mu.0.weight 393216
backbone.Prompt_Encoder.fc_mu.0.bias 256
backbone.Prompt_Encoder.fc_mu.1.weight 589824
backbone.Prompt_Encoder.fc_mu.1.bias 2304
backbone.Prompt_Encoder.fc_std.0.weight 393216
backbone.Prompt_Encoder.fc_std.0.bias 256
backbone.Prompt_Encoder.fc_std.1.weight 589824
backbone.Prompt_Encoder.fc_std.1.bias 2304
fc.weight 69120
fc.sigma 1
2025-06-27 20:47:56,322 [trainer.py] => Top1 curve: [91.7, 90.06, 89.57, 88.35, 88.45, 87.72, 87.56]
2025-06-27 20:47:56,323 [trainer.py] => Average Accuracy (Top1): 89.05857142857141   (Harmonic Accuracy): 85.71348906335821 (Old Acc): 90.71666666666665 (New Acc): 81.23333333333333 

2025-06-27 20:47:56,324 [trainer.py] => All params: 173665281
2025-06-27 20:47:56,325 [trainer.py] => Trainable params: 2067969
2025-06-27 20:47:56,327 [asp.py] => Learning on 90-95
2025-06-27 20:47:56,347 [asp.py] => training set size: 25, fc construct set size: 25
2025-06-27 20:47:56,350 [asp.py] => total parameters: 173669121
2025-06-27 20:47:56,351 [asp.py] => trainable parameters: 2071809
backbone.TIP 27648
backbone.Prompt_Encoder.fc_mu.0.weight 393216
backbone.Prompt_Encoder.fc_mu.0.bias 256
backbone.Prompt_Encoder.fc_mu.1.weight 589824
backbone.Prompt_Encoder.fc_mu.1.bias 2304
backbone.Prompt_Encoder.fc_std.0.weight 393216
backbone.Prompt_Encoder.fc_std.0.bias 256
backbone.Prompt_Encoder.fc_std.1.weight 589824
backbone.Prompt_Encoder.fc_std.1.bias 2304
fc.weight 72960
fc.sigma 1
2025-06-27 20:48:51,544 [trainer.py] => Top1 curve: [91.7, 90.06, 89.57, 88.35, 88.45, 87.72, 87.56, 87.24]
2025-06-27 20:48:51,545 [trainer.py] => Average Accuracy (Top1): 88.83124999999998   (Harmonic Accuracy): 85.8014942719575 (Old Acc): 90.60000000000001 (New Acc): 81.48571428571428 

2025-06-27 20:48:51,546 [trainer.py] => All params: 173669121
2025-06-27 20:48:51,547 [trainer.py] => Trainable params: 2071809
2025-06-27 20:48:51,549 [asp.py] => Learning on 95-100
2025-06-27 20:48:51,568 [asp.py] => training set size: 25, fc construct set size: 25
2025-06-27 20:48:51,571 [asp.py] => total parameters: 173672961
2025-06-27 20:48:51,572 [asp.py] => trainable parameters: 2075649
backbone.TIP 27648
backbone.Prompt_Encoder.fc_mu.0.weight 393216
backbone.Prompt_Encoder.fc_mu.0.bias 256
backbone.Prompt_Encoder.fc_mu.1.weight 589824
backbone.Prompt_Encoder.fc_mu.1.bias 2304
backbone.Prompt_Encoder.fc_std.0.weight 393216
backbone.Prompt_Encoder.fc_std.0.bias 256
backbone.Prompt_Encoder.fc_std.1.weight 589824
backbone.Prompt_Encoder.fc_std.1.bias 2304
fc.weight 76800
fc.sigma 1
2025-06-27 20:49:49,568 [trainer.py] => Top1 curve: [91.7, 90.06, 89.57, 88.35, 88.45, 87.72, 87.56, 87.24, 86.06]
2025-06-27 20:49:49,569 [trainer.py] => Average Accuracy (Top1): 88.52333333333331   (Harmonic Accuracy): 84.62180650223115 (Old Acc): 90.41666666666667 (New Acc): 79.52499999999999 

Finished cifar224_init60_inc5: pretrained_vit_b16_224_vpt  
----------------------------------------------------------------------------------------------------
总训练时间: 17791.3 s
总测试时间: 406.54 s
2025-06-27 20:49:49,569 [trainer.py] => 

2025-06-27 20:49:52,785 [trainer.py] => config: ./exps/cub.json
2025-06-27 20:49:52,785 [trainer.py] => model_name: asp
2025-06-27 20:49:52,785 [trainer.py] => backbone_type: pretrained_vit_b16_224_vpt
2025-06-27 20:49:52,786 [trainer.py] => device: [device(type='cuda', index=4)]
2025-06-27 20:49:52,786 [trainer.py] => seed: 2024
2025-06-27 20:49:52,786 [trainer.py] => dataset: cub
2025-06-27 20:49:52,786 [trainer.py] => init_cls: 100
2025-06-27 20:49:52,786 [trainer.py] => increment: 10
2025-06-27 20:49:52,786 [trainer.py] => kshot: 5
2025-06-27 20:49:52,786 [trainer.py] => vpt_type: Deep
2025-06-27 20:49:52,786 [trainer.py] => prompt_token_num: 6
2025-06-27 20:49:52,786 [trainer.py] => avg_alpha: 0.8
2025-06-27 20:49:52,786 [trainer.py] => perturb_var: 1
2025-06-27 20:49:52,786 [trainer.py] => EMA_beta: 0.99
2025-06-27 20:49:52,786 [trainer.py] => anchor_lambda: 0.1
2025-06-27 20:49:52,786 [trainer.py] => kl_weight: 0.001
2025-06-27 20:49:52,786 [trainer.py] => TIP_init: zero
2025-06-27 20:49:52,786 [trainer.py] => tuned_epoch: 20
2025-06-27 20:49:52,786 [trainer.py] => fs_epoch: 0
2025-06-27 20:49:52,786 [trainer.py] => init_lr: 0.01
2025-06-27 20:49:52,786 [trainer.py] => fs_lr: 0.001
2025-06-27 20:49:52,786 [trainer.py] => batch_size: 24
2025-06-27 20:49:52,786 [trainer.py] => fs_batch_size: 16
2025-06-27 20:49:52,786 [trainer.py] => weight_decay: 0.005
2025-06-27 20:49:52,786 [trainer.py] => min_lr: 0
2025-06-27 20:49:52,786 [trainer.py] => optimizer: sgd
2025-06-27 20:49:52,786 [trainer.py] => memory_size: 0
2025-06-27 20:49:52,786 [trainer.py] => memory_per_class: 0
2025-06-27 20:49:52,786 [trainer.py] => fixed_memory: False
2025-06-27 20:49:52,786 [trainer.py] => shuffle: False
2025-06-27 20:49:52,786 [trainer.py] => top_k: 5
2025-06-27 20:49:52,786 [trainer.py] => base_model_path: saved_model/asp/cub/100_10/asp_20_2024_pretrained_vit_b16_224_vpt.pth
2025-06-27 20:49:52,786 [trainer.py] => prefix: asp
2025-06-27 20:49:52,786 [trainer.py] => model_prefix: asp
2025-06-27 20:49:52,786 [trainer.py] => gpu_models: ['NVIDIA GeForce RTX 3090']
2025-06-27 20:49:52,824 [data_manager.py] => [0, 1, 2, 3, 4, 5, 6, 7, 8, 9, 10, 11, 12, 13, 14, 15, 16, 17, 18, 19, 20, 21, 22, 23, 24, 25, 26, 27, 28, 29, 30, 31, 32, 33, 34, 35, 36, 37, 38, 39, 40, 41, 42, 43, 44, 45, 46, 47, 48, 49, 50, 51, 52, 53, 54, 55, 56, 57, 58, 59, 60, 61, 62, 63, 64, 65, 66, 67, 68, 69, 70, 71, 72, 73, 74, 75, 76, 77, 78, 79, 80, 81, 82, 83, 84, 85, 86, 87, 88, 89, 90, 91, 92, 93, 94, 95, 96, 97, 98, 99, 100, 101, 102, 103, 104, 105, 106, 107, 108, 109, 110, 111, 112, 113, 114, 115, 116, 117, 118, 119, 120, 121, 122, 123, 124, 125, 126, 127, 128, 129, 130, 131, 132, 133, 134, 135, 136, 137, 138, 139, 140, 141, 142, 143, 144, 145, 146, 147, 148, 149, 150, 151, 152, 153, 154, 155, 156, 157, 158, 159, 160, 161, 162, 163, 164, 165, 166, 167, 168, 169, 170, 171, 172, 173, 174, 175, 176, 177, 178, 179, 180, 181, 182, 183, 184, 185, 186, 187, 188, 189, 190, 191, 192, 193, 194, 195, 196, 197, 198, 199]
This is for the BaseNet initialization.
modelname, pretrained_vit_b16_224_vpt basicmodelname vit_base_patch16_224
Using VPT model
Using Deep Prompt
After BaseNet initialization.
2025-06-27 20:49:58,016 [trainer.py] => All params: 173596160
2025-06-27 20:49:58,017 [trainer.py] => Trainable params: 1998848
2025-06-27 20:49:58,101 [asp.py] => Learning on 0-100
2025-06-27 20:49:58,110 [asp.py] => training set size: 4693, fc construct set size: 4693
2025-06-27 20:49:58,199 [asp.py] => total parameters: 173672961
2025-06-27 20:49:58,200 [asp.py] => trainable parameters: 2075649
backbone.TIP 27648
backbone.Prompt_Encoder.fc_mu.0.weight 393216
backbone.Prompt_Encoder.fc_mu.0.bias 256
backbone.Prompt_Encoder.fc_mu.1.weight 589824
backbone.Prompt_Encoder.fc_mu.1.bias 2304
backbone.Prompt_Encoder.fc_std.0.weight 393216
backbone.Prompt_Encoder.fc_std.0.bias 256
backbone.Prompt_Encoder.fc_std.1.weight 589824
backbone.Prompt_Encoder.fc_std.1.bias 2304
fc.weight 76800
fc.sigma 1
anchor samples found
2025-06-27 20:52:17,084 [asp.py] => Task 0, Epoch 1 => Loss 5.906, Train_accy 24.72, Test_curr_accy 60.46, Test_accy 60.46
anchor samples found
2025-06-27 20:54:37,380 [asp.py] => Task 0, Epoch 2 => Loss 2.336, Train_accy 63.80, Test_curr_accy 78.39, Test_accy 78.39
anchor samples found
2025-06-27 20:56:54,728 [asp.py] => Task 0, Epoch 3 => Loss 1.198, Train_accy 76.92, Test_curr_accy 83.86, Test_accy 83.86
anchor samples found
2025-06-27 20:59:09,854 [asp.py] => Task 0, Epoch 4 => Loss 0.993, Train_accy 80.87, Test_curr_accy 86.34, Test_accy 86.34
anchor samples found
2025-06-27 21:01:25,091 [asp.py] => Task 0, Epoch 5 => Loss 0.960, Train_accy 80.91, Test_curr_accy 84.63, Test_accy 84.63
anchor samples found
2025-06-27 21:03:42,869 [asp.py] => Task 0, Epoch 6 => Loss 0.890, Train_accy 82.95, Test_curr_accy 86.51, Test_accy 86.51
anchor samples found
2025-06-27 21:06:01,823 [asp.py] => Task 0, Epoch 7 => Loss 0.872, Train_accy 82.89, Test_curr_accy 88.30, Test_accy 88.30
anchor samples found
2025-06-27 21:08:21,450 [asp.py] => Task 0, Epoch 8 => Loss 0.806, Train_accy 84.32, Test_curr_accy 88.56, Test_accy 88.56
anchor samples found
2025-06-27 21:10:41,113 [asp.py] => Task 0, Epoch 9 => Loss 0.811, Train_accy 83.98, Test_curr_accy 87.79, Test_accy 87.79
anchor samples found
2025-06-27 21:13:01,945 [asp.py] => Task 0, Epoch 10 => Loss 0.814, Train_accy 85.06, Test_curr_accy 88.64, Test_accy 88.64
anchor samples found
2025-06-27 21:15:21,196 [asp.py] => Task 0, Epoch 11 => Loss 0.773, Train_accy 85.06, Test_curr_accy 89.24, Test_accy 89.24
anchor samples found
2025-06-27 21:17:37,902 [asp.py] => Task 0, Epoch 12 => Loss 0.767, Train_accy 85.70, Test_curr_accy 89.84, Test_accy 89.84
anchor samples found
2025-06-27 21:19:54,011 [asp.py] => Task 0, Epoch 13 => Loss 0.750, Train_accy 85.25, Test_curr_accy 89.92, Test_accy 89.92
anchor samples found
2025-06-27 21:22:11,191 [asp.py] => Task 0, Epoch 14 => Loss 0.730, Train_accy 86.34, Test_curr_accy 89.07, Test_accy 89.07
anchor samples found
2025-06-27 21:24:29,070 [asp.py] => Task 0, Epoch 15 => Loss 0.735, Train_accy 86.09, Test_curr_accy 89.75, Test_accy 89.75
anchor samples found
2025-06-27 21:26:48,577 [asp.py] => Task 0, Epoch 16 => Loss 0.704, Train_accy 86.81, Test_curr_accy 90.18, Test_accy 90.18
anchor samples found
2025-06-27 21:29:08,720 [asp.py] => Task 0, Epoch 17 => Loss 0.714, Train_accy 86.36, Test_curr_accy 90.69, Test_accy 90.69
anchor samples found
2025-06-27 21:31:29,532 [asp.py] => Task 0, Epoch 18 => Loss 0.688, Train_accy 87.88, Test_curr_accy 90.09, Test_accy 90.09
anchor samples found
2025-06-27 21:33:47,322 [asp.py] => Task 0, Epoch 19 => Loss 0.719, Train_accy 86.87, Test_curr_accy 90.35, Test_accy 90.35
anchor samples found
2025-06-27 21:36:03,862 [asp.py] => Task 0, Epoch 20 => Loss 0.701, Train_accy 86.87, Test_curr_accy 90.52, Test_accy 90.52
2025-06-27 21:37:04,841 [trainer.py] => Top1 curve: [87.11]
2025-06-27 21:37:04,841 [trainer.py] => Average Accuracy (Top1): 87.11   (Harmonic Accuracy): None (Old Acc): 87.337 (New Acc): [] 

2025-06-27 21:37:04,843 [trainer.py] => All params: 173672961
2025-06-27 21:37:04,845 [trainer.py] => Trainable params: 2075649
2025-06-27 21:37:04,847 [asp.py] => Learning on 100-110
2025-06-27 21:37:04,853 [asp.py] => training set size: 50, fc construct set size: 50
2025-06-27 21:37:04,858 [asp.py] => total parameters: 173680641
2025-06-27 21:37:04,859 [asp.py] => trainable parameters: 2083329
backbone.TIP 27648
backbone.Prompt_Encoder.fc_mu.0.weight 393216
backbone.Prompt_Encoder.fc_mu.0.bias 256
backbone.Prompt_Encoder.fc_mu.1.weight 589824
backbone.Prompt_Encoder.fc_mu.1.bias 2304
backbone.Prompt_Encoder.fc_std.0.weight 393216
backbone.Prompt_Encoder.fc_std.0.bias 256
backbone.Prompt_Encoder.fc_std.1.weight 589824
backbone.Prompt_Encoder.fc_std.1.bias 2304
fc.weight 84480
fc.sigma 1
2025-06-27 21:37:13,283 [trainer.py] => Top1 curve: [87.11, 85.91]
2025-06-27 21:37:13,284 [trainer.py] => Average Accuracy (Top1): 86.50999999999999   (Harmonic Accuracy): 81.52503280831876 (Old Acc): 86.90799999999999 (New Acc): 76.77 

2025-06-27 21:37:13,285 [trainer.py] => All params: 173680641
2025-06-27 21:37:13,287 [trainer.py] => Trainable params: 2083329
2025-06-27 21:37:13,289 [asp.py] => Learning on 110-120
2025-06-27 21:37:13,295 [asp.py] => training set size: 50, fc construct set size: 50
2025-06-27 21:37:13,299 [asp.py] => total parameters: 173688321
2025-06-27 21:37:13,300 [asp.py] => trainable parameters: 2091009
backbone.TIP 27648
backbone.Prompt_Encoder.fc_mu.0.weight 393216
backbone.Prompt_Encoder.fc_mu.0.bias 256
backbone.Prompt_Encoder.fc_mu.1.weight 589824
backbone.Prompt_Encoder.fc_mu.1.bias 2304
backbone.Prompt_Encoder.fc_std.0.weight 393216
backbone.Prompt_Encoder.fc_std.0.bias 256
backbone.Prompt_Encoder.fc_std.1.weight 589824
backbone.Prompt_Encoder.fc_std.1.bias 2304
fc.weight 92160
fc.sigma 1
2025-06-27 21:37:22,352 [trainer.py] => Top1 curve: [87.11, 85.91, 84.49]
2025-06-27 21:37:22,352 [trainer.py] => Average Accuracy (Top1): 85.83666666666666   (Harmonic Accuracy): 79.55254828302745 (Old Acc): 86.90799999999999 (New Acc): 73.345 

2025-06-27 21:37:22,356 [trainer.py] => All params: 173688321
2025-06-27 21:37:22,360 [trainer.py] => Trainable params: 2091009
2025-06-27 21:37:22,363 [asp.py] => Learning on 120-130
2025-06-27 21:37:22,370 [asp.py] => training set size: 50, fc construct set size: 50
2025-06-27 21:37:22,375 [asp.py] => total parameters: 173696001
2025-06-27 21:37:22,376 [asp.py] => trainable parameters: 2098689
backbone.TIP 27648
backbone.Prompt_Encoder.fc_mu.0.weight 393216
backbone.Prompt_Encoder.fc_mu.0.bias 256
backbone.Prompt_Encoder.fc_mu.1.weight 589824
backbone.Prompt_Encoder.fc_mu.1.bias 2304
backbone.Prompt_Encoder.fc_std.0.weight 393216
backbone.Prompt_Encoder.fc_std.0.bias 256
backbone.Prompt_Encoder.fc_std.1.weight 589824
backbone.Prompt_Encoder.fc_std.1.bias 2304
fc.weight 99840
fc.sigma 1
2025-06-27 21:37:32,964 [trainer.py] => Top1 curve: [87.11, 85.91, 84.49, 83.52]
2025-06-27 21:37:32,964 [trainer.py] => Average Accuracy (Top1): 85.2575   (Harmonic Accuracy): 79.20520574370451 (Old Acc): 86.90799999999999 (New Acc): 72.75666666666666 

2025-06-27 21:37:32,967 [trainer.py] => All params: 173696001
2025-06-27 21:37:32,969 [trainer.py] => Trainable params: 2098689
2025-06-27 21:37:32,972 [asp.py] => Learning on 130-140
2025-06-27 21:37:32,978 [asp.py] => training set size: 50, fc construct set size: 50
2025-06-27 21:37:32,982 [asp.py] => total parameters: 173703681
2025-06-27 21:37:32,984 [asp.py] => trainable parameters: 2106369
backbone.TIP 27648
backbone.Prompt_Encoder.fc_mu.0.weight 393216
backbone.Prompt_Encoder.fc_mu.0.bias 256
backbone.Prompt_Encoder.fc_mu.1.weight 589824
backbone.Prompt_Encoder.fc_mu.1.bias 2304
backbone.Prompt_Encoder.fc_std.0.weight 393216
backbone.Prompt_Encoder.fc_std.0.bias 256
backbone.Prompt_Encoder.fc_std.1.weight 589824
backbone.Prompt_Encoder.fc_std.1.bias 2304
fc.weight 107520
fc.sigma 1
2025-06-27 21:37:43,525 [trainer.py] => Top1 curve: [87.11, 85.91, 84.49, 83.52, 83.61]
2025-06-27 21:37:43,525 [trainer.py] => Average Accuracy (Top1): 84.928   (Harmonic Accuracy): 80.87200925379011 (Old Acc): 86.90799999999999 (New Acc): 75.62 

2025-06-27 21:37:43,528 [trainer.py] => All params: 173703681
2025-06-27 21:37:43,530 [trainer.py] => Trainable params: 2106369
2025-06-27 21:37:43,533 [asp.py] => Learning on 140-150
2025-06-27 21:37:43,540 [asp.py] => training set size: 50, fc construct set size: 50
2025-06-27 21:37:43,545 [asp.py] => total parameters: 173711361
2025-06-27 21:37:43,547 [asp.py] => trainable parameters: 2114049
backbone.TIP 27648
backbone.Prompt_Encoder.fc_mu.0.weight 393216
backbone.Prompt_Encoder.fc_mu.0.bias 256
backbone.Prompt_Encoder.fc_mu.1.weight 589824
backbone.Prompt_Encoder.fc_mu.1.bias 2304
backbone.Prompt_Encoder.fc_std.0.weight 393216
backbone.Prompt_Encoder.fc_std.0.bias 256
backbone.Prompt_Encoder.fc_std.1.weight 589824
backbone.Prompt_Encoder.fc_std.1.bias 2304
fc.weight 115200
fc.sigma 1
2025-06-27 21:37:55,313 [trainer.py] => Top1 curve: [87.11, 85.91, 84.49, 83.52, 83.61, 82.16]
2025-06-27 21:37:55,314 [trainer.py] => Average Accuracy (Top1): 84.46666666666665   (Harmonic Accuracy): 79.44091321061349 (Old Acc): 86.63499999999999 (New Acc): 73.35000000000001 

2025-06-27 21:37:55,316 [trainer.py] => All params: 173711361
2025-06-27 21:37:55,318 [trainer.py] => Trainable params: 2114049
2025-06-27 21:37:55,321 [asp.py] => Learning on 150-160
2025-06-27 21:37:55,326 [asp.py] => training set size: 50, fc construct set size: 50
2025-06-27 21:37:55,331 [asp.py] => total parameters: 173719041
2025-06-27 21:37:55,332 [asp.py] => trainable parameters: 2121729
backbone.TIP 27648
backbone.Prompt_Encoder.fc_mu.0.weight 393216
backbone.Prompt_Encoder.fc_mu.0.bias 256
backbone.Prompt_Encoder.fc_mu.1.weight 589824
backbone.Prompt_Encoder.fc_mu.1.bias 2304
backbone.Prompt_Encoder.fc_std.0.weight 393216
backbone.Prompt_Encoder.fc_std.0.bias 256
backbone.Prompt_Encoder.fc_std.1.weight 589824
backbone.Prompt_Encoder.fc_std.1.bias 2304
fc.weight 122880
fc.sigma 1
2025-06-27 21:38:07,387 [trainer.py] => Top1 curve: [87.11, 85.91, 84.49, 83.52, 83.61, 82.16, 82.03]
2025-06-27 21:38:07,387 [trainer.py] => Average Accuracy (Top1): 84.11857142857141   (Harmonic Accuracy): 80.08935598340558 (Old Acc): 86.63499999999999 (New Acc): 74.46333333333335 

2025-06-27 21:38:07,389 [trainer.py] => All params: 173719041
2025-06-27 21:38:07,391 [trainer.py] => Trainable params: 2121729
2025-06-27 21:38:07,395 [asp.py] => Learning on 160-170
2025-06-27 21:38:07,401 [asp.py] => training set size: 50, fc construct set size: 50
2025-06-27 21:38:07,406 [asp.py] => total parameters: 173726721
2025-06-27 21:38:07,407 [asp.py] => trainable parameters: 2129409
backbone.TIP 27648
backbone.Prompt_Encoder.fc_mu.0.weight 393216
backbone.Prompt_Encoder.fc_mu.0.bias 256
backbone.Prompt_Encoder.fc_mu.1.weight 589824
backbone.Prompt_Encoder.fc_mu.1.bias 2304
backbone.Prompt_Encoder.fc_std.0.weight 393216
backbone.Prompt_Encoder.fc_std.0.bias 256
backbone.Prompt_Encoder.fc_std.1.weight 589824
backbone.Prompt_Encoder.fc_std.1.bias 2304
fc.weight 130560
fc.sigma 1
2025-06-27 21:38:20,314 [trainer.py] => Top1 curve: [87.11, 85.91, 84.49, 83.52, 83.61, 82.16, 82.03, 82.48]
2025-06-27 21:38:20,315 [trainer.py] => Average Accuracy (Top1): 83.91375   (Harmonic Accuracy): 81.26443075263317 (Old Acc): 86.55199999999999 (New Acc): 76.58571428571429 

2025-06-27 21:38:20,317 [trainer.py] => All params: 173726721
2025-06-27 21:38:20,318 [trainer.py] => Trainable params: 2129409
2025-06-27 21:38:20,321 [asp.py] => Learning on 170-180
2025-06-27 21:38:20,326 [asp.py] => training set size: 50, fc construct set size: 50
2025-06-27 21:38:20,330 [asp.py] => total parameters: 173734401
2025-06-27 21:38:20,331 [asp.py] => trainable parameters: 2137089
backbone.TIP 27648
backbone.Prompt_Encoder.fc_mu.0.weight 393216
backbone.Prompt_Encoder.fc_mu.0.bias 256
backbone.Prompt_Encoder.fc_mu.1.weight 589824
backbone.Prompt_Encoder.fc_mu.1.bias 2304
backbone.Prompt_Encoder.fc_std.0.weight 393216
backbone.Prompt_Encoder.fc_std.0.bias 256
backbone.Prompt_Encoder.fc_std.1.weight 589824
backbone.Prompt_Encoder.fc_std.1.bias 2304
fc.weight 138240
fc.sigma 1
2025-06-27 21:38:33,947 [trainer.py] => Top1 curve: [87.11, 85.91, 84.49, 83.52, 83.61, 82.16, 82.03, 82.48, 82.11]
2025-06-27 21:38:33,948 [trainer.py] => Average Accuracy (Top1): 83.71333333333332   (Harmonic Accuracy): 81.26121374101955 (Old Acc): 86.55199999999999 (New Acc): 76.58000000000001 

2025-06-27 21:38:33,950 [trainer.py] => All params: 173734401
2025-06-27 21:38:33,952 [trainer.py] => Trainable params: 2137089
2025-06-27 21:38:33,955 [asp.py] => Learning on 180-190
2025-06-27 21:38:33,962 [asp.py] => training set size: 50, fc construct set size: 50
2025-06-27 21:38:33,967 [asp.py] => total parameters: 173742081
2025-06-27 21:38:33,968 [asp.py] => trainable parameters: 2144769
backbone.TIP 27648
backbone.Prompt_Encoder.fc_mu.0.weight 393216
backbone.Prompt_Encoder.fc_mu.0.bias 256
backbone.Prompt_Encoder.fc_mu.1.weight 589824
backbone.Prompt_Encoder.fc_mu.1.bias 2304
backbone.Prompt_Encoder.fc_std.0.weight 393216
backbone.Prompt_Encoder.fc_std.0.bias 256
backbone.Prompt_Encoder.fc_std.1.weight 589824
backbone.Prompt_Encoder.fc_std.1.bias 2304
fc.weight 145920
fc.sigma 1
2025-06-27 21:38:48,751 [trainer.py] => Top1 curve: [87.11, 85.91, 84.49, 83.52, 83.61, 82.16, 82.03, 82.48, 82.11, 82.6]
2025-06-27 21:38:48,751 [trainer.py] => Average Accuracy (Top1): 83.602   (Harmonic Accuracy): 82.15325935458806 (Old Acc): 86.55199999999999 (New Acc): 78.18 

2025-06-27 21:38:48,754 [trainer.py] => All params: 173742081
2025-06-27 21:38:48,756 [trainer.py] => Trainable params: 2144769
2025-06-27 21:38:48,758 [asp.py] => Learning on 190-200
2025-06-27 21:38:48,765 [asp.py] => training set size: 50, fc construct set size: 50
2025-06-27 21:38:48,769 [asp.py] => total parameters: 173749761
2025-06-27 21:38:48,770 [asp.py] => trainable parameters: 2152449
backbone.TIP 27648
backbone.Prompt_Encoder.fc_mu.0.weight 393216
backbone.Prompt_Encoder.fc_mu.0.bias 256
backbone.Prompt_Encoder.fc_mu.1.weight 589824
backbone.Prompt_Encoder.fc_mu.1.bias 2304
backbone.Prompt_Encoder.fc_std.0.weight 393216
backbone.Prompt_Encoder.fc_std.0.bias 256
backbone.Prompt_Encoder.fc_std.1.weight 589824
backbone.Prompt_Encoder.fc_std.1.bias 2304
fc.weight 153600
fc.sigma 1
2025-06-27 21:39:04,586 [trainer.py] => Top1 curve: [87.11, 85.91, 84.49, 83.52, 83.61, 82.16, 82.03, 82.48, 82.11, 82.6, 83.04]
2025-06-27 21:39:04,587 [trainer.py] => Average Accuracy (Top1): 83.55090909090909   (Harmonic Accuracy): 82.85886442597278 (Old Acc): 86.55199999999999 (New Acc): 79.468 

Finished cub_init100_inc10: pretrained_vit_b16_224_vpt  
----------------------------------------------------------------------------------------------------
总训练时间: 2829.71 s
总测试时间: 116.8 s
2025-06-27 21:39:04,587 [trainer.py] => 

2025-06-27 21:39:07,560 [trainer.py] => config: ./exps/inr.json
2025-06-27 21:39:07,560 [trainer.py] => model_name: asp
2025-06-27 21:39:07,560 [trainer.py] => backbone_type: pretrained_vit_b16_224_vpt
2025-06-27 21:39:07,560 [trainer.py] => device: [device(type='cuda', index=4)]
2025-06-27 21:39:07,560 [trainer.py] => seed: 2025
2025-06-27 21:39:07,561 [trainer.py] => dataset: imagenetr
2025-06-27 21:39:07,561 [trainer.py] => init_cls: 100
2025-06-27 21:39:07,561 [trainer.py] => increment: 10
2025-06-27 21:39:07,561 [trainer.py] => kshot: 5
2025-06-27 21:39:07,561 [trainer.py] => vpt_type: Deep
2025-06-27 21:39:07,561 [trainer.py] => prompt_token_num: 20
2025-06-27 21:39:07,561 [trainer.py] => avg_alpha: 0.8
2025-06-27 21:39:07,561 [trainer.py] => perturb_var: 1
2025-06-27 21:39:07,561 [trainer.py] => EMA_beta: 0.99
2025-06-27 21:39:07,561 [trainer.py] => anchor_lambda: 0.1
2025-06-27 21:39:07,561 [trainer.py] => kl_weight: 0.001
2025-06-27 21:39:07,561 [trainer.py] => TIP_init: zero
2025-06-27 21:39:07,561 [trainer.py] => tuned_epoch: 20
2025-06-27 21:39:07,561 [trainer.py] => fs_epoch: 0
2025-06-27 21:39:07,561 [trainer.py] => init_lr: 0.01
2025-06-27 21:39:07,561 [trainer.py] => fs_lr: 0.001
2025-06-27 21:39:07,561 [trainer.py] => batch_size: 24
2025-06-27 21:39:07,561 [trainer.py] => fs_batch_size: 16
2025-06-27 21:39:07,561 [trainer.py] => weight_decay: 0.005
2025-06-27 21:39:07,561 [trainer.py] => min_lr: 0
2025-06-27 21:39:07,561 [trainer.py] => optimizer: sgd
2025-06-27 21:39:07,561 [trainer.py] => memory_size: 0
2025-06-27 21:39:07,561 [trainer.py] => memory_per_class: 0
2025-06-27 21:39:07,561 [trainer.py] => fixed_memory: False
2025-06-27 21:39:07,561 [trainer.py] => shuffle: False
2025-06-27 21:39:07,561 [trainer.py] => top_k: 5
2025-06-27 21:39:07,561 [trainer.py] => base_model_path: saved_model/asp/imagenetr/100_10/asp_20_2025_pretrained_vit_b16_224_vpt.pth
2025-06-27 21:39:07,561 [trainer.py] => prefix: asp
2025-06-27 21:39:07,561 [trainer.py] => model_prefix: asp
2025-06-27 21:39:07,561 [trainer.py] => gpu_models: ['NVIDIA GeForce RTX 3090']
2025-06-27 21:39:07,645 [data_manager.py] => [0, 1, 2, 3, 4, 5, 6, 7, 8, 9, 10, 11, 12, 13, 14, 15, 16, 17, 18, 19, 20, 21, 22, 23, 24, 25, 26, 27, 28, 29, 30, 31, 32, 33, 34, 35, 36, 37, 38, 39, 40, 41, 42, 43, 44, 45, 46, 47, 48, 49, 50, 51, 52, 53, 54, 55, 56, 57, 58, 59, 60, 61, 62, 63, 64, 65, 66, 67, 68, 69, 70, 71, 72, 73, 74, 75, 76, 77, 78, 79, 80, 81, 82, 83, 84, 85, 86, 87, 88, 89, 90, 91, 92, 93, 94, 95, 96, 97, 98, 99, 100, 101, 102, 103, 104, 105, 106, 107, 108, 109, 110, 111, 112, 113, 114, 115, 116, 117, 118, 119, 120, 121, 122, 123, 124, 125, 126, 127, 128, 129, 130, 131, 132, 133, 134, 135, 136, 137, 138, 139, 140, 141, 142, 143, 144, 145, 146, 147, 148, 149, 150, 151, 152, 153, 154, 155, 156, 157, 158, 159, 160, 161, 162, 163, 164, 165, 166, 167, 168, 169, 170, 171, 172, 173, 174, 175, 176, 177, 178, 179, 180, 181, 182, 183, 184, 185, 186, 187, 188, 189, 190, 191, 192, 193, 194, 195, 196, 197, 198, 199]
This is for the BaseNet initialization.
modelname, pretrained_vit_b16_224_vpt basicmodelname vit_base_patch16_224
Using VPT model
Using Deep Prompt
After BaseNet initialization.
2025-06-27 21:39:12,800 [trainer.py] => All params: 176423936
2025-06-27 21:39:12,801 [trainer.py] => Trainable params: 4826624
2025-06-27 21:39:12,905 [asp.py] => Learning on 0-100
2025-06-27 21:39:12,920 [asp.py] => training set size: 12425, fc construct set size: 12425
2025-06-27 21:39:13,010 [asp.py] => total parameters: 176500737
2025-06-27 21:39:13,011 [asp.py] => trainable parameters: 4903425
backbone.TIP 92160
backbone.Prompt_Encoder.fc_mu.0.weight 393216
backbone.Prompt_Encoder.fc_mu.0.bias 256
backbone.Prompt_Encoder.fc_mu.1.weight 1966080
backbone.Prompt_Encoder.fc_mu.1.bias 7680
backbone.Prompt_Encoder.fc_std.0.weight 393216
backbone.Prompt_Encoder.fc_std.0.bias 256
backbone.Prompt_Encoder.fc_std.1.weight 1966080
backbone.Prompt_Encoder.fc_std.1.bias 7680
fc.weight 76800
fc.sigma 1
anchor samples found
2025-06-27 21:45:39,191 [asp.py] => Task 0, Epoch 1 => Loss 6.779, Train_accy 2.48, Test_curr_accy 2.99, Test_accy 2.99
anchor samples found
2025-06-27 21:52:19,825 [asp.py] => Task 0, Epoch 2 => Loss 4.522, Train_accy 16.58, Test_curr_accy 64.99, Test_accy 64.99
anchor samples found
2025-06-27 21:59:58,161 [asp.py] => Task 0, Epoch 3 => Loss 2.224, Train_accy 65.34, Test_curr_accy 77.92, Test_accy 77.92
anchor samples found
2025-06-27 22:07:39,453 [asp.py] => Task 0, Epoch 4 => Loss 1.833, Train_accy 70.07, Test_curr_accy 80.59, Test_accy 80.59
anchor samples found
2025-06-27 22:15:04,227 [asp.py] => Task 0, Epoch 5 => Loss 1.829, Train_accy 71.02, Test_curr_accy 79.89, Test_accy 79.89
anchor samples found
2025-06-27 22:21:42,099 [asp.py] => Task 0, Epoch 6 => Loss 1.730, Train_accy 71.95, Test_curr_accy 80.88, Test_accy 80.88
anchor samples found
2025-06-27 22:28:08,274 [asp.py] => Task 0, Epoch 7 => Loss 1.686, Train_accy 72.17, Test_curr_accy 82.53, Test_accy 82.53
anchor samples found
2025-06-27 22:35:40,810 [asp.py] => Task 0, Epoch 8 => Loss 1.655, Train_accy 72.60, Test_curr_accy 82.00, Test_accy 82.00
anchor samples found
2025-06-27 22:43:40,209 [asp.py] => Task 0, Epoch 9 => Loss 1.637, Train_accy 73.01, Test_curr_accy 81.70, Test_accy 81.70
anchor samples found
2025-06-27 22:51:28,455 [asp.py] => Task 0, Epoch 10 => Loss 1.644, Train_accy 72.89, Test_curr_accy 81.44, Test_accy 81.44
anchor samples found
2025-06-27 22:59:07,588 [asp.py] => Task 0, Epoch 11 => Loss 1.574, Train_accy 73.13, Test_curr_accy 82.89, Test_accy 82.89
anchor samples found
2025-06-27 23:05:41,685 [asp.py] => Task 0, Epoch 12 => Loss 1.589, Train_accy 73.28, Test_curr_accy 83.22, Test_accy 83.22
anchor samples found
2025-06-27 23:12:07,600 [asp.py] => Task 0, Epoch 13 => Loss 1.535, Train_accy 73.67, Test_curr_accy 83.35, Test_accy 83.35
anchor samples found
2025-06-27 23:18:42,108 [asp.py] => Task 0, Epoch 14 => Loss 1.557, Train_accy 73.81, Test_curr_accy 83.09, Test_accy 83.09
anchor samples found
2025-06-27 23:25:08,530 [asp.py] => Task 0, Epoch 15 => Loss 1.491, Train_accy 75.09, Test_curr_accy 83.68, Test_accy 83.68
anchor samples found
2025-06-27 23:31:36,033 [asp.py] => Task 0, Epoch 16 => Loss 1.506, Train_accy 74.70, Test_curr_accy 83.71, Test_accy 83.71
anchor samples found
2025-06-27 23:39:24,989 [asp.py] => Task 0, Epoch 17 => Loss 1.488, Train_accy 75.35, Test_curr_accy 83.84, Test_accy 83.84
anchor samples found
2025-06-27 23:47:36,663 [asp.py] => Task 0, Epoch 18 => Loss 1.464, Train_accy 75.71, Test_curr_accy 83.94, Test_accy 83.94
anchor samples found
2025-06-27 23:55:21,814 [asp.py] => Task 0, Epoch 19 => Loss 1.466, Train_accy 75.74, Test_curr_accy 84.14, Test_accy 84.14
anchor samples found
2025-06-28 00:03:06,061 [asp.py] => Task 0, Epoch 20 => Loss 1.420, Train_accy 76.60, Test_curr_accy 84.27, Test_accy 84.27
2025-06-28 00:06:48,838 [trainer.py] => Top1 curve: [82.13]
2025-06-28 00:06:48,838 [trainer.py] => Average Accuracy (Top1): 82.13   (Harmonic Accuracy): None (Old Acc): 82.07900000000001 (New Acc): [] 

2025-06-28 00:06:48,840 [trainer.py] => All params: 176500737
2025-06-28 00:06:48,842 [trainer.py] => Trainable params: 4903425
2025-06-28 00:06:48,844 [asp.py] => Learning on 100-110
2025-06-28 00:06:48,855 [asp.py] => training set size: 50, fc construct set size: 50
2025-06-28 00:06:48,860 [asp.py] => total parameters: 176508417
2025-06-28 00:06:48,862 [asp.py] => trainable parameters: 4911105
backbone.TIP 92160
backbone.Prompt_Encoder.fc_mu.0.weight 393216
backbone.Prompt_Encoder.fc_mu.0.bias 256
backbone.Prompt_Encoder.fc_mu.1.weight 1966080
backbone.Prompt_Encoder.fc_mu.1.bias 7680
backbone.Prompt_Encoder.fc_std.0.weight 393216
backbone.Prompt_Encoder.fc_std.0.bias 256
backbone.Prompt_Encoder.fc_std.1.weight 1966080
backbone.Prompt_Encoder.fc_std.1.bias 7680
fc.weight 84480
fc.sigma 1
2025-06-28 00:07:19,889 [trainer.py] => Top1 curve: [82.13, 79.26]
2025-06-28 00:07:19,889 [trainer.py] => Average Accuracy (Top1): 80.695   (Harmonic Accuracy): 65.46190882689432 (Old Acc): 81.786 (New Acc): 54.57 

2025-06-28 00:07:19,890 [trainer.py] => All params: 176508417
2025-06-28 00:07:19,891 [trainer.py] => Trainable params: 4911105
2025-06-28 00:07:19,893 [asp.py] => Learning on 110-120
2025-06-28 00:07:19,899 [asp.py] => training set size: 50, fc construct set size: 50
2025-06-28 00:07:19,904 [asp.py] => total parameters: 176516097
2025-06-28 00:07:19,905 [asp.py] => trainable parameters: 4918785
backbone.TIP 92160
backbone.Prompt_Encoder.fc_mu.0.weight 393216
backbone.Prompt_Encoder.fc_mu.0.bias 256
backbone.Prompt_Encoder.fc_mu.1.weight 1966080
backbone.Prompt_Encoder.fc_mu.1.bias 7680
backbone.Prompt_Encoder.fc_std.0.weight 393216
backbone.Prompt_Encoder.fc_std.0.bias 256
backbone.Prompt_Encoder.fc_std.1.weight 1966080
backbone.Prompt_Encoder.fc_std.1.bias 7680
fc.weight 92160
fc.sigma 1
2025-06-28 00:07:53,496 [trainer.py] => Top1 curve: [82.13, 79.26, 78.65]
2025-06-28 00:07:53,496 [trainer.py] => Average Accuracy (Top1): 80.01333333333334   (Harmonic Accuracy): 71.63505823387052 (Old Acc): 81.623 (New Acc): 63.825 

2025-06-28 00:07:53,497 [trainer.py] => All params: 176516097
2025-06-28 00:07:53,498 [trainer.py] => Trainable params: 4918785
2025-06-28 00:07:53,499 [asp.py] => Learning on 120-130
2025-06-28 00:07:53,505 [asp.py] => training set size: 50, fc construct set size: 50
2025-06-28 00:07:53,508 [asp.py] => total parameters: 176523777
2025-06-28 00:07:53,509 [asp.py] => trainable parameters: 4926465
backbone.TIP 92160
backbone.Prompt_Encoder.fc_mu.0.weight 393216
backbone.Prompt_Encoder.fc_mu.0.bias 256
backbone.Prompt_Encoder.fc_mu.1.weight 1966080
backbone.Prompt_Encoder.fc_mu.1.bias 7680
backbone.Prompt_Encoder.fc_std.0.weight 393216
backbone.Prompt_Encoder.fc_std.0.bias 256
backbone.Prompt_Encoder.fc_std.1.weight 1966080
backbone.Prompt_Encoder.fc_std.1.bias 7680
fc.weight 99840
fc.sigma 1
2025-06-28 00:08:29,757 [trainer.py] => Top1 curve: [82.13, 79.26, 78.65, 76.58]
2025-06-28 00:08:29,757 [trainer.py] => Average Accuracy (Top1): 79.155   (Harmonic Accuracy): 69.2320621852337 (Old Acc): 81.56899999999999 (New Acc): 60.13666666666666 

2025-06-28 00:08:29,759 [trainer.py] => All params: 176523777
2025-06-28 00:08:29,761 [trainer.py] => Trainable params: 4926465
2025-06-28 00:08:29,763 [asp.py] => Learning on 130-140
2025-06-28 00:08:29,774 [asp.py] => training set size: 50, fc construct set size: 50
2025-06-28 00:08:29,779 [asp.py] => total parameters: 176531457
2025-06-28 00:08:29,780 [asp.py] => trainable parameters: 4934145
backbone.TIP 92160
backbone.Prompt_Encoder.fc_mu.0.weight 393216
backbone.Prompt_Encoder.fc_mu.0.bias 256
backbone.Prompt_Encoder.fc_mu.1.weight 1966080
backbone.Prompt_Encoder.fc_mu.1.bias 7680
backbone.Prompt_Encoder.fc_std.0.weight 393216
backbone.Prompt_Encoder.fc_std.0.bias 256
backbone.Prompt_Encoder.fc_std.1.weight 1966080
backbone.Prompt_Encoder.fc_std.1.bias 7680
fc.weight 107520
fc.sigma 1
2025-06-28 00:09:08,834 [trainer.py] => Top1 curve: [82.13, 79.26, 78.65, 76.58, 75.45]
2025-06-28 00:09:08,835 [trainer.py] => Average Accuracy (Top1): 78.414   (Harmonic Accuracy): 69.32732009969295 (Old Acc): 81.538 (New Acc): 60.2975 

2025-06-28 00:09:08,836 [trainer.py] => All params: 176531457
2025-06-28 00:09:08,837 [trainer.py] => Trainable params: 4934145
2025-06-28 00:09:08,839 [asp.py] => Learning on 140-150
2025-06-28 00:09:08,845 [asp.py] => training set size: 50, fc construct set size: 50
2025-06-28 00:09:08,848 [asp.py] => total parameters: 176539137
2025-06-28 00:09:08,849 [asp.py] => trainable parameters: 4941825
backbone.TIP 92160
backbone.Prompt_Encoder.fc_mu.0.weight 393216
backbone.Prompt_Encoder.fc_mu.0.bias 256
backbone.Prompt_Encoder.fc_mu.1.weight 1966080
backbone.Prompt_Encoder.fc_mu.1.bias 7680
backbone.Prompt_Encoder.fc_std.0.weight 393216
backbone.Prompt_Encoder.fc_std.0.bias 256
backbone.Prompt_Encoder.fc_std.1.weight 1966080
backbone.Prompt_Encoder.fc_std.1.bias 7680
fc.weight 115200
fc.sigma 1
2025-06-28 00:09:49,629 [trainer.py] => Top1 curve: [82.13, 79.26, 78.65, 76.58, 75.45, 74.52]
2025-06-28 00:09:49,629 [trainer.py] => Average Accuracy (Top1): 77.765   (Harmonic Accuracy): 68.8653517925464 (Old Acc): 81.538 (New Acc): 59.602 

2025-06-28 00:09:49,631 [trainer.py] => All params: 176539137
2025-06-28 00:09:49,632 [trainer.py] => Trainable params: 4941825
2025-06-28 00:09:49,634 [asp.py] => Learning on 150-160
2025-06-28 00:09:49,640 [asp.py] => training set size: 50, fc construct set size: 50
2025-06-28 00:09:49,643 [asp.py] => total parameters: 176546817
2025-06-28 00:09:49,644 [asp.py] => trainable parameters: 4949505
backbone.TIP 92160
backbone.Prompt_Encoder.fc_mu.0.weight 393216
backbone.Prompt_Encoder.fc_mu.0.bias 256
backbone.Prompt_Encoder.fc_mu.1.weight 1966080
backbone.Prompt_Encoder.fc_mu.1.bias 7680
backbone.Prompt_Encoder.fc_std.0.weight 393216
backbone.Prompt_Encoder.fc_std.0.bias 256
backbone.Prompt_Encoder.fc_std.1.weight 1966080
backbone.Prompt_Encoder.fc_std.1.bias 7680
fc.weight 122880
fc.sigma 1
2025-06-28 00:10:32,806 [trainer.py] => Top1 curve: [82.13, 79.26, 78.65, 76.58, 75.45, 74.52, 72.76]
2025-06-28 00:10:32,806 [trainer.py] => Average Accuracy (Top1): 77.05   (Harmonic Accuracy): 67.07867722588315 (Old Acc): 81.511 (New Acc): 56.98833333333334 

2025-06-28 00:10:32,807 [trainer.py] => All params: 176546817
2025-06-28 00:10:32,808 [trainer.py] => Trainable params: 4949505
2025-06-28 00:10:32,810 [asp.py] => Learning on 160-170
2025-06-28 00:10:32,817 [asp.py] => training set size: 50, fc construct set size: 50
2025-06-28 00:10:32,820 [asp.py] => total parameters: 176554497
2025-06-28 00:10:32,821 [asp.py] => trainable parameters: 4957185
backbone.TIP 92160
backbone.Prompt_Encoder.fc_mu.0.weight 393216
backbone.Prompt_Encoder.fc_mu.0.bias 256
backbone.Prompt_Encoder.fc_mu.1.weight 1966080
backbone.Prompt_Encoder.fc_mu.1.bias 7680
backbone.Prompt_Encoder.fc_std.0.weight 393216
backbone.Prompt_Encoder.fc_std.0.bias 256
backbone.Prompt_Encoder.fc_std.1.weight 1966080
backbone.Prompt_Encoder.fc_std.1.bias 7680
fc.weight 130560
fc.sigma 1
2025-06-28 00:11:18,948 [trainer.py] => Top1 curve: [82.13, 79.26, 78.65, 76.58, 75.45, 74.52, 72.76, 72.22]
2025-06-28 00:11:18,948 [trainer.py] => Average Accuracy (Top1): 76.44625   (Harmonic Accuracy): 67.81202734660532 (Old Acc): 81.46199999999999 (New Acc): 58.07999999999999 

2025-06-28 00:11:18,949 [trainer.py] => All params: 176554497
2025-06-28 00:11:18,950 [trainer.py] => Trainable params: 4957185
2025-06-28 00:11:18,952 [asp.py] => Learning on 170-180
2025-06-28 00:11:18,959 [asp.py] => training set size: 50, fc construct set size: 50
2025-06-28 00:11:18,962 [asp.py] => total parameters: 176562177
2025-06-28 00:11:18,963 [asp.py] => trainable parameters: 4964865
backbone.TIP 92160
backbone.Prompt_Encoder.fc_mu.0.weight 393216
backbone.Prompt_Encoder.fc_mu.0.bias 256
backbone.Prompt_Encoder.fc_mu.1.weight 1966080
backbone.Prompt_Encoder.fc_mu.1.bias 7680
backbone.Prompt_Encoder.fc_std.0.weight 393216
backbone.Prompt_Encoder.fc_std.0.bias 256
backbone.Prompt_Encoder.fc_std.1.weight 1966080
backbone.Prompt_Encoder.fc_std.1.bias 7680
fc.weight 138240
fc.sigma 1
2025-06-28 00:12:07,283 [trainer.py] => Top1 curve: [82.13, 79.26, 78.65, 76.58, 75.45, 74.52, 72.76, 72.22, 71.84]
2025-06-28 00:12:07,284 [trainer.py] => Average Accuracy (Top1): 75.93444444444445   (Harmonic Accuracy): 68.43170093577723 (Old Acc): 81.43599999999999 (New Acc): 59.00875 

2025-06-28 00:12:07,286 [trainer.py] => All params: 176562177
2025-06-28 00:12:07,287 [trainer.py] => Trainable params: 4964865
2025-06-28 00:12:07,290 [asp.py] => Learning on 180-190
2025-06-28 00:12:07,303 [asp.py] => training set size: 50, fc construct set size: 50
2025-06-28 00:12:07,309 [asp.py] => total parameters: 176569857
2025-06-28 00:12:07,310 [asp.py] => trainable parameters: 4972545
backbone.TIP 92160
backbone.Prompt_Encoder.fc_mu.0.weight 393216
backbone.Prompt_Encoder.fc_mu.0.bias 256
backbone.Prompt_Encoder.fc_mu.1.weight 1966080
backbone.Prompt_Encoder.fc_mu.1.bias 7680
backbone.Prompt_Encoder.fc_std.0.weight 393216
backbone.Prompt_Encoder.fc_std.0.bias 256
backbone.Prompt_Encoder.fc_std.1.weight 1966080
backbone.Prompt_Encoder.fc_std.1.bias 7680
fc.weight 145920
fc.sigma 1
2025-06-28 00:12:58,566 [trainer.py] => Top1 curve: [82.13, 79.26, 78.65, 76.58, 75.45, 74.52, 72.76, 72.22, 71.84, 70.89]
2025-06-28 00:12:58,566 [trainer.py] => Average Accuracy (Top1): 75.43   (Harmonic Accuracy): 68.27885663428701 (Old Acc): 81.399 (New Acc): 58.801111111111105 

2025-06-28 00:12:58,567 [trainer.py] => All params: 176569857
2025-06-28 00:12:58,568 [trainer.py] => Trainable params: 4972545
2025-06-28 00:12:58,570 [asp.py] => Learning on 190-200
2025-06-28 00:12:58,578 [asp.py] => training set size: 50, fc construct set size: 50
2025-06-28 00:12:58,581 [asp.py] => total parameters: 176577537
2025-06-28 00:12:58,582 [asp.py] => trainable parameters: 4980225
backbone.TIP 92160
backbone.Prompt_Encoder.fc_mu.0.weight 393216
backbone.Prompt_Encoder.fc_mu.0.bias 256
backbone.Prompt_Encoder.fc_mu.1.weight 1966080
backbone.Prompt_Encoder.fc_mu.1.bias 7680
backbone.Prompt_Encoder.fc_std.0.weight 393216
backbone.Prompt_Encoder.fc_std.0.bias 256
backbone.Prompt_Encoder.fc_std.1.weight 1966080
backbone.Prompt_Encoder.fc_std.1.bias 7680
fc.weight 153600
fc.sigma 1
2025-06-28 00:13:53,204 [trainer.py] => Top1 curve: [82.13, 79.26, 78.65, 76.58, 75.45, 74.52, 72.76, 72.22, 71.84, 70.89, 69.7]
2025-06-28 00:13:53,204 [trainer.py] => Average Accuracy (Top1): 74.90909090909092   (Harmonic Accuracy): 67.5686936049688 (Old Acc): 81.30499999999999 (New Acc): 57.80300000000001 

Finished imagenetr_init100_inc10: pretrained_vit_b16_224_vpt  
----------------------------------------------------------------------------------------------------
总训练时间: 8847.46 s
总测试时间: 432.91 s
2025-06-28 00:13:53,204 [trainer.py] => 

2025-06-28 00:13:56,706 [trainer.py] => config: ./exps/mini.json
2025-06-28 00:13:56,706 [trainer.py] => model_name: asp
2025-06-28 00:13:56,706 [trainer.py] => backbone_type: pretrained_vit_b16_224_vpt
2025-06-28 00:13:56,706 [trainer.py] => device: [device(type='cuda', index=4)]
2025-06-28 00:13:56,706 [trainer.py] => seed: 2024
2025-06-28 00:13:56,706 [trainer.py] => dataset: mini_imagenet
2025-06-28 00:13:56,706 [trainer.py] => init_cls: 60
2025-06-28 00:13:56,706 [trainer.py] => increment: 5
2025-06-28 00:13:56,706 [trainer.py] => kshot: 5
2025-06-28 00:13:56,707 [trainer.py] => vpt_type: Deep
2025-06-28 00:13:56,707 [trainer.py] => prompt_token_num: 6
2025-06-28 00:13:56,707 [trainer.py] => avg_alpha: 0.8
2025-06-28 00:13:56,707 [trainer.py] => perturb_var: 1
2025-06-28 00:13:56,707 [trainer.py] => EMA_beta: 0.99
2025-06-28 00:13:56,707 [trainer.py] => anchor_lambda: 0.1
2025-06-28 00:13:56,707 [trainer.py] => kl_weight: 0.001
2025-06-28 00:13:56,707 [trainer.py] => TIP_init: zero
2025-06-28 00:13:56,707 [trainer.py] => tuned_epoch: 20
2025-06-28 00:13:56,707 [trainer.py] => fs_epoch: 0
2025-06-28 00:13:56,707 [trainer.py] => init_lr: 0.01
2025-06-28 00:13:56,707 [trainer.py] => fs_lr: 0.001
2025-06-28 00:13:56,707 [trainer.py] => batch_size: 48
2025-06-28 00:13:56,707 [trainer.py] => fs_batch_size: 16
2025-06-28 00:13:56,707 [trainer.py] => weight_decay: 0.0005
2025-06-28 00:13:56,707 [trainer.py] => min_lr: 0
2025-06-28 00:13:56,707 [trainer.py] => optimizer: sgd
2025-06-28 00:13:56,707 [trainer.py] => memory_size: 0
2025-06-28 00:13:56,707 [trainer.py] => memory_per_class: 0
2025-06-28 00:13:56,707 [trainer.py] => fixed_memory: False
2025-06-28 00:13:56,707 [trainer.py] => shuffle: True
2025-06-28 00:13:56,707 [trainer.py] => top_k: 5
2025-06-28 00:13:56,707 [trainer.py] => base_model_path: saved_model/asp/mini_imagenet/60_5/asp_20_2024_pretrained_vit_b16_224_vpt.pth
2025-06-28 00:13:56,707 [trainer.py] => prefix: asp
2025-06-28 00:13:56,707 [trainer.py] => model_prefix: asp
2025-06-28 00:13:56,707 [trainer.py] => gpu_models: ['NVIDIA GeForce RTX 3090']
2025-06-28 00:13:56,840 [data_manager.py] => [35, 19, 26, 17, 77, 24, 70, 58, 95, 14, 91, 87, 50, 49, 21, 6, 16, 5, 15, 34, 10, 44, 3, 90, 83, 25, 78, 9, 67, 23, 85, 2, 45, 75, 51, 64, 12, 56, 33, 92, 46, 1, 94, 72, 79, 68, 88, 82, 52, 47, 63, 84, 38, 76, 59, 43, 97, 80, 32, 13, 86, 53, 40, 48, 7, 18, 99, 20, 71, 57, 4, 81, 61, 29, 69, 98, 22, 31, 42, 73, 93, 54, 39, 28, 11, 89, 30, 37, 66, 74, 60, 65, 41, 55, 62, 36, 27, 0, 96, 8]
This is for the BaseNet initialization.
modelname, pretrained_vit_b16_224_vpt basicmodelname vit_base_patch16_224
Using VPT model
Using Deep Prompt
After BaseNet initialization.
2025-06-28 00:14:08,304 [trainer.py] => All params: 173596160
2025-06-28 00:14:08,305 [trainer.py] => Trainable params: 1998848
2025-06-28 00:14:08,413 [asp.py] => Learning on 0-60
2025-06-28 00:14:08,456 [asp.py] => training set size: 30000, fc construct set size: 30000
2025-06-28 00:14:08,695 [asp.py] => total parameters: 173642241
2025-06-28 00:14:08,696 [asp.py] => trainable parameters: 2044929
backbone.TIP 27648
backbone.Prompt_Encoder.fc_mu.0.weight 393216
backbone.Prompt_Encoder.fc_mu.0.bias 256
backbone.Prompt_Encoder.fc_mu.1.weight 589824
backbone.Prompt_Encoder.fc_mu.1.bias 2304
backbone.Prompt_Encoder.fc_std.0.weight 393216
backbone.Prompt_Encoder.fc_std.0.bias 256
backbone.Prompt_Encoder.fc_std.1.weight 589824
backbone.Prompt_Encoder.fc_std.1.bias 2304
fc.weight 46080
fc.sigma 1
anchor samples found
2025-06-28 00:28:51,746 [asp.py] => Task 0, Epoch 1 => Loss 2.910, Train_accy 58.52, Test_curr_accy 95.97, Test_accy 95.97
anchor samples found
2025-06-28 00:43:25,827 [asp.py] => Task 0, Epoch 2 => Loss 0.685, Train_accy 87.86, Test_curr_accy 96.77, Test_accy 96.77
anchor samples found
2025-06-28 00:58:07,429 [asp.py] => Task 0, Epoch 3 => Loss 0.595, Train_accy 89.09, Test_curr_accy 96.90, Test_accy 96.90
anchor samples found
2025-06-28 01:12:41,905 [asp.py] => Task 0, Epoch 4 => Loss 0.540, Train_accy 89.70, Test_curr_accy 97.00, Test_accy 97.00
anchor samples found
2025-06-28 01:27:17,237 [asp.py] => Task 0, Epoch 5 => Loss 0.523, Train_accy 89.98, Test_curr_accy 97.12, Test_accy 97.12
anchor samples found
2025-06-28 01:41:51,073 [asp.py] => Task 0, Epoch 6 => Loss 0.504, Train_accy 90.27, Test_curr_accy 97.20, Test_accy 97.20
anchor samples found
2025-06-28 01:56:26,592 [asp.py] => Task 0, Epoch 7 => Loss 0.493, Train_accy 90.31, Test_curr_accy 97.22, Test_accy 97.22
anchor samples found
2025-06-28 02:11:14,022 [asp.py] => Task 0, Epoch 8 => Loss 0.482, Train_accy 90.20, Test_curr_accy 97.07, Test_accy 97.07
anchor samples found
2025-06-28 02:25:44,373 [asp.py] => Task 0, Epoch 9 => Loss 0.466, Train_accy 90.68, Test_curr_accy 97.30, Test_accy 97.30
anchor samples found
2025-06-28 02:40:18,845 [asp.py] => Task 0, Epoch 10 => Loss 0.462, Train_accy 90.70, Test_curr_accy 97.18, Test_accy 97.18
anchor samples found
2025-06-28 02:54:52,518 [asp.py] => Task 0, Epoch 11 => Loss 0.455, Train_accy 90.78, Test_curr_accy 97.20, Test_accy 97.20
anchor samples found
2025-06-28 03:09:35,469 [asp.py] => Task 0, Epoch 12 => Loss 0.443, Train_accy 91.00, Test_curr_accy 97.13, Test_accy 97.13
anchor samples found
2025-06-28 03:24:19,460 [asp.py] => Task 0, Epoch 13 => Loss 0.447, Train_accy 91.07, Test_curr_accy 97.30, Test_accy 97.30
anchor samples found
2025-06-28 03:39:02,569 [asp.py] => Task 0, Epoch 14 => Loss 0.443, Train_accy 91.04, Test_curr_accy 97.28, Test_accy 97.28
anchor samples found
2025-06-28 03:53:49,793 [asp.py] => Task 0, Epoch 15 => Loss 0.433, Train_accy 91.33, Test_curr_accy 97.10, Test_accy 97.10
anchor samples found
2025-06-28 04:08:36,722 [asp.py] => Task 0, Epoch 16 => Loss 0.435, Train_accy 91.26, Test_curr_accy 97.25, Test_accy 97.25
anchor samples found
2025-06-28 04:22:36,582 [asp.py] => Task 0, Epoch 17 => Loss 0.428, Train_accy 91.64, Test_curr_accy 97.30, Test_accy 97.30
anchor samples found
2025-06-28 04:36:46,430 [asp.py] => Task 0, Epoch 18 => Loss 0.431, Train_accy 91.39, Test_curr_accy 97.27, Test_accy 97.27
anchor samples found
2025-06-28 04:50:49,559 [asp.py] => Task 0, Epoch 19 => Loss 0.433, Train_accy 91.43, Test_curr_accy 97.23, Test_accy 97.23
anchor samples found
2025-06-28 05:04:45,808 [asp.py] => Task 0, Epoch 20 => Loss 0.433, Train_accy 91.25, Test_curr_accy 97.23, Test_accy 97.23
2025-06-28 05:10:17,617 [trainer.py] => Top1 curve: [96.18]
2025-06-28 05:10:17,617 [trainer.py] => Average Accuracy (Top1): 96.18   (Harmonic Accuracy): None (Old Acc): 96.18333333333334 (New Acc): [] 

2025-06-28 05:10:17,618 [trainer.py] => All params: 173642241
2025-06-28 05:10:17,619 [trainer.py] => Trainable params: 2044929
2025-06-28 05:10:17,621 [asp.py] => Learning on 60-65
2025-06-28 05:10:17,629 [asp.py] => training set size: 25, fc construct set size: 25
2025-06-28 05:10:17,633 [asp.py] => total parameters: 173646081
2025-06-28 05:10:17,634 [asp.py] => trainable parameters: 2048769
backbone.TIP 27648
backbone.Prompt_Encoder.fc_mu.0.weight 393216
backbone.Prompt_Encoder.fc_mu.0.bias 256
backbone.Prompt_Encoder.fc_mu.1.weight 589824
backbone.Prompt_Encoder.fc_mu.1.bias 2304
backbone.Prompt_Encoder.fc_std.0.weight 393216
backbone.Prompt_Encoder.fc_std.0.bias 256
backbone.Prompt_Encoder.fc_std.1.weight 589824
backbone.Prompt_Encoder.fc_std.1.bias 2304
fc.weight 49920
fc.sigma 1
2025-06-28 05:10:54,991 [trainer.py] => Top1 curve: [96.18, 95.62]
2025-06-28 05:10:54,991 [trainer.py] => Average Accuracy (Top1): 95.9   (Harmonic Accuracy): 92.74400071793951 (Old Acc): 96.11666666666667 (New Acc): 89.6 

2025-06-28 05:10:54,993 [trainer.py] => All params: 173646081
2025-06-28 05:10:54,994 [trainer.py] => Trainable params: 2048769
2025-06-28 05:10:54,996 [asp.py] => Learning on 65-70
2025-06-28 05:10:55,003 [asp.py] => training set size: 25, fc construct set size: 25
2025-06-28 05:10:55,006 [asp.py] => total parameters: 173649921
2025-06-28 05:10:55,007 [asp.py] => trainable parameters: 2052609
backbone.TIP 27648
backbone.Prompt_Encoder.fc_mu.0.weight 393216
backbone.Prompt_Encoder.fc_mu.0.bias 256
backbone.Prompt_Encoder.fc_mu.1.weight 589824
backbone.Prompt_Encoder.fc_mu.1.bias 2304
backbone.Prompt_Encoder.fc_std.0.weight 393216
backbone.Prompt_Encoder.fc_std.0.bias 256
backbone.Prompt_Encoder.fc_std.1.weight 589824
backbone.Prompt_Encoder.fc_std.1.bias 2304
fc.weight 53760
fc.sigma 1
2025-06-28 05:11:35,147 [trainer.py] => Top1 curve: [96.18, 95.62, 95.33]
2025-06-28 05:11:35,148 [trainer.py] => Average Accuracy (Top1): 95.71   (Harmonic Accuracy): 93.50163876024224 (Old Acc): 96.03333333333332 (New Acc): 91.1 

2025-06-28 05:11:35,149 [trainer.py] => All params: 173649921
2025-06-28 05:11:35,150 [trainer.py] => Trainable params: 2052609
2025-06-28 05:11:35,152 [asp.py] => Learning on 70-75
2025-06-28 05:11:35,159 [asp.py] => training set size: 25, fc construct set size: 25
2025-06-28 05:11:35,162 [asp.py] => total parameters: 173653761
2025-06-28 05:11:35,163 [asp.py] => trainable parameters: 2056449
backbone.TIP 27648
backbone.Prompt_Encoder.fc_mu.0.weight 393216
backbone.Prompt_Encoder.fc_mu.0.bias 256
backbone.Prompt_Encoder.fc_mu.1.weight 589824
backbone.Prompt_Encoder.fc_mu.1.bias 2304
backbone.Prompt_Encoder.fc_std.0.weight 393216
backbone.Prompt_Encoder.fc_std.0.bias 256
backbone.Prompt_Encoder.fc_std.1.weight 589824
backbone.Prompt_Encoder.fc_std.1.bias 2304
fc.weight 57600
fc.sigma 1
2025-06-28 05:12:17,673 [trainer.py] => Top1 curve: [96.18, 95.62, 95.33, 95.32]
2025-06-28 05:12:17,674 [trainer.py] => Average Accuracy (Top1): 95.6125   (Harmonic Accuracy): 94.32229876935757 (Old Acc): 95.96666666666665 (New Acc): 92.73333333333333 

2025-06-28 05:12:17,675 [trainer.py] => All params: 173653761
2025-06-28 05:12:17,677 [trainer.py] => Trainable params: 2056449
2025-06-28 05:12:17,678 [asp.py] => Learning on 75-80
2025-06-28 05:12:17,685 [asp.py] => training set size: 25, fc construct set size: 25
2025-06-28 05:12:17,688 [asp.py] => total parameters: 173657601
2025-06-28 05:12:17,689 [asp.py] => trainable parameters: 2060289
backbone.TIP 27648
backbone.Prompt_Encoder.fc_mu.0.weight 393216
backbone.Prompt_Encoder.fc_mu.0.bias 256
backbone.Prompt_Encoder.fc_mu.1.weight 589824
backbone.Prompt_Encoder.fc_mu.1.bias 2304
backbone.Prompt_Encoder.fc_std.0.weight 393216
backbone.Prompt_Encoder.fc_std.0.bias 256
backbone.Prompt_Encoder.fc_std.1.weight 589824
backbone.Prompt_Encoder.fc_std.1.bias 2304
fc.weight 61440
fc.sigma 1
2025-06-28 05:13:02,837 [trainer.py] => Top1 curve: [96.18, 95.62, 95.33, 95.32, 94.81]
2025-06-28 05:13:02,838 [trainer.py] => Average Accuracy (Top1): 95.452   (Harmonic Accuracy): 93.65629168519341 (Old Acc): 95.91666666666667 (New Acc): 91.5 

2025-06-28 05:13:02,839 [trainer.py] => All params: 173657601
2025-06-28 05:13:02,840 [trainer.py] => Trainable params: 2060289
2025-06-28 05:13:02,842 [asp.py] => Learning on 80-85
2025-06-28 05:13:02,849 [asp.py] => training set size: 25, fc construct set size: 25
2025-06-28 05:13:02,852 [asp.py] => total parameters: 173661441
2025-06-28 05:13:02,853 [asp.py] => trainable parameters: 2064129
backbone.TIP 27648
backbone.Prompt_Encoder.fc_mu.0.weight 393216
backbone.Prompt_Encoder.fc_mu.0.bias 256
backbone.Prompt_Encoder.fc_mu.1.weight 589824
backbone.Prompt_Encoder.fc_mu.1.bias 2304
backbone.Prompt_Encoder.fc_std.0.weight 393216
backbone.Prompt_Encoder.fc_std.0.bias 256
backbone.Prompt_Encoder.fc_std.1.weight 589824
backbone.Prompt_Encoder.fc_std.1.bias 2304
fc.weight 65280
fc.sigma 1
2025-06-28 05:13:50,725 [trainer.py] => Top1 curve: [96.18, 95.62, 95.33, 95.32, 94.81, 94.46]
2025-06-28 05:13:50,725 [trainer.py] => Average Accuracy (Top1): 95.28666666666668   (Harmonic Accuracy): 93.55537116504335 (Old Acc): 95.68333333333332 (New Acc): 91.52 

2025-06-28 05:13:50,727 [trainer.py] => All params: 173661441
2025-06-28 05:13:50,728 [trainer.py] => Trainable params: 2064129
2025-06-28 05:13:50,730 [asp.py] => Learning on 85-90
2025-06-28 05:13:50,737 [asp.py] => training set size: 25, fc construct set size: 25
2025-06-28 05:13:50,740 [asp.py] => total parameters: 173665281
2025-06-28 05:13:50,741 [asp.py] => trainable parameters: 2067969
backbone.TIP 27648
backbone.Prompt_Encoder.fc_mu.0.weight 393216
backbone.Prompt_Encoder.fc_mu.0.bias 256
backbone.Prompt_Encoder.fc_mu.1.weight 589824
backbone.Prompt_Encoder.fc_mu.1.bias 2304
backbone.Prompt_Encoder.fc_std.0.weight 393216
backbone.Prompt_Encoder.fc_std.0.bias 256
backbone.Prompt_Encoder.fc_std.1.weight 589824
backbone.Prompt_Encoder.fc_std.1.bias 2304
fc.weight 69120
fc.sigma 1
2025-06-28 05:14:41,423 [trainer.py] => Top1 curve: [96.18, 95.62, 95.33, 95.32, 94.81, 94.46, 94.36]
2025-06-28 05:14:41,423 [trainer.py] => Average Accuracy (Top1): 95.15428571428572   (Harmonic Accuracy): 93.67746754401564 (Old Acc): 95.63333333333333 (New Acc): 91.8 

2025-06-28 05:14:41,425 [trainer.py] => All params: 173665281
2025-06-28 05:14:41,426 [trainer.py] => Trainable params: 2067969
2025-06-28 05:14:41,427 [asp.py] => Learning on 90-95
2025-06-28 05:14:41,435 [asp.py] => training set size: 25, fc construct set size: 25
2025-06-28 05:14:41,438 [asp.py] => total parameters: 173669121
2025-06-28 05:14:41,439 [asp.py] => trainable parameters: 2071809
backbone.TIP 27648
backbone.Prompt_Encoder.fc_mu.0.weight 393216
backbone.Prompt_Encoder.fc_mu.0.bias 256
backbone.Prompt_Encoder.fc_mu.1.weight 589824
backbone.Prompt_Encoder.fc_mu.1.bias 2304
backbone.Prompt_Encoder.fc_std.0.weight 393216
backbone.Prompt_Encoder.fc_std.0.bias 256
backbone.Prompt_Encoder.fc_std.1.weight 589824
backbone.Prompt_Encoder.fc_std.1.bias 2304
fc.weight 72960
fc.sigma 1
2025-06-28 05:15:35,237 [trainer.py] => Top1 curve: [96.18, 95.62, 95.33, 95.32, 94.81, 94.46, 94.36, 93.77]
2025-06-28 05:15:35,237 [trainer.py] => Average Accuracy (Top1): 94.98125   (Harmonic Accuracy): 93.0693714767803 (Old Acc): 95.55 (New Acc): 90.71428571428571 

2025-06-28 05:15:35,238 [trainer.py] => All params: 173669121
2025-06-28 05:15:35,240 [trainer.py] => Trainable params: 2071809
2025-06-28 05:15:35,241 [asp.py] => Learning on 95-100
2025-06-28 05:15:35,248 [asp.py] => training set size: 25, fc construct set size: 25
2025-06-28 05:15:35,251 [asp.py] => total parameters: 173672961
2025-06-28 05:15:35,252 [asp.py] => trainable parameters: 2075649
backbone.TIP 27648
backbone.Prompt_Encoder.fc_mu.0.weight 393216
backbone.Prompt_Encoder.fc_mu.0.bias 256
backbone.Prompt_Encoder.fc_mu.1.weight 589824
backbone.Prompt_Encoder.fc_mu.1.bias 2304
backbone.Prompt_Encoder.fc_std.0.weight 393216
backbone.Prompt_Encoder.fc_std.0.bias 256
backbone.Prompt_Encoder.fc_std.1.weight 589824
backbone.Prompt_Encoder.fc_std.1.bias 2304
fc.weight 76800
fc.sigma 1
2025-06-28 05:16:32,527 [trainer.py] => Top1 curve: [96.18, 95.62, 95.33, 95.32, 94.81, 94.46, 94.36, 93.77, 93.52]
2025-06-28 05:16:32,527 [trainer.py] => Average Accuracy (Top1): 94.81888888888889   (Harmonic Accuracy): 92.94857552409962 (Old Acc): 95.53333333333335 (New Acc): 90.49999999999999 

Finished mini_imagenet_init60_inc5: pretrained_vit_b16_224_vpt  
----------------------------------------------------------------------------------------------------
总训练时间: 17742.48 s
总测试时间: 401.71 s
2025-06-28 05:16:32,527 [trainer.py] => 

