nohup: 忽略输入
2025-06-26 21:52:12,871 [trainer.py] => config: ./exps/cifar.json
2025-06-26 21:52:12,871 [trainer.py] => model_name: asp
2025-06-26 21:52:12,871 [trainer.py] => backbone_type: pretrained_vit_b16_224_vpt
2025-06-26 21:52:12,871 [trainer.py] => device: [device(type='cuda', index=4)]
2025-06-26 21:52:12,871 [trainer.py] => seed: 2024
2025-06-26 21:52:12,871 [trainer.py] => dataset: cifar224
2025-06-26 21:52:12,871 [trainer.py] => init_cls: 60
2025-06-26 21:52:12,871 [trainer.py] => increment: 5
2025-06-26 21:52:12,871 [trainer.py] => kshot: 5
2025-06-26 21:52:12,872 [trainer.py] => vpt_type: Deep
2025-06-26 21:52:12,872 [trainer.py] => prompt_token_num: 6
2025-06-26 21:52:12,872 [trainer.py] => avg_alpha: 0.8
2025-06-26 21:52:12,872 [trainer.py] => perturb_var: 1
2025-06-26 21:52:12,872 [trainer.py] => EMA_beta: 0.99
2025-06-26 21:52:12,872 [trainer.py] => anchor_lambda: 0.1
2025-06-26 21:52:12,872 [trainer.py] => kl_weight: 0.001
2025-06-26 21:52:12,872 [trainer.py] => TIP_init: zero
2025-06-26 21:52:12,872 [trainer.py] => tuned_epoch: 20
2025-06-26 21:52:12,872 [trainer.py] => fs_epoch: 0
2025-06-26 21:52:12,872 [trainer.py] => init_lr: 0.01
2025-06-26 21:52:12,872 [trainer.py] => fs_lr: 0.001
2025-06-26 21:52:12,872 [trainer.py] => batch_size: 48
2025-06-26 21:52:12,872 [trainer.py] => fs_batch_size: 16
2025-06-26 21:52:12,872 [trainer.py] => weight_decay: 0.0005
2025-06-26 21:52:12,872 [trainer.py] => min_lr: 0
2025-06-26 21:52:12,872 [trainer.py] => optimizer: sgd
2025-06-26 21:52:12,872 [trainer.py] => memory_size: 0
2025-06-26 21:52:12,872 [trainer.py] => memory_per_class: 0
2025-06-26 21:52:12,872 [trainer.py] => fixed_memory: False
2025-06-26 21:52:12,872 [trainer.py] => shuffle: False
2025-06-26 21:52:12,872 [trainer.py] => top_k: 5
2025-06-26 21:52:12,872 [trainer.py] => base_model_path: saved_model/asp/cifar224/60_5/asp_20_2024_pretrained_vit_b16_224_vpt.pth
2025-06-26 21:52:12,872 [trainer.py] => prefix: asp
2025-06-26 21:52:12,872 [trainer.py] => model_prefix: asp
2025-06-26 21:52:12,872 [trainer.py] => gpu_models: ['NVIDIA GeForce RTX 3090']
Files already downloaded and verified
Files already downloaded and verified
2025-06-26 21:52:14,648 [data_manager.py] => [0, 1, 2, 3, 4, 5, 6, 7, 8, 9, 10, 11, 12, 13, 14, 15, 16, 17, 18, 19, 20, 21, 22, 23, 24, 25, 26, 27, 28, 29, 30, 31, 32, 33, 34, 35, 36, 37, 38, 39, 40, 41, 42, 43, 44, 45, 46, 47, 48, 49, 50, 51, 52, 53, 54, 55, 56, 57, 58, 59, 60, 61, 62, 63, 64, 65, 66, 67, 68, 69, 70, 71, 72, 73, 74, 75, 76, 77, 78, 79, 80, 81, 82, 83, 84, 85, 86, 87, 88, 89, 90, 91, 92, 93, 94, 95, 96, 97, 98, 99]
This is for the BaseNet initialization.
modelname, pretrained_vit_b16_224_vpt basicmodelname vit_base_patch16_224
Using VPT model
Using Deep Prompt
After BaseNet initialization.
2025-06-26 21:52:21,333 [trainer.py] => All params: 173596160
2025-06-26 21:52:21,335 [trainer.py] => Trainable params: 1998848
2025-06-26 21:52:21,434 [asp.py] => Learning on 0-60
2025-06-26 21:52:21,526 [asp.py] => training set size: 30000, fc construct set size: 30000
2025-06-26 21:52:21,616 [asp.py] => total parameters: 173642241
2025-06-26 21:52:21,617 [asp.py] => trainable parameters: 2044929
backbone.TIP 27648
backbone.Prompt_Encoder.fc_mu.0.weight 393216
backbone.Prompt_Encoder.fc_mu.0.bias 256
backbone.Prompt_Encoder.fc_mu.1.weight 589824
backbone.Prompt_Encoder.fc_mu.1.bias 2304
backbone.Prompt_Encoder.fc_std.0.weight 393216
backbone.Prompt_Encoder.fc_std.0.bias 256
backbone.Prompt_Encoder.fc_std.1.weight 589824
backbone.Prompt_Encoder.fc_std.1.bias 2304
fc.weight 46080
fc.sigma 1
anchor samples found
2025-06-26 22:06:51,046 [asp.py] => Task 0, Epoch 1 => Loss 4.600, Train_accy 1.62, Test_curr_accy 1.67, Test_accy 1.67
anchor samples found
2025-06-26 22:21:17,138 [asp.py] => Task 0, Epoch 2 => Loss 4.181, Train_accy 2.72, Test_curr_accy 4.28, Test_accy 4.28
anchor samples found
2025-06-26 22:36:00,834 [asp.py] => Task 0, Epoch 3 => Loss 3.555, Train_accy 16.99, Test_curr_accy 48.15, Test_accy 48.15
anchor samples found
2025-06-26 22:51:49,838 [asp.py] => Task 0, Epoch 4 => Loss 2.219, Train_accy 54.51, Test_curr_accy 71.27, Test_accy 71.27
anchor samples found
2025-06-26 23:08:00,116 [asp.py] => Task 0, Epoch 5 => Loss 1.811, Train_accy 63.62, Test_curr_accy 78.35, Test_accy 78.35
anchor samples found
2025-06-26 23:23:56,263 [asp.py] => Task 0, Epoch 6 => Loss 1.666, Train_accy 66.44, Test_curr_accy 79.92, Test_accy 79.92
anchor samples found
2025-06-26 23:38:44,555 [asp.py] => Task 0, Epoch 7 => Loss 1.584, Train_accy 68.08, Test_curr_accy 81.62, Test_accy 81.62
anchor samples found
2025-06-26 23:53:13,815 [asp.py] => Task 0, Epoch 8 => Loss 1.499, Train_accy 68.65, Test_curr_accy 83.30, Test_accy 83.30
anchor samples found
2025-06-27 00:07:38,192 [asp.py] => Task 0, Epoch 9 => Loss 1.449, Train_accy 70.04, Test_curr_accy 84.65, Test_accy 84.65
anchor samples found
2025-06-27 00:21:55,966 [asp.py] => Task 0, Epoch 10 => Loss 1.383, Train_accy 70.83, Test_curr_accy 83.07, Test_accy 83.07
anchor samples found
2025-06-27 00:36:38,060 [asp.py] => Task 0, Epoch 11 => Loss 1.336, Train_accy 71.66, Test_curr_accy 84.75, Test_accy 84.75
anchor samples found
2025-06-27 00:51:57,257 [asp.py] => Task 0, Epoch 12 => Loss 1.307, Train_accy 72.32, Test_curr_accy 80.98, Test_accy 80.98
anchor samples found
2025-06-27 01:07:24,916 [asp.py] => Task 0, Epoch 13 => Loss 1.266, Train_accy 72.74, Test_curr_accy 84.72, Test_accy 84.72
anchor samples found
2025-06-27 01:23:17,592 [asp.py] => Task 0, Epoch 14 => Loss 1.225, Train_accy 73.64, Test_curr_accy 83.90, Test_accy 83.90
anchor samples found
2025-06-27 01:39:21,050 [asp.py] => Task 0, Epoch 15 => Loss 1.219, Train_accy 73.58, Test_curr_accy 84.95, Test_accy 84.95
anchor samples found
2025-06-27 01:56:01,054 [asp.py] => Task 0, Epoch 16 => Loss 1.223, Train_accy 73.69, Test_curr_accy 83.73, Test_accy 83.73
anchor samples found
2025-06-27 02:11:48,286 [asp.py] => Task 0, Epoch 17 => Loss 1.320, Train_accy 71.51, Test_curr_accy 84.38, Test_accy 84.38
anchor samples found
2025-06-27 02:27:26,731 [asp.py] => Task 0, Epoch 18 => Loss 1.164, Train_accy 75.17, Test_curr_accy 84.53, Test_accy 84.53
anchor samples found
2025-06-27 02:43:29,314 [asp.py] => Task 0, Epoch 19 => Loss 1.291, Train_accy 72.68, Test_curr_accy 84.27, Test_accy 84.27
anchor samples found
2025-06-27 02:58:58,364 [asp.py] => Task 0, Epoch 20 => Loss 1.291, Train_accy 72.88, Test_curr_accy 81.98, Test_accy 81.98
2025-06-27 03:05:07,875 [trainer.py] => Top1 curve: [84.02]
2025-06-27 03:05:07,876 [trainer.py] => Average Accuracy (Top1): 84.02   (Harmonic Accuracy): None (Old Acc): 84.01666666666667 (New Acc): [] 

2025-06-27 03:05:07,877 [trainer.py] => All params: 173642241
2025-06-27 03:05:07,878 [trainer.py] => Trainable params: 2044929
2025-06-27 03:05:07,880 [asp.py] => Learning on 60-65
2025-06-27 03:05:07,925 [asp.py] => training set size: 25, fc construct set size: 25
2025-06-27 03:05:07,928 [asp.py] => total parameters: 173646081
2025-06-27 03:05:07,929 [asp.py] => trainable parameters: 2048769
backbone.TIP 27648
backbone.Prompt_Encoder.fc_mu.0.weight 393216
backbone.Prompt_Encoder.fc_mu.0.bias 256
backbone.Prompt_Encoder.fc_mu.1.weight 589824
backbone.Prompt_Encoder.fc_mu.1.bias 2304
backbone.Prompt_Encoder.fc_std.0.weight 393216
backbone.Prompt_Encoder.fc_std.0.bias 256
backbone.Prompt_Encoder.fc_std.1.weight 589824
backbone.Prompt_Encoder.fc_std.1.bias 2304
fc.weight 49920
fc.sigma 1
2025-06-27 03:05:58,614 [trainer.py] => Top1 curve: [84.02, 80.55]
2025-06-27 03:05:58,615 [trainer.py] => Average Accuracy (Top1): 82.285   (Harmonic Accuracy): 57.82261640798226 (Old Acc): 83.58333333333333 (New Acc): 44.2 

2025-06-27 03:05:58,617 [trainer.py] => All params: 173646081
2025-06-27 03:05:58,618 [trainer.py] => Trainable params: 2048769
2025-06-27 03:05:58,619 [asp.py] => Learning on 65-70
2025-06-27 03:05:58,635 [asp.py] => training set size: 25, fc construct set size: 25
2025-06-27 03:05:58,639 [asp.py] => total parameters: 173649921
2025-06-27 03:05:58,640 [asp.py] => trainable parameters: 2052609
backbone.TIP 27648
backbone.Prompt_Encoder.fc_mu.0.weight 393216
backbone.Prompt_Encoder.fc_mu.0.bias 256
backbone.Prompt_Encoder.fc_mu.1.weight 589824
backbone.Prompt_Encoder.fc_mu.1.bias 2304
backbone.Prompt_Encoder.fc_std.0.weight 393216
backbone.Prompt_Encoder.fc_std.0.bias 256
backbone.Prompt_Encoder.fc_std.1.weight 589824
backbone.Prompt_Encoder.fc_std.1.bias 2304
fc.weight 53760
fc.sigma 1
2025-06-27 03:06:51,537 [trainer.py] => Top1 curve: [84.02, 80.55, 77.99]
2025-06-27 03:06:51,538 [trainer.py] => Average Accuracy (Top1): 80.85333333333334   (Harmonic Accuracy): 59.27413326459596 (Old Acc): 83.31666666666668 (New Acc): 46.0 

2025-06-27 03:06:51,540 [trainer.py] => All params: 173649921
2025-06-27 03:06:51,541 [trainer.py] => Trainable params: 2052609
2025-06-27 03:06:51,543 [asp.py] => Learning on 70-75
2025-06-27 03:06:51,570 [asp.py] => training set size: 25, fc construct set size: 25
2025-06-27 03:06:51,575 [asp.py] => total parameters: 173653761
2025-06-27 03:06:51,577 [asp.py] => trainable parameters: 2056449
backbone.TIP 27648
backbone.Prompt_Encoder.fc_mu.0.weight 393216
backbone.Prompt_Encoder.fc_mu.0.bias 256
backbone.Prompt_Encoder.fc_mu.1.weight 589824
backbone.Prompt_Encoder.fc_mu.1.bias 2304
backbone.Prompt_Encoder.fc_std.0.weight 393216
backbone.Prompt_Encoder.fc_std.0.bias 256
backbone.Prompt_Encoder.fc_std.1.weight 589824
backbone.Prompt_Encoder.fc_std.1.bias 2304
fc.weight 57600
fc.sigma 1
2025-06-27 03:07:49,696 [trainer.py] => Top1 curve: [84.02, 80.55, 77.99, 74.72]
2025-06-27 03:07:49,696 [trainer.py] => Average Accuracy (Top1): 79.32   (Harmonic Accuracy): 56.02725618147113 (Old Acc): 82.81666666666668 (New Acc): 42.333333333333336 

2025-06-27 03:07:49,698 [trainer.py] => All params: 173653761
2025-06-27 03:07:49,699 [trainer.py] => Trainable params: 2056449
2025-06-27 03:07:49,701 [asp.py] => Learning on 75-80
2025-06-27 03:07:49,729 [asp.py] => training set size: 25, fc construct set size: 25
2025-06-27 03:07:49,732 [asp.py] => total parameters: 173657601
2025-06-27 03:07:49,733 [asp.py] => trainable parameters: 2060289
backbone.TIP 27648
backbone.Prompt_Encoder.fc_mu.0.weight 393216
backbone.Prompt_Encoder.fc_mu.0.bias 256
backbone.Prompt_Encoder.fc_mu.1.weight 589824
backbone.Prompt_Encoder.fc_mu.1.bias 2304
backbone.Prompt_Encoder.fc_std.0.weight 393216
backbone.Prompt_Encoder.fc_std.0.bias 256
backbone.Prompt_Encoder.fc_std.1.weight 589824
backbone.Prompt_Encoder.fc_std.1.bias 2304
fc.weight 61440
fc.sigma 1
2025-06-27 03:08:48,628 [trainer.py] => Top1 curve: [84.02, 80.55, 77.99, 74.72, 72.84]
2025-06-27 03:08:48,629 [trainer.py] => Average Accuracy (Top1): 78.024   (Harmonic Accuracy): 57.108701967516176 (Old Acc): 82.56666666666666 (New Acc): 43.65 

2025-06-27 03:08:48,630 [trainer.py] => All params: 173657601
2025-06-27 03:08:48,631 [trainer.py] => Trainable params: 2060289
2025-06-27 03:08:48,633 [asp.py] => Learning on 80-85
2025-06-27 03:08:48,657 [asp.py] => training set size: 25, fc construct set size: 25
2025-06-27 03:08:48,661 [asp.py] => total parameters: 173661441
2025-06-27 03:08:48,662 [asp.py] => trainable parameters: 2064129
backbone.TIP 27648
backbone.Prompt_Encoder.fc_mu.0.weight 393216
backbone.Prompt_Encoder.fc_mu.0.bias 256
backbone.Prompt_Encoder.fc_mu.1.weight 589824
backbone.Prompt_Encoder.fc_mu.1.bias 2304
backbone.Prompt_Encoder.fc_std.0.weight 393216
backbone.Prompt_Encoder.fc_std.0.bias 256
backbone.Prompt_Encoder.fc_std.1.weight 589824
backbone.Prompt_Encoder.fc_std.1.bias 2304
fc.weight 65280
fc.sigma 1
2025-06-27 03:09:51,689 [trainer.py] => Top1 curve: [84.02, 80.55, 77.99, 74.72, 72.84, 70.32]
2025-06-27 03:09:51,690 [trainer.py] => Average Accuracy (Top1): 76.74   (Harmonic Accuracy): 55.63746677763161 (Old Acc): 82.08333333333333 (New Acc): 42.08 

2025-06-27 03:09:51,691 [trainer.py] => All params: 173661441
2025-06-27 03:09:51,692 [trainer.py] => Trainable params: 2064129
2025-06-27 03:09:51,694 [asp.py] => Learning on 85-90
2025-06-27 03:09:51,717 [asp.py] => training set size: 25, fc construct set size: 25
2025-06-27 03:09:51,721 [asp.py] => total parameters: 173665281
2025-06-27 03:09:51,722 [asp.py] => trainable parameters: 2067969
backbone.TIP 27648
backbone.Prompt_Encoder.fc_mu.0.weight 393216
backbone.Prompt_Encoder.fc_mu.0.bias 256
backbone.Prompt_Encoder.fc_mu.1.weight 589824
backbone.Prompt_Encoder.fc_mu.1.bias 2304
backbone.Prompt_Encoder.fc_std.0.weight 393216
backbone.Prompt_Encoder.fc_std.0.bias 256
backbone.Prompt_Encoder.fc_std.1.weight 589824
backbone.Prompt_Encoder.fc_std.1.bias 2304
fc.weight 69120
fc.sigma 1
2025-06-27 03:11:02,772 [trainer.py] => Top1 curve: [84.02, 80.55, 77.99, 74.72, 72.84, 70.32, 68.51]
2025-06-27 03:11:02,772 [trainer.py] => Average Accuracy (Top1): 75.56428571428572   (Harmonic Accuracy): 55.545216298689645 (Old Acc): 81.73333333333333 (New Acc): 42.06666666666666 

2025-06-27 03:11:02,774 [trainer.py] => All params: 173665281
2025-06-27 03:11:02,775 [trainer.py] => Trainable params: 2067969
2025-06-27 03:11:02,777 [asp.py] => Learning on 90-95
2025-06-27 03:11:02,804 [asp.py] => training set size: 25, fc construct set size: 25
2025-06-27 03:11:02,809 [asp.py] => total parameters: 173669121
2025-06-27 03:11:02,811 [asp.py] => trainable parameters: 2071809
backbone.TIP 27648
backbone.Prompt_Encoder.fc_mu.0.weight 393216
backbone.Prompt_Encoder.fc_mu.0.bias 256
backbone.Prompt_Encoder.fc_mu.1.weight 589824
backbone.Prompt_Encoder.fc_mu.1.bias 2304
backbone.Prompt_Encoder.fc_std.0.weight 393216
backbone.Prompt_Encoder.fc_std.0.bias 256
backbone.Prompt_Encoder.fc_std.1.weight 589824
backbone.Prompt_Encoder.fc_std.1.bias 2304
fc.weight 72960
fc.sigma 1
2025-06-27 03:12:20,689 [trainer.py] => Top1 curve: [84.02, 80.55, 77.99, 74.72, 72.84, 70.32, 68.51, 66.81]
2025-06-27 03:12:20,690 [trainer.py] => Average Accuracy (Top1): 74.47   (Harmonic Accuracy): 54.85259612033917 (Old Acc): 81.7 (New Acc): 41.285714285714285 

2025-06-27 03:12:20,691 [trainer.py] => All params: 173669121
2025-06-27 03:12:20,693 [trainer.py] => Trainable params: 2071809
2025-06-27 03:12:20,695 [asp.py] => Learning on 95-100
2025-06-27 03:12:20,718 [asp.py] => training set size: 25, fc construct set size: 25
2025-06-27 03:12:20,721 [asp.py] => total parameters: 173672961
2025-06-27 03:12:20,722 [asp.py] => trainable parameters: 2075649
backbone.TIP 27648
backbone.Prompt_Encoder.fc_mu.0.weight 393216
backbone.Prompt_Encoder.fc_mu.0.bias 256
backbone.Prompt_Encoder.fc_mu.1.weight 589824
backbone.Prompt_Encoder.fc_mu.1.bias 2304
backbone.Prompt_Encoder.fc_std.0.weight 393216
backbone.Prompt_Encoder.fc_std.0.bias 256
backbone.Prompt_Encoder.fc_std.1.weight 589824
backbone.Prompt_Encoder.fc_std.1.bias 2304
fc.weight 76800
fc.sigma 1
2025-06-27 03:13:39,816 [trainer.py] => Top1 curve: [84.02, 80.55, 77.99, 74.72, 72.84, 70.32, 68.51, 66.81, 64.87]
2025-06-27 03:13:39,816 [trainer.py] => Average Accuracy (Top1): 73.40333333333334   (Harmonic Accuracy): 54.3388542878653 (Old Acc): 80.83333333333333 (New Acc): 40.925 

2025-06-27 03:13:39,816 [trainer.py] => 

2025-06-27 03:13:43,974 [trainer.py] => config: ./exps/cub.json
2025-06-27 03:13:43,974 [trainer.py] => model_name: asp
2025-06-27 03:13:43,974 [trainer.py] => backbone_type: pretrained_vit_b16_224_vpt
2025-06-27 03:13:43,974 [trainer.py] => device: [device(type='cuda', index=4)]
2025-06-27 03:13:43,974 [trainer.py] => seed: 2024
2025-06-27 03:13:43,974 [trainer.py] => dataset: cub
2025-06-27 03:13:43,974 [trainer.py] => init_cls: 100
2025-06-27 03:13:43,974 [trainer.py] => increment: 10
2025-06-27 03:13:43,974 [trainer.py] => kshot: 5
2025-06-27 03:13:43,974 [trainer.py] => vpt_type: Deep
2025-06-27 03:13:43,974 [trainer.py] => prompt_token_num: 6
2025-06-27 03:13:43,974 [trainer.py] => avg_alpha: 0.8
2025-06-27 03:13:43,974 [trainer.py] => perturb_var: 1
2025-06-27 03:13:43,974 [trainer.py] => EMA_beta: 0.99
2025-06-27 03:13:43,974 [trainer.py] => anchor_lambda: 0.1
2025-06-27 03:13:43,975 [trainer.py] => kl_weight: 0.001
2025-06-27 03:13:43,975 [trainer.py] => TIP_init: zero
2025-06-27 03:13:43,975 [trainer.py] => tuned_epoch: 20
2025-06-27 03:13:43,975 [trainer.py] => fs_epoch: 0
2025-06-27 03:13:43,975 [trainer.py] => init_lr: 0.01
2025-06-27 03:13:43,975 [trainer.py] => fs_lr: 0.001
2025-06-27 03:13:43,975 [trainer.py] => batch_size: 24
2025-06-27 03:13:43,975 [trainer.py] => fs_batch_size: 16
2025-06-27 03:13:43,975 [trainer.py] => weight_decay: 0.005
2025-06-27 03:13:43,975 [trainer.py] => min_lr: 0
2025-06-27 03:13:43,975 [trainer.py] => optimizer: sgd
2025-06-27 03:13:43,975 [trainer.py] => memory_size: 0
2025-06-27 03:13:43,975 [trainer.py] => memory_per_class: 0
2025-06-27 03:13:43,975 [trainer.py] => fixed_memory: False
2025-06-27 03:13:43,975 [trainer.py] => shuffle: False
2025-06-27 03:13:43,975 [trainer.py] => top_k: 5
2025-06-27 03:13:43,975 [trainer.py] => base_model_path: saved_model/asp/cub/100_10/asp_20_2024_pretrained_vit_b16_224_vpt.pth
2025-06-27 03:13:43,975 [trainer.py] => prefix: asp
2025-06-27 03:13:43,975 [trainer.py] => model_prefix: asp
2025-06-27 03:13:43,975 [trainer.py] => gpu_models: ['NVIDIA GeForce RTX 3090']
2025-06-27 03:13:44,031 [data_manager.py] => [0, 1, 2, 3, 4, 5, 6, 7, 8, 9, 10, 11, 12, 13, 14, 15, 16, 17, 18, 19, 20, 21, 22, 23, 24, 25, 26, 27, 28, 29, 30, 31, 32, 33, 34, 35, 36, 37, 38, 39, 40, 41, 42, 43, 44, 45, 46, 47, 48, 49, 50, 51, 52, 53, 54, 55, 56, 57, 58, 59, 60, 61, 62, 63, 64, 65, 66, 67, 68, 69, 70, 71, 72, 73, 74, 75, 76, 77, 78, 79, 80, 81, 82, 83, 84, 85, 86, 87, 88, 89, 90, 91, 92, 93, 94, 95, 96, 97, 98, 99, 100, 101, 102, 103, 104, 105, 106, 107, 108, 109, 110, 111, 112, 113, 114, 115, 116, 117, 118, 119, 120, 121, 122, 123, 124, 125, 126, 127, 128, 129, 130, 131, 132, 133, 134, 135, 136, 137, 138, 139, 140, 141, 142, 143, 144, 145, 146, 147, 148, 149, 150, 151, 152, 153, 154, 155, 156, 157, 158, 159, 160, 161, 162, 163, 164, 165, 166, 167, 168, 169, 170, 171, 172, 173, 174, 175, 176, 177, 178, 179, 180, 181, 182, 183, 184, 185, 186, 187, 188, 189, 190, 191, 192, 193, 194, 195, 196, 197, 198, 199]
This is for the BaseNet initialization.
modelname, pretrained_vit_b16_224_vpt basicmodelname vit_base_patch16_224
Using VPT model
Using Deep Prompt
After BaseNet initialization.
2025-06-27 03:14:01,395 [trainer.py] => All params: 173596160
2025-06-27 03:14:01,396 [trainer.py] => Trainable params: 1998848
2025-06-27 03:14:01,489 [asp.py] => Learning on 0-100
2025-06-27 03:14:01,500 [asp.py] => training set size: 4693, fc construct set size: 4693
2025-06-27 03:14:01,661 [asp.py] => total parameters: 173672961
2025-06-27 03:14:01,662 [asp.py] => trainable parameters: 2075649
backbone.TIP 27648
backbone.Prompt_Encoder.fc_mu.0.weight 393216
backbone.Prompt_Encoder.fc_mu.0.bias 256
backbone.Prompt_Encoder.fc_mu.1.weight 589824
backbone.Prompt_Encoder.fc_mu.1.bias 2304
backbone.Prompt_Encoder.fc_std.0.weight 393216
backbone.Prompt_Encoder.fc_std.0.bias 256
backbone.Prompt_Encoder.fc_std.1.weight 589824
backbone.Prompt_Encoder.fc_std.1.bias 2304
fc.weight 76800
fc.sigma 1
anchor samples found
2025-06-27 03:17:14,127 [asp.py] => Task 0, Epoch 1 => Loss 5.907, Train_accy 24.87, Test_curr_accy 60.38, Test_accy 60.38
anchor samples found
2025-06-27 03:20:37,240 [asp.py] => Task 0, Epoch 2 => Loss 2.188, Train_accy 66.35, Test_curr_accy 80.96, Test_accy 80.96
anchor samples found
2025-06-27 03:24:07,912 [asp.py] => Task 0, Epoch 3 => Loss 1.177, Train_accy 77.31, Test_curr_accy 84.54, Test_accy 84.54
anchor samples found
2025-06-27 03:27:47,489 [asp.py] => Task 0, Epoch 4 => Loss 0.989, Train_accy 80.87, Test_curr_accy 85.82, Test_accy 85.82
anchor samples found
2025-06-27 03:31:29,584 [asp.py] => Task 0, Epoch 5 => Loss 0.956, Train_accy 80.89, Test_curr_accy 85.65, Test_accy 85.65
anchor samples found
2025-06-27 03:34:59,787 [asp.py] => Task 0, Epoch 6 => Loss 0.896, Train_accy 82.04, Test_curr_accy 87.02, Test_accy 87.02
anchor samples found
2025-06-27 03:38:15,477 [asp.py] => Task 0, Epoch 7 => Loss 0.879, Train_accy 82.44, Test_curr_accy 88.13, Test_accy 88.13
anchor samples found
2025-06-27 03:41:42,904 [asp.py] => Task 0, Epoch 8 => Loss 0.818, Train_accy 84.34, Test_curr_accy 89.15, Test_accy 89.15
anchor samples found
2025-06-27 03:45:14,028 [asp.py] => Task 0, Epoch 9 => Loss 0.826, Train_accy 83.68, Test_curr_accy 86.93, Test_accy 86.93
anchor samples found
2025-06-27 03:48:52,851 [asp.py] => Task 0, Epoch 10 => Loss 0.817, Train_accy 84.44, Test_curr_accy 88.47, Test_accy 88.47
anchor samples found
2025-06-27 03:52:29,717 [asp.py] => Task 0, Epoch 11 => Loss 0.790, Train_accy 84.68, Test_curr_accy 88.22, Test_accy 88.22
anchor samples found
2025-06-27 03:56:06,003 [asp.py] => Task 0, Epoch 12 => Loss 0.764, Train_accy 85.77, Test_curr_accy 89.58, Test_accy 89.58
anchor samples found
2025-06-27 03:59:31,124 [asp.py] => Task 0, Epoch 13 => Loss 0.754, Train_accy 85.36, Test_curr_accy 89.75, Test_accy 89.75
anchor samples found
2025-06-27 04:03:02,557 [asp.py] => Task 0, Epoch 14 => Loss 0.738, Train_accy 85.98, Test_curr_accy 89.67, Test_accy 89.67
anchor samples found
2025-06-27 04:06:40,236 [asp.py] => Task 0, Epoch 15 => Loss 0.747, Train_accy 86.23, Test_curr_accy 90.44, Test_accy 90.44
anchor samples found
2025-06-27 04:10:20,523 [asp.py] => Task 0, Epoch 16 => Loss 0.712, Train_accy 86.36, Test_curr_accy 90.35, Test_accy 90.35
anchor samples found
2025-06-27 04:13:47,534 [asp.py] => Task 0, Epoch 17 => Loss 0.723, Train_accy 86.30, Test_curr_accy 90.26, Test_accy 90.26
anchor samples found
2025-06-27 04:17:26,179 [asp.py] => Task 0, Epoch 18 => Loss 0.688, Train_accy 87.39, Test_curr_accy 89.92, Test_accy 89.92
anchor samples found
2025-06-27 04:20:54,497 [asp.py] => Task 0, Epoch 19 => Loss 0.730, Train_accy 86.72, Test_curr_accy 90.35, Test_accy 90.35
anchor samples found
2025-06-27 04:24:17,721 [asp.py] => Task 0, Epoch 20 => Loss 0.707, Train_accy 86.75, Test_curr_accy 90.26, Test_accy 90.26
2025-06-27 04:26:04,516 [trainer.py] => Top1 curve: [87.02]
2025-06-27 04:26:04,517 [trainer.py] => Average Accuracy (Top1): 87.02   (Harmonic Accuracy): None (Old Acc): 87.27000000000001 (New Acc): [] 

2025-06-27 04:26:04,520 [trainer.py] => All params: 173672961
2025-06-27 04:26:04,521 [trainer.py] => Trainable params: 2075649
2025-06-27 04:26:04,524 [asp.py] => Learning on 100-110
2025-06-27 04:26:04,529 [asp.py] => training set size: 50, fc construct set size: 50
2025-06-27 04:26:04,534 [asp.py] => total parameters: 173680641
2025-06-27 04:26:04,534 [asp.py] => trainable parameters: 2083329
backbone.TIP 27648
backbone.Prompt_Encoder.fc_mu.0.weight 393216
backbone.Prompt_Encoder.fc_mu.0.bias 256
backbone.Prompt_Encoder.fc_mu.1.weight 589824
backbone.Prompt_Encoder.fc_mu.1.bias 2304
backbone.Prompt_Encoder.fc_std.0.weight 393216
backbone.Prompt_Encoder.fc_std.0.bias 256
backbone.Prompt_Encoder.fc_std.1.weight 589824
backbone.Prompt_Encoder.fc_std.1.bias 2304
fc.weight 84480
fc.sigma 1
2025-06-27 04:26:20,516 [trainer.py] => Top1 curve: [87.02, 85.98]
2025-06-27 04:26:20,516 [trainer.py] => Average Accuracy (Top1): 86.5   (Harmonic Accuracy): 82.61484965583868 (Old Acc): 86.83000000000001 (New Acc): 78.79 

2025-06-27 04:26:20,518 [trainer.py] => All params: 173680641
2025-06-27 04:26:20,520 [trainer.py] => Trainable params: 2083329
2025-06-27 04:26:20,522 [asp.py] => Learning on 110-120
2025-06-27 04:26:20,527 [asp.py] => training set size: 50, fc construct set size: 50
2025-06-27 04:26:20,532 [asp.py] => total parameters: 173688321
2025-06-27 04:26:20,533 [asp.py] => trainable parameters: 2091009
backbone.TIP 27648
backbone.Prompt_Encoder.fc_mu.0.weight 393216
backbone.Prompt_Encoder.fc_mu.0.bias 256
backbone.Prompt_Encoder.fc_mu.1.weight 589824
backbone.Prompt_Encoder.fc_mu.1.bias 2304
backbone.Prompt_Encoder.fc_std.0.weight 393216
backbone.Prompt_Encoder.fc_std.0.bias 256
backbone.Prompt_Encoder.fc_std.1.weight 589824
backbone.Prompt_Encoder.fc_std.1.bias 2304
fc.weight 92160
fc.sigma 1
2025-06-27 04:26:37,776 [trainer.py] => Top1 curve: [87.02, 85.98, 84.49]
2025-06-27 04:26:37,776 [trainer.py] => Average Accuracy (Top1): 85.83   (Harmonic Accuracy): 79.8740950366961 (Old Acc): 86.83000000000001 (New Acc): 73.95 

2025-06-27 04:26:37,780 [trainer.py] => All params: 173688321
2025-06-27 04:26:37,782 [trainer.py] => Trainable params: 2091009
2025-06-27 04:26:37,785 [asp.py] => Learning on 120-130
2025-06-27 04:26:37,792 [asp.py] => training set size: 50, fc construct set size: 50
2025-06-27 04:26:37,799 [asp.py] => total parameters: 173696001
2025-06-27 04:26:37,801 [asp.py] => trainable parameters: 2098689
backbone.TIP 27648
backbone.Prompt_Encoder.fc_mu.0.weight 393216
backbone.Prompt_Encoder.fc_mu.0.bias 256
backbone.Prompt_Encoder.fc_mu.1.weight 589824
backbone.Prompt_Encoder.fc_mu.1.bias 2304
backbone.Prompt_Encoder.fc_std.0.weight 393216
backbone.Prompt_Encoder.fc_std.0.bias 256
backbone.Prompt_Encoder.fc_std.1.weight 589824
backbone.Prompt_Encoder.fc_std.1.bias 2304
fc.weight 99840
fc.sigma 1
2025-06-27 04:26:57,815 [trainer.py] => Top1 curve: [87.02, 85.98, 84.49, 83.19]
2025-06-27 04:26:57,815 [trainer.py] => Average Accuracy (Top1): 85.17   (Harmonic Accuracy): 78.55899846532262 (Old Acc): 86.83000000000001 (New Acc): 71.72666666666667 

2025-06-27 04:26:57,817 [trainer.py] => All params: 173696001
2025-06-27 04:26:57,818 [trainer.py] => Trainable params: 2098689
2025-06-27 04:26:57,820 [asp.py] => Learning on 130-140
2025-06-27 04:26:57,826 [asp.py] => training set size: 50, fc construct set size: 50
2025-06-27 04:26:57,833 [asp.py] => total parameters: 173703681
2025-06-27 04:26:57,834 [asp.py] => trainable parameters: 2106369
backbone.TIP 27648
backbone.Prompt_Encoder.fc_mu.0.weight 393216
backbone.Prompt_Encoder.fc_mu.0.bias 256
backbone.Prompt_Encoder.fc_mu.1.weight 589824
backbone.Prompt_Encoder.fc_mu.1.bias 2304
backbone.Prompt_Encoder.fc_std.0.weight 393216
backbone.Prompt_Encoder.fc_std.0.bias 256
backbone.Prompt_Encoder.fc_std.1.weight 589824
backbone.Prompt_Encoder.fc_std.1.bias 2304
fc.weight 107520
fc.sigma 1
2025-06-27 04:27:17,489 [trainer.py] => Top1 curve: [87.02, 85.98, 84.49, 83.19, 83.12]
2025-06-27 04:27:17,489 [trainer.py] => Average Accuracy (Top1): 84.76   (Harmonic Accuracy): 80.04149968181044 (Old Acc): 86.83000000000001 (New Acc): 74.2375 

2025-06-27 04:27:17,491 [trainer.py] => All params: 173703681
2025-06-27 04:27:17,492 [trainer.py] => Trainable params: 2106369
2025-06-27 04:27:17,495 [asp.py] => Learning on 140-150
2025-06-27 04:27:17,500 [asp.py] => training set size: 50, fc construct set size: 50
2025-06-27 04:27:17,505 [asp.py] => total parameters: 173711361
2025-06-27 04:27:17,506 [asp.py] => trainable parameters: 2114049
backbone.TIP 27648
backbone.Prompt_Encoder.fc_mu.0.weight 393216
backbone.Prompt_Encoder.fc_mu.0.bias 256
backbone.Prompt_Encoder.fc_mu.1.weight 589824
backbone.Prompt_Encoder.fc_mu.1.bias 2304
backbone.Prompt_Encoder.fc_std.0.weight 393216
backbone.Prompt_Encoder.fc_std.0.bias 256
backbone.Prompt_Encoder.fc_std.1.weight 589824
backbone.Prompt_Encoder.fc_std.1.bias 2304
fc.weight 115200
fc.sigma 1
2025-06-27 04:27:39,380 [trainer.py] => Top1 curve: [87.02, 85.98, 84.49, 83.19, 83.12, 81.65]
2025-06-27 04:27:39,380 [trainer.py] => Average Accuracy (Top1): 84.24166666666667   (Harmonic Accuracy): 78.55539818162318 (Old Acc): 86.647 (New Acc): 71.846 

2025-06-27 04:27:39,383 [trainer.py] => All params: 173711361
2025-06-27 04:27:39,385 [trainer.py] => Trainable params: 2114049
2025-06-27 04:27:39,387 [asp.py] => Learning on 150-160
2025-06-27 04:27:39,396 [asp.py] => training set size: 50, fc construct set size: 50
2025-06-27 04:27:39,401 [asp.py] => total parameters: 173719041
2025-06-27 04:27:39,402 [asp.py] => trainable parameters: 2121729
backbone.TIP 27648
backbone.Prompt_Encoder.fc_mu.0.weight 393216
backbone.Prompt_Encoder.fc_mu.0.bias 256
backbone.Prompt_Encoder.fc_mu.1.weight 589824
backbone.Prompt_Encoder.fc_mu.1.bias 2304
backbone.Prompt_Encoder.fc_std.0.weight 393216
backbone.Prompt_Encoder.fc_std.0.bias 256
backbone.Prompt_Encoder.fc_std.1.weight 589824
backbone.Prompt_Encoder.fc_std.1.bias 2304
fc.weight 122880
fc.sigma 1
2025-06-27 04:28:02,895 [trainer.py] => Top1 curve: [87.02, 85.98, 84.49, 83.19, 83.12, 81.65, 81.39]
2025-06-27 04:28:02,896 [trainer.py] => Average Accuracy (Top1): 83.83428571428571   (Harmonic Accuracy): 79.09565105833052 (Old Acc): 86.647 (New Acc): 72.755 

2025-06-27 04:28:02,898 [trainer.py] => All params: 173719041
2025-06-27 04:28:02,900 [trainer.py] => Trainable params: 2121729
2025-06-27 04:28:02,903 [asp.py] => Learning on 160-170
2025-06-27 04:28:02,909 [asp.py] => training set size: 50, fc construct set size: 50
2025-06-27 04:28:02,913 [asp.py] => total parameters: 173726721
2025-06-27 04:28:02,914 [asp.py] => trainable parameters: 2129409
backbone.TIP 27648
backbone.Prompt_Encoder.fc_mu.0.weight 393216
backbone.Prompt_Encoder.fc_mu.0.bias 256
backbone.Prompt_Encoder.fc_mu.1.weight 589824
backbone.Prompt_Encoder.fc_mu.1.bias 2304
backbone.Prompt_Encoder.fc_std.0.weight 393216
backbone.Prompt_Encoder.fc_std.0.bias 256
backbone.Prompt_Encoder.fc_std.1.weight 589824
backbone.Prompt_Encoder.fc_std.1.bias 2304
fc.weight 130560
fc.sigma 1
2025-06-27 04:28:26,210 [trainer.py] => Top1 curve: [87.02, 85.98, 84.49, 83.19, 83.12, 81.65, 81.39, 81.88]
2025-06-27 04:28:26,211 [trainer.py] => Average Accuracy (Top1): 83.59   (Harmonic Accuracy): 80.41129254634289 (Old Acc): 86.647 (New Acc): 75.01285714285713 

2025-06-27 04:28:26,212 [trainer.py] => All params: 173726721
2025-06-27 04:28:26,214 [trainer.py] => Trainable params: 2129409
2025-06-27 04:28:26,216 [asp.py] => Learning on 170-180
2025-06-27 04:28:26,220 [asp.py] => training set size: 50, fc construct set size: 50
2025-06-27 04:28:26,224 [asp.py] => total parameters: 173734401
2025-06-27 04:28:26,224 [asp.py] => trainable parameters: 2137089
backbone.TIP 27648
backbone.Prompt_Encoder.fc_mu.0.weight 393216
backbone.Prompt_Encoder.fc_mu.0.bias 256
backbone.Prompt_Encoder.fc_mu.1.weight 589824
backbone.Prompt_Encoder.fc_mu.1.bias 2304
backbone.Prompt_Encoder.fc_std.0.weight 393216
backbone.Prompt_Encoder.fc_std.0.bias 256
backbone.Prompt_Encoder.fc_std.1.weight 589824
backbone.Prompt_Encoder.fc_std.1.bias 2304
fc.weight 138240
fc.sigma 1
2025-06-27 04:28:54,691 [trainer.py] => Top1 curve: [87.02, 85.98, 84.49, 83.19, 83.12, 81.65, 81.39, 81.88, 81.54]
2025-06-27 04:28:54,692 [trainer.py] => Average Accuracy (Top1): 83.36222222222221   (Harmonic Accuracy): 80.52728997541115 (Old Acc): 86.647 (New Acc): 75.21499999999999 

2025-06-27 04:28:54,695 [trainer.py] => All params: 173734401
2025-06-27 04:28:54,696 [trainer.py] => Trainable params: 2137089
2025-06-27 04:28:54,699 [asp.py] => Learning on 180-190
2025-06-27 04:28:54,707 [asp.py] => training set size: 50, fc construct set size: 50
2025-06-27 04:28:54,712 [asp.py] => total parameters: 173742081
2025-06-27 04:28:54,713 [asp.py] => trainable parameters: 2144769
backbone.TIP 27648
backbone.Prompt_Encoder.fc_mu.0.weight 393216
backbone.Prompt_Encoder.fc_mu.0.bias 256
backbone.Prompt_Encoder.fc_mu.1.weight 589824
backbone.Prompt_Encoder.fc_mu.1.bias 2304
backbone.Prompt_Encoder.fc_std.0.weight 393216
backbone.Prompt_Encoder.fc_std.0.bias 256
backbone.Prompt_Encoder.fc_std.1.weight 589824
backbone.Prompt_Encoder.fc_std.1.bias 2304
fc.weight 145920
fc.sigma 1
2025-06-27 04:29:20,073 [trainer.py] => Top1 curve: [87.02, 85.98, 84.49, 83.19, 83.12, 81.65, 81.39, 81.88, 81.54, 82.01]
2025-06-27 04:29:20,074 [trainer.py] => Average Accuracy (Top1): 83.227   (Harmonic Accuracy): 81.46870290203188 (Old Acc): 86.647 (New Acc): 76.87444444444445 

2025-06-27 04:29:20,075 [trainer.py] => All params: 173742081
2025-06-27 04:29:20,077 [trainer.py] => Trainable params: 2144769
2025-06-27 04:29:20,079 [asp.py] => Learning on 190-200
2025-06-27 04:29:20,086 [asp.py] => training set size: 50, fc construct set size: 50
2025-06-27 04:29:20,089 [asp.py] => total parameters: 173749761
2025-06-27 04:29:20,090 [asp.py] => trainable parameters: 2152449
backbone.TIP 27648
backbone.Prompt_Encoder.fc_mu.0.weight 393216
backbone.Prompt_Encoder.fc_mu.0.bias 256
backbone.Prompt_Encoder.fc_mu.1.weight 589824
backbone.Prompt_Encoder.fc_mu.1.bias 2304
backbone.Prompt_Encoder.fc_std.0.weight 393216
backbone.Prompt_Encoder.fc_std.0.bias 256
backbone.Prompt_Encoder.fc_std.1.weight 589824
backbone.Prompt_Encoder.fc_std.1.bias 2304
fc.weight 153600
fc.sigma 1
2025-06-27 04:29:50,989 [trainer.py] => Top1 curve: [87.02, 85.98, 84.49, 83.19, 83.12, 81.65, 81.39, 81.88, 81.54, 82.01, 82.49]
2025-06-27 04:29:50,989 [trainer.py] => Average Accuracy (Top1): 83.16   (Harmonic Accuracy): 82.25844029344005 (Old Acc): 86.647 (New Acc): 78.293 

2025-06-27 04:29:50,989 [trainer.py] => 

2025-06-27 04:29:54,942 [trainer.py] => config: ./exps/inr.json
2025-06-27 04:29:54,942 [trainer.py] => model_name: asp
2025-06-27 04:29:54,942 [trainer.py] => backbone_type: pretrained_vit_b16_224_vpt
2025-06-27 04:29:54,942 [trainer.py] => device: [device(type='cuda', index=4)]
2025-06-27 04:29:54,942 [trainer.py] => seed: 2025
2025-06-27 04:29:54,942 [trainer.py] => dataset: imagenetr
2025-06-27 04:29:54,943 [trainer.py] => init_cls: 100
2025-06-27 04:29:54,943 [trainer.py] => increment: 10
2025-06-27 04:29:54,943 [trainer.py] => kshot: 5
2025-06-27 04:29:54,943 [trainer.py] => vpt_type: Deep
2025-06-27 04:29:54,943 [trainer.py] => prompt_token_num: 20
2025-06-27 04:29:54,943 [trainer.py] => avg_alpha: 0.8
2025-06-27 04:29:54,943 [trainer.py] => perturb_var: 1
2025-06-27 04:29:54,943 [trainer.py] => EMA_beta: 0.99
2025-06-27 04:29:54,943 [trainer.py] => anchor_lambda: 0.1
2025-06-27 04:29:54,943 [trainer.py] => kl_weight: 0.001
2025-06-27 04:29:54,943 [trainer.py] => TIP_init: zero
2025-06-27 04:29:54,943 [trainer.py] => tuned_epoch: 20
2025-06-27 04:29:54,943 [trainer.py] => fs_epoch: 0
2025-06-27 04:29:54,943 [trainer.py] => init_lr: 0.01
2025-06-27 04:29:54,943 [trainer.py] => fs_lr: 0.001
2025-06-27 04:29:54,943 [trainer.py] => batch_size: 24
2025-06-27 04:29:54,943 [trainer.py] => fs_batch_size: 16
2025-06-27 04:29:54,943 [trainer.py] => weight_decay: 0.005
2025-06-27 04:29:54,943 [trainer.py] => min_lr: 0
2025-06-27 04:29:54,943 [trainer.py] => optimizer: sgd
2025-06-27 04:29:54,943 [trainer.py] => memory_size: 0
2025-06-27 04:29:54,943 [trainer.py] => memory_per_class: 0
2025-06-27 04:29:54,943 [trainer.py] => fixed_memory: False
2025-06-27 04:29:54,943 [trainer.py] => shuffle: False
2025-06-27 04:29:54,943 [trainer.py] => top_k: 5
2025-06-27 04:29:54,944 [trainer.py] => base_model_path: saved_model/asp/imagenetr/100_10/asp_20_2025_pretrained_vit_b16_224_vpt.pth
2025-06-27 04:29:54,944 [trainer.py] => prefix: asp
2025-06-27 04:29:54,944 [trainer.py] => model_prefix: asp
2025-06-27 04:29:54,944 [trainer.py] => gpu_models: ['NVIDIA GeForce RTX 3090']
2025-06-27 04:29:55,070 [data_manager.py] => [0, 1, 2, 3, 4, 5, 6, 7, 8, 9, 10, 11, 12, 13, 14, 15, 16, 17, 18, 19, 20, 21, 22, 23, 24, 25, 26, 27, 28, 29, 30, 31, 32, 33, 34, 35, 36, 37, 38, 39, 40, 41, 42, 43, 44, 45, 46, 47, 48, 49, 50, 51, 52, 53, 54, 55, 56, 57, 58, 59, 60, 61, 62, 63, 64, 65, 66, 67, 68, 69, 70, 71, 72, 73, 74, 75, 76, 77, 78, 79, 80, 81, 82, 83, 84, 85, 86, 87, 88, 89, 90, 91, 92, 93, 94, 95, 96, 97, 98, 99, 100, 101, 102, 103, 104, 105, 106, 107, 108, 109, 110, 111, 112, 113, 114, 115, 116, 117, 118, 119, 120, 121, 122, 123, 124, 125, 126, 127, 128, 129, 130, 131, 132, 133, 134, 135, 136, 137, 138, 139, 140, 141, 142, 143, 144, 145, 146, 147, 148, 149, 150, 151, 152, 153, 154, 155, 156, 157, 158, 159, 160, 161, 162, 163, 164, 165, 166, 167, 168, 169, 170, 171, 172, 173, 174, 175, 176, 177, 178, 179, 180, 181, 182, 183, 184, 185, 186, 187, 188, 189, 190, 191, 192, 193, 194, 195, 196, 197, 198, 199]
This is for the BaseNet initialization.
modelname, pretrained_vit_b16_224_vpt basicmodelname vit_base_patch16_224
Using VPT model
Using Deep Prompt
After BaseNet initialization.
2025-06-27 04:30:13,306 [trainer.py] => All params: 176423936
2025-06-27 04:30:13,307 [trainer.py] => Trainable params: 4826624
2025-06-27 04:30:13,397 [asp.py] => Learning on 0-100
2025-06-27 04:30:13,424 [asp.py] => training set size: 12425, fc construct set size: 12425
2025-06-27 04:30:13,590 [asp.py] => total parameters: 176500737
2025-06-27 04:30:13,591 [asp.py] => trainable parameters: 4903425
backbone.TIP 92160
backbone.Prompt_Encoder.fc_mu.0.weight 393216
backbone.Prompt_Encoder.fc_mu.0.bias 256
backbone.Prompt_Encoder.fc_mu.1.weight 1966080
backbone.Prompt_Encoder.fc_mu.1.bias 7680
backbone.Prompt_Encoder.fc_std.0.weight 393216
backbone.Prompt_Encoder.fc_std.0.bias 256
backbone.Prompt_Encoder.fc_std.1.weight 1966080
backbone.Prompt_Encoder.fc_std.1.bias 7680
fc.weight 76800
fc.sigma 1
anchor samples found
2025-06-27 04:39:06,105 [asp.py] => Task 0, Epoch 1 => Loss 6.781, Train_accy 2.16, Test_curr_accy 2.37, Test_accy 2.37
anchor samples found
2025-06-27 04:48:03,735 [asp.py] => Task 0, Epoch 2 => Loss 4.955, Train_accy 2.58, Test_curr_accy 2.76, Test_accy 2.76
anchor samples found
2025-06-27 04:56:49,907 [asp.py] => Task 0, Epoch 3 => Loss 4.575, Train_accy 13.98, Test_curr_accy 62.69, Test_accy 62.69
anchor samples found
2025-06-27 05:05:43,220 [asp.py] => Task 0, Epoch 4 => Loss 2.276, Train_accy 64.27, Test_curr_accy 78.18, Test_accy 78.18
anchor samples found
2025-06-27 05:15:04,167 [asp.py] => Task 0, Epoch 5 => Loss 1.866, Train_accy 69.33, Test_curr_accy 80.91, Test_accy 80.91
anchor samples found
2025-06-27 05:24:20,728 [asp.py] => Task 0, Epoch 6 => Loss 1.774, Train_accy 70.76, Test_curr_accy 82.13, Test_accy 82.13
anchor samples found
2025-06-27 05:32:59,904 [asp.py] => Task 0, Epoch 7 => Loss 1.708, Train_accy 71.47, Test_curr_accy 81.80, Test_accy 81.80
anchor samples found
2025-06-27 05:42:08,751 [asp.py] => Task 0, Epoch 8 => Loss 1.683, Train_accy 71.94, Test_curr_accy 81.31, Test_accy 81.31
anchor samples found
2025-06-27 05:51:05,287 [asp.py] => Task 0, Epoch 9 => Loss 1.636, Train_accy 72.81, Test_curr_accy 81.64, Test_accy 81.64
anchor samples found
2025-06-27 06:00:16,028 [asp.py] => Task 0, Epoch 10 => Loss 1.623, Train_accy 72.47, Test_curr_accy 82.03, Test_accy 82.03
anchor samples found
2025-06-27 06:09:10,361 [asp.py] => Task 0, Epoch 11 => Loss 1.597, Train_accy 73.04, Test_curr_accy 82.56, Test_accy 82.56
anchor samples found
2025-06-27 06:17:51,987 [asp.py] => Task 0, Epoch 12 => Loss 1.582, Train_accy 73.45, Test_curr_accy 82.33, Test_accy 82.33
anchor samples found
2025-06-27 06:26:40,528 [asp.py] => Task 0, Epoch 13 => Loss 1.546, Train_accy 73.57, Test_curr_accy 82.79, Test_accy 82.79
anchor samples found
2025-06-27 06:35:57,525 [asp.py] => Task 0, Epoch 14 => Loss 1.544, Train_accy 73.87, Test_curr_accy 82.89, Test_accy 82.89
anchor samples found
2025-06-27 06:44:51,975 [asp.py] => Task 0, Epoch 15 => Loss 1.489, Train_accy 74.80, Test_curr_accy 83.42, Test_accy 83.42
anchor samples found
2025-06-27 06:52:37,006 [asp.py] => Task 0, Epoch 16 => Loss 1.497, Train_accy 74.70, Test_curr_accy 83.15, Test_accy 83.15
anchor samples found
2025-06-27 07:00:20,559 [asp.py] => Task 0, Epoch 17 => Loss 1.454, Train_accy 75.36, Test_curr_accy 83.71, Test_accy 83.71
anchor samples found
2025-06-27 07:07:51,368 [asp.py] => Task 0, Epoch 18 => Loss 1.443, Train_accy 75.37, Test_curr_accy 83.61, Test_accy 83.61
anchor samples found
2025-06-27 07:15:30,347 [asp.py] => Task 0, Epoch 19 => Loss 1.465, Train_accy 75.45, Test_curr_accy 83.65, Test_accy 83.65
anchor samples found
2025-06-27 07:23:06,069 [asp.py] => Task 0, Epoch 20 => Loss 1.405, Train_accy 76.43, Test_curr_accy 83.78, Test_accy 83.78
2025-06-27 07:27:01,579 [trainer.py] => Top1 curve: [82.03]
2025-06-27 07:27:01,579 [trainer.py] => Average Accuracy (Top1): 82.03   (Harmonic Accuracy): None (Old Acc): 81.90799999999999 (New Acc): [] 

2025-06-27 07:27:01,581 [trainer.py] => All params: 176500737
2025-06-27 07:27:01,582 [trainer.py] => Trainable params: 4903425
2025-06-27 07:27:01,584 [asp.py] => Learning on 100-110
2025-06-27 07:27:01,592 [asp.py] => training set size: 50, fc construct set size: 50
2025-06-27 07:27:01,597 [asp.py] => total parameters: 176508417
2025-06-27 07:27:01,598 [asp.py] => trainable parameters: 4911105
backbone.TIP 92160
backbone.Prompt_Encoder.fc_mu.0.weight 393216
backbone.Prompt_Encoder.fc_mu.0.bias 256
backbone.Prompt_Encoder.fc_mu.1.weight 1966080
backbone.Prompt_Encoder.fc_mu.1.bias 7680
backbone.Prompt_Encoder.fc_std.0.weight 393216
backbone.Prompt_Encoder.fc_std.0.bias 256
backbone.Prompt_Encoder.fc_std.1.weight 1966080
backbone.Prompt_Encoder.fc_std.1.bias 7680
fc.weight 84480
fc.sigma 1
2025-06-27 07:27:33,985 [trainer.py] => Top1 curve: [82.03, 79.17]
2025-06-27 07:27:33,985 [trainer.py] => Average Accuracy (Top1): 80.6   (Harmonic Accuracy): 64.76549395347463 (Old Acc): 81.737 (New Acc): 53.63 

2025-06-27 07:27:33,987 [trainer.py] => All params: 176508417
2025-06-27 07:27:33,988 [trainer.py] => Trainable params: 4911105
2025-06-27 07:27:33,990 [asp.py] => Learning on 110-120
2025-06-27 07:27:33,996 [asp.py] => training set size: 50, fc construct set size: 50
2025-06-27 07:27:34,000 [asp.py] => total parameters: 176516097
2025-06-27 07:27:34,001 [asp.py] => trainable parameters: 4918785
backbone.TIP 92160
backbone.Prompt_Encoder.fc_mu.0.weight 393216
backbone.Prompt_Encoder.fc_mu.0.bias 256
backbone.Prompt_Encoder.fc_mu.1.weight 1966080
backbone.Prompt_Encoder.fc_mu.1.bias 7680
backbone.Prompt_Encoder.fc_std.0.weight 393216
backbone.Prompt_Encoder.fc_std.0.bias 256
backbone.Prompt_Encoder.fc_std.1.weight 1966080
backbone.Prompt_Encoder.fc_std.1.bias 7680
fc.weight 92160
fc.sigma 1
2025-06-27 07:28:08,053 [trainer.py] => Top1 curve: [82.03, 79.17, 78.43]
2025-06-27 07:28:08,053 [trainer.py] => Average Accuracy (Top1): 79.87666666666667   (Harmonic Accuracy): 70.59100271907315 (Old Acc): 81.599 (New Acc): 62.2 

2025-06-27 07:28:08,055 [trainer.py] => All params: 176516097
2025-06-27 07:28:08,057 [trainer.py] => Trainable params: 4918785
2025-06-27 07:28:08,058 [asp.py] => Learning on 120-130
2025-06-27 07:28:08,065 [asp.py] => training set size: 50, fc construct set size: 50
2025-06-27 07:28:08,069 [asp.py] => total parameters: 176523777
2025-06-27 07:28:08,069 [asp.py] => trainable parameters: 4926465
backbone.TIP 92160
backbone.Prompt_Encoder.fc_mu.0.weight 393216
backbone.Prompt_Encoder.fc_mu.0.bias 256
backbone.Prompt_Encoder.fc_mu.1.weight 1966080
backbone.Prompt_Encoder.fc_mu.1.bias 7680
backbone.Prompt_Encoder.fc_std.0.weight 393216
backbone.Prompt_Encoder.fc_std.0.bias 256
backbone.Prompt_Encoder.fc_std.1.weight 1966080
backbone.Prompt_Encoder.fc_std.1.bias 7680
fc.weight 99840
fc.sigma 1
2025-06-27 07:28:44,561 [trainer.py] => Top1 curve: [82.03, 79.17, 78.43, 75.99]
2025-06-27 07:28:44,561 [trainer.py] => Average Accuracy (Top1): 78.905   (Harmonic Accuracy): 67.58312380569245 (Old Acc): 81.452 (New Acc): 57.75 

2025-06-27 07:28:44,563 [trainer.py] => All params: 176523777
2025-06-27 07:28:44,564 [trainer.py] => Trainable params: 4926465
2025-06-27 07:28:44,566 [asp.py] => Learning on 130-140
2025-06-27 07:28:44,573 [asp.py] => training set size: 50, fc construct set size: 50
2025-06-27 07:28:44,576 [asp.py] => total parameters: 176531457
2025-06-27 07:28:44,577 [asp.py] => trainable parameters: 4934145
backbone.TIP 92160
backbone.Prompt_Encoder.fc_mu.0.weight 393216
backbone.Prompt_Encoder.fc_mu.0.bias 256
backbone.Prompt_Encoder.fc_mu.1.weight 1966080
backbone.Prompt_Encoder.fc_mu.1.bias 7680
backbone.Prompt_Encoder.fc_std.0.weight 393216
backbone.Prompt_Encoder.fc_std.0.bias 256
backbone.Prompt_Encoder.fc_std.1.weight 1966080
backbone.Prompt_Encoder.fc_std.1.bias 7680
fc.weight 107520
fc.sigma 1
2025-06-27 07:29:24,022 [trainer.py] => Top1 curve: [82.03, 79.17, 78.43, 75.99, 74.67]
2025-06-27 07:29:24,022 [trainer.py] => Average Accuracy (Top1): 78.058   (Harmonic Accuracy): 67.54802598709631 (Old Acc): 81.365 (New Acc): 57.7425 

2025-06-27 07:29:24,024 [trainer.py] => All params: 176531457
2025-06-27 07:29:24,025 [trainer.py] => Trainable params: 4934145
2025-06-27 07:29:24,027 [asp.py] => Learning on 140-150
2025-06-27 07:29:24,033 [asp.py] => training set size: 50, fc construct set size: 50
2025-06-27 07:29:24,036 [asp.py] => total parameters: 176539137
2025-06-27 07:29:24,037 [asp.py] => trainable parameters: 4941825
backbone.TIP 92160
backbone.Prompt_Encoder.fc_mu.0.weight 393216
backbone.Prompt_Encoder.fc_mu.0.bias 256
backbone.Prompt_Encoder.fc_mu.1.weight 1966080
backbone.Prompt_Encoder.fc_mu.1.bias 7680
backbone.Prompt_Encoder.fc_std.0.weight 393216
backbone.Prompt_Encoder.fc_std.0.bias 256
backbone.Prompt_Encoder.fc_std.1.weight 1966080
backbone.Prompt_Encoder.fc_std.1.bias 7680
fc.weight 115200
fc.sigma 1
2025-06-27 07:30:05,076 [trainer.py] => Top1 curve: [82.03, 79.17, 78.43, 75.99, 74.67, 73.7]
2025-06-27 07:30:05,076 [trainer.py] => Average Accuracy (Top1): 77.33166666666666   (Harmonic Accuracy): 67.21719521521435 (Old Acc): 81.326 (New Acc): 57.279999999999994 

2025-06-27 07:30:05,078 [trainer.py] => All params: 176539137
2025-06-27 07:30:05,080 [trainer.py] => Trainable params: 4941825
2025-06-27 07:30:05,082 [asp.py] => Learning on 150-160
2025-06-27 07:30:05,091 [asp.py] => training set size: 50, fc construct set size: 50
2025-06-27 07:30:05,096 [asp.py] => total parameters: 176546817
2025-06-27 07:30:05,097 [asp.py] => trainable parameters: 4949505
backbone.TIP 92160
backbone.Prompt_Encoder.fc_mu.0.weight 393216
backbone.Prompt_Encoder.fc_mu.0.bias 256
backbone.Prompt_Encoder.fc_mu.1.weight 1966080
backbone.Prompt_Encoder.fc_mu.1.bias 7680
backbone.Prompt_Encoder.fc_std.0.weight 393216
backbone.Prompt_Encoder.fc_std.0.bias 256
backbone.Prompt_Encoder.fc_std.1.weight 1966080
backbone.Prompt_Encoder.fc_std.1.bias 7680
fc.weight 122880
fc.sigma 1
2025-06-27 07:30:48,896 [trainer.py] => Top1 curve: [82.03, 79.17, 78.43, 75.99, 74.67, 73.7, 72.06]
2025-06-27 07:30:48,896 [trainer.py] => Average Accuracy (Top1): 76.57857142857142   (Harmonic Accuracy): 65.73001089393799 (Old Acc): 81.304 (New Acc): 55.163333333333334 

2025-06-27 07:30:48,898 [trainer.py] => All params: 176546817
2025-06-27 07:30:48,900 [trainer.py] => Trainable params: 4949505
2025-06-27 07:30:48,902 [asp.py] => Learning on 160-170
2025-06-27 07:30:48,914 [asp.py] => training set size: 50, fc construct set size: 50
2025-06-27 07:30:48,919 [asp.py] => total parameters: 176554497
2025-06-27 07:30:48,920 [asp.py] => trainable parameters: 4957185
backbone.TIP 92160
backbone.Prompt_Encoder.fc_mu.0.weight 393216
backbone.Prompt_Encoder.fc_mu.0.bias 256
backbone.Prompt_Encoder.fc_mu.1.weight 1966080
backbone.Prompt_Encoder.fc_mu.1.bias 7680
backbone.Prompt_Encoder.fc_std.0.weight 393216
backbone.Prompt_Encoder.fc_std.0.bias 256
backbone.Prompt_Encoder.fc_std.1.weight 1966080
backbone.Prompt_Encoder.fc_std.1.bias 7680
fc.weight 130560
fc.sigma 1
2025-06-27 07:31:35,458 [trainer.py] => Top1 curve: [82.03, 79.17, 78.43, 75.99, 74.67, 73.7, 72.06, 71.3]
2025-06-27 07:31:35,458 [trainer.py] => Average Accuracy (Top1): 75.91874999999999   (Harmonic Accuracy): 66.23851937480732 (Old Acc): 81.27799999999999 (New Acc): 55.895714285714284 

2025-06-27 07:31:35,459 [trainer.py] => All params: 176554497
2025-06-27 07:31:35,461 [trainer.py] => Trainable params: 4957185
2025-06-27 07:31:35,463 [asp.py] => Learning on 170-180
2025-06-27 07:31:35,469 [asp.py] => training set size: 50, fc construct set size: 50
2025-06-27 07:31:35,473 [asp.py] => total parameters: 176562177
2025-06-27 07:31:35,473 [asp.py] => trainable parameters: 4964865
backbone.TIP 92160
backbone.Prompt_Encoder.fc_mu.0.weight 393216
backbone.Prompt_Encoder.fc_mu.0.bias 256
backbone.Prompt_Encoder.fc_mu.1.weight 1966080
backbone.Prompt_Encoder.fc_mu.1.bias 7680
backbone.Prompt_Encoder.fc_std.0.weight 393216
backbone.Prompt_Encoder.fc_std.0.bias 256
backbone.Prompt_Encoder.fc_std.1.weight 1966080
backbone.Prompt_Encoder.fc_std.1.bias 7680
fc.weight 138240
fc.sigma 1
2025-06-27 07:32:24,468 [trainer.py] => Top1 curve: [82.03, 79.17, 78.43, 75.99, 74.67, 73.7, 72.06, 71.3, 70.82]
2025-06-27 07:32:24,468 [trainer.py] => Average Accuracy (Top1): 75.35222222222221   (Harmonic Accuracy): 66.87584584457684 (Old Acc): 81.19 (New Acc): 56.852500000000006 

2025-06-27 07:32:24,470 [trainer.py] => All params: 176562177
2025-06-27 07:32:24,471 [trainer.py] => Trainable params: 4964865
2025-06-27 07:32:24,474 [asp.py] => Learning on 180-190
2025-06-27 07:32:24,487 [asp.py] => training set size: 50, fc construct set size: 50
2025-06-27 07:32:24,492 [asp.py] => total parameters: 176569857
2025-06-27 07:32:24,493 [asp.py] => trainable parameters: 4972545
backbone.TIP 92160
backbone.Prompt_Encoder.fc_mu.0.weight 393216
backbone.Prompt_Encoder.fc_mu.0.bias 256
backbone.Prompt_Encoder.fc_mu.1.weight 1966080
backbone.Prompt_Encoder.fc_mu.1.bias 7680
backbone.Prompt_Encoder.fc_std.0.weight 393216
backbone.Prompt_Encoder.fc_std.0.bias 256
backbone.Prompt_Encoder.fc_std.1.weight 1966080
backbone.Prompt_Encoder.fc_std.1.bias 7680
fc.weight 145920
fc.sigma 1
2025-06-27 07:33:15,835 [trainer.py] => Top1 curve: [82.03, 79.17, 78.43, 75.99, 74.67, 73.7, 72.06, 71.3, 70.82, 69.82]
2025-06-27 07:33:15,835 [trainer.py] => Average Accuracy (Top1): 74.79899999999998   (Harmonic Accuracy): 66.6884884067906 (Old Acc): 81.19 (New Acc): 56.58222222222223 

2025-06-27 07:33:15,837 [trainer.py] => All params: 176569857
2025-06-27 07:33:15,839 [trainer.py] => Trainable params: 4972545
2025-06-27 07:33:15,841 [asp.py] => Learning on 190-200
2025-06-27 07:33:15,855 [asp.py] => training set size: 50, fc construct set size: 50
2025-06-27 07:33:15,860 [asp.py] => total parameters: 176577537
2025-06-27 07:33:15,861 [asp.py] => trainable parameters: 4980225
backbone.TIP 92160
backbone.Prompt_Encoder.fc_mu.0.weight 393216
backbone.Prompt_Encoder.fc_mu.0.bias 256
backbone.Prompt_Encoder.fc_mu.1.weight 1966080
backbone.Prompt_Encoder.fc_mu.1.bias 7680
backbone.Prompt_Encoder.fc_std.0.weight 393216
backbone.Prompt_Encoder.fc_std.0.bias 256
backbone.Prompt_Encoder.fc_std.1.weight 1966080
backbone.Prompt_Encoder.fc_std.1.bias 7680
fc.weight 153600
fc.sigma 1
2025-06-27 07:34:10,081 [trainer.py] => Top1 curve: [82.03, 79.17, 78.43, 75.99, 74.67, 73.7, 72.06, 71.3, 70.82, 69.82, 68.85]
2025-06-27 07:34:10,081 [trainer.py] => Average Accuracy (Top1): 74.2581818181818   (Harmonic Accuracy): 66.30829253718291 (Old Acc): 81.19 (New Acc): 56.037 

2025-06-27 07:34:10,081 [trainer.py] => 

2025-06-27 07:34:13,928 [trainer.py] => config: ./exps/mini.json
2025-06-27 07:34:13,928 [trainer.py] => model_name: asp
2025-06-27 07:34:13,928 [trainer.py] => backbone_type: pretrained_vit_b16_224_vpt
2025-06-27 07:34:13,928 [trainer.py] => device: [device(type='cuda', index=4)]
2025-06-27 07:34:13,928 [trainer.py] => seed: 2024
2025-06-27 07:34:13,928 [trainer.py] => dataset: mini_imagenet
2025-06-27 07:34:13,928 [trainer.py] => init_cls: 60
2025-06-27 07:34:13,928 [trainer.py] => increment: 5
2025-06-27 07:34:13,928 [trainer.py] => kshot: 5
2025-06-27 07:34:13,928 [trainer.py] => vpt_type: Deep
2025-06-27 07:34:13,928 [trainer.py] => prompt_token_num: 6
2025-06-27 07:34:13,928 [trainer.py] => avg_alpha: 0.8
2025-06-27 07:34:13,928 [trainer.py] => perturb_var: 1
2025-06-27 07:34:13,929 [trainer.py] => EMA_beta: 0.99
2025-06-27 07:34:13,929 [trainer.py] => anchor_lambda: 0.1
2025-06-27 07:34:13,929 [trainer.py] => kl_weight: 0.001
2025-06-27 07:34:13,929 [trainer.py] => TIP_init: zero
2025-06-27 07:34:13,929 [trainer.py] => tuned_epoch: 20
2025-06-27 07:34:13,929 [trainer.py] => fs_epoch: 0
2025-06-27 07:34:13,929 [trainer.py] => init_lr: 0.01
2025-06-27 07:34:13,929 [trainer.py] => fs_lr: 0.001
2025-06-27 07:34:13,929 [trainer.py] => batch_size: 48
2025-06-27 07:34:13,929 [trainer.py] => fs_batch_size: 16
2025-06-27 07:34:13,929 [trainer.py] => weight_decay: 0.0005
2025-06-27 07:34:13,929 [trainer.py] => min_lr: 0
2025-06-27 07:34:13,929 [trainer.py] => optimizer: sgd
2025-06-27 07:34:13,929 [trainer.py] => memory_size: 0
2025-06-27 07:34:13,929 [trainer.py] => memory_per_class: 0
2025-06-27 07:34:13,929 [trainer.py] => fixed_memory: False
2025-06-27 07:34:13,929 [trainer.py] => shuffle: True
2025-06-27 07:34:13,929 [trainer.py] => top_k: 5
2025-06-27 07:34:13,929 [trainer.py] => base_model_path: saved_model/asp/mini_imagenet/60_5/asp_20_2024_pretrained_vit_b16_224_vpt.pth
2025-06-27 07:34:13,929 [trainer.py] => prefix: asp
2025-06-27 07:34:13,929 [trainer.py] => model_prefix: asp
2025-06-27 07:34:13,929 [trainer.py] => gpu_models: ['NVIDIA GeForce RTX 3090']
2025-06-27 07:34:14,061 [data_manager.py] => [35, 19, 26, 17, 77, 24, 70, 58, 95, 14, 91, 87, 50, 49, 21, 6, 16, 5, 15, 34, 10, 44, 3, 90, 83, 25, 78, 9, 67, 23, 85, 2, 45, 75, 51, 64, 12, 56, 33, 92, 46, 1, 94, 72, 79, 68, 88, 82, 52, 47, 63, 84, 38, 76, 59, 43, 97, 80, 32, 13, 86, 53, 40, 48, 7, 18, 99, 20, 71, 57, 4, 81, 61, 29, 69, 98, 22, 31, 42, 73, 93, 54, 39, 28, 11, 89, 30, 37, 66, 74, 60, 65, 41, 55, 62, 36, 27, 0, 96, 8]
This is for the BaseNet initialization.
modelname, pretrained_vit_b16_224_vpt basicmodelname vit_base_patch16_224
Using VPT model
Using Deep Prompt
After BaseNet initialization.
2025-06-27 07:34:26,455 [trainer.py] => All params: 173596160
2025-06-27 07:34:26,457 [trainer.py] => Trainable params: 1998848
2025-06-27 07:34:26,559 [asp.py] => Learning on 0-60
2025-06-27 07:34:26,582 [asp.py] => training set size: 30000, fc construct set size: 30000
2025-06-27 07:34:26,672 [asp.py] => total parameters: 173642241
2025-06-27 07:34:26,673 [asp.py] => trainable parameters: 2044929
backbone.TIP 27648
backbone.Prompt_Encoder.fc_mu.0.weight 393216
backbone.Prompt_Encoder.fc_mu.0.bias 256
backbone.Prompt_Encoder.fc_mu.1.weight 589824
backbone.Prompt_Encoder.fc_mu.1.bias 2304
backbone.Prompt_Encoder.fc_std.0.weight 393216
backbone.Prompt_Encoder.fc_std.0.bias 256
backbone.Prompt_Encoder.fc_std.1.weight 589824
backbone.Prompt_Encoder.fc_std.1.bias 2304
fc.weight 46080
fc.sigma 1
anchor samples found
2025-06-27 07:49:19,709 [asp.py] => Task 0, Epoch 1 => Loss 2.881, Train_accy 59.30, Test_curr_accy 95.88, Test_accy 95.88
anchor samples found
2025-06-27 08:03:54,322 [asp.py] => Task 0, Epoch 2 => Loss 0.669, Train_accy 88.27, Test_curr_accy 96.63, Test_accy 96.63
anchor samples found
2025-06-27 08:18:44,908 [asp.py] => Task 0, Epoch 3 => Loss 0.585, Train_accy 89.37, Test_curr_accy 96.83, Test_accy 96.83
anchor samples found
2025-06-27 08:33:24,773 [asp.py] => Task 0, Epoch 4 => Loss 0.535, Train_accy 89.86, Test_curr_accy 96.97, Test_accy 96.97
anchor samples found
2025-06-27 08:47:47,295 [asp.py] => Task 0, Epoch 5 => Loss 0.520, Train_accy 89.94, Test_curr_accy 97.12, Test_accy 97.12
anchor samples found
2025-06-27 09:01:49,439 [asp.py] => Task 0, Epoch 6 => Loss 0.507, Train_accy 90.21, Test_curr_accy 97.10, Test_accy 97.10
anchor samples found
2025-06-27 09:16:07,623 [asp.py] => Task 0, Epoch 7 => Loss 0.491, Train_accy 90.29, Test_curr_accy 97.33, Test_accy 97.33
anchor samples found
2025-06-27 09:30:12,133 [asp.py] => Task 0, Epoch 8 => Loss 0.481, Train_accy 90.22, Test_curr_accy 97.00, Test_accy 97.00
anchor samples found
2025-06-27 09:44:19,764 [asp.py] => Task 0, Epoch 9 => Loss 0.466, Train_accy 90.77, Test_curr_accy 97.17, Test_accy 97.17
anchor samples found
2025-06-27 09:58:59,255 [asp.py] => Task 0, Epoch 10 => Loss 0.459, Train_accy 90.81, Test_curr_accy 97.07, Test_accy 97.07
anchor samples found
2025-06-27 10:13:49,548 [asp.py] => Task 0, Epoch 11 => Loss 0.456, Train_accy 90.75, Test_curr_accy 97.12, Test_accy 97.12
anchor samples found
2025-06-27 10:28:29,370 [asp.py] => Task 0, Epoch 12 => Loss 0.441, Train_accy 91.01, Test_curr_accy 97.10, Test_accy 97.10
anchor samples found
2025-06-27 10:42:41,116 [asp.py] => Task 0, Epoch 13 => Loss 0.444, Train_accy 91.25, Test_curr_accy 97.23, Test_accy 97.23
anchor samples found
2025-06-27 10:57:29,837 [asp.py] => Task 0, Epoch 14 => Loss 0.444, Train_accy 91.04, Test_curr_accy 97.20, Test_accy 97.20
anchor samples found
2025-06-27 11:12:12,112 [asp.py] => Task 0, Epoch 15 => Loss 0.432, Train_accy 91.37, Test_curr_accy 97.13, Test_accy 97.13
anchor samples found
2025-06-27 11:27:00,220 [asp.py] => Task 0, Epoch 16 => Loss 0.430, Train_accy 91.17, Test_curr_accy 97.18, Test_accy 97.18
anchor samples found
2025-06-27 11:41:10,743 [asp.py] => Task 0, Epoch 17 => Loss 0.427, Train_accy 91.61, Test_curr_accy 97.25, Test_accy 97.25
anchor samples found
2025-06-27 11:55:19,196 [asp.py] => Task 0, Epoch 18 => Loss 0.428, Train_accy 91.41, Test_curr_accy 97.23, Test_accy 97.23
anchor samples found
2025-06-27 12:09:59,288 [asp.py] => Task 0, Epoch 19 => Loss 0.432, Train_accy 91.39, Test_curr_accy 97.28, Test_accy 97.28
anchor samples found
2025-06-27 12:25:12,601 [asp.py] => Task 0, Epoch 20 => Loss 0.432, Train_accy 91.26, Test_curr_accy 97.28, Test_accy 97.28
2025-06-27 12:31:09,937 [trainer.py] => Top1 curve: [96.25]
2025-06-27 12:31:09,937 [trainer.py] => Average Accuracy (Top1): 96.25   (Harmonic Accuracy): None (Old Acc): 96.25 (New Acc): [] 

2025-06-27 12:31:09,939 [trainer.py] => All params: 173642241
2025-06-27 12:31:09,940 [trainer.py] => Trainable params: 2044929
2025-06-27 12:31:09,942 [asp.py] => Learning on 60-65
2025-06-27 12:31:09,949 [asp.py] => training set size: 25, fc construct set size: 25
2025-06-27 12:31:09,952 [asp.py] => total parameters: 173646081
2025-06-27 12:31:09,953 [asp.py] => trainable parameters: 2048769
backbone.TIP 27648
backbone.Prompt_Encoder.fc_mu.0.weight 393216
backbone.Prompt_Encoder.fc_mu.0.bias 256
backbone.Prompt_Encoder.fc_mu.1.weight 589824
backbone.Prompt_Encoder.fc_mu.1.bias 2304
backbone.Prompt_Encoder.fc_std.0.weight 393216
backbone.Prompt_Encoder.fc_std.0.bias 256
backbone.Prompt_Encoder.fc_std.1.weight 589824
backbone.Prompt_Encoder.fc_std.1.bias 2304
fc.weight 49920
fc.sigma 1
2025-06-27 12:31:50,472 [trainer.py] => Top1 curve: [96.25, 95.63]
2025-06-27 12:31:50,472 [trainer.py] => Average Accuracy (Top1): 95.94   (Harmonic Accuracy): 92.75175879396984 (Old Acc): 96.13333333333333 (New Acc): 89.6 

2025-06-27 12:31:50,474 [trainer.py] => All params: 173646081
2025-06-27 12:31:50,475 [trainer.py] => Trainable params: 2048769
2025-06-27 12:31:50,476 [asp.py] => Learning on 65-70
2025-06-27 12:31:50,483 [asp.py] => training set size: 25, fc construct set size: 25
2025-06-27 12:31:50,486 [asp.py] => total parameters: 173649921
2025-06-27 12:31:50,487 [asp.py] => trainable parameters: 2052609
backbone.TIP 27648
backbone.Prompt_Encoder.fc_mu.0.weight 393216
backbone.Prompt_Encoder.fc_mu.0.bias 256
backbone.Prompt_Encoder.fc_mu.1.weight 589824
backbone.Prompt_Encoder.fc_mu.1.bias 2304
backbone.Prompt_Encoder.fc_std.0.weight 393216
backbone.Prompt_Encoder.fc_std.0.bias 256
backbone.Prompt_Encoder.fc_std.1.weight 589824
backbone.Prompt_Encoder.fc_std.1.bias 2304
fc.weight 53760
fc.sigma 1
2025-06-27 12:32:36,043 [trainer.py] => Top1 curve: [96.25, 95.63, 95.34]
2025-06-27 12:32:36,044 [trainer.py] => Average Accuracy (Top1): 95.74000000000001   (Harmonic Accuracy): 93.41982351368216 (Old Acc): 96.08333333333336 (New Acc): 90.9 

2025-06-27 12:32:36,045 [trainer.py] => All params: 173649921
2025-06-27 12:32:36,046 [trainer.py] => Trainable params: 2052609
2025-06-27 12:32:36,047 [asp.py] => Learning on 70-75
2025-06-27 12:32:36,055 [asp.py] => training set size: 25, fc construct set size: 25
2025-06-27 12:32:36,058 [asp.py] => total parameters: 173653761
2025-06-27 12:32:36,059 [asp.py] => trainable parameters: 2056449
backbone.TIP 27648
backbone.Prompt_Encoder.fc_mu.0.weight 393216
backbone.Prompt_Encoder.fc_mu.0.bias 256
backbone.Prompt_Encoder.fc_mu.1.weight 589824
backbone.Prompt_Encoder.fc_mu.1.bias 2304
backbone.Prompt_Encoder.fc_std.0.weight 393216
backbone.Prompt_Encoder.fc_std.0.bias 256
backbone.Prompt_Encoder.fc_std.1.weight 589824
backbone.Prompt_Encoder.fc_std.1.bias 2304
fc.weight 57600
fc.sigma 1
2025-06-27 12:33:24,092 [trainer.py] => Top1 curve: [96.25, 95.63, 95.34, 95.32]
2025-06-27 12:33:24,092 [trainer.py] => Average Accuracy (Top1): 95.635   (Harmonic Accuracy): 94.24282388992016 (Old Acc): 96.01666666666667 (New Acc): 92.53333333333335 

2025-06-27 12:33:24,093 [trainer.py] => All params: 173653761
2025-06-27 12:33:24,094 [trainer.py] => Trainable params: 2056449
2025-06-27 12:33:24,095 [asp.py] => Learning on 75-80
2025-06-27 12:33:24,102 [asp.py] => training set size: 25, fc construct set size: 25
2025-06-27 12:33:24,106 [asp.py] => total parameters: 173657601
2025-06-27 12:33:24,106 [asp.py] => trainable parameters: 2060289
backbone.TIP 27648
backbone.Prompt_Encoder.fc_mu.0.weight 393216
backbone.Prompt_Encoder.fc_mu.0.bias 256
backbone.Prompt_Encoder.fc_mu.1.weight 589824
backbone.Prompt_Encoder.fc_mu.1.bias 2304
backbone.Prompt_Encoder.fc_std.0.weight 393216
backbone.Prompt_Encoder.fc_std.0.bias 256
backbone.Prompt_Encoder.fc_std.1.weight 589824
backbone.Prompt_Encoder.fc_std.1.bias 2304
fc.weight 61440
fc.sigma 1
2025-06-27 12:34:15,346 [trainer.py] => Top1 curve: [96.25, 95.63, 95.34, 95.32, 94.76]
2025-06-27 12:34:15,346 [trainer.py] => Average Accuracy (Top1): 95.46000000000001   (Harmonic Accuracy): 93.49633918232834 (Old Acc): 95.96666666666668 (New Acc): 91.15 

2025-06-27 12:34:15,348 [trainer.py] => All params: 173657601
2025-06-27 12:34:15,349 [trainer.py] => Trainable params: 2060289
2025-06-27 12:34:15,350 [asp.py] => Learning on 80-85
2025-06-27 12:34:15,358 [asp.py] => training set size: 25, fc construct set size: 25
2025-06-27 12:34:15,361 [asp.py] => total parameters: 173661441
2025-06-27 12:34:15,362 [asp.py] => trainable parameters: 2064129
backbone.TIP 27648
backbone.Prompt_Encoder.fc_mu.0.weight 393216
backbone.Prompt_Encoder.fc_mu.0.bias 256
backbone.Prompt_Encoder.fc_mu.1.weight 589824
backbone.Prompt_Encoder.fc_mu.1.bias 2304
backbone.Prompt_Encoder.fc_std.0.weight 393216
backbone.Prompt_Encoder.fc_std.0.bias 256
backbone.Prompt_Encoder.fc_std.1.weight 589824
backbone.Prompt_Encoder.fc_std.1.bias 2304
fc.weight 65280
fc.sigma 1
2025-06-27 12:35:10,123 [trainer.py] => Top1 curve: [96.25, 95.63, 95.34, 95.32, 94.76, 94.44]
2025-06-27 12:35:10,123 [trainer.py] => Average Accuracy (Top1): 95.29   (Harmonic Accuracy): 93.47460260888158 (Old Acc): 95.73333333333333 (New Acc): 91.32 

2025-06-27 12:35:10,124 [trainer.py] => All params: 173661441
2025-06-27 12:35:10,125 [trainer.py] => Trainable params: 2064129
2025-06-27 12:35:10,127 [asp.py] => Learning on 85-90
2025-06-27 12:35:10,135 [asp.py] => training set size: 25, fc construct set size: 25
2025-06-27 12:35:10,139 [asp.py] => total parameters: 173665281
2025-06-27 12:35:10,139 [asp.py] => trainable parameters: 2067969
backbone.TIP 27648
backbone.Prompt_Encoder.fc_mu.0.weight 393216
backbone.Prompt_Encoder.fc_mu.0.bias 256
backbone.Prompt_Encoder.fc_mu.1.weight 589824
backbone.Prompt_Encoder.fc_mu.1.bias 2304
backbone.Prompt_Encoder.fc_std.0.weight 393216
backbone.Prompt_Encoder.fc_std.0.bias 256
backbone.Prompt_Encoder.fc_std.1.weight 589824
backbone.Prompt_Encoder.fc_std.1.bias 2304
fc.weight 69120
fc.sigma 1
2025-06-27 12:36:08,700 [trainer.py] => Top1 curve: [96.25, 95.63, 95.34, 95.32, 94.76, 94.44, 94.36]
2025-06-27 12:36:08,701 [trainer.py] => Average Accuracy (Top1): 95.15714285714286   (Harmonic Accuracy): 93.64932847104866 (Old Acc): 95.68333333333332 (New Acc): 91.7 

2025-06-27 12:36:08,702 [trainer.py] => All params: 173665281
2025-06-27 12:36:08,703 [trainer.py] => Trainable params: 2067969
2025-06-27 12:36:08,705 [asp.py] => Learning on 90-95
2025-06-27 12:36:08,714 [asp.py] => training set size: 25, fc construct set size: 25
2025-06-27 12:36:08,717 [asp.py] => total parameters: 173669121
2025-06-27 12:36:08,718 [asp.py] => trainable parameters: 2071809
backbone.TIP 27648
backbone.Prompt_Encoder.fc_mu.0.weight 393216
backbone.Prompt_Encoder.fc_mu.0.bias 256
backbone.Prompt_Encoder.fc_mu.1.weight 589824
backbone.Prompt_Encoder.fc_mu.1.bias 2304
backbone.Prompt_Encoder.fc_std.0.weight 393216
backbone.Prompt_Encoder.fc_std.0.bias 256
backbone.Prompt_Encoder.fc_std.1.weight 589824
backbone.Prompt_Encoder.fc_std.1.bias 2304
fc.weight 72960
fc.sigma 1
2025-06-27 12:37:10,062 [trainer.py] => Top1 curve: [96.25, 95.63, 95.34, 95.32, 94.76, 94.44, 94.36, 93.82]
2025-06-27 12:37:10,062 [trainer.py] => Average Accuracy (Top1): 94.99000000000001   (Harmonic Accuracy): 93.13739876861763 (Old Acc): 95.56666666666666 (New Acc): 90.82857142857142 

2025-06-27 12:37:10,064 [trainer.py] => All params: 173669121
2025-06-27 12:37:10,064 [trainer.py] => Trainable params: 2071809
2025-06-27 12:37:10,066 [asp.py] => Learning on 95-100
2025-06-27 12:37:10,073 [asp.py] => training set size: 25, fc construct set size: 25
2025-06-27 12:37:10,077 [asp.py] => total parameters: 173672961
2025-06-27 12:37:10,077 [asp.py] => trainable parameters: 2075649
backbone.TIP 27648
backbone.Prompt_Encoder.fc_mu.0.weight 393216
backbone.Prompt_Encoder.fc_mu.0.bias 256
backbone.Prompt_Encoder.fc_mu.1.weight 589824
backbone.Prompt_Encoder.fc_mu.1.bias 2304
backbone.Prompt_Encoder.fc_std.0.weight 393216
backbone.Prompt_Encoder.fc_std.0.bias 256
backbone.Prompt_Encoder.fc_std.1.weight 589824
backbone.Prompt_Encoder.fc_std.1.bias 2304
fc.weight 76800
fc.sigma 1
2025-06-27 12:38:13,170 [trainer.py] => Top1 curve: [96.25, 95.63, 95.34, 95.32, 94.76, 94.44, 94.36, 93.82, 93.56]
2025-06-27 12:38:13,170 [trainer.py] => Average Accuracy (Top1): 94.83111111111111   (Harmonic Accuracy): 92.99072266499506 (Old Acc): 95.56666666666666 (New Acc): 90.54999999999998 

2025-06-27 12:38:13,170 [trainer.py] => 

